109.234.27.108 - - [13/Dec/2015:00:28:37 +0400] "GET /id61296 HTTP/1.1" 200 19894 "-" "Mozilla/5.0 (Macintosh; Intel Mac OS X 10_10_4) AppleWebKit/537.36 (KHTML, like Gecko) Chrome/45.0.2454.93 Safari/537.36"
195.165.179.65 - - [13/Dec/2015:00:28:38 +0400] "GET /id55189 HTTP/1.1" 200 28836 "-" "Mozilla/5.0 (Windows NT 6.2; Win64; x64) AppleWebKit/537.36 (KHTML, like Gecko) Chrome/44.0.2403.157 Safari/537.36"
89.186.224.55 - - [13/Dec/2015:00:28:38 +0400] "GET /id37567 HTTP/1.1" 200 29419 "-" "Mozilla/5.0 (Linux; Android 5.0.2; LG-D415 Build/LRX22G) AppleWebKit/537.36 (KHTML, like Gecko) Version/4.0 Chrome/34.0.1847.118 Mobile Safari/537.36"
195.90.4.139 - - [13/Dec/2015:00:28:38 +0400] "GET /id48708 HTTP/1.1" 200 13089 "-" "Mozilla/5.0 (Windows NT 6.1; Win64; x64) AppleWebKit/537.36 (KHTML, like Gecko) Chrome/44.0.2403.157 Safari/537.36"
109.234.13.151 - - [13/Dec/2015:00:28:38 +0400] "GET /id11607 HTTP/1.1" 200 18804 "-" "Mozilla/5.0 (Linux; Android 5.1.1; Nexus 4 Build/LMY48I) AppleWebKit/537.36 (KHTML, like Gecko) Chrome/45.0.2454.84 Mobile Safari/537.36"
193.187.255.229 - - [13/Dec/2015:00:28:38 +0400] "GET /id69687 HTTP/1.1" 200 21831 "-" "Mozilla/5.0 (Windows; U; Windows NT 6.1; it; rv:1.9.2.13) Gecko/20101203 Firefox/3.6.13"
78.59.232.116 - - [13/Dec/2015:00:28:38 +0400] "GET /id27649 HTTP/1.1" 200 14500 "-" "UCWEB/2.0 (Symbian; U; S60 V5; en-US; Nokia5233) U2/1.0.0 UCBrowser/8.9.0.277 U2/1.0.0 Mobile"
81.25.201.175 - - [13/Dec/2015:00:28:39 +0400] "GET /id29415 HTTP/1.1" 200 17294 "-" "Mozilla/4.0 (compatible; MSIE 8.0; Windows NT 5.1; Trident/4.0; .NET CLR 2.0.50727; .NET CLR 3.0.4506.2152; .NET CLR 3.5.30729; OfficeLiveConnector.1.5; OfficeLivePatch.1.3; AskTbAVR-4/5.15.26.45268)"
195.68.173.221 - - [13/Dec/2015:00:28:39 +0400] "GET /id14407 HTTP/1.1" 200 16198 "-" "Mozilla/4.0 (compatible; MSIE 8.0; Windows NT 5.1; Trident/4.0; FunWebProducts; .NET CLR 2.0.50727; .NET CLR 3.0.4506.2152; .NET CLR 3.5.30729; InfoPath.2)"
109.234.27.108 - - [13/Dec/2015:00:28:39 +0400] "GET /id52201 HTTP/1.1" 200 16004 "-" "Mozilla/5.0 (Macintosh; Intel Mac OS X 10_10_4) AppleWebKit/537.36 (KHTML, like Gecko) Chrome/45.0.2454.93 Safari/537.36"
91.216.19.213 - - [13/Dec/2015:00:28:39 +0400] "GET /id62047 HTTP/1.1" 200 23758 "-" "Mozilla/5.0 (Windows NT 5.1; U; de; rv:1.9.1.6) Gecko/20091201 Firefox/3.5.6 Opera 11.00"
90.226.234.122 - - [13/Dec/2015:00:28:41 +0400] "GET /id93727 HTTP/1.1" 200 11944 "-" "Mozilla/5.0 (Windows NT 10.0; WOW64) AppleWebKit/537.36 (KHTML, like Gecko) Chrome/45.0.2454.99 Safari/537.36"
23.40.118.225 - - [13/Dec/2015:00:28:41 +0400] "GET /id30951 HTTP/1.1" 200 28758 "-" "Mozilla/5.0 (Windows NT 6.1; Trident/7.0; NP08; rv:11.0) like Gecko"
46.39.59.83 - - [13/Dec/2015:00:28:41 +0400] "GET /id12878 HTTP/1.1" 200 13856 "-" "Mozilla/5.0 (Windows NT 10.0; WOW64) AppleWebKit/537.36 (KHTML, like Gecko) Chrome/45.0.2454.99 Safari/537.36"
91.133.11.14 - - [13/Dec/2015:00:28:42 +0400] "GET /id54271 HTTP/1.1" 200 24709 "-" "Mozilla/5.0 (iPad; CPU OS 8_4_1 like Mac OS X) AppleWebKit/600.1.4 (KHTML, like Gecko) GSA/8.0.57838 Mobile/12H321 Safari/600.1.4"
91.216.19.213 - - [13/Dec/2015:00:28:42 +0400] "GET /id79077 HTTP/1.1" 200 24710 "-" "Mozilla/5.0 (Windows NT 5.1; U; de; rv:1.9.1.6) Gecko/20091201 Firefox/3.5.6 Opera 11.00"
195.12.226.78 - - [13/Dec/2015:00:28:42 +0400] "GET /id30326 HTTP/1.1" 200 9932 "-" "Nokia2700c-2/2.0 (09.95) Profile/MIDP-2.1 Configuration/CLDC-1.1 Mozilla/4.0 (compatible; MSIE 8.0; Windows NT 6.1; Trident/4.0; SLCC2;.NET CLR 2.0.50727; .NET CLR 3.5.30729; .NET CLR 3.0.30729; Media Center PC 6.0; InfoPath.2)/UC Browser7.9.0.102/69/352 UNTRUSTED/1.0"
195.12.226.78 - - [13/Dec/2015:00:28:43 +0400] "GET /id54415 HTTP/1.1" 200 18631 "-" "Nokia2700c-2/2.0 (09.95) Profile/MIDP-2.1 Configuration/CLDC-1.1 Mozilla/4.0 (compatible; MSIE 8.0; Windows NT 6.1; Trident/4.0; SLCC2;.NET CLR 2.0.50727; .NET CLR 3.5.30729; .NET CLR 3.0.30729; Media Center PC 6.0; InfoPath.2)/UC Browser7.9.0.102/69/352 UNTRUSTED/1.0"
195.90.4.139 - - [13/Dec/2015:00:28:43 +0400] "GET /id66975 HTTP/1.1" 200 26990 "-" "Mozilla/5.0 (Windows NT 6.1; Win64; x64) AppleWebKit/537.36 (KHTML, like Gecko) Chrome/44.0.2403.157 Safari/537.36"
212.113.242.102 - - [13/Dec/2015:00:28:44 +0400] "GET /id67971 HTTP/1.1" 200 12477 "-" "Mozilla/5.0 (Linux; U; Android 4.2.2; en-us; Lenovo A316i Build/JDQ39) AppleWebKit/534.30 (KHTML, like Gecko) Version/4.0 Mobile Safari/534.30 ACHEETAHI/2100502010"
185.66.89.10 - - [13/Dec/2015:00:28:44 +0400] "GET /id99244 HTTP/1.1" 200 11805 "-" "Mozilla/5.0 (Windows NT 10.0; WOW64) AppleWebKit/537.36 (KHTML, like Gecko) Chrome/45.0.2454.99 Safari/537.36"
195.90.4.139 - - [13/Dec/2015:00:28:45 +0400] "GET /id65831 HTTP/1.1" 200 29120 "-" "Mozilla/5.0 (Windows NT 6.1; Win64; x64) AppleWebKit/537.36 (KHTML, like Gecko) Chrome/44.0.2403.157 Safari/537.36"
195.68.173.221 - - [13/Dec/2015:00:28:45 +0400] "GET /id58835 HTTP/1.1" 200 11006 "-" "Mozilla/4.0 (compatible; MSIE 8.0; Windows NT 5.1; Trident/4.0; FunWebProducts; .NET CLR 2.0.50727; .NET CLR 3.0.4506.2152; .NET CLR 3.5.30729; InfoPath.2)"
149.13.74.23 - - [13/Dec/2015:00:28:46 +0400] "GET /cgi-bin/gm-authors.cgi HTTP/1.1" 404 0 "-" "Mozilla/6.66"
193.176.145.173 - - [13/Dec/2015:00:28:47 +0400] "GET / HTTP/1.1" 200 20121 "-" "Mozilla/5.0 (Windows NT 6.1; Win64; x64; rv:25.1) Gecko/20141110 Firefox/31.9 PaleMoon/25.1.0"
193.176.145.173 - - [13/Dec/2015:00:28:47 +0400] "GET /favicon.ico HTTP/1.1" 404 0 "-" "Mozilla/5.0 (Windows NT 6.1; Win64; x64; rv:25.1) Gecko/20141110 Firefox/31.9 PaleMoon/25.1.0"
78.59.232.116 - - [13/Dec/2015:00:28:48 +0400] "GET /id27862 HTTP/1.1" 200 31334 "-" "UCWEB/2.0 (Symbian; U; S60 V5; en-US; Nokia5233) U2/1.0.0 UCBrowser/8.9.0.277 U2/1.0.0 Mobile"
193.57.48.33 - - [13/Dec/2015:00:28:48 +0400] "GET /id78713 HTTP/1.1" 200 11703 "-" "Mozilla/5.0 (Ubuntu Linux) AppleWebKit/535.12 (KHTML, like Gecko) Maxthon/3.0 Chrome/26.0.1410.43 Safari/535.12"
146.185.212.21 - - [13/Dec/2015:00:28:48 +0400] "GET /id72359 HTTP/1.1" 200 27233 "-" "Mozilla/5.0 (Windows NT 6.0) AppleWebKit/537.36 (KHTML, like Gecko) Chrome/45.0.2454.85 Safari/537.36"
109.234.27.108 - - [13/Dec/2015:00:28:48 +0400] "GET /id74163 HTTP/1.1" 200 22416 "-" "Mozilla/5.0 (Macintosh; Intel Mac OS X 10_10_4) AppleWebKit/537.36 (KHTML, like Gecko) Chrome/45.0.2454.93 Safari/537.36"
185.66.89.10 - - [13/Dec/2015:00:28:49 +0400] "GET /id16709 HTTP/1.1" 200 15819 "-" "Mozilla/5.0 (Windows NT 10.0; WOW64) AppleWebKit/537.36 (KHTML, like Gecko) Chrome/45.0.2454.99 Safari/537.36"
91.224.194.35 - - [13/Dec/2015:00:28:49 +0400] "GET /id75742 HTTP/1.1" 200 10878 "-" "Mozilla/5.0 (Linux; Android 4.4.2; de-ch; SAMSUNG SM-T520 Build/KOT49H) AppleWebKit/537.36 (KHTML, like Gecko) Version/1.5 Chrome/28.0.1500.94 Safari/537.36"
195.12.226.78 - - [13/Dec/2015:00:28:49 +0400] "GET /id53613 HTTP/1.1" 200 16536 "-" "Nokia2700c-2/2.0 (09.95) Profile/MIDP-2.1 Configuration/CLDC-1.1 Mozilla/4.0 (compatible; MSIE 8.0; Windows NT 6.1; Trident/4.0; SLCC2;.NET CLR 2.0.50727; .NET CLR 3.5.30729; .NET CLR 3.0.30729; Media Center PC 6.0; InfoPath.2)/UC Browser7.9.0.102/69/352 UNTRUSTED/1.0"
91.224.194.35 - - [13/Dec/2015:00:28:50 +0400] "GET /id89252 HTTP/1.1" 200 20903 "-" "Mozilla/5.0 (Linux; Android 4.4.2; de-ch; SAMSUNG SM-T520 Build/KOT49H) AppleWebKit/537.36 (KHTML, like Gecko) Version/1.5 Chrome/28.0.1500.94 Safari/537.36"
91.193.171.169 - - [13/Dec/2015:00:28:50 +0400] "GET /id68362 HTTP/1.1" 200 9734 "-" "Mozilla/5.0 (Windows NT 10.0; WOW64) AppleWebKit/537.36 (KHTML, like Gecko) Chrome/45.0.2454.99 Safari/537.36"
89.186.224.55 - - [13/Dec/2015:00:28:51 +0400] "GET /id28762 HTTP/1.1" 200 8800 "-" "Mozilla/5.0 (Linux; Android 5.0.2; LG-D415 Build/LRX22G) AppleWebKit/537.36 (KHTML, like Gecko) Version/4.0 Chrome/34.0.1847.118 Mobile Safari/537.36"
212.113.242.102 - - [13/Dec/2015:00:28:51 +0400] "GET /id60801 HTTP/1.1" 200 19425 "-" "Mozilla/5.0 (Linux; U; Android 4.2.2; en-us; Lenovo A316i Build/JDQ39) AppleWebKit/534.30 (KHTML, like Gecko) Version/4.0 Mobile Safari/534.30 ACHEETAHI/2100502010"
91.216.19.213 - - [13/Dec/2015:00:28:52 +0400] "GET /id78914 HTTP/1.1" 200 26728 "-" "Mozilla/5.0 (Windows NT 5.1; U; de; rv:1.9.1.6) Gecko/20091201 Firefox/3.5.6 Opera 11.00"
91.133.11.14 - - [13/Dec/2015:00:28:52 +0400] "GET /id32176 HTTP/1.1" 200 19333 "-" "Mozilla/5.0 (iPad; CPU OS 8_4_1 like Mac OS X) AppleWebKit/600.1.4 (KHTML, like Gecko) GSA/8.0.57838 Mobile/12H321 Safari/600.1.4"
146.185.212.21 - - [13/Dec/2015:00:28:54 +0400] "GET /id51524 HTTP/1.1" 200 19906 "-" "Mozilla/5.0 (Windows NT 6.0) AppleWebKit/537.36 (KHTML, like Gecko) Chrome/45.0.2454.85 Safari/537.36"
195.90.4.139 - - [13/Dec/2015:00:28:54 +0400] "GET /id60639 HTTP/1.1" 200 14992 "-" "Mozilla/5.0 (Windows NT 6.1; Win64; x64) AppleWebKit/537.36 (KHTML, like Gecko) Chrome/44.0.2403.157 Safari/537.36"
195.12.226.78 - - [13/Dec/2015:00:28:55 +0400] "GET /id12142 HTTP/1.1" 200 20239 "-" "Nokia2700c-2/2.0 (09.95) Profile/MIDP-2.1 Configuration/CLDC-1.1 Mozilla/4.0 (compatible; MSIE 8.0; Windows NT 6.1; Trident/4.0; SLCC2;.NET CLR 2.0.50727; .NET CLR 3.5.30729; .NET CLR 3.0.30729; Media Center PC 6.0; InfoPath.2)/UC Browser7.9.0.102/69/352 UNTRUSTED/1.0"
90.226.234.122 - - [13/Dec/2015:00:28:55 +0400] "GET /id98979 HTTP/1.1" 200 11319 "-" "Mozilla/5.0 (Windows NT 10.0; WOW64) AppleWebKit/537.36 (KHTML, like Gecko) Chrome/45.0.2454.99 Safari/537.36"
195.165.179.65 - - [13/Dec/2015:00:28:55 +0400] "GET /id75719 HTTP/1.1" 200 10978 "-" "Mozilla/5.0 (Windows NT 6.2; Win64; x64) AppleWebKit/537.36 (KHTML, like Gecko) Chrome/44.0.2403.157 Safari/537.36"
130.255.74.149 - - [13/Dec/2015:00:28:57 +0400] "GET /id57953 HTTP/1.1" 200 11423 "-" "Mozilla/5.0 (X11; Linux i686) AppleWebKit/537.36 (KHTML, like Gecko) Ubuntu Chromium/44.0.2403.89 Chrome/44.0.2403.89 Safari/537.36"
185.66.89.10 - - [13/Dec/2015:00:28:58 +0400] "GET /id13024 HTTP/1.1" 200 9311 "-" "Mozilla/5.0 (Windows NT 10.0; WOW64) AppleWebKit/537.36 (KHTML, like Gecko) Chrome/45.0.2454.99 Safari/537.36"
195.165.179.65 - - [13/Dec/2015:00:28:58 +0400] "GET /id75354 HTTP/1.1" 200 22377 "-" "Mozilla/5.0 (Windows NT 6.2; Win64; x64) AppleWebKit/537.36 (KHTML, like Gecko) Chrome/44.0.2403.157 Safari/537.36"
195.68.173.221 - - [13/Dec/2015:00:28:58 +0400] "GET /id76379 HTTP/1.1" 200 15783 "-" "Mozilla/4.0 (compatible; MSIE 8.0; Windows NT 5.1; Trident/4.0; FunWebProducts; .NET CLR 2.0.50727; .NET CLR 3.0.4506.2152; .NET CLR 3.5.30729; InfoPath.2)"
109.234.27.108 - - [13/Dec/2015:00:28:59 +0400] "GET /id21294 HTTP/1.1" 200 31663 "-" "Mozilla/5.0 (Macintosh; Intel Mac OS X 10_10_4) AppleWebKit/537.36 (KHTML, like Gecko) Chrome/45.0.2454.93 Safari/537.36"
195.12.226.78 - - [13/Dec/2015:00:29:00 +0400] "GET /id83884 HTTP/1.1" 200 11521 "-" "Nokia2700c-2/2.0 (09.95) Profile/MIDP-2.1 Configuration/CLDC-1.1 Mozilla/4.0 (compatible; MSIE 8.0; Windows NT 6.1; Trident/4.0; SLCC2;.NET CLR 2.0.50727; .NET CLR 3.5.30729; .NET CLR 3.0.30729; Media Center PC 6.0; InfoPath.2)/UC Browser7.9.0.102/69/352 UNTRUSTED/1.0"
185.66.89.10 - - [13/Dec/2015:00:29:01 +0400] "GET /id69246 HTTP/1.1" 200 25075 "-" "Mozilla/5.0 (Windows NT 10.0; WOW64) AppleWebKit/537.36 (KHTML, like Gecko) Chrome/45.0.2454.99 Safari/537.36"
193.187.255.229 - - [13/Dec/2015:00:29:03 +0400] "GET /id73129 HTTP/1.1" 200 17950 "-" "Mozilla/5.0 (Windows; U; Windows NT 6.1; it; rv:1.9.2.13) Gecko/20101203 Firefox/3.6.13"
83.219.246.107 - - [13/Dec/2015:00:29:04 +0400] "GET / HTTP/1.1" 200 21316 "-" "Opera/9.80 (Windows NT 6.1; U; es-ES) Presto/2.10.229 Version/11.60"
83.219.246.107 - - [13/Dec/2015:00:29:04 +0400] "GET /favicon.ico HTTP/1.1" 404 0 "-" "Opera/9.80 (Windows NT 6.1; U; es-ES) Presto/2.10.229 Version/11.60"
84.40.13.236 - - [13/Dec/2015:00:29:04 +0400] "GET / HTTP/1.1" 200 27350 "-" "Mozilla/5.0 (Linux; U; Android 4.4.3; de-de; KFTHWI Build/KTU84M) AppleWebKit/537.36 (KHTML, like Gecko) Silk/3.68 like Chrome/39.0.2171.93 Safari/537.36"
84.40.13.236 - - [13/Dec/2015:00:29:04 +0400] "GET /favicon.ico HTTP/1.1" 404 0 "-" "Mozilla/5.0 (Linux; U; Android 4.4.3; de-de; KFTHWI Build/KTU84M) AppleWebKit/537.36 (KHTML, like Gecko) Silk/3.68 like Chrome/39.0.2171.93 Safari/537.36"
109.235.164.207 - - [13/Dec/2015:00:29:04 +0400] "GET /id15714 HTTP/1.1" 200 23793 "-" "Mozilla/5.0 (Windows NT 5.1; U; de; rv:1.9.1.6) Gecko/20091201 Firefox/3.5.6 Opera 11.00"
193.57.48.33 - - [13/Dec/2015:00:29:04 +0400] "GET /id38048 HTTP/1.1" 200 26482 "-" "Mozilla/5.0 (Ubuntu Linux) AppleWebKit/535.12 (KHTML, like Gecko) Maxthon/3.0 Chrome/26.0.1410.43 Safari/535.12"
185.52.34.119 - - [13/Dec/2015:00:29:04 +0400] "GET / HTTP/1.1" 200 13584 "-" "Mozilla/4.0 (compatible; MSIE 8.0; Windows NT 6.1; Trident/7.0; SLCC2; .NET CLR 2.0.50727; .NET CLR 3.5.30729; .NET CLR 3.0.30729; Media Center PC 6.0; .NET4.0C; .NET4.0E; .NET CLR 1.1.4322; Tablet PC 2.0)"
185.52.34.119 - - [13/Dec/2015:00:29:04 +0400] "GET /favicon.ico HTTP/1.1" 404 0 "-" "Mozilla/4.0 (compatible; MSIE 8.0; Windows NT 6.1; Trident/7.0; SLCC2; .NET CLR 2.0.50727; .NET CLR 3.5.30729; .NET CLR 3.0.30729; Media Center PC 6.0; .NET4.0C; .NET4.0E; .NET CLR 1.1.4322; Tablet PC 2.0)"
89.186.224.55 - - [13/Dec/2015:00:29:04 +0400] "GET /id26659 HTTP/1.1" 200 31583 "-" "Mozilla/5.0 (Linux; Android 5.0.2; LG-D415 Build/LRX22G) AppleWebKit/537.36 (KHTML, like Gecko) Version/4.0 Chrome/34.0.1847.118 Mobile Safari/537.36"
81.237.177.240 - - [13/Dec/2015:00:29:05 +0400] "GET / HTTP/1.1" 200 10083 "-" "Mozilla/5.0 (Macintosh; Intel Mac OS X 10_10_4) AppleWebKit/537.36 (KHTML, like Gecko) Chrome/45.0.2454.93 Safari/537.36"
81.237.177.240 - - [13/Dec/2015:00:29:05 +0400] "GET /favicon.ico HTTP/1.1" 404 0 "-" "Mozilla/5.0 (Macintosh; Intel Mac OS X 10_10_4) AppleWebKit/537.36 (KHTML, like Gecko) Chrome/45.0.2454.93 Safari/537.36"
195.189.180.158 - - [13/Dec/2015:00:29:05 +0400] "GET / HTTP/1.1" 200 26450 "-" "Mozilla/4.0 (compatible; MSIE 8.0; Windows NT 6.0; Trident/4.0; SLCC1; .NET CLR 2.0.50727; .NET CLR 1.1.4322; .NET CLR 3.5.30729; .NET CLR 3.0.30618; OfficeLiveConnector.1.5; OfficeLivePatch.1.3; .NET4.0C; BRI/1)"
195.189.180.158 - - [13/Dec/2015:00:29:05 +0400] "GET /favicon.ico HTTP/1.1" 404 0 "-" "Mozilla/4.0 (compatible; MSIE 8.0; Windows NT 6.0; Trident/4.0; SLCC1; .NET CLR 2.0.50727; .NET CLR 1.1.4322; .NET CLR 3.5.30729; .NET CLR 3.0.30618; OfficeLiveConnector.1.5; OfficeLivePatch.1.3; .NET4.0C; BRI/1)"
91.208.47.181 - - [13/Dec/2015:00:29:05 +0400] "GET / HTTP/1.1" 200 27986 "-" "Mozilla/5.0 (X11; Linux i686; rv:20.0) Gecko/20100101 Firefox/20.0 SeaMonkey/2.17"
91.208.47.181 - - [13/Dec/2015:00:29:05 +0400] "GET /favicon.ico HTTP/1.1" 404 0 "-" "Mozilla/5.0 (X11; Linux i686; rv:20.0) Gecko/20100101 Firefox/20.0 SeaMonkey/2.17"
193.57.96.5 - - [13/Dec/2015:00:29:06 +0400] "GET / HTTP/1.1" 200 30331 "-" "Mozilla/5.0 (Windows NT 10.0; WOW64) AppleWebKit/537.36 (KHTML, like Gecko) Chrome/45.0.2454.99 Safari/537.36"
193.57.96.5 - - [13/Dec/2015:00:29:06 +0400] "GET /favicon.ico HTTP/1.1" 404 0 "-" "Mozilla/5.0 (Windows NT 10.0; WOW64) AppleWebKit/537.36 (KHTML, like Gecko) Chrome/45.0.2454.99 Safari/537.36"
91.228.227.58 - - [13/Dec/2015:00:29:06 +0400] "GET / HTTP/1.1" 200 8853 "-" "Mozilla/5.0 (Windows; U; Windows NT 6.0; de; rv:1.9.2.13) Gecko/20101203 Firefox/3.6.13 ImageShackToolbar/5.2.4 ( .NET CLR 3.5.30729; .NET4.0E)"
91.228.227.58 - - [13/Dec/2015:00:29:06 +0400] "GET /favicon.ico HTTP/1.1" 404 0 "-" "Mozilla/5.0 (Windows; U; Windows NT 6.0; de; rv:1.9.2.13) Gecko/20101203 Firefox/3.6.13 ImageShackToolbar/5.2.4 ( .NET CLR 3.5.30729; .NET4.0E)"
91.133.11.14 - - [13/Dec/2015:00:29:06 +0400] "GET /id59146 HTTP/1.1" 200 8775 "-" "Mozilla/5.0 (iPad; CPU OS 8_4_1 like Mac OS X) AppleWebKit/600.1.4 (KHTML, like Gecko) GSA/8.0.57838 Mobile/12H321 Safari/600.1.4"
185.66.89.10 - - [13/Dec/2015:00:29:06 +0400] "GET /id44229 HTTP/1.1" 200 24141 "-" "Mozilla/5.0 (Windows NT 10.0; WOW64) AppleWebKit/537.36 (KHTML, like Gecko) Chrome/45.0.2454.99 Safari/537.36"
134.0.27.8 - - [13/Dec/2015:00:29:06 +0400] "GET / HTTP/1.1" 200 18914 "-" "Mozilla/5.0 (Linux; Android 4.4.2; Slate 21 Build/KOT49H) AppleWebKit/537.36 (KHTML, like Gecko) Chrome/42.0.2311.107 Safari/537.36 OPR/29.0.1809.92697"
134.0.27.8 - - [13/Dec/2015:00:29:06 +0400] "GET /favicon.ico HTTP/1.1" 404 0 "-" "Mozilla/5.0 (Linux; Android 4.4.2; Slate 21 Build/KOT49H) AppleWebKit/537.36 (KHTML, like Gecko) Chrome/42.0.2311.107 Safari/537.36 OPR/29.0.1809.92697"
83.219.246.107 - - [13/Dec/2015:00:29:07 +0400] "GET /id59475 HTTP/1.1" 200 22663 "-" "Opera/9.80 (Windows NT 6.1; U; es-ES) Presto/2.10.229 Version/11.60"
134.0.27.8 - - [13/Dec/2015:00:29:07 +0400] "GET /id75400 HTTP/1.1" 200 18351 "-" "Mozilla/5.0 (Linux; Android 4.4.2; Slate 21 Build/KOT49H) AppleWebKit/537.36 (KHTML, like Gecko) Chrome/42.0.2311.107 Safari/537.36 OPR/29.0.1809.92697"
194.146.54.36 - - [13/Dec/2015:00:29:07 +0400] "GET / HTTP/1.1" 200 13429 "-" "Mozilla/4.0 (compatible; MSIE 8.0; Windows NT 5.1; Trident/4.0; (R1 1.6); .NET CLR 1.0.3705; .NET CLR 1.1.4322; Media Center PC 4.0; InfoPath.2; .NET CLR 2.0.50727; .NET CLR 3.0.4506.2152; .NET CLR 3.5.30729)"
194.146.54.36 - - [13/Dec/2015:00:29:07 +0400] "GET /favicon.ico HTTP/1.1" 404 0 "-" "Mozilla/4.0 (compatible; MSIE 8.0; Windows NT 5.1; Trident/4.0; (R1 1.6); .NET CLR 1.0.3705; .NET CLR 1.1.4322; Media Center PC 4.0; InfoPath.2; .NET CLR 2.0.50727; .NET CLR 3.0.4506.2152; .NET CLR 3.5.30729)"
91.213.109.50 - - [13/Dec/2015:00:29:07 +0400] "GET / HTTP/1.1" 200 24072 "-" "Mozilla/5.0 (X11; Linux i686) AppleWebKit/537.36 (KHTML, like Gecko) Ubuntu Chromium/44.0.2403.89 Chrome/44.0.2403.89 Safari/537.36"
91.213.109.50 - - [13/Dec/2015:00:29:07 +0400] "GET /favicon.ico HTTP/1.1" 404 0 "-" "Mozilla/5.0 (X11; Linux i686) AppleWebKit/537.36 (KHTML, like Gecko) Ubuntu Chromium/44.0.2403.89 Chrome/44.0.2403.89 Safari/537.36"
213.30.132.123 - - [13/Dec/2015:00:29:07 +0400] "GET / HTTP/1.1" 200 22539 "-" "Mozilla/5.0 (Windows NT 10.0; WOW64) AppleWebKit/537.36 (KHTML, like Gecko) Chrome/45.0.2454.99 Safari/537.36"
213.30.132.123 - - [13/Dec/2015:00:29:07 +0400] "GET /favicon.ico HTTP/1.1" 404 0 "-" "Mozilla/5.0 (Windows NT 10.0; WOW64) AppleWebKit/537.36 (KHTML, like Gecko) Chrome/45.0.2454.99 Safari/537.36"
185.50.25.10 - - [13/Dec/2015:00:29:08 +0400] "GET / HTTP/1.1" 200 18534 "-" "Mozilla/5.0 (Windows NT 5.1; U; de; rv:1.9.1.6) Gecko/20091201 Firefox/3.5.6 Opera 11.00"
185.50.25.10 - - [13/Dec/2015:00:29:08 +0400] "GET /favicon.ico HTTP/1.1" 404 0 "-" "Mozilla/5.0 (Windows NT 5.1; U; de; rv:1.9.1.6) Gecko/20091201 Firefox/3.5.6 Opera 11.00"
91.228.227.58 - - [13/Dec/2015:00:29:08 +0400] "GET /id76148 HTTP/1.1" 200 24686 "-" "Mozilla/5.0 (Windows; U; Windows NT 6.0; de; rv:1.9.2.13) Gecko/20101203 Firefox/3.6.13 ImageShackToolbar/5.2.4 ( .NET CLR 3.5.30729; .NET4.0E)"
83.219.246.107 - - [13/Dec/2015:00:29:08 +0400] "GET /id78190 HTTP/1.1" 200 13308 "-" "Opera/9.80 (Windows NT 6.1; U; es-ES) Presto/2.10.229 Version/11.60"
90.226.234.122 - - [13/Dec/2015:00:29:08 +0400] "GET /id96078 HTTP/1.1" 200 27309 "-" "Mozilla/5.0 (Windows NT 10.0; WOW64) AppleWebKit/537.36 (KHTML, like Gecko) Chrome/45.0.2454.99 Safari/537.36"
91.221.250.254 - - [13/Dec/2015:00:29:08 +0400] "GET / HTTP/1.1" 200 23741 "-" "Mozilla/5.0 (Windows NT 6.3; WOW64) AppleWebKit/537.36 (KHTML, like Gecko) Chrome/35.0.1916.47 Safari/537.36"
91.221.250.254 - - [13/Dec/2015:00:29:08 +0400] "GET /favicon.ico HTTP/1.1" 404 0 "-" "Mozilla/5.0 (Windows NT 6.3; WOW64) AppleWebKit/537.36 (KHTML, like Gecko) Chrome/35.0.1916.47 Safari/537.36"
83.219.246.107 - - [13/Dec/2015:00:29:08 +0400] "GET /id88232 HTTP/1.1" 200 16397 "-" "Opera/9.80 (Windows NT 6.1; U; es-ES) Presto/2.10.229 Version/11.60"
80.15.235.146 - - [13/Dec/2015:00:29:09 +0400] "GET / HTTP/1.1" 200 12453 "-" "Mozilla/5.0 (Linux; U; Android 4.0.4; de-de; GT-P7511 Build/IMM76D) AppleWebKit/534.30 (KHTML, like Gecko) Version/4.0 Safari/534.30"
80.15.235.146 - - [13/Dec/2015:00:29:09 +0400] "GET /favicon.ico HTTP/1.1" 404 0 "-" "Mozilla/5.0 (Linux; U; Android 4.0.4; de-de; GT-P7511 Build/IMM76D) AppleWebKit/534.30 (KHTML, like Gecko) Version/4.0 Safari/534.30"
91.210.135.88 - - [13/Dec/2015:00:29:09 +0400] "GET / HTTP/1.1" 200 14320 "-" "Mozilla/5.0 (Linux; U; Android 4.3; zh-cn; HM 1SW Build/JLS36C) AppleWebKit/537.36 (KHTML, like Gecko) Version/4.0 Mobile Safari/537.36 XiaoMi/MiuiBrowser/2.1.1"
91.210.135.88 - - [13/Dec/2015:00:29:09 +0400] "GET /favicon.ico HTTP/1.1" 404 0 "-" "Mozilla/5.0 (Linux; U; Android 4.3; zh-cn; HM 1SW Build/JLS36C) AppleWebKit/537.36 (KHTML, like Gecko) Version/4.0 Mobile Safari/537.36 XiaoMi/MiuiBrowser/2.1.1"
91.224.194.35 - - [13/Dec/2015:00:29:09 +0400] "GET /id57324 HTTP/1.1" 200 11590 "-" "Mozilla/5.0 (Linux; Android 4.4.2; de-ch; SAMSUNG SM-T520 Build/KOT49H) AppleWebKit/537.36 (KHTML, like Gecko) Version/1.5 Chrome/28.0.1500.94 Safari/537.36"
141.0.185.61 - - [13/Dec/2015:00:29:09 +0400] "GET / HTTP/1.1" 200 15929 "-" "Mozilla/5.0 <a href=\"http://tylnabelka.c0.pl/tylna-os-renault.html\">tylnabelka.c0.pl</a> (Windows NT 5.1; U; en) Presto/2.10.229 Version/11.60"
141.0.185.61 - - [13/Dec/2015:00:29:09 +0400] "GET /favicon.ico HTTP/1.1" 404 0 "-" "Mozilla/5.0 <a href=\"http://tylnabelka.c0.pl/tylna-os-renault.html\">tylnabelka.c0.pl</a> (Windows NT 5.1; U; en) Presto/2.10.229 Version/11.60"
213.214.0.110 - - [13/Dec/2015:00:29:10 +0400] "GET / HTTP/1.1" 200 20886 "-" "Mozilla/4.0 (compatible; MSIE 8.0; Windows NT 5.1; Trident/4.0; GTB6; .NET CLR 2.0.50727; .NET CLR 3.0.4506.2152; .NET CLR 3.5.30729; tb-webde/1.7.0; AskTbAVR-4/5.15.18.37268)"
213.214.0.110 - - [13/Dec/2015:00:29:10 +0400] "GET /favicon.ico HTTP/1.1" 404 0 "-" "Mozilla/4.0 (compatible; MSIE 8.0; Windows NT 5.1; Trident/4.0; GTB6; .NET CLR 2.0.50727; .NET CLR 3.0.4506.2152; .NET CLR 3.5.30729; tb-webde/1.7.0; AskTbAVR-4/5.15.18.37268)"
81.237.149.115 - - [13/Dec/2015:00:29:10 +0400] "GET / HTTP/1.1" 200 20177 "-" "Mozilla/5.0 (Macintosh; Intel Mac OS X 10_8_5) AppleWebKit/600.8.9 (KHTML, like Gecko) Version/6.2.8 Safari/537.85.17"
81.237.149.115 - - [13/Dec/2015:00:29:10 +0400] "GET /favicon.ico HTTP/1.1" 404 0 "-" "Mozilla/5.0 (Macintosh; Intel Mac OS X 10_8_5) AppleWebKit/600.8.9 (KHTML, like Gecko) Version/6.2.8 Safari/537.85.17"
109.235.164.207 - - [13/Dec/2015:00:29:10 +0400] "GET /id38079 HTTP/1.1" 200 12618 "-" "Mozilla/5.0 (Windows NT 5.1; U; de; rv:1.9.1.6) Gecko/20091201 Firefox/3.5.6 Opera 11.00"
178.16.145.239 - - [13/Dec/2015:00:29:10 +0400] "GET / HTTP/1.1" 200 15251 "-" "Mozilla/5.0 (Macintosh; Intel Mac OS X 10_10_3) AppleWebKit/537.36 (KHTML, like Gecko) Chrome/44.0.2403.39 Safari/537.36"
178.16.145.239 - - [13/Dec/2015:00:29:10 +0400] "GET /favicon.ico HTTP/1.1" 404 0 "-" "Mozilla/5.0 (Macintosh; Intel Mac OS X 10_10_3) AppleWebKit/537.36 (KHTML, like Gecko) Chrome/44.0.2403.39 Safari/537.36"
81.237.149.115 - - [13/Dec/2015:00:29:10 +0400] "GET /id11339 HTTP/1.1" 200 29731 "-" "Mozilla/5.0 (Macintosh; Intel Mac OS X 10_8_5) AppleWebKit/600.8.9 (KHTML, like Gecko) Version/6.2.8 Safari/537.85.17"
91.221.250.254 - - [13/Dec/2015:00:29:11 +0400] "GET /id44479 HTTP/1.1" 200 29851 "-" "Mozilla/5.0 (Windows NT 6.3; WOW64) AppleWebKit/537.36 (KHTML, like Gecko) Chrome/35.0.1916.47 Safari/537.36"
91.221.250.254 - - [13/Dec/2015:00:29:11 +0400] "GET /id47328 HTTP/1.1" 200 11158 "-" "Mozilla/5.0 (Windows NT 6.3; WOW64) AppleWebKit/537.36 (KHTML, like Gecko) Chrome/35.0.1916.47 Safari/537.36"
185.50.25.10 - - [13/Dec/2015:00:29:12 +0400] "GET /id11105 HTTP/1.1" 200 25189 "-" "Mozilla/5.0 (Windows NT 5.1; U; de; rv:1.9.1.6) Gecko/20091201 Firefox/3.5.6 Opera 11.00"
88.135.119.110 - - [13/Dec/2015:00:29:12 +0400] "GET / HTTP/1.1" 200 16649 "-" "Mozilla/5.0 (Macintosh; Intel Mac OS X 10_10_4) AppleWebKit/537.36 (KHTML, like Gecko) Chrome/45.0.2454.93 Safari/537.36"
88.135.119.110 - - [13/Dec/2015:00:29:12 +0400] "GET /favicon.ico HTTP/1.1" 404 0 "-" "Mozilla/5.0 (Macintosh; Intel Mac OS X 10_10_4) AppleWebKit/537.36 (KHTML, like Gecko) Chrome/45.0.2454.93 Safari/537.36"
134.0.27.8 - - [13/Dec/2015:00:29:13 +0400] "GET /id52074 HTTP/1.1" 200 18198 "-" "Mozilla/5.0 (Linux; Android 4.4.2; Slate 21 Build/KOT49H) AppleWebKit/537.36 (KHTML, like Gecko) Chrome/42.0.2311.107 Safari/537.36 OPR/29.0.1809.92697"
91.133.11.14 - - [13/Dec/2015:00:29:13 +0400] "GET /id97804 HTTP/1.1" 200 18679 "-" "Mozilla/5.0 (iPad; CPU OS 8_4_1 like Mac OS X) AppleWebKit/600.1.4 (KHTML, like Gecko) GSA/8.0.57838 Mobile/12H321 Safari/600.1.4"
193.178.185.222 - - [13/Dec/2015:00:29:13 +0400] "GET / HTTP/1.1" 200 9913 "-" "Mozilla/5.0 (Windows NT 5.1; U; de; rv:1.9.1.6) Gecko/20091201 Firefox/3.5.6 Opera 11.00"
193.178.185.222 - - [13/Dec/2015:00:29:13 +0400] "GET /favicon.ico HTTP/1.1" 404 0 "-" "Mozilla/5.0 (Windows NT 5.1; U; de; rv:1.9.1.6) Gecko/20091201 Firefox/3.5.6 Opera 11.00"
185.66.89.10 - - [13/Dec/2015:00:29:14 +0400] "GET /id65747 HTTP/1.1" 200 31713 "-" "Mozilla/5.0 (Windows NT 10.0; WOW64) AppleWebKit/537.36 (KHTML, like Gecko) Chrome/45.0.2454.99 Safari/537.36"
176.119.16.29 - - [13/Dec/2015:00:29:14 +0400] "GET / HTTP/1.1" 200 18694 "-" "Opera/9.80 (Android; Opera Mini/5.1.21126/19.872; U; en) Presto/2.5.25"
176.119.16.29 - - [13/Dec/2015:00:29:14 +0400] "GET /favicon.ico HTTP/1.1" 404 0 "-" "Opera/9.80 (Android; Opera Mini/5.1.21126/19.872; U; en) Presto/2.5.25"
188.164.171.251 - - [13/Dec/2015:00:29:14 +0400] "GET / HTTP/1.1" 200 15442 "-" "Mozilla/5.0 (Windows NT 5.1) AppleWebKit/537.36 (KHTML, like Gecko) Chrome/45.0.2454.93 Safari/537.36"
188.164.171.251 - - [13/Dec/2015:00:29:14 +0400] "GET /favicon.ico HTTP/1.1" 404 0 "-" "Mozilla/5.0 (Windows NT 5.1) AppleWebKit/537.36 (KHTML, like Gecko) Chrome/45.0.2454.93 Safari/537.36"
188.164.171.251 - - [13/Dec/2015:00:29:14 +0400] "GET /id37606 HTTP/1.1" 200 21622 "-" "Mozilla/5.0 (Windows NT 5.1) AppleWebKit/537.36 (KHTML, like Gecko) Chrome/45.0.2454.93 Safari/537.36"
91.228.227.58 - - [13/Dec/2015:00:29:14 +0400] "GET /id46233 HTTP/1.1" 200 12298 "-" "Mozilla/5.0 (Windows; U; Windows NT 6.0; de; rv:1.9.2.13) Gecko/20101203 Firefox/3.6.13 ImageShackToolbar/5.2.4 ( .NET CLR 3.5.30729; .NET4.0E)"
109.234.27.108 - - [13/Dec/2015:00:29:14 +0400] "GET /id63786 HTTP/1.1" 200 19475 "-" "Mozilla/5.0 (Macintosh; Intel Mac OS X 10_10_4) AppleWebKit/537.36 (KHTML, like Gecko) Chrome/45.0.2454.93 Safari/537.36"
91.228.227.58 - - [13/Dec/2015:00:29:14 +0400] "GET /id99544 HTTP/1.1" 200 14959 "-" "Mozilla/5.0 (Windows; U; Windows NT 6.0; de; rv:1.9.2.13) Gecko/20101203 Firefox/3.6.13 ImageShackToolbar/5.2.4 ( .NET CLR 3.5.30729; .NET4.0E)"
193.57.48.33 - - [13/Dec/2015:00:29:14 +0400] "GET /id92561 HTTP/1.1" 200 24779 "-" "Mozilla/5.0 (Ubuntu Linux) AppleWebKit/535.12 (KHTML, like Gecko) Maxthon/3.0 Chrome/26.0.1410.43 Safari/535.12"
195.8.122.239 - - [13/Dec/2015:00:29:15 +0400] "GET /id43587 HTTP/1.1" 200 24008 "-" "Mozilla/5.0 (Macintosh; Intel Mac OS X 10_10_4) AppleWebKit/537.36 (KHTML, like Gecko) Chrome/45.0.2454.93 Safari/537.36"
91.228.227.58 - - [13/Dec/2015:00:29:15 +0400] "GET /id80353 HTTP/1.1" 200 9372 "-" "Mozilla/5.0 (Windows; U; Windows NT 6.0; de; rv:1.9.2.13) Gecko/20101203 Firefox/3.6.13 ImageShackToolbar/5.2.4 ( .NET CLR 3.5.30729; .NET4.0E)"
91.221.250.254 - - [13/Dec/2015:00:29:15 +0400] "GET /id57620 HTTP/1.1" 200 20539 "-" "Mozilla/5.0 (Windows NT 6.3; WOW64) AppleWebKit/537.36 (KHTML, like Gecko) Chrome/35.0.1916.47 Safari/537.36"
194.146.54.36 - - [13/Dec/2015:00:29:15 +0400] "GET /id13894 HTTP/1.1" 200 9990 "-" "Mozilla/4.0 (compatible; MSIE 8.0; Windows NT 5.1; Trident/4.0; (R1 1.6); .NET CLR 1.0.3705; .NET CLR 1.1.4322; Media Center PC 4.0; InfoPath.2; .NET CLR 2.0.50727; .NET CLR 3.0.4506.2152; .NET CLR 3.5.30729)"
83.219.246.107 - - [13/Dec/2015:00:29:16 +0400] "GET /id70489 HTTP/1.1" 200 12974 "-" "Opera/9.80 (Windows NT 6.1; U; es-ES) Presto/2.10.229 Version/11.60"
80.15.235.146 - - [13/Dec/2015:00:29:16 +0400] "GET /id66886 HTTP/1.1" 200 28838 "-" "Mozilla/5.0 (Linux; U; Android 4.0.4; de-de; GT-P7511 Build/IMM76D) AppleWebKit/534.30 (KHTML, like Gecko) Version/4.0 Safari/534.30"
78.17.254.3 - - [13/Dec/2015:00:29:17 +0400] "GET / HTTP/1.1" 200 17866 "-" "Mozilla/5.0 (Macintosh; Intel Mac OS X 10_10_4) AppleWebKit/537.36 (KHTML, like Gecko) Chrome/45.0.2454.93 Safari/537.36"
78.17.254.3 - - [13/Dec/2015:00:29:17 +0400] "GET /favicon.ico HTTP/1.1" 404 0 "-" "Mozilla/5.0 (Macintosh; Intel Mac OS X 10_10_4) AppleWebKit/537.36 (KHTML, like Gecko) Chrome/45.0.2454.93 Safari/537.36"
109.234.27.108 - - [13/Dec/2015:00:29:17 +0400] "GET /id15491 HTTP/1.1" 200 11773 "-" "Mozilla/5.0 (Macintosh; Intel Mac OS X 10_10_4) AppleWebKit/537.36 (KHTML, like Gecko) Chrome/45.0.2454.93 Safari/537.36"
81.237.177.240 - - [13/Dec/2015:00:29:18 +0400] "GET /id26499 HTTP/1.1" 200 22277 "-" "Mozilla/5.0 (Macintosh; Intel Mac OS X 10_10_4) AppleWebKit/537.36 (KHTML, like Gecko) Chrome/45.0.2454.93 Safari/537.36"
84.40.13.236 - - [13/Dec/2015:00:29:18 +0400] "GET /id68076 HTTP/1.1" 200 32747 "-" "Mozilla/5.0 (Linux; U; Android 4.4.3; de-de; KFTHWI Build/KTU84M) AppleWebKit/537.36 (KHTML, like Gecko) Silk/3.68 like Chrome/39.0.2171.93 Safari/537.36"
91.228.227.58 - - [13/Dec/2015:00:29:18 +0400] "GET /id95341 HTTP/1.1" 200 25628 "-" "Mozilla/5.0 (Windows; U; Windows NT 6.0; de; rv:1.9.2.13) Gecko/20101203 Firefox/3.6.13 ImageShackToolbar/5.2.4 ( .NET CLR 3.5.30729; .NET4.0E)"
193.57.96.5 - - [13/Dec/2015:00:29:18 +0400] "GET /id87017 HTTP/1.1" 200 26024 "-" "Mozilla/5.0 (Windows NT 10.0; WOW64) AppleWebKit/537.36 (KHTML, like Gecko) Chrome/45.0.2454.99 Safari/537.36"
185.98.40.115 - - [13/Dec/2015:00:29:18 +0400] "GET / HTTP/1.1" 200 21909 "-" "Mozilla/5.0 (Windows NT 6.1) AppleWebKit/537.36 (KHTML, like Gecko) Chrome/45.0.2454.99 Safari/537.36"
185.98.40.115 - - [13/Dec/2015:00:29:18 +0400] "GET /favicon.ico HTTP/1.1" 404 0 "-" "Mozilla/5.0 (Windows NT 6.1) AppleWebKit/537.36 (KHTML, like Gecko) Chrome/45.0.2454.99 Safari/537.36"
109.235.164.207 - - [13/Dec/2015:00:29:18 +0400] "GET /id62260 HTTP/1.1" 200 9464 "-" "Mozilla/5.0 (Windows NT 5.1; U; de; rv:1.9.1.6) Gecko/20091201 Firefox/3.5.6 Opera 11.00"
212.96.122.162 - - [13/Dec/2015:00:29:18 +0400] "GET / HTTP/1.1" 200 11825 "-" "Mozilla/5.0 (Linux; Android 4.2.2; SM-T110 Build/JDQ39) AppleWebKit/537.36 (KHTML, like Gecko) Chrome/45.0.2454.84 Safari/537.36"
212.96.122.162 - - [13/Dec/2015:00:29:18 +0400] "GET /favicon.ico HTTP/1.1" 404 0 "-" "Mozilla/5.0 (Linux; Android 4.2.2; SM-T110 Build/JDQ39) AppleWebKit/537.36 (KHTML, like Gecko) Chrome/45.0.2454.84 Safari/537.36"
195.137.181.236 - - [13/Dec/2015:00:29:18 +0400] "GET / HTTP/1.1" 200 11256 "-" "Mozilla/5.0 (Windows NT 6.3; WOW64) AppleWebKit/537.36 (KHTML, like Gecko) Chrome/46.0.2471.0 Safari/537.36"
195.137.181.236 - - [13/Dec/2015:00:29:18 +0400] "GET /favicon.ico HTTP/1.1" 404 0 "-" "Mozilla/5.0 (Windows NT 6.3; WOW64) AppleWebKit/537.36 (KHTML, like Gecko) Chrome/46.0.2471.0 Safari/537.36"
195.12.226.78 - - [13/Dec/2015:00:29:19 +0400] "GET /id31816 HTTP/1.1" 200 14510 "-" "Nokia2700c-2/2.0 (09.95) Profile/MIDP-2.1 Configuration/CLDC-1.1 Mozilla/4.0 (compatible; MSIE 8.0; Windows NT 6.1; Trident/4.0; SLCC2;.NET CLR 2.0.50727; .NET CLR 3.5.30729; .NET CLR 3.0.30729; Media Center PC 6.0; InfoPath.2)/UC Browser7.9.0.102/69/352 UNTRUSTED/1.0"
185.52.34.119 - - [13/Dec/2015:00:29:19 +0400] "GET /id19042 HTTP/1.1" 200 21791 "-" "Mozilla/4.0 (compatible; MSIE 8.0; Windows NT 6.1; Trident/7.0; SLCC2; .NET CLR 2.0.50727; .NET CLR 3.5.30729; .NET CLR 3.0.30729; Media Center PC 6.0; .NET4.0C; .NET4.0E; .NET CLR 1.1.4322; Tablet PC 2.0)"
109.234.27.108 - - [13/Dec/2015:00:29:19 +0400] "GET /id51011 HTTP/1.1" 200 10014 "-" "Mozilla/5.0 (Macintosh; Intel Mac OS X 10_10_4) AppleWebKit/537.36 (KHTML, like Gecko) Chrome/45.0.2454.93 Safari/537.36"
195.8.122.239 - - [13/Dec/2015:00:29:20 +0400] "GET /id97164 HTTP/1.1" 200 15701 "-" "Mozilla/5.0 (Macintosh; Intel Mac OS X 10_10_4) AppleWebKit/537.36 (KHTML, like Gecko) Chrome/45.0.2454.93 Safari/537.36"
212.96.122.162 - - [13/Dec/2015:00:29:21 +0400] "GET /id90264 HTTP/1.1" 200 9424 "-" "Mozilla/5.0 (Linux; Android 4.2.2; SM-T110 Build/JDQ39) AppleWebKit/537.36 (KHTML, like Gecko) Chrome/45.0.2454.84 Safari/537.36"
185.98.40.115 - - [13/Dec/2015:00:29:21 +0400] "GET /id73410 HTTP/1.1" 200 28915 "-" "Mozilla/5.0 (Windows NT 6.1) AppleWebKit/537.36 (KHTML, like Gecko) Chrome/45.0.2454.99 Safari/537.36"
185.52.34.119 - - [13/Dec/2015:00:29:22 +0400] "GET /id96622 HTTP/1.1" 200 22035 "-" "Mozilla/4.0 (compatible; MSIE 8.0; Windows NT 6.1; Trident/7.0; SLCC2; .NET CLR 2.0.50727; .NET CLR 3.5.30729; .NET CLR 3.0.30729; Media Center PC 6.0; .NET4.0C; .NET4.0E; .NET CLR 1.1.4322; Tablet PC 2.0)"
185.98.40.115 - - [13/Dec/2015:00:29:23 +0400] "GET /id52261 HTTP/1.1" 200 27888 "-" "Mozilla/5.0 (Windows NT 6.1) AppleWebKit/537.36 (KHTML, like Gecko) Chrome/45.0.2454.99 Safari/537.36"
91.228.227.58 - - [13/Dec/2015:00:29:23 +0400] "GET /id69349 HTTP/1.1" 200 18453 "-" "Mozilla/5.0 (Windows; U; Windows NT 6.0; de; rv:1.9.2.13) Gecko/20101203 Firefox/3.6.13 ImageShackToolbar/5.2.4 ( .NET CLR 3.5.30729; .NET4.0E)"
81.237.177.240 - - [13/Dec/2015:00:29:24 +0400] "GET /id18685 HTTP/1.1" 200 14634 "-" "Mozilla/5.0 (Macintosh; Intel Mac OS X 10_10_4) AppleWebKit/537.36 (KHTML, like Gecko) Chrome/45.0.2454.93 Safari/537.36"
195.137.181.236 - - [13/Dec/2015:00:29:24 +0400] "GET /id78120 HTTP/1.1" 200 14862 "-" "Mozilla/5.0 (Windows NT 6.3; WOW64) AppleWebKit/537.36 (KHTML, like Gecko) Chrome/46.0.2471.0 Safari/537.36"
89.186.224.55 - - [13/Dec/2015:00:29:25 +0400] "GET /id82224 HTTP/1.1" 200 29393 "-" "Mozilla/5.0 (Linux; Android 5.0.2; LG-D415 Build/LRX22G) AppleWebKit/537.36 (KHTML, like Gecko) Version/4.0 Chrome/34.0.1847.118 Mobile Safari/537.36"
91.210.135.88 - - [13/Dec/2015:00:29:25 +0400] "GET /id22922 HTTP/1.1" 200 22573 "-" "Mozilla/5.0 (Linux; U; Android 4.3; zh-cn; HM 1SW Build/JLS36C) AppleWebKit/537.36 (KHTML, like Gecko) Version/4.0 Mobile Safari/537.36 XiaoMi/MiuiBrowser/2.1.1"
195.189.180.158 - - [13/Dec/2015:00:29:26 +0400] "GET /id39947 HTTP/1.1" 200 14300 "-" "Mozilla/4.0 (compatible; MSIE 8.0; Windows NT 6.0; Trident/4.0; SLCC1; .NET CLR 2.0.50727; .NET CLR 1.1.4322; .NET CLR 3.5.30729; .NET CLR 3.0.30618; OfficeLiveConnector.1.5; OfficeLivePatch.1.3; .NET4.0C; BRI/1)"
81.237.177.240 - - [13/Dec/2015:00:29:27 +0400] "GET /id32851 HTTP/1.1" 200 24257 "-" "Mozilla/5.0 (Macintosh; Intel Mac OS X 10_10_4) AppleWebKit/537.36 (KHTML, like Gecko) Chrome/45.0.2454.93 Safari/537.36"
178.208.51.84 - - [13/Dec/2015:00:29:28 +0400] "GET / HTTP/1.1" 200 23782 "-" "Surf/0.4.1 (X11; U; Unix; en-US) AppleWebKit/531.2+ Compatible (Safari)"
178.208.51.84 - - [13/Dec/2015:00:29:28 +0400] "GET /favicon.ico HTTP/1.1" 404 0 "-" "Surf/0.4.1 (X11; U; Unix; en-US) AppleWebKit/531.2+ Compatible (Safari)"
193.46.207.185 - - [13/Dec/2015:00:29:29 +0400] "GET / HTTP/1.1" 200 30879 "-" "Mozilla/5.0 (Macintosh; Intel Mac OS X 10_10_5) AppleWebKit/537.36 (KHTML, like Gecko) Chrome/45.0.2454.99 Safari/537.36"
193.46.207.185 - - [13/Dec/2015:00:29:29 +0400] "GET /favicon.ico HTTP/1.1" 404 0 "-" "Mozilla/5.0 (Macintosh; Intel Mac OS X 10_10_5) AppleWebKit/537.36 (KHTML, like Gecko) Chrome/45.0.2454.99 Safari/537.36"
91.221.250.254 - - [13/Dec/2015:00:29:29 +0400] "GET /id25309 HTTP/1.1" 200 10144 "-" "Mozilla/5.0 (Windows NT 6.3; WOW64) AppleWebKit/537.36 (KHTML, like Gecko) Chrome/35.0.1916.47 Safari/537.36"
195.137.181.236 - - [13/Dec/2015:00:29:29 +0400] "GET /id92788 HTTP/1.1" 200 29170 "-" "Mozilla/5.0 (Windows NT 6.3; WOW64) AppleWebKit/537.36 (KHTML, like Gecko) Chrome/46.0.2471.0 Safari/537.36"
81.237.149.115 - - [13/Dec/2015:00:29:30 +0400] "GET /id29831 HTTP/1.1" 200 20312 "-" "Mozilla/5.0 (Macintosh; Intel Mac OS X 10_8_5) AppleWebKit/600.8.9 (KHTML, like Gecko) Version/6.2.8 Safari/537.85.17"
91.193.171.169 - - [13/Dec/2015:00:29:30 +0400] "GET /id90817 HTTP/1.1" 200 9358 "-" "Mozilla/5.0 (Windows NT 10.0; WOW64) AppleWebKit/537.36 (KHTML, like Gecko) Chrome/45.0.2454.99 Safari/537.36"
195.189.180.158 - - [13/Dec/2015:00:29:30 +0400] "GET /id39405 HTTP/1.1" 200 31463 "-" "Mozilla/4.0 (compatible; MSIE 8.0; Windows NT 6.0; Trident/4.0; SLCC1; .NET CLR 2.0.50727; .NET CLR 1.1.4322; .NET CLR 3.5.30729; .NET CLR 3.0.30618; OfficeLiveConnector.1.5; OfficeLivePatch.1.3; .NET4.0C; BRI/1)"
195.8.122.239 - - [13/Dec/2015:00:29:31 +0400] "GET /id24586 HTTP/1.1" 200 13704 "-" "Mozilla/5.0 (Macintosh; Intel Mac OS X 10_10_4) AppleWebKit/537.36 (KHTML, like Gecko) Chrome/45.0.2454.93 Safari/537.36"
185.66.89.10 - - [13/Dec/2015:00:29:31 +0400] "GET /id80807 HTTP/1.1" 200 23739 "-" "Mozilla/5.0 (Windows NT 10.0; WOW64) AppleWebKit/537.36 (KHTML, like Gecko) Chrome/45.0.2454.99 Safari/537.36"
91.221.250.254 - - [13/Dec/2015:00:29:31 +0400] "GET /id74345 HTTP/1.1" 200 17804 "-" "Mozilla/5.0 (Windows NT 6.3; WOW64) AppleWebKit/537.36 (KHTML, like Gecko) Chrome/35.0.1916.47 Safari/537.36"
81.248.217.131 - - [13/Dec/2015:00:29:31 +0400] "GET /id11453 HTTP/1.1" 200 23702 "-" "Mozilla/5.0; TOB 6.11 (Windows NT 6.1; WOW64; Trident/7.0; rv:11.0) like Gecko"
91.213.109.50 - - [13/Dec/2015:00:29:32 +0400] "GET /id27230 HTTP/1.1" 200 17619 "-" "Mozilla/5.0 (X11; Linux i686) AppleWebKit/537.36 (KHTML, like Gecko) Ubuntu Chromium/44.0.2403.89 Chrome/44.0.2403.89 Safari/537.36"
195.165.179.65 - - [13/Dec/2015:00:29:32 +0400] "GET /id19303 HTTP/1.1" 200 25644 "-" "Mozilla/5.0 (Windows NT 6.2; Win64; x64) AppleWebKit/537.36 (KHTML, like Gecko) Chrome/44.0.2403.157 Safari/537.36"
193.57.96.5 - - [13/Dec/2015:00:29:33 +0400] "GET /id35575 HTTP/1.1" 200 15589 "-" "Mozilla/5.0 (Windows NT 10.0; WOW64) AppleWebKit/537.36 (KHTML, like Gecko) Chrome/45.0.2454.99 Safari/537.36"
193.46.207.185 - - [13/Dec/2015:00:29:33 +0400] "GET /id61546 HTTP/1.1" 200 15770 "-" "Mozilla/5.0 (Macintosh; Intel Mac OS X 10_10_5) AppleWebKit/537.36 (KHTML, like Gecko) Chrome/45.0.2454.99 Safari/537.36"
212.96.122.162 - - [13/Dec/2015:00:29:33 +0400] "GET /id67452 HTTP/1.1" 200 14667 "-" "Mozilla/5.0 (Linux; Android 4.2.2; SM-T110 Build/JDQ39) AppleWebKit/537.36 (KHTML, like Gecko) Chrome/45.0.2454.84 Safari/537.36"
195.189.180.158 - - [13/Dec/2015:00:29:33 +0400] "GET /id90389 HTTP/1.1" 200 22712 "-" "Mozilla/4.0 (compatible; MSIE 8.0; Windows NT 6.0; Trident/4.0; SLCC1; .NET CLR 2.0.50727; .NET CLR 1.1.4322; .NET CLR 3.5.30729; .NET CLR 3.0.30618; OfficeLiveConnector.1.5; OfficeLivePatch.1.3; .NET4.0C; BRI/1)"
78.17.254.3 - - [13/Dec/2015:00:29:34 +0400] "GET /id91469 HTTP/1.1" 200 23506 "-" "Mozilla/5.0 (Macintosh; Intel Mac OS X 10_10_4) AppleWebKit/537.36 (KHTML, like Gecko) Chrome/45.0.2454.93 Safari/537.36"
195.165.179.65 - - [13/Dec/2015:00:29:34 +0400] "GET /id52187 HTTP/1.1" 200 18792 "-" "Mozilla/5.0 (Windows NT 6.2; Win64; x64) AppleWebKit/537.36 (KHTML, like Gecko) Chrome/44.0.2403.157 Safari/537.36"
212.96.122.162 - - [13/Dec/2015:00:29:34 +0400] "GET /id34935 HTTP/1.1" 200 19982 "-" "Mozilla/5.0 (Linux; Android 4.2.2; SM-T110 Build/JDQ39) AppleWebKit/537.36 (KHTML, like Gecko) Chrome/45.0.2454.84 Safari/537.36"
91.213.109.50 - - [13/Dec/2015:00:29:35 +0400] "GET /id87592 HTTP/1.1" 200 32564 "-" "Mozilla/5.0 (X11; Linux i686) AppleWebKit/537.36 (KHTML, like Gecko) Ubuntu Chromium/44.0.2403.89 Chrome/44.0.2403.89 Safari/537.36"
178.208.51.84 - - [13/Dec/2015:00:29:35 +0400] "GET /id92362 HTTP/1.1" 200 18565 "-" "Surf/0.4.1 (X11; U; Unix; en-US) AppleWebKit/531.2+ Compatible (Safari)"
193.178.185.222 - - [13/Dec/2015:00:29:35 +0400] "GET /id86609 HTTP/1.1" 200 30844 "-" "Mozilla/5.0 (Windows NT 5.1; U; de; rv:1.9.1.6) Gecko/20091201 Firefox/3.5.6 Opera 11.00"
195.137.181.236 - - [13/Dec/2015:00:29:35 +0400] "GET /id52312 HTTP/1.1" 200 15779 "-" "Mozilla/5.0 (Windows NT 6.3; WOW64) AppleWebKit/537.36 (KHTML, like Gecko) Chrome/46.0.2471.0 Safari/537.36"
81.25.201.175 - - [13/Dec/2015:00:29:36 +0400] "GET /id22372 HTTP/1.1" 200 11051 "-" "Mozilla/4.0 (compatible; MSIE 8.0; Windows NT 5.1; Trident/4.0; .NET CLR 2.0.50727; .NET CLR 3.0.4506.2152; .NET CLR 3.5.30729; OfficeLiveConnector.1.5; OfficeLivePatch.1.3; AskTbAVR-4/5.15.26.45268)"
193.57.96.5 - - [13/Dec/2015:00:29:36 +0400] "GET /id60758 HTTP/1.1" 200 24432 "-" "Mozilla/5.0 (Windows NT 10.0; WOW64) AppleWebKit/537.36 (KHTML, like Gecko) Chrome/45.0.2454.99 Safari/537.36"
213.30.132.123 - - [13/Dec/2015:00:29:36 +0400] "GET /id13736 HTTP/1.1" 200 21033 "-" "Mozilla/5.0 (Windows NT 10.0; WOW64) AppleWebKit/537.36 (KHTML, like Gecko) Chrome/45.0.2454.99 Safari/537.36"
109.234.27.108 - - [13/Dec/2015:00:29:37 +0400] "GET /id97482 HTTP/1.1" 200 12687 "-" "Mozilla/5.0 (Macintosh; Intel Mac OS X 10_10_4) AppleWebKit/537.36 (KHTML, like Gecko) Chrome/45.0.2454.93 Safari/537.36"
109.234.27.108 - - [13/Dec/2015:00:29:38 +0400] "GET /id48292 HTTP/1.1" 200 29611 "-" "Mozilla/5.0 (Macintosh; Intel Mac OS X 10_10_4) AppleWebKit/537.36 (KHTML, like Gecko) Chrome/45.0.2454.93 Safari/537.36"
89.186.224.55 - - [13/Dec/2015:00:29:38 +0400] "GET /id76059 HTTP/1.1" 200 19299 "-" "Mozilla/5.0 (Linux; Android 5.0.2; LG-D415 Build/LRX22G) AppleWebKit/537.36 (KHTML, like Gecko) Version/4.0 Chrome/34.0.1847.118 Mobile Safari/537.36"
91.210.135.88 - - [13/Dec/2015:00:29:38 +0400] "GET /id14454 HTTP/1.1" 200 12224 "-" "Mozilla/5.0 (Linux; U; Android 4.3; zh-cn; HM 1SW Build/JLS36C) AppleWebKit/537.36 (KHTML, like Gecko) Version/4.0 Mobile Safari/537.36 XiaoMi/MiuiBrowser/2.1.1"
109.235.164.207 - - [13/Dec/2015:00:29:38 +0400] "GET /id88780 HTTP/1.1" 200 23573 "-" "Mozilla/5.0 (Windows NT 5.1; U; de; rv:1.9.1.6) Gecko/20091201 Firefox/3.5.6 Opera 11.00"
46.39.59.83 - - [13/Dec/2015:00:29:39 +0400] "GET /id14279 HTTP/1.1" 200 26114 "-" "Mozilla/5.0 (Windows NT 10.0; WOW64) AppleWebKit/537.36 (KHTML, like Gecko) Chrome/45.0.2454.99 Safari/537.36"
81.237.149.115 - - [13/Dec/2015:00:29:40 +0400] "GET /id18814 HTTP/1.1" 200 18507 "-" "Mozilla/5.0 (Macintosh; Intel Mac OS X 10_8_5) AppleWebKit/600.8.9 (KHTML, like Gecko) Version/6.2.8 Safari/537.85.17"
83.219.246.107 - - [13/Dec/2015:00:29:41 +0400] "GET /id33150 HTTP/1.1" 200 20922 "-" "Opera/9.80 (Windows NT 6.1; U; es-ES) Presto/2.10.229 Version/11.60"
81.237.149.115 - - [13/Dec/2015:00:29:43 +0400] "GET /id96303 HTTP/1.1" 200 24107 "-" "Mozilla/5.0 (Macintosh; Intel Mac OS X 10_8_5) AppleWebKit/600.8.9 (KHTML, like Gecko) Version/6.2.8 Safari/537.85.17"
213.30.132.123 - - [13/Dec/2015:00:29:44 +0400] "GET /id86946 HTTP/1.1" 200 28199 "-" "Mozilla/5.0 (Windows NT 10.0; WOW64) AppleWebKit/537.36 (KHTML, like Gecko) Chrome/45.0.2454.99 Safari/537.36"
193.178.185.222 - - [13/Dec/2015:00:29:45 +0400] "GET /id53003 HTTP/1.1" 200 24672 "-" "Mozilla/5.0 (Windows NT 5.1; U; de; rv:1.9.1.6) Gecko/20091201 Firefox/3.5.6 Opera 11.00"
81.237.149.115 - - [13/Dec/2015:00:29:45 +0400] "GET /id35905 HTTP/1.1" 200 10322 "-" "Mozilla/5.0 (Macintosh; Intel Mac OS X 10_8_5) AppleWebKit/600.8.9 (KHTML, like Gecko) Version/6.2.8 Safari/537.85.17"
89.186.224.55 - - [13/Dec/2015:00:29:46 +0400] "GET /id64463 HTTP/1.1" 200 13181 "-" "Mozilla/5.0 (Linux; Android 5.0.2; LG-D415 Build/LRX22G) AppleWebKit/537.36 (KHTML, like Gecko) Version/4.0 Chrome/34.0.1847.118 Mobile Safari/537.36"
84.40.13.236 - - [13/Dec/2015:00:29:47 +0400] "GET /id67396 HTTP/1.1" 200 18534 "-" "Mozilla/5.0 (Linux; U; Android 4.4.3; de-de; KFTHWI Build/KTU84M) AppleWebKit/537.36 (KHTML, like Gecko) Silk/3.68 like Chrome/39.0.2171.93 Safari/537.36"
188.164.171.251 - - [13/Dec/2015:00:29:48 +0400] "GET /id12281 HTTP/1.1" 200 11434 "-" "Mozilla/5.0 (Windows NT 5.1) AppleWebKit/537.36 (KHTML, like Gecko) Chrome/45.0.2454.93 Safari/537.36"
206.33.34.109 - - [13/Dec/2015:00:29:49 +0400] "GET / HTTP/1.1" 200 26393 "-" "Mozilla/5.0 (Windows NT 5.1; U; de; rv:1.9.1.6) Gecko/20091201 Firefox/3.5.6 Opera 11.00"
206.33.34.109 - - [13/Dec/2015:00:29:49 +0400] "GET /favicon.ico HTTP/1.1" 404 0 "-" "Mozilla/5.0 (Windows NT 5.1; U; de; rv:1.9.1.6) Gecko/20091201 Firefox/3.5.6 Opera 11.00"
91.241.134.65 - - [13/Dec/2015:00:29:49 +0400] "GET / HTTP/1.1" 200 19934 "-" "Mozilla/5.0 (Windows NT 10.0; WOW64) AppleWebKit/537.36 (KHTML, like Gecko) Chrome/45.0.2454.99 Safari/537.36"
91.241.134.65 - - [13/Dec/2015:00:29:49 +0400] "GET /favicon.ico HTTP/1.1" 404 0 "-" "Mozilla/5.0 (Windows NT 10.0; WOW64) AppleWebKit/537.36 (KHTML, like Gecko) Chrome/45.0.2454.99 Safari/537.36"
206.33.34.109 - - [13/Dec/2015:00:29:49 +0400] "GET /id43955 HTTP/1.1" 200 28414 "-" "Mozilla/5.0 (Windows NT 5.1; U; de; rv:1.9.1.6) Gecko/20091201 Firefox/3.5.6 Opera 11.00"
193.57.96.5 - - [13/Dec/2015:00:29:51 +0400] "GET /id77249 HTTP/1.1" 200 21089 "-" "Mozilla/5.0 (Windows NT 10.0; WOW64) AppleWebKit/537.36 (KHTML, like Gecko) Chrome/45.0.2454.99 Safari/537.36"
91.224.194.35 - - [13/Dec/2015:00:29:52 +0400] "GET /id52699 HTTP/1.1" 200 17332 "-" "Mozilla/5.0 (Linux; Android 4.4.2; de-ch; SAMSUNG SM-T520 Build/KOT49H) AppleWebKit/537.36 (KHTML, like Gecko) Version/1.5 Chrome/28.0.1500.94 Safari/537.36"
193.178.185.222 - - [13/Dec/2015:00:29:53 +0400] "GET /id75082 HTTP/1.1" 200 10038 "-" "Mozilla/5.0 (Windows NT 5.1; U; de; rv:1.9.1.6) Gecko/20091201 Firefox/3.5.6 Opera 11.00"
91.208.47.181 - - [13/Dec/2015:00:29:54 +0400] "GET /id29746 HTTP/1.1" 200 19825 "-" "Mozilla/5.0 (X11; Linux i686; rv:20.0) Gecko/20100101 Firefox/20.0 SeaMonkey/2.17"
185.98.40.115 - - [13/Dec/2015:00:29:56 +0400] "GET /id90439 HTTP/1.1" 200 31726 "-" "Mozilla/5.0 (Windows NT 6.1) AppleWebKit/537.36 (KHTML, like Gecko) Chrome/45.0.2454.99 Safari/537.36"
91.228.227.58 - - [13/Dec/2015:00:29:57 +0400] "GET /id11265 HTTP/1.1" 200 12480 "-" "Mozilla/5.0 (Windows; U; Windows NT 6.0; de; rv:1.9.2.13) Gecko/20101203 Firefox/3.6.13 ImageShackToolbar/5.2.4 ( .NET CLR 3.5.30729; .NET4.0E)"
185.98.40.115 - - [13/Dec/2015:00:29:57 +0400] "GET /id69263 HTTP/1.1" 200 29181 "-" "Mozilla/5.0 (Windows NT 6.1) AppleWebKit/537.36 (KHTML, like Gecko) Chrome/45.0.2454.99 Safari/537.36"
109.234.27.108 - - [13/Dec/2015:00:29:59 +0400] "GET /id43012 HTTP/1.1" 200 27605 "-" "Mozilla/5.0 (Macintosh; Intel Mac OS X 10_10_4) AppleWebKit/537.36 (KHTML, like Gecko) Chrome/45.0.2454.93 Safari/537.36"
81.237.149.115 - - [13/Dec/2015:00:30:01 +0400] "GET /id16299 HTTP/1.1" 200 17244 "-" "Mozilla/5.0 (Macintosh; Intel Mac OS X 10_8_5) AppleWebKit/600.8.9 (KHTML, like Gecko) Version/6.2.8 Safari/537.85.17"
91.241.134.65 - - [13/Dec/2015:00:30:01 +0400] "GET /id69825 HTTP/1.1" 200 21253 "-" "Mozilla/5.0 (Windows NT 10.0; WOW64) AppleWebKit/537.36 (KHTML, like Gecko) Chrome/45.0.2454.99 Safari/537.36"
185.98.40.115 - - [13/Dec/2015:00:30:02 +0400] "GET /id44120 HTTP/1.1" 200 28162 "-" "Mozilla/5.0 (Windows NT 6.1) AppleWebKit/537.36 (KHTML, like Gecko) Chrome/45.0.2454.99 Safari/537.36"
91.224.194.35 - - [13/Dec/2015:00:30:02 +0400] "GET /id15455 HTTP/1.1" 200 26673 "-" "Mozilla/5.0 (Linux; Android 4.4.2; de-ch; SAMSUNG SM-T520 Build/KOT49H) AppleWebKit/537.36 (KHTML, like Gecko) Version/1.5 Chrome/28.0.1500.94 Safari/537.36"
185.98.40.115 - - [13/Dec/2015:00:30:03 +0400] "GET /id90216 HTTP/1.1" 200 20017 "-" "Mozilla/5.0 (Windows NT 6.1) AppleWebKit/537.36 (KHTML, like Gecko) Chrome/45.0.2454.99 Safari/537.36"
167.216.145.106 - - [13/Dec/2015:00:30:04 +0400] "GET / HTTP/1.1" 200 25290 "-" "Mozilla/5.0 (Linux; U; Android 4.4.3; de-de; KFSOWI Build/KTU84M) AppleWebKit/537.36 (KHTML, like Gecko) Silk/3.67 like Chrome/39.0.2171.93 Safari/537.36"
167.216.145.106 - - [13/Dec/2015:00:30:04 +0400] "GET /favicon.ico HTTP/1.1" 404 0 "-" "Mozilla/5.0 (Linux; U; Android 4.4.3; de-de; KFSOWI Build/KTU84M) AppleWebKit/537.36 (KHTML, like Gecko) Silk/3.67 like Chrome/39.0.2171.93 Safari/537.36"
81.234.3.254 - - [13/Dec/2015:00:30:04 +0400] "GET / HTTP/1.1" 200 18482 "-" "Mozilla/5.0 (Windows NT 6.1; WOW64; Trident/7.0; Juniper.com; rv:11.0) like Gecko"
81.234.3.254 - - [13/Dec/2015:00:30:04 +0400] "GET /favicon.ico HTTP/1.1" 404 0 "-" "Mozilla/5.0 (Windows NT 6.1; WOW64; Trident/7.0; Juniper.com; rv:11.0) like Gecko"
193.143.0.19 - - [13/Dec/2015:00:30:04 +0400] "GET / HTTP/1.1" 200 16514 "-" "Mozilla/5.0 (Windows; U; Windows NT 6.0; en-US; rv:1.9.2) Gecko/20100115 Firefox/3.6 DS_gamingharbor GTB6.5 desktopsmiley_2_3_35462428013167821_1_999 (.NET CLR 3.5.30729)"
193.143.0.19 - - [13/Dec/2015:00:30:04 +0400] "GET /favicon.ico HTTP/1.1" 404 0 "-" "Mozilla/5.0 (Windows; U; Windows NT 6.0; en-US; rv:1.9.2) Gecko/20100115 Firefox/3.6 DS_gamingharbor GTB6.5 desktopsmiley_2_3_35462428013167821_1_999 (.NET CLR 3.5.30729)"
91.213.109.50 - - [13/Dec/2015:00:30:05 +0400] "GET /id13249 HTTP/1.1" 200 16433 "-" "Mozilla/5.0 (X11; Linux i686) AppleWebKit/537.36 (KHTML, like Gecko) Ubuntu Chromium/44.0.2403.89 Chrome/44.0.2403.89 Safari/537.36"
81.234.3.254 - - [13/Dec/2015:00:30:05 +0400] "GET /id85247 HTTP/1.1" 200 12602 "-" "Mozilla/5.0 (Windows NT 6.1; WOW64; Trident/7.0; Juniper.com; rv:11.0) like Gecko"
46.39.59.83 - - [13/Dec/2015:00:30:06 +0400] "GET /id15048 HTTP/1.1" 200 30872 "-" "Mozilla/5.0 (Windows NT 10.0; WOW64) AppleWebKit/537.36 (KHTML, like Gecko) Chrome/45.0.2454.99 Safari/537.36"
81.234.3.254 - - [13/Dec/2015:00:30:06 +0400] "GET /id61990 HTTP/1.1" 200 25816 "-" "Mozilla/5.0 (Windows NT 6.1; WOW64; Trident/7.0; Juniper.com; rv:11.0) like Gecko"
91.78.111.162 - - [13/Dec/2015:00:30:06 +0400] "GET / HTTP/1.1" 200 23591 "-" "Mozilla/5.0 (Windows NT 5.1; U; de; rv:1.9.1.6) Gecko/20091201 Firefox/3.5.6 Opera 11.00"
91.78.111.162 - - [13/Dec/2015:00:30:06 +0400] "GET /favicon.ico HTTP/1.1" 404 0 "-" "Mozilla/5.0 (Windows NT 5.1; U; de; rv:1.9.1.6) Gecko/20091201 Firefox/3.5.6 Opera 11.00"
46.39.59.83 - - [13/Dec/2015:00:30:06 +0400] "GET /id31419 HTTP/1.1" 200 17140 "-" "Mozilla/5.0 (Windows NT 10.0; WOW64) AppleWebKit/537.36 (KHTML, like Gecko) Chrome/45.0.2454.99 Safari/537.36"
87.236.150.101 - - [13/Dec/2015:00:30:07 +0400] "GET / HTTP/1.1" 200 31374 "-" "Mozilla/5.0 (Windows NT 5.1; U; de; rv:1.9.1.6) Gecko/20091201 Firefox/3.5.6 Opera 11.00"
