192.162.244.133 - - [13/Dec/2015:00:44:21 +0400] "GET /id35690 HTTP/1.1" 200 30258 "-" "Mozilla/5.0 (X11; Linux i686; rv:40.0) Gecko/20100101 Firefox/40.0 Iceweasel/40.0"
193.34.164.224 - - [13/Dec/2015:00:44:21 +0400] "GET / HTTP/1.1" 200 16903 "-" "Mozilla/5.0 (Linux; Android 4.4.4; XT1031 Build/KXB21.14-L1.57) AppleWebKit/537.36 (KHTML, like Gecko) Version/4.0 Chrome/33.0.0.0 Mobile Safari/537.36"
193.34.164.224 - - [13/Dec/2015:00:44:21 +0400] "GET /favicon.ico HTTP/1.1" 404 0 "-" "Mozilla/5.0 (Linux; Android 4.4.4; XT1031 Build/KXB21.14-L1.57) AppleWebKit/537.36 (KHTML, like Gecko) Version/4.0 Chrome/33.0.0.0 Mobile Safari/537.36"
31.163.5.18 - - [13/Dec/2015:00:44:23 +0400] "GET /id13036 HTTP/1.1" 200 8560 "-" "Mozilla/5.0 (Linux; Android 5.0.2; SAMSUNG SM-T535 Build/LRX22G) AppleWebKit/537.36 (KHTML, like Gecko) SamsungBrowser/3.2 Chrome/38.0.2125.102 Safari/537.36"
212.46.231.84 - - [13/Dec/2015:00:44:23 +0400] "GET /id81570 HTTP/1.1" 200 19470 "-" "Mozilla/5.0 (Windows; U; Windows NT 6.1; en-US; rv:1.9.1.9pre) Gecko/20100306 Shiretoko/3.5.9pre (.NET CLR 3.5.30729)"
213.163.178.128 - - [13/Dec/2015:00:44:24 +0400] "GET / HTTP/1.1" 200 20703 "-" "Mozilla/5.0 (Windows NT 6.1; WOW64) AppleWebKit/537.36 (KHTML, like Gecko) Chrome/47.0.2498.0 Safari/537.36"
213.163.178.128 - - [13/Dec/2015:00:44:24 +0400] "GET /favicon.ico HTTP/1.1" 404 0 "-" "Mozilla/5.0 (Windows NT 6.1; WOW64) AppleWebKit/537.36 (KHTML, like Gecko) Chrome/47.0.2498.0 Safari/537.36"
83.137.217.32 - - [13/Dec/2015:00:44:25 +0400] "GET /id99253 HTTP/1.1" 200 17390 "-" "Mozilla/5.0 (Macintosh; Intel Mac OS X 10_10_5) AppleWebKit/537.36 (KHTML, like Gecko) Chrome/45.0.2454.99 Safari/537.36"
108.61.178.15 - - [13/Dec/2015:00:44:25 +0400] "GET /id28093 HTTP/1.1" 200 8981 "-" "Mozilla/5.0 (Windows NT 10.0; WOW64) AppleWebKit/537.36 (KHTML, like Gecko) Chrome/45.0.2454.99 Safari/537.36"
213.61.1.232 - - [13/Dec/2015:00:44:26 +0400] "GET /id38683 HTTP/1.1" 200 23817 "-" "Mozilla/5.0 (Windows NT 6.3; WOW64) AppleWebKit/537.36 (KHTML, like Gecko) Chrome/45.0.2454.99 Safari/537.36"
46.232.166.7 - - [13/Dec/2015:00:44:26 +0400] "GET /id66655 HTTP/1.1" 200 16150 "-" "Mozilla/5.0 (Linux; Android 4.2.2; SM-T110 Build/JDQ39) AppleWebKit/537.36 (KHTML, like Gecko) Chrome/45.0.2454.84 Safari/537.36"
83.137.217.32 - - [13/Dec/2015:00:44:27 +0400] "GET /id44163 HTTP/1.1" 200 26546 "-" "Mozilla/5.0 (Macintosh; Intel Mac OS X 10_10_5) AppleWebKit/537.36 (KHTML, like Gecko) Chrome/45.0.2454.99 Safari/537.36"
192.162.244.133 - - [13/Dec/2015:00:44:27 +0400] "GET /id93124 HTTP/1.1" 200 9788 "-" "Mozilla/5.0 (X11; Linux i686; rv:40.0) Gecko/20100101 Firefox/40.0 Iceweasel/40.0"
178.16.249.71 - - [13/Dec/2015:00:44:27 +0400] "GET /id37042 HTTP/1.1" 200 22128 "-" "Mozilla/4.0 (compatible; MSIE 8.0; Windows NT 6.1; Trident/4.0; SLCC2; .NET CLR 2.0.50727; .NET CLR 3.5.30729; .NET CLR 3.0.30729; Media Center PC 6.0; Tablet PC 2.0; Hotbar 11.0.175.0; .NET4.0C; .NET4.0E)"
82.112.0.69 - - [13/Dec/2015:00:44:27 +0400] "GET /id90998 HTTP/1.1" 200 8622 "-" "Mozilla/5.0 (Macintosh; Intel Mac OS X 10_8_5) AppleWebKit/537.75.14 (KHTML, like Gecko)"
23.232.218.44 - - [13/Dec/2015:00:44:27 +0400] "GET / HTTP/1.1" 200 30239 "-" "Mozilla/5.0 (Linux; Android 5.1.1; Nexus 4 Build/LMY47V) AppleWebKit/537.36 (KHTML, like Gecko) Chrome/43.0.2357.93 Mobile Safari/537.36"
23.232.218.44 - - [13/Dec/2015:00:44:27 +0400] "GET /favicon.ico HTTP/1.1" 404 0 "-" "Mozilla/5.0 (Linux; Android 5.1.1; Nexus 4 Build/LMY47V) AppleWebKit/537.36 (KHTML, like Gecko) Chrome/43.0.2357.93 Mobile Safari/537.36"
185.101.173.219 - - [13/Dec/2015:00:44:29 +0400] "GET /id73599 HTTP/1.1" 200 21808 "-" "Mozilla/5.0 (Linux; U; Android 4.1.2; de-de; SAMSUNG GT-I9305/I9305XXBLL5 Build/JZO54K) AppleWebKit/534.30 (KHTML, like Gecko) Version/4.0 Mobile Safari/534.30"
23.232.218.44 - - [13/Dec/2015:00:44:29 +0400] "GET /id18216 HTTP/1.1" 200 20767 "-" "Mozilla/5.0 (Linux; Android 5.1.1; Nexus 4 Build/LMY47V) AppleWebKit/537.36 (KHTML, like Gecko) Chrome/43.0.2357.93 Mobile Safari/537.36"
212.48.79.95 - - [13/Dec/2015:00:44:29 +0400] "GET /id86109 HTTP/1.1" 200 11930 "-" "Mozilla/4.0 (compatible; MSIE 8.0; Windows NT 5.1; Trident/4.0; GTB6.6; .NET CLR 1.1.4322; .NET CLR 2.0.50727; InfoPath.2)"
213.163.178.128 - - [13/Dec/2015:00:44:30 +0400] "GET /id12034 HTTP/1.1" 200 29068 "-" "Mozilla/5.0 (Windows NT 6.1; WOW64) AppleWebKit/537.36 (KHTML, like Gecko) Chrome/47.0.2498.0 Safari/537.36"
93.95.152.35 - - [13/Dec/2015:00:44:30 +0400] "GET /id44626 HTTP/1.1" 200 10882 "-" "Mozilla/5.0 (Windows NT 10.0; WOW64) AppleWebKit/537.36 (KHTML, like Gecko) Chrome/45.0.2454.85 Safari/537.36 OPR/32.0.1948.25"
192.121.22.218 - - [13/Dec/2015:00:44:30 +0400] "GET /id56914 HTTP/1.1" 200 17933 "-" "Mozilla/5.0 (Macintosh; Intel Mac OS X 10_10_5) AppleWebKit/537.36 (KHTML, like Gecko) Chrome/45.0.2454.99 Safari/537.36"
46.232.166.7 - - [13/Dec/2015:00:44:31 +0400] "GET /id66967 HTTP/1.1" 200 19629 "-" "Mozilla/5.0 (Linux; Android 4.2.2; SM-T110 Build/JDQ39) AppleWebKit/537.36 (KHTML, like Gecko) Chrome/45.0.2454.84 Safari/537.36"
192.162.244.133 - - [13/Dec/2015:00:44:32 +0400] "GET /id50223 HTTP/1.1" 200 13589 "-" "Mozilla/5.0 (X11; Linux i686; rv:40.0) Gecko/20100101 Firefox/40.0 Iceweasel/40.0"
83.137.217.32 - - [13/Dec/2015:00:44:33 +0400] "GET /id75472 HTTP/1.1" 200 12549 "-" "Mozilla/5.0 (Macintosh; Intel Mac OS X 10_10_5) AppleWebKit/537.36 (KHTML, like Gecko) Chrome/45.0.2454.99 Safari/537.36"
185.101.173.219 - - [13/Dec/2015:00:44:34 +0400] "GET /id58095 HTTP/1.1" 200 32355 "-" "Mozilla/5.0 (Linux; U; Android 4.1.2; de-de; SAMSUNG GT-I9305/I9305XXBLL5 Build/JZO54K) AppleWebKit/534.30 (KHTML, like Gecko) Version/4.0 Mobile Safari/534.30"
192.121.22.218 - - [13/Dec/2015:00:44:35 +0400] "GET /id81593 HTTP/1.1" 200 27719 "-" "Mozilla/5.0 (Macintosh; Intel Mac OS X 10_10_5) AppleWebKit/537.36 (KHTML, like Gecko) Chrome/45.0.2454.99 Safari/537.36"
80.231.16.175 - - [13/Dec/2015:00:44:35 +0400] "GET /id13043 HTTP/1.1" 200 15016 "-" "Mozilla/4.0 (compatible; MSIE 7.0; Windows NT 6.1; Trident/4.0; GTB6.5; SLCC2; .NET CLR 2.0.50727; .NET CLR 3.5.30729; .NET CLR 3.0.30729; Media Center PC 6.0; OfficeLiveConnector.1.5; OfficeLivePatch.1.3; .NET4.0C; .NET4.0E)"
91.199.14.218 - - [13/Dec/2015:00:44:36 +0400] "GET / HTTP/1.1" 200 32073 "-" "Mozilla/5.0 (Windows NT 10.0; WOW64) AppleWebKit/537.36 (KHTML, like Gecko) Chrome/45.0.2454.85 Safari/537.36 OPR/32.0.1948.25"
91.199.14.218 - - [13/Dec/2015:00:44:36 +0400] "GET /favicon.ico HTTP/1.1" 404 0 "-" "Mozilla/5.0 (Windows NT 10.0; WOW64) AppleWebKit/537.36 (KHTML, like Gecko) Chrome/45.0.2454.85 Safari/537.36 OPR/32.0.1948.25"
178.16.249.71 - - [13/Dec/2015:00:44:37 +0400] "GET /id51537 HTTP/1.1" 200 17483 "-" "Mozilla/4.0 (compatible; MSIE 8.0; Windows NT 6.1; Trident/4.0; SLCC2; .NET CLR 2.0.50727; .NET CLR 3.5.30729; .NET CLR 3.0.30729; Media Center PC 6.0; Tablet PC 2.0; Hotbar 11.0.175.0; .NET4.0C; .NET4.0E)"
185.101.173.219 - - [13/Dec/2015:00:44:37 +0400] "GET /id69375 HTTP/1.1" 200 17918 "-" "Mozilla/5.0 (Linux; U; Android 4.1.2; de-de; SAMSUNG GT-I9305/I9305XXBLL5 Build/JZO54K) AppleWebKit/534.30 (KHTML, like Gecko) Version/4.0 Mobile Safari/534.30"
91.199.14.218 - - [13/Dec/2015:00:44:37 +0400] "GET /id15461 HTTP/1.1" 200 20281 "-" "Mozilla/5.0 (Windows NT 10.0; WOW64) AppleWebKit/537.36 (KHTML, like Gecko) Chrome/45.0.2454.85 Safari/537.36 OPR/32.0.1948.25"
178.170.149.165 - - [13/Dec/2015:00:44:37 +0400] "GET / HTTP/1.1" 200 12978 "-" "bot"
178.170.149.165 - - [13/Dec/2015:00:44:37 +0400] "GET /favicon.ico HTTP/1.1" 404 0 "-" "bot"
185.6.81.173 - - [13/Dec/2015:00:44:37 +0400] "GET /id16381 HTTP/1.1" 200 15399 "-" "Mozilla/5.0 (Windows NT 6.3; WOW64) AppleWebKit/537.36 (KHTML, like Gecko) Chrome/45.0.2454.99 Safari/537.36"
178.16.249.71 - - [13/Dec/2015:00:44:38 +0400] "GET /id56359 HTTP/1.1" 200 21623 "-" "Mozilla/4.0 (compatible; MSIE 8.0; Windows NT 6.1; Trident/4.0; SLCC2; .NET CLR 2.0.50727; .NET CLR 3.5.30729; .NET CLR 3.0.30729; Media Center PC 6.0; Tablet PC 2.0; Hotbar 11.0.175.0; .NET4.0C; .NET4.0E)"
192.121.22.218 - - [13/Dec/2015:00:44:38 +0400] "GET /id37789 HTTP/1.1" 200 10966 "-" "Mozilla/5.0 (Macintosh; Intel Mac OS X 10_10_5) AppleWebKit/537.36 (KHTML, like Gecko) Chrome/45.0.2454.99 Safari/537.36"
212.100.135.233 - - [13/Dec/2015:00:44:38 +0400] "GET / HTTP/1.1" 200 26253 "-" "OFM search_robot .*google.*  (compatible; )"
212.100.135.233 - - [13/Dec/2015:00:44:38 +0400] "GET /favicon.ico HTTP/1.1" 404 0 "-" "OFM search_robot .*google.*  (compatible; )"
91.147.25.236 - - [13/Dec/2015:00:44:40 +0400] "GET /id53143 HTTP/1.1" 200 27747 "-" "Mozilla/5.0 (Linux; Android 5.0.2; C6903 Build/14.5.A.0.242; wv) AppleWebKit/537.36 (KHTML, like Gecko) Version/4.0 Chrome/44.0.2403.117 Mobile Safari/537.36 [FB_IAB/FB4A;FBAV/44.0.0.26.142;]"
213.163.178.128 - - [13/Dec/2015:00:44:41 +0400] "GET /id10371 HTTP/1.1" 200 10788 "-" "Mozilla/5.0 (Windows NT 6.1; WOW64) AppleWebKit/537.36 (KHTML, like Gecko) Chrome/47.0.2498.0 Safari/537.36"
178.170.149.165 - - [13/Dec/2015:00:44:41 +0400] "GET /id14109 HTTP/1.1" 200 23103 "-" "bot"
192.162.244.133 - - [13/Dec/2015:00:44:42 +0400] "GET /id13990 HTTP/1.1" 200 18510 "-" "Mozilla/5.0 (X11; Linux i686; rv:40.0) Gecko/20100101 Firefox/40.0 Iceweasel/40.0"
2.16.168.166 - - [13/Dec/2015:00:44:42 +0400] "GET /id97155 HTTP/1.1" 200 26727 "-" "Mozilla/5.0 (Windows NT 6.1; WOW64; rv:40.0) Gecko/20100101 Firefox/AF14"
158.43.180.11 - - [13/Dec/2015:00:44:43 +0400] "GET / HTTP/1.1" 200 15286 "-" "Mozilla/4.0 (compatible; MSIE 8.0; Windows NT 5.1; Trident/4.0; MRA 5.4 (build 02647); MRA 5.4 (build 02647); .NET CLR 2.0.50727; .NET CLR 3.0.04506.30; .NET CLR 3.0.4506.2152; .NET CLR 3.5.30729)"
158.43.180.11 - - [13/Dec/2015:00:44:43 +0400] "GET /favicon.ico HTTP/1.1" 404 0 "-" "Mozilla/4.0 (compatible; MSIE 8.0; Windows NT 5.1; Trident/4.0; MRA 5.4 (build 02647); MRA 5.4 (build 02647); .NET CLR 2.0.50727; .NET CLR 3.0.04506.30; .NET CLR 3.0.4506.2152; .NET CLR 3.5.30729)"
178.170.149.165 - - [13/Dec/2015:00:44:43 +0400] "GET /id74166 HTTP/1.1" 200 29645 "-" "bot"
185.6.81.173 - - [13/Dec/2015:00:44:44 +0400] "GET /id12460 HTTP/1.1" 200 31605 "-" "Mozilla/5.0 (Windows NT 6.3; WOW64) AppleWebKit/537.36 (KHTML, like Gecko) Chrome/45.0.2454.99 Safari/537.36"
80.231.16.175 - - [13/Dec/2015:00:44:45 +0400] "GET /id90602 HTTP/1.1" 200 18917 "-" "Mozilla/4.0 (compatible; MSIE 7.0; Windows NT 6.1; Trident/4.0; GTB6.5; SLCC2; .NET CLR 2.0.50727; .NET CLR 3.5.30729; .NET CLR 3.0.30729; Media Center PC 6.0; OfficeLiveConnector.1.5; OfficeLivePatch.1.3; .NET4.0C; .NET4.0E)"
62.249.156.47 - - [13/Dec/2015:00:44:46 +0400] "GET /id42079 HTTP/1.1" 200 22166 "-" "Mozilla/5.0 (Linux; U; Android 4.2.2; de-at; HYUNDAI T10 Build/JDQ39) AppleWebKit/534.30 (KHTML, like Gecko) Version/4.0 Safari/534.30"
82.112.0.69 - - [13/Dec/2015:00:44:46 +0400] "GET /id93974 HTTP/1.1" 200 22225 "-" "Mozilla/5.0 (Macintosh; Intel Mac OS X 10_8_5) AppleWebKit/537.75.14 (KHTML, like Gecko)"
62.249.156.47 - - [13/Dec/2015:00:44:46 +0400] "GET /id54733 HTTP/1.1" 200 14077 "-" "Mozilla/5.0 (Linux; U; Android 4.2.2; de-at; HYUNDAI T10 Build/JDQ39) AppleWebKit/534.30 (KHTML, like Gecko) Version/4.0 Safari/534.30"
213.254.206.144 - - [13/Dec/2015:00:44:46 +0400] "GET /id84156 HTTP/1.1" 200 9484 "-" "Opera/9.80 (Series 60; Opera Mini/7.1.32453/37.6502; U; ru) Presto/2.12.423 Version/12.16"
82.112.0.69 - - [13/Dec/2015:00:44:47 +0400] "GET /id62622 HTTP/1.1" 200 8748 "-" "Mozilla/5.0 (Macintosh; Intel Mac OS X 10_8_5) AppleWebKit/537.75.14 (KHTML, like Gecko)"
213.61.1.232 - - [13/Dec/2015:00:44:47 +0400] "GET /id12671 HTTP/1.1" 200 26564 "-" "Mozilla/5.0 (Windows NT 6.3; WOW64) AppleWebKit/537.36 (KHTML, like Gecko) Chrome/45.0.2454.99 Safari/537.36"
185.101.173.219 - - [13/Dec/2015:00:44:48 +0400] "GET /id57803 HTTP/1.1" 200 26331 "-" "Mozilla/5.0 (Linux; U; Android 4.1.2; de-de; SAMSUNG GT-I9305/I9305XXBLL5 Build/JZO54K) AppleWebKit/534.30 (KHTML, like Gecko) Version/4.0 Mobile Safari/534.30"
178.170.149.165 - - [13/Dec/2015:00:44:48 +0400] "GET /id41176 HTTP/1.1" 200 28953 "-" "bot"
185.101.173.219 - - [13/Dec/2015:00:44:49 +0400] "GET /id27531 HTTP/1.1" 200 14116 "-" "Mozilla/5.0 (Linux; U; Android 4.1.2; de-de; SAMSUNG GT-I9305/I9305XXBLL5 Build/JZO54K) AppleWebKit/534.30 (KHTML, like Gecko) Version/4.0 Mobile Safari/534.30"
82.112.0.69 - - [13/Dec/2015:00:44:49 +0400] "GET /id89194 HTTP/1.1" 200 25816 "-" "Mozilla/5.0 (Macintosh; Intel Mac OS X 10_8_5) AppleWebKit/537.75.14 (KHTML, like Gecko)"
46.46.188.233 - - [13/Dec/2015:00:44:49 +0400] "GET /id39656 HTTP/1.1" 200 10483 "-" "Mozilla/4.0 (compatible; MSIE 7.0; Windows NT 5.1; Trident/4.0; Mozilla/4.0 (compatible; MSIE 6.0; Windows NT 5.1; SV1) ; .NET CLR 1.1.4322; .NET CLR 2.0.50727; .NET CLR 3.0.4506.2152; .NET CLR 3.5.30729; InfoPath.1)"
178.16.249.71 - - [13/Dec/2015:00:44:49 +0400] "GET /id47344 HTTP/1.1" 200 27970 "-" "Mozilla/4.0 (compatible; MSIE 8.0; Windows NT 6.1; Trident/4.0; SLCC2; .NET CLR 2.0.50727; .NET CLR 3.5.30729; .NET CLR 3.0.30729; Media Center PC 6.0; Tablet PC 2.0; Hotbar 11.0.175.0; .NET4.0C; .NET4.0E)"
212.48.79.95 - - [13/Dec/2015:00:44:50 +0400] "GET /id30848 HTTP/1.1" 200 11757 "-" "Mozilla/4.0 (compatible; MSIE 8.0; Windows NT 5.1; Trident/4.0; GTB6.6; .NET CLR 1.1.4322; .NET CLR 2.0.50727; InfoPath.2)"
37.236.29.167 - - [13/Dec/2015:00:44:50 +0400] "GET /id48025 HTTP/1.1" 200 32256 "-" "Mozilla/4.0 (compatible; MSIE 8.0; Windows NT 5.1; Trident/4.0; GTB7.3; InfoPath.2; .NET CLR 1.1.4322; .NET CLR 3.0.04506.30; .NET CLR 3.0.4506.2152; .NET CLR 3.5.30729; .NET CLR 2.0.50727)"
213.254.206.144 - - [13/Dec/2015:00:44:50 +0400] "GET /id36527 HTTP/1.1" 200 24325 "-" "Opera/9.80 (Series 60; Opera Mini/7.1.32453/37.6502; U; ru) Presto/2.12.423 Version/12.16"
178.170.149.165 - - [13/Dec/2015:00:44:51 +0400] "GET /id50332 HTTP/1.1" 200 22138 "-" "bot"
185.6.81.173 - - [13/Dec/2015:00:44:51 +0400] "GET /id45975 HTTP/1.1" 200 25380 "-" "Mozilla/5.0 (Windows NT 6.3; WOW64) AppleWebKit/537.36 (KHTML, like Gecko) Chrome/45.0.2454.99 Safari/537.36"
213.61.1.232 - - [13/Dec/2015:00:44:52 +0400] "GET /id57189 HTTP/1.1" 200 9902 "-" "Mozilla/5.0 (Windows NT 6.3; WOW64) AppleWebKit/537.36 (KHTML, like Gecko) Chrome/45.0.2454.99 Safari/537.36"
83.137.217.32 - - [13/Dec/2015:00:44:52 +0400] "GET /id10071 HTTP/1.1" 200 28758 "-" "Mozilla/5.0 (Macintosh; Intel Mac OS X 10_10_5) AppleWebKit/537.36 (KHTML, like Gecko) Chrome/45.0.2454.99 Safari/537.36"
185.14.46.242 - - [13/Dec/2015:00:44:52 +0400] "GET /id55356 HTTP/1.1" 200 9602 "-" "Mozilla/4.0 (compatible; MSIE 8.0; Windows NT 6.1; WOW64; Trident/4.0; GTB7.1; SLCC2; .NET CLR 2.0.50727; .NET CLR 3.5.30729; .NET CLR 3.0.30729; Media Center PC 6.0; CPDTDF; InfoPath.2; OfficeLiveConnector.1.5; OfficeLivePatch.1.3; .NET4.0C; AskTbNRO/5.12.2.16749)"
213.61.1.232 - - [13/Dec/2015:00:44:53 +0400] "GET /id30004 HTTP/1.1" 200 11761 "-" "Mozilla/5.0 (Windows NT 6.3; WOW64) AppleWebKit/537.36 (KHTML, like Gecko) Chrome/45.0.2454.99 Safari/537.36"
91.199.14.218 - - [13/Dec/2015:00:44:53 +0400] "GET /id89832 HTTP/1.1" 200 17836 "-" "Mozilla/5.0 (Windows NT 10.0; WOW64) AppleWebKit/537.36 (KHTML, like Gecko) Chrome/45.0.2454.85 Safari/537.36 OPR/32.0.1948.25"
108.61.178.15 - - [13/Dec/2015:00:44:54 +0400] "GET /id14274 HTTP/1.1" 200 18838 "-" "Mozilla/5.0 (Windows NT 10.0; WOW64) AppleWebKit/537.36 (KHTML, like Gecko) Chrome/45.0.2454.99 Safari/537.36"
93.95.152.35 - - [13/Dec/2015:00:44:54 +0400] "GET /id18189 HTTP/1.1" 200 25900 "-" "Mozilla/5.0 (Windows NT 10.0; WOW64) AppleWebKit/537.36 (KHTML, like Gecko) Chrome/45.0.2454.85 Safari/537.36 OPR/32.0.1948.25"
14.192.58.9 - - [13/Dec/2015:00:44:56 +0400] "GET / HTTP/1.1" 200 18627 "-" "Mozilla/5.0 (Series40; Nokia311/03.81; Profile/MIDP-2.1 Configuration/CLDC-1.1) Gecko/20100401 S40OviBrowser/2.3.0.0.48"
14.192.58.9 - - [13/Dec/2015:00:44:56 +0400] "GET /favicon.ico HTTP/1.1" 404 0 "-" "Mozilla/5.0 (Series40; Nokia311/03.81; Profile/MIDP-2.1 Configuration/CLDC-1.1) Gecko/20100401 S40OviBrowser/2.3.0.0.48"
82.112.0.69 - - [13/Dec/2015:00:44:56 +0400] "GET /id39387 HTTP/1.1" 200 25872 "-" "Mozilla/5.0 (Macintosh; Intel Mac OS X 10_8_5) AppleWebKit/537.75.14 (KHTML, like Gecko)"
108.61.178.15 - - [13/Dec/2015:00:44:57 +0400] "GET /id44998 HTTP/1.1" 200 24523 "-" "Mozilla/5.0 (Windows NT 10.0; WOW64) AppleWebKit/537.36 (KHTML, like Gecko) Chrome/45.0.2454.99 Safari/537.36"
108.61.178.15 - - [13/Dec/2015:00:44:57 +0400] "GET /id78673 HTTP/1.1" 200 19359 "-" "Mozilla/5.0 (Windows NT 10.0; WOW64) AppleWebKit/537.36 (KHTML, like Gecko) Chrome/45.0.2454.99 Safari/537.36"
83.137.217.32 - - [13/Dec/2015:00:44:58 +0400] "GET /id20003 HTTP/1.1" 200 8537 "-" "Mozilla/5.0 (Macintosh; Intel Mac OS X 10_10_5) AppleWebKit/537.36 (KHTML, like Gecko) Chrome/45.0.2454.99 Safari/537.36"
5.63.5.36 - - [13/Dec/2015:00:45:00 +0400] "GET /wp-content/themes/mTheme-Unus/css/css.php?files=../../../../wp-config.php HTTP/1.1" 404 0 "-" "Mozilla/6.66"
37.236.29.167 - - [13/Dec/2015:00:45:01 +0400] "GET /id47033 HTTP/1.1" 200 25803 "-" "Mozilla/4.0 (compatible; MSIE 8.0; Windows NT 5.1; Trident/4.0; GTB7.3; InfoPath.2; .NET CLR 1.1.4322; .NET CLR 3.0.04506.30; .NET CLR 3.0.4506.2152; .NET CLR 3.5.30729; .NET CLR 2.0.50727)"
212.100.135.233 - - [13/Dec/2015:00:45:01 +0400] "GET /id35999 HTTP/1.1" 200 17189 "-" "OFM search_robot .*google.*  (compatible; )"
192.121.22.218 - - [13/Dec/2015:00:45:02 +0400] "GET /id84189 HTTP/1.1" 200 23045 "-" "Mozilla/5.0 (Macintosh; Intel Mac OS X 10_10_5) AppleWebKit/537.36 (KHTML, like Gecko) Chrome/45.0.2454.99 Safari/537.36"
185.6.81.173 - - [13/Dec/2015:00:45:03 +0400] "GET /id67568 HTTP/1.1" 200 28707 "-" "Mozilla/5.0 (Windows NT 6.3; WOW64) AppleWebKit/537.36 (KHTML, like Gecko) Chrome/45.0.2454.99 Safari/537.36"
213.61.1.232 - - [13/Dec/2015:00:45:03 +0400] "GET /id91836 HTTP/1.1" 200 13248 "-" "Mozilla/5.0 (Windows NT 6.3; WOW64) AppleWebKit/537.36 (KHTML, like Gecko) Chrome/45.0.2454.99 Safari/537.36"
185.101.173.219 - - [13/Dec/2015:00:45:04 +0400] "GET /id92589 HTTP/1.1" 200 26745 "-" "Mozilla/5.0 (Linux; U; Android 4.1.2; de-de; SAMSUNG GT-I9305/I9305XXBLL5 Build/JZO54K) AppleWebKit/534.30 (KHTML, like Gecko) Version/4.0 Mobile Safari/534.30"
83.137.217.32 - - [13/Dec/2015:00:45:04 +0400] "GET /id55349 HTTP/1.1" 200 18923 "-" "Mozilla/5.0 (Macintosh; Intel Mac OS X 10_10_5) AppleWebKit/537.36 (KHTML, like Gecko) Chrome/45.0.2454.99 Safari/537.36"
193.169.161.242 - - [13/Dec/2015:00:45:04 +0400] "GET / HTTP/1.1" 200 26261 "-" "Mozilla/5.0 (Macintosh; Intel Mac OS X 10_10_5) AppleWebKit/537.36 (KHTML, like Gecko) Chrome/45.0.2454.99 Safari/537.36"
193.169.161.242 - - [13/Dec/2015:00:45:04 +0400] "GET /favicon.ico HTTP/1.1" 404 0 "-" "Mozilla/5.0 (Macintosh; Intel Mac OS X 10_10_5) AppleWebKit/537.36 (KHTML, like Gecko) Chrome/45.0.2454.99 Safari/537.36"
188.93.223.147 - - [13/Dec/2015:00:45:04 +0400] "GET / HTTP/1.1" 200 15689 "-" "Mozilla/5.0 (Windows NT 10.0; WOW64) AppleWebKit/537.36 (KHTML, like Gecko) Chrome/45.0.2454.99 Safari/537.36"
188.93.223.147 - - [13/Dec/2015:00:45:04 +0400] "GET /favicon.ico HTTP/1.1" 404 0 "-" "Mozilla/5.0 (Windows NT 10.0; WOW64) AppleWebKit/537.36 (KHTML, like Gecko) Chrome/45.0.2454.99 Safari/537.36"
193.201.54.251 - - [13/Dec/2015:00:45:04 +0400] "GET / HTTP/1.1" 200 9128 "-" "Opera/9.80 (Series 60; Opera Mini/7.1.32453/37.6502; U; ru) Presto/2.12.423 Version/12.16"
193.201.54.251 - - [13/Dec/2015:00:45:04 +0400] "GET /favicon.ico HTTP/1.1" 404 0 "-" "Opera/9.80 (Series 60; Opera Mini/7.1.32453/37.6502; U; ru) Presto/2.12.423 Version/12.16"
90.232.124.73 - - [13/Dec/2015:00:45:04 +0400] "GET / HTTP/1.1" 200 21271 "-" "Mozilla/5.0 (Macintosh; Intel Mac OS X 10_9_4) AppleWebKit/537.36 (KHTML, like Gecko) Chrome/38.0.2125.122 Safari/537.36"
90.232.124.73 - - [13/Dec/2015:00:45:04 +0400] "GET /favicon.ico HTTP/1.1" 404 0 "-" "Mozilla/5.0 (Macintosh; Intel Mac OS X 10_9_4) AppleWebKit/537.36 (KHTML, like Gecko) Chrome/38.0.2125.122 Safari/537.36"
62.249.156.47 - - [13/Dec/2015:00:45:04 +0400] "GET /id89815 HTTP/1.1" 200 23514 "-" "Mozilla/5.0 (Linux; U; Android 4.2.2; de-at; HYUNDAI T10 Build/JDQ39) AppleWebKit/534.30 (KHTML, like Gecko) Version/4.0 Safari/534.30"
95.64.191.105 - - [13/Dec/2015:00:45:04 +0400] "GET / HTTP/1.1" 200 32192 "-" "Mozilla/4.0 (compatible; MSIE 8.0; Windows NT 6.1; WOW64; Trident/4.0; SLCC2; .NET CLR 2.0.50727; .NET CLR 3.5.30729; .NET CLR 3.0.30729; Media Center PC 6.0; MAAU; OfficeLiveConnector.1.5; OfficeLivePatch.1.3; Zune 4.0; MAAU)"
95.64.191.105 - - [13/Dec/2015:00:45:04 +0400] "GET /favicon.ico HTTP/1.1" 404 0 "-" "Mozilla/4.0 (compatible; MSIE 8.0; Windows NT 6.1; WOW64; Trident/4.0; SLCC2; .NET CLR 2.0.50727; .NET CLR 3.5.30729; .NET CLR 3.0.30729; Media Center PC 6.0; MAAU; OfficeLiveConnector.1.5; OfficeLivePatch.1.3; Zune 4.0; MAAU)"
149.126.79.68 - - [13/Dec/2015:00:45:04 +0400] "GET / HTTP/1.1" 200 28959 "-" "Mozilla/5.0 (Macintosh; Intel Mac OS X 10_10_1) AppleWebKit/537.36 (KHTML, like Gecko) Chrome/43.0.2357.65 Safari/537.36"
149.126.79.68 - - [13/Dec/2015:00:45:04 +0400] "GET /favicon.ico HTTP/1.1" 404 0 "-" "Mozilla/5.0 (Macintosh; Intel Mac OS X 10_10_1) AppleWebKit/537.36 (KHTML, like Gecko) Chrome/43.0.2357.65 Safari/537.36"
81.52.9.154 - - [13/Dec/2015:00:45:06 +0400] "GET / HTTP/1.1" 200 22569 "-" "Opera/9.50 (J2ME/MIDP; Opera Mini/4.1.11355/514; U; ru)"
81.52.9.154 - - [13/Dec/2015:00:45:06 +0400] "GET /favicon.ico HTTP/1.1" 404 0 "-" "Opera/9.50 (J2ME/MIDP; Opera Mini/4.1.11355/514; U; ru)"
176.51.160.130 - - [13/Dec/2015:00:45:06 +0400] "GET / HTTP/1.1" 200 23904 "-" "Opera/9.80 (Series 60; Opera Mini/7.6.32889/35.1145; U; en) Presto/2.8.119 Version/11.10"
176.51.160.130 - - [13/Dec/2015:00:45:06 +0400] "GET /favicon.ico HTTP/1.1" 404 0 "-" "Opera/9.80 (Series 60; Opera Mini/7.6.32889/35.1145; U; en) Presto/2.8.119 Version/11.10"
212.46.231.84 - - [13/Dec/2015:00:45:07 +0400] "GET /id27013 HTTP/1.1" 200 31837 "-" "Mozilla/5.0 (Windows; U; Windows NT 6.1; en-US; rv:1.9.1.9pre) Gecko/20100306 Shiretoko/3.5.9pre (.NET CLR 3.5.30729)"
213.61.1.232 - - [13/Dec/2015:00:45:07 +0400] "GET /id85932 HTTP/1.1" 200 22109 "-" "Mozilla/5.0 (Windows NT 6.3; WOW64) AppleWebKit/537.36 (KHTML, like Gecko) Chrome/45.0.2454.99 Safari/537.36"
193.169.161.242 - - [13/Dec/2015:00:45:07 +0400] "GET /id66060 HTTP/1.1" 200 12854 "-" "Mozilla/5.0 (Macintosh; Intel Mac OS X 10_10_5) AppleWebKit/537.36 (KHTML, like Gecko) Chrome/45.0.2454.99 Safari/537.36"
78.109.120.54 - - [13/Dec/2015:00:45:07 +0400] "GET / HTTP/1.1" 200 30094 "-" "Mozilla/5.0 (Linux; U; Android 4.3; zh-cn; HM 1SW Build/JLS36C) AppleWebKit/537.36 (KHTML, like Gecko) Version/4.0 Mobile Safari/537.36 XiaoMi/MiuiBrowser/2.1.1"
78.109.120.54 - - [13/Dec/2015:00:45:07 +0400] "GET /favicon.ico HTTP/1.1" 404 0 "-" "Mozilla/5.0 (Linux; U; Android 4.3; zh-cn; HM 1SW Build/JLS36C) AppleWebKit/537.36 (KHTML, like Gecko) Version/4.0 Mobile Safari/537.36 XiaoMi/MiuiBrowser/2.1.1"
188.93.223.147 - - [13/Dec/2015:00:45:07 +0400] "GET /id49859 HTTP/1.1" 200 30407 "-" "Mozilla/5.0 (Windows NT 10.0; WOW64) AppleWebKit/537.36 (KHTML, like Gecko) Chrome/45.0.2454.99 Safari/537.36"
108.61.178.15 - - [13/Dec/2015:00:45:07 +0400] "GET /id58942 HTTP/1.1" 200 28146 "-" "Mozilla/5.0 (Windows NT 10.0; WOW64) AppleWebKit/537.36 (KHTML, like Gecko) Chrome/45.0.2454.99 Safari/537.36"
193.108.140.75 - - [13/Dec/2015:00:45:07 +0400] "GET / HTTP/1.1" 200 17586 "-" "Mozilla/5.0 (Windows NT 10.0; WOW64) AppleWebKit/537.36 (KHTML, like Gecko) Chrome/45.0.2454.99 Safari/537.36"
193.108.140.75 - - [13/Dec/2015:00:45:07 +0400] "GET /favicon.ico HTTP/1.1" 404 0 "-" "Mozilla/5.0 (Windows NT 10.0; WOW64) AppleWebKit/537.36 (KHTML, like Gecko) Chrome/45.0.2454.99 Safari/537.36"
192.100.144.140 - - [13/Dec/2015:00:45:07 +0400] "GET / HTTP/1.1" 200 31444 "-" "Mozilla/5.0 (Windows NT 6.1) AppleWebKit/537.36 (KHTML, like Gecko) Chrome/45.0.2454.99 Safari/537.36"
192.100.144.140 - - [13/Dec/2015:00:45:07 +0400] "GET /favicon.ico HTTP/1.1" 404 0 "-" "Mozilla/5.0 (Windows NT 6.1) AppleWebKit/537.36 (KHTML, like Gecko) Chrome/45.0.2454.99 Safari/537.36"
83.137.217.32 - - [13/Dec/2015:00:45:08 +0400] "GET /id60310 HTTP/1.1" 200 24738 "-" "Mozilla/5.0 (Macintosh; Intel Mac OS X 10_10_5) AppleWebKit/537.36 (KHTML, like Gecko) Chrome/45.0.2454.99 Safari/537.36"
158.43.180.11 - - [13/Dec/2015:00:45:08 +0400] "GET /id92999 HTTP/1.1" 200 23412 "-" "Mozilla/4.0 (compatible; MSIE 8.0; Windows NT 5.1; Trident/4.0; MRA 5.4 (build 02647); MRA 5.4 (build 02647); .NET CLR 2.0.50727; .NET CLR 3.0.04506.30; .NET CLR 3.0.4506.2152; .NET CLR 3.5.30729)"
95.64.191.105 - - [13/Dec/2015:00:45:08 +0400] "GET /id15837 HTTP/1.1" 200 16209 "-" "Mozilla/4.0 (compatible; MSIE 8.0; Windows NT 6.1; WOW64; Trident/4.0; SLCC2; .NET CLR 2.0.50727; .NET CLR 3.5.30729; .NET CLR 3.0.30729; Media Center PC 6.0; MAAU; OfficeLiveConnector.1.5; OfficeLivePatch.1.3; Zune 4.0; MAAU)"
14.192.58.9 - - [13/Dec/2015:00:45:08 +0400] "GET /id38932 HTTP/1.1" 200 32385 "-" "Mozilla/5.0 (Series40; Nokia311/03.81; Profile/MIDP-2.1 Configuration/CLDC-1.1) Gecko/20100401 S40OviBrowser/2.3.0.0.48"
93.93.92.239 - - [13/Dec/2015:00:45:08 +0400] "GET / HTTP/1.1" 200 23447 "-" "Mozilla/4.0 (compatible; MSIE 8.0; Windows NT 5.1; Trident/4.0; GTB7.5; .NET CLR 2.0.50727; .NET CLR 3.0.4506.2152; CMDTDF; .NET CLR 3.5.21022; .NET CLR 3.5.30729; .NET4.0C; .NET CLR 1.1.4322)"
93.93.92.239 - - [13/Dec/2015:00:45:08 +0400] "GET /favicon.ico HTTP/1.1" 404 0 "-" "Mozilla/4.0 (compatible; MSIE 8.0; Windows NT 5.1; Trident/4.0; GTB7.5; .NET CLR 2.0.50727; .NET CLR 3.0.4506.2152; CMDTDF; .NET CLR 3.5.21022; .NET CLR 3.5.30729; .NET4.0C; .NET CLR 1.1.4322)"
188.93.223.147 - - [13/Dec/2015:00:45:09 +0400] "GET /id72540 HTTP/1.1" 200 20422 "-" "Mozilla/5.0 (Windows NT 10.0; WOW64) AppleWebKit/537.36 (KHTML, like Gecko) Chrome/45.0.2454.99 Safari/537.36"
89.149.172.183 - - [13/Dec/2015:00:45:09 +0400] "GET / HTTP/1.1" 200 10780 "-" "Mozilla/5.0 (Linux; U; Android 4.1.1; en-us; RC0817C Build/JRO03H) AppleWebKit/534.30 (KHTML, like Gecko) Version/4.0 Safari/534.30"
89.149.172.183 - - [13/Dec/2015:00:45:09 +0400] "GET /favicon.ico HTTP/1.1" 404 0 "-" "Mozilla/5.0 (Linux; U; Android 4.1.1; en-us; RC0817C Build/JRO03H) AppleWebKit/534.30 (KHTML, like Gecko) Version/4.0 Safari/534.30"
176.51.160.130 - - [13/Dec/2015:00:45:09 +0400] "GET /id64433 HTTP/1.1" 200 11972 "-" "Opera/9.80 (Series 60; Opera Mini/7.6.32889/35.1145; U; en) Presto/2.8.119 Version/11.10"
149.126.79.68 - - [13/Dec/2015:00:45:09 +0400] "GET /id85314 HTTP/1.1" 200 9626 "-" "Mozilla/5.0 (Macintosh; Intel Mac OS X 10_10_1) AppleWebKit/537.36 (KHTML, like Gecko) Chrome/43.0.2357.65 Safari/537.36"
185.13.31.39 - - [13/Dec/2015:00:45:09 +0400] "GET / HTTP/1.1" 200 27315 "-" "Mozilla/5.0 (Windows; U; Windows NT 5.1; en-US; rv:1.9.0.5) Gecko/2008120122 Firefox/3.0.5 ImageShackToolbar/5.0.0"
185.13.31.39 - - [13/Dec/2015:00:45:09 +0400] "GET /favicon.ico HTTP/1.1" 404 0 "-" "Mozilla/5.0 (Windows; U; Windows NT 5.1; en-US; rv:1.9.0.5) Gecko/2008120122 Firefox/3.0.5 ImageShackToolbar/5.0.0"
62.180.134.65 - - [13/Dec/2015:00:45:10 +0400] "GET / HTTP/1.1" 200 11139 "-" "Mozilla/4.0 (compatible; MSIE 8.0; Windows NT 6.1; Trident/4.0; SV1; SLCC2; .NET CLR 2.0.50727; .NET CLR 3.5.30729; .NET CLR 3.0.30729; Media Center PC 6.0; .NET4.0C; .NET4.0E; InfoPath.2; MS-RTC LM 8; Tablet PC 2.0)"
62.180.134.65 - - [13/Dec/2015:00:45:10 +0400] "GET /favicon.ico HTTP/1.1" 404 0 "-" "Mozilla/4.0 (compatible; MSIE 8.0; Windows NT 6.1; Trident/4.0; SV1; SLCC2; .NET CLR 2.0.50727; .NET CLR 3.5.30729; .NET CLR 3.0.30729; Media Center PC 6.0; .NET4.0C; .NET4.0E; InfoPath.2; MS-RTC LM 8; Tablet PC 2.0)"
212.100.135.233 - - [13/Dec/2015:00:45:10 +0400] "GET /id57817 HTTP/1.1" 200 11328 "-" "OFM search_robot .*google.*  (compatible; )"
90.232.124.73 - - [13/Dec/2015:00:45:10 +0400] "GET /id98314 HTTP/1.1" 200 27523 "-" "Mozilla/5.0 (Macintosh; Intel Mac OS X 10_9_4) AppleWebKit/537.36 (KHTML, like Gecko) Chrome/38.0.2125.122 Safari/537.36"
195.2.9.33 - - [13/Dec/2015:00:45:11 +0400] "GET / HTTP/1.1" 200 13620 "-" "Mozilla/5.0 (Windows NT 6.1; WOW64) AppleWebKit/537.36 (KHTML, like Gecko) Chrome/47.0.2498.0 Safari/537.36"
195.2.9.33 - - [13/Dec/2015:00:45:11 +0400] "GET /favicon.ico HTTP/1.1" 404 0 "-" "Mozilla/5.0 (Windows NT 6.1; WOW64) AppleWebKit/537.36 (KHTML, like Gecko) Chrome/47.0.2498.0 Safari/537.36"
62.249.156.47 - - [13/Dec/2015:00:45:11 +0400] "GET /id52080 HTTP/1.1" 200 24825 "-" "Mozilla/5.0 (Linux; U; Android 4.2.2; de-at; HYUNDAI T10 Build/JDQ39) AppleWebKit/534.30 (KHTML, like Gecko) Version/4.0 Safari/534.30"
176.51.160.130 - - [13/Dec/2015:00:45:11 +0400] "GET /id49588 HTTP/1.1" 200 20591 "-" "Opera/9.80 (Series 60; Opera Mini/7.6.32889/35.1145; U; en) Presto/2.8.119 Version/11.10"
94.103.236.178 - - [13/Dec/2015:00:45:11 +0400] "GET / HTTP/1.1" 200 15077 "-" "Mozilla/4.0 (compatible; MSIE 8.0; Windows NT 6.1; WOW64; Trident/4.0; GTB6.5; SLCC2; .NET CLR 2.0.50727; .NET CLR 3.5.30729; .NET CLR 3.0.30729; Media Center PC 6.0; ShopperReports 3.0.497.0; SRS_IT_E8790571B3765D513FA198)"
94.103.236.178 - - [13/Dec/2015:00:45:11 +0400] "GET /favicon.ico HTTP/1.1" 404 0 "-" "Mozilla/4.0 (compatible; MSIE 8.0; Windows NT 6.1; WOW64; Trident/4.0; GTB6.5; SLCC2; .NET CLR 2.0.50727; .NET CLR 3.5.30729; .NET CLR 3.0.30729; Media Center PC 6.0; ShopperReports 3.0.497.0; SRS_IT_E8790571B3765D513FA198)"
82.112.0.69 - - [13/Dec/2015:00:45:11 +0400] "GET /id74959 HTTP/1.1" 200 28111 "-" "Mozilla/5.0 (Macintosh; Intel Mac OS X 10_8_5) AppleWebKit/537.75.14 (KHTML, like Gecko)"
62.249.156.47 - - [13/Dec/2015:00:45:12 +0400] "GET /id37702 HTTP/1.1" 200 25241 "-" "Mozilla/5.0 (Linux; U; Android 4.2.2; de-at; HYUNDAI T10 Build/JDQ39) AppleWebKit/534.30 (KHTML, like Gecko) Version/4.0 Safari/534.30"
95.128.164.8 - - [13/Dec/2015:00:45:13 +0400] "GET / HTTP/1.1" 200 28959 "-" "Mozilla/5.0 (Linux; Android 4.4.2; Nexus 7 Build/KOT49H) AppleWebKit/537.36 (KHTML, like Gecko) Chrome/33.0.1750.136 Safari/537.36"
95.128.164.8 - - [13/Dec/2015:00:45:13 +0400] "GET /favicon.ico HTTP/1.1" 404 0 "-" "Mozilla/5.0 (Linux; Android 4.4.2; Nexus 7 Build/KOT49H) AppleWebKit/537.36 (KHTML, like Gecko) Chrome/33.0.1750.136 Safari/537.36"
193.169.161.242 - - [13/Dec/2015:00:45:13 +0400] "GET /id47657 HTTP/1.1" 200 28685 "-" "Mozilla/5.0 (Macintosh; Intel Mac OS X 10_10_5) AppleWebKit/537.36 (KHTML, like Gecko) Chrome/45.0.2454.99 Safari/537.36"
80.231.16.175 - - [13/Dec/2015:00:45:13 +0400] "GET /id29828 HTTP/1.1" 200 21010 "-" "Mozilla/4.0 (compatible; MSIE 7.0; Windows NT 6.1; Trident/4.0; GTB6.5; SLCC2; .NET CLR 2.0.50727; .NET CLR 3.5.30729; .NET CLR 3.0.30729; Media Center PC 6.0; OfficeLiveConnector.1.5; OfficeLivePatch.1.3; .NET4.0C; .NET4.0E)"
213.163.178.128 - - [13/Dec/2015:00:45:14 +0400] "GET /id36826 HTTP/1.1" 200 24826 "-" "Mozilla/5.0 (Windows NT 6.1; WOW64) AppleWebKit/537.36 (KHTML, like Gecko) Chrome/47.0.2498.0 Safari/537.36"
88.135.4.87 - - [13/Dec/2015:00:45:14 +0400] "GET / HTTP/1.1" 200 16803 "-" "Mozilla/5.0 (X11; CrOS i686 7077.95.0) AppleWebKit/537.36 (KHTML, like Gecko) Chrome/44.0.2403.90 Safari/537.36"
88.135.4.87 - - [13/Dec/2015:00:45:14 +0400] "GET /favicon.ico HTTP/1.1" 404 0 "-" "Mozilla/5.0 (X11; CrOS i686 7077.95.0) AppleWebKit/537.36 (KHTML, like Gecko) Chrome/44.0.2403.90 Safari/537.36"
158.43.180.11 - - [13/Dec/2015:00:45:15 +0400] "GET /id34542 HTTP/1.1" 200 32360 "-" "Mozilla/4.0 (compatible; MSIE 8.0; Windows NT 5.1; Trident/4.0; MRA 5.4 (build 02647); MRA 5.4 (build 02647); .NET CLR 2.0.50727; .NET CLR 3.0.04506.30; .NET CLR 3.0.4506.2152; .NET CLR 3.5.30729)"
108.61.178.15 - - [13/Dec/2015:00:45:15 +0400] "GET /id52597 HTTP/1.1" 200 20077 "-" "Mozilla/5.0 (Windows NT 10.0; WOW64) AppleWebKit/537.36 (KHTML, like Gecko) Chrome/45.0.2454.99 Safari/537.36"
192.100.144.140 - - [13/Dec/2015:00:45:15 +0400] "GET /id69424 HTTP/1.1" 200 10182 "-" "Mozilla/5.0 (Windows NT 6.1) AppleWebKit/537.36 (KHTML, like Gecko) Chrome/45.0.2454.99 Safari/537.36"
192.162.244.133 - - [13/Dec/2015:00:45:15 +0400] "GET /id25570 HTTP/1.1" 200 18834 "-" "Mozilla/5.0 (X11; Linux i686; rv:40.0) Gecko/20100101 Firefox/40.0 Iceweasel/40.0"
37.236.29.167 - - [13/Dec/2015:00:45:15 +0400] "GET /id31038 HTTP/1.1" 200 26326 "-" "Mozilla/4.0 (compatible; MSIE 8.0; Windows NT 5.1; Trident/4.0; GTB7.3; InfoPath.2; .NET CLR 1.1.4322; .NET CLR 3.0.04506.30; .NET CLR 3.0.4506.2152; .NET CLR 3.5.30729; .NET CLR 2.0.50727)"
46.46.188.233 - - [13/Dec/2015:00:45:15 +0400] "GET /id39213 HTTP/1.1" 200 31386 "-" "Mozilla/4.0 (compatible; MSIE 7.0; Windows NT 5.1; Trident/4.0; Mozilla/4.0 (compatible; MSIE 6.0; Windows NT 5.1; SV1) ; .NET CLR 1.1.4322; .NET CLR 2.0.50727; .NET CLR 3.0.4506.2152; .NET CLR 3.5.30729; InfoPath.1)"
176.51.160.130 - - [13/Dec/2015:00:45:16 +0400] "GET /id20287 HTTP/1.1" 200 29084 "-" "Opera/9.80 (Series 60; Opera Mini/7.6.32889/35.1145; U; en) Presto/2.8.119 Version/11.10"
149.126.79.68 - - [13/Dec/2015:00:45:16 +0400] "GET /id17205 HTTP/1.1" 200 31019 "-" "Mozilla/5.0 (Macintosh; Intel Mac OS X 10_10_1) AppleWebKit/537.36 (KHTML, like Gecko) Chrome/43.0.2357.65 Safari/537.36"
195.177.233.179 - - [13/Dec/2015:00:45:16 +0400] "GET / HTTP/1.1" 200 12206 "-" "Mozilla/5.0 (Linux; Android 4.4.2; de-de; SAMSUNG SM-N9005/N9005XXUGNG1 Build/KOT49H) AppleWebKit/537.36 (KHTML, like Gecko) Version/1.5 Chrome/28.0.1500.94 Mobile Safari/537.36"
195.177.233.179 - - [13/Dec/2015:00:45:16 +0400] "GET /favicon.ico HTTP/1.1" 404 0 "-" "Mozilla/5.0 (Linux; Android 4.4.2; de-de; SAMSUNG SM-N9005/N9005XXUGNG1 Build/KOT49H) AppleWebKit/537.36 (KHTML, like Gecko) Version/1.5 Chrome/28.0.1500.94 Mobile Safari/537.36"
188.93.223.147 - - [13/Dec/2015:00:45:16 +0400] "GET /id25035 HTTP/1.1" 200 21918 "-" "Mozilla/5.0 (Windows NT 10.0; WOW64) AppleWebKit/537.36 (KHTML, like Gecko) Chrome/45.0.2454.99 Safari/537.36"
94.103.236.178 - - [13/Dec/2015:00:45:17 +0400] "GET /id15964 HTTP/1.1" 200 9689 "-" "Mozilla/4.0 (compatible; MSIE 8.0; Windows NT 6.1; WOW64; Trident/4.0; GTB6.5; SLCC2; .NET CLR 2.0.50727; .NET CLR 3.5.30729; .NET CLR 3.0.30729; Media Center PC 6.0; ShopperReports 3.0.497.0; SRS_IT_E8790571B3765D513FA198)"
37.236.29.167 - - [13/Dec/2015:00:45:17 +0400] "GET /id18603 HTTP/1.1" 200 13916 "-" "Mozilla/4.0 (compatible; MSIE 8.0; Windows NT 5.1; Trident/4.0; GTB7.3; InfoPath.2; .NET CLR 1.1.4322; .NET CLR 3.0.04506.30; .NET CLR 3.0.4506.2152; .NET CLR 3.5.30729; .NET CLR 2.0.50727)"
192.100.144.140 - - [13/Dec/2015:00:45:18 +0400] "GET /id22805 HTTP/1.1" 200 17594 "-" "Mozilla/5.0 (Windows NT 6.1) AppleWebKit/537.36 (KHTML, like Gecko) Chrome/45.0.2454.99 Safari/537.36"
158.43.180.11 - - [13/Dec/2015:00:45:18 +0400] "GET /id79733 HTTP/1.1" 200 23446 "-" "Mozilla/4.0 (compatible; MSIE 8.0; Windows NT 5.1; Trident/4.0; MRA 5.4 (build 02647); MRA 5.4 (build 02647); .NET CLR 2.0.50727; .NET CLR 3.0.04506.30; .NET CLR 3.0.4506.2152; .NET CLR 3.5.30729)"
62.180.134.65 - - [13/Dec/2015:00:45:18 +0400] "GET /id86414 HTTP/1.1" 200 14264 "-" "Mozilla/4.0 (compatible; MSIE 8.0; Windows NT 6.1; Trident/4.0; SV1; SLCC2; .NET CLR 2.0.50727; .NET CLR 3.5.30729; .NET CLR 3.0.30729; Media Center PC 6.0; .NET4.0C; .NET4.0E; InfoPath.2; MS-RTC LM 8; Tablet PC 2.0)"
89.149.172.183 - - [13/Dec/2015:00:45:19 +0400] "GET /id17003 HTTP/1.1" 200 27936 "-" "Mozilla/5.0 (Linux; U; Android 4.1.1; en-us; RC0817C Build/JRO03H) AppleWebKit/534.30 (KHTML, like Gecko) Version/4.0 Safari/534.30"
178.22.1.197 - - [13/Dec/2015:00:45:19 +0400] "GET / HTTP/1.1" 200 14522 "-" "Mozilla/5.0 (Windows NT 6.1; WOW64) AppleWebKit/537.36 (KHTML, like Gecko) Chrome/33.0.1750.91 Safari/537.36"
178.22.1.197 - - [13/Dec/2015:00:45:19 +0400] "GET /favicon.ico HTTP/1.1" 404 0 "-" "Mozilla/5.0 (Windows NT 6.1; WOW64) AppleWebKit/537.36 (KHTML, like Gecko) Chrome/33.0.1750.91 Safari/537.36"
90.232.124.73 - - [13/Dec/2015:00:45:19 +0400] "GET /id76171 HTTP/1.1" 200 29889 "-" "Mozilla/5.0 (Macintosh; Intel Mac OS X 10_9_4) AppleWebKit/537.36 (KHTML, like Gecko) Chrome/38.0.2125.122 Safari/537.36"
91.216.221.5 - - [13/Dec/2015:00:45:20 +0400] "GET / HTTP/1.1" 200 20524 "-" "Mozilla/4.0 (compatible; MSIE 8.0; Windows NT 5.1; Trident/4.0; .NET CLR 2.0.50727; .NET CLR 3.5.30729; .NET CLR 3.0.4506.2152; InfoPath.1; OfficeLiveConnector.1.5; OfficeLivePatch.1.3)"
91.216.221.5 - - [13/Dec/2015:00:45:20 +0400] "GET /favicon.ico HTTP/1.1" 404 0 "-" "Mozilla/4.0 (compatible; MSIE 8.0; Windows NT 5.1; Trident/4.0; .NET CLR 2.0.50727; .NET CLR 3.5.30729; .NET CLR 3.0.4506.2152; InfoPath.1; OfficeLiveConnector.1.5; OfficeLivePatch.1.3)"
14.192.58.9 - - [13/Dec/2015:00:45:20 +0400] "GET /id76431 HTTP/1.1" 200 15120 "-" "Mozilla/5.0 (Series40; Nokia311/03.81; Profile/MIDP-2.1 Configuration/CLDC-1.1) Gecko/20100401 S40OviBrowser/2.3.0.0.48"
62.180.134.65 - - [13/Dec/2015:00:45:20 +0400] "GET /id22133 HTTP/1.1" 200 23497 "-" "Mozilla/4.0 (compatible; MSIE 8.0; Windows NT 6.1; Trident/4.0; SV1; SLCC2; .NET CLR 2.0.50727; .NET CLR 3.5.30729; .NET CLR 3.0.30729; Media Center PC 6.0; .NET4.0C; .NET4.0E; InfoPath.2; MS-RTC LM 8; Tablet PC 2.0)"
94.103.236.178 - - [13/Dec/2015:00:45:21 +0400] "GET /id21287 HTTP/1.1" 200 22537 "-" "Mozilla/4.0 (compatible; MSIE 8.0; Windows NT 6.1; WOW64; Trident/4.0; GTB6.5; SLCC2; .NET CLR 2.0.50727; .NET CLR 3.5.30729; .NET CLR 3.0.30729; Media Center PC 6.0; ShopperReports 3.0.497.0; SRS_IT_E8790571B3765D513FA198)"
185.13.31.39 - - [13/Dec/2015:00:45:21 +0400] "GET /id54125 HTTP/1.1" 200 28924 "-" "Mozilla/5.0 (Windows; U; Windows NT 5.1; en-US; rv:1.9.0.5) Gecko/2008120122 Firefox/3.0.5 ImageShackToolbar/5.0.0"
176.51.160.130 - - [13/Dec/2015:00:45:21 +0400] "GET /id34822 HTTP/1.1" 200 32670 "-" "Opera/9.80 (Series 60; Opera Mini/7.6.32889/35.1145; U; en) Presto/2.8.119 Version/11.10"
37.236.29.167 - - [13/Dec/2015:00:45:22 +0400] "GET /id80736 HTTP/1.1" 200 10529 "-" "Mozilla/4.0 (compatible; MSIE 8.0; Windows NT 5.1; Trident/4.0; GTB7.3; InfoPath.2; .NET CLR 1.1.4322; .NET CLR 3.0.04506.30; .NET CLR 3.0.4506.2152; .NET CLR 3.5.30729; .NET CLR 2.0.50727)"
185.18.4.100 - - [13/Dec/2015:00:45:22 +0400] "GET / HTTP/1.1" 200 18031 "-" "Mozilla/5.0 (iPad; CPU OS 9_0 like Mac OS X) AppleWebKit/600.1.4 (KHTML, like Gecko) CriOS/45.0.2454.89 Mobile/13A344 Safari/600.1.4"
185.18.4.100 - - [13/Dec/2015:00:45:22 +0400] "GET /favicon.ico HTTP/1.1" 404 0 "-" "Mozilla/5.0 (iPad; CPU OS 9_0 like Mac OS X) AppleWebKit/600.1.4 (KHTML, like Gecko) CriOS/45.0.2454.89 Mobile/13A344 Safari/600.1.4"
88.135.4.87 - - [13/Dec/2015:00:45:23 +0400] "GET /id82962 HTTP/1.1" 200 29523 "-" "Mozilla/5.0 (X11; CrOS i686 7077.95.0) AppleWebKit/537.36 (KHTML, like Gecko) Chrome/44.0.2403.90 Safari/537.36"
84.207.17.191 - - [13/Dec/2015:00:45:24 +0400] "GET / HTTP/1.1" 200 31557 "-" "Mozilla/4.0 (compatible; MSIE 7.0; Windows NT 5.1; Trident/4.0; FunWebProducts; GTB5; WinNT-PAI 26.09.2009; AskTB5.6)"
84.207.17.191 - - [13/Dec/2015:00:45:24 +0400] "GET /favicon.ico HTTP/1.1" 404 0 "-" "Mozilla/4.0 (compatible; MSIE 7.0; Windows NT 5.1; Trident/4.0; FunWebProducts; GTB5; WinNT-PAI 26.09.2009; AskTB5.6)"
193.169.161.242 - - [13/Dec/2015:00:45:24 +0400] "GET /id40352 HTTP/1.1" 200 29423 "-" "Mozilla/5.0 (Macintosh; Intel Mac OS X 10_10_5) AppleWebKit/537.36 (KHTML, like Gecko) Chrome/45.0.2454.99 Safari/537.36"
14.192.58.9 - - [13/Dec/2015:00:45:25 +0400] "GET /id60982 HTTP/1.1" 200 21782 "-" "Mozilla/5.0 (Series40; Nokia311/03.81; Profile/MIDP-2.1 Configuration/CLDC-1.1) Gecko/20100401 S40OviBrowser/2.3.0.0.48"
46.46.188.233 - - [13/Dec/2015:00:45:25 +0400] "GET /id58910 HTTP/1.1" 200 8986 "-" "Mozilla/4.0 (compatible; MSIE 7.0; Windows NT 5.1; Trident/4.0; Mozilla/4.0 (compatible; MSIE 6.0; Windows NT 5.1; SV1) ; .NET CLR 1.1.4322; .NET CLR 2.0.50727; .NET CLR 3.0.4506.2152; .NET CLR 3.5.30729; InfoPath.1)"
212.46.231.84 - - [13/Dec/2015:00:45:27 +0400] "GET /id28948 HTTP/1.1" 200 17757 "-" "Mozilla/5.0 (Windows; U; Windows NT 6.1; en-US; rv:1.9.1.9pre) Gecko/20100306 Shiretoko/3.5.9pre (.NET CLR 3.5.30729)"
192.121.22.218 - - [13/Dec/2015:00:45:28 +0400] "GET /id14095 HTTP/1.1" 200 13950 "-" "Mozilla/5.0 (Macintosh; Intel Mac OS X 10_10_5) AppleWebKit/537.36 (KHTML, like Gecko) Chrome/45.0.2454.99 Safari/537.36"
62.249.156.47 - - [13/Dec/2015:00:45:28 +0400] "GET /id24970 HTTP/1.1" 200 14957 "-" "Mozilla/5.0 (Linux; U; Android 4.2.2; de-at; HYUNDAI T10 Build/JDQ39) AppleWebKit/534.30 (KHTML, like Gecko) Version/4.0 Safari/534.30"
81.52.9.154 - - [13/Dec/2015:00:45:28 +0400] "GET /id11854 HTTP/1.1" 200 19617 "-" "Opera/9.50 (J2ME/MIDP; Opera Mini/4.1.11355/514; U; ru)"
185.101.173.219 - - [13/Dec/2015:00:45:28 +0400] "GET /id94885 HTTP/1.1" 200 15335 "-" "Mozilla/5.0 (Linux; U; Android 4.1.2; de-de; SAMSUNG GT-I9305/I9305XXBLL5 Build/JZO54K) AppleWebKit/534.30 (KHTML, like Gecko) Version/4.0 Mobile Safari/534.30"
84.207.17.191 - - [13/Dec/2015:00:45:28 +0400] "GET /id83453 HTTP/1.1" 200 31380 "-" "Mozilla/4.0 (compatible; MSIE 7.0; Windows NT 5.1; Trident/4.0; FunWebProducts; GTB5; WinNT-PAI 26.09.2009; AskTB5.6)"
185.14.46.242 - - [13/Dec/2015:00:45:29 +0400] "GET /id63099 HTTP/1.1" 200 15901 "-" "Mozilla/4.0 (compatible; MSIE 8.0; Windows NT 6.1; WOW64; Trident/4.0; GTB7.1; SLCC2; .NET CLR 2.0.50727; .NET CLR 3.5.30729; .NET CLR 3.0.30729; Media Center PC 6.0; CPDTDF; InfoPath.2; OfficeLiveConnector.1.5; OfficeLivePatch.1.3; .NET4.0C; AskTbNRO/5.12.2.16749)"
178.22.1.197 - - [13/Dec/2015:00:45:29 +0400] "GET /id18068 HTTP/1.1" 200 9737 "-" "Mozilla/5.0 (Windows NT 6.1; WOW64) AppleWebKit/537.36 (KHTML, like Gecko) Chrome/33.0.1750.91 Safari/537.36"
93.93.92.239 - - [13/Dec/2015:00:45:30 +0400] "GET /id63568 HTTP/1.1" 200 15499 "-" "Mozilla/4.0 (compatible; MSIE 8.0; Windows NT 5.1; Trident/4.0; GTB7.5; .NET CLR 2.0.50727; .NET CLR 3.0.4506.2152; CMDTDF; .NET CLR 3.5.21022; .NET CLR 3.5.30729; .NET4.0C; .NET CLR 1.1.4322)"
80.243.77.110 - - [13/Dec/2015:00:45:30 +0400] "GET / HTTP/1.1" 200 21057 "-" "Mozilla/5.0 (Macintosh; Intel Mac OS X 10_8_5) AppleWebKit/600.8.9 (KHTML, like Gecko) Version/6.2.8 Safari/537.85.17"
80.243.77.110 - - [13/Dec/2015:00:45:30 +0400] "GET /favicon.ico HTTP/1.1" 404 0 "-" "Mozilla/5.0 (Macintosh; Intel Mac OS X 10_8_5) AppleWebKit/600.8.9 (KHTML, like Gecko) Version/6.2.8 Safari/537.85.17"
185.101.173.219 - - [13/Dec/2015:00:45:30 +0400] "GET /id75365 HTTP/1.1" 200 8300 "-" "Mozilla/5.0 (Linux; U; Android 4.1.2; de-de; SAMSUNG GT-I9305/I9305XXBLL5 Build/JZO54K) AppleWebKit/534.30 (KHTML, like Gecko) Version/4.0 Mobile Safari/534.30"
82.112.0.69 - - [13/Dec/2015:00:45:30 +0400] "GET /id39709 HTTP/1.1" 200 8333 "-" "Mozilla/5.0 (Macintosh; Intel Mac OS X 10_8_5) AppleWebKit/537.75.14 (KHTML, like Gecko)"
185.13.31.39 - - [13/Dec/2015:00:45:31 +0400] "GET /id36773 HTTP/1.1" 200 28212 "-" "Mozilla/5.0 (Windows; U; Windows NT 5.1; en-US; rv:1.9.0.5) Gecko/2008120122 Firefox/3.0.5 ImageShackToolbar/5.0.0"
95.128.164.8 - - [13/Dec/2015:00:45:31 +0400] "GET /id15237 HTTP/1.1" 200 11281 "-" "Mozilla/5.0 (Linux; Android 4.4.2; Nexus 7 Build/KOT49H) AppleWebKit/537.36 (KHTML, like Gecko) Chrome/33.0.1750.136 Safari/537.36"
84.207.17.191 - - [13/Dec/2015:00:45:32 +0400] "GET /id22877 HTTP/1.1" 200 24882 "-" "Mozilla/4.0 (compatible; MSIE 7.0; Windows NT 5.1; Trident/4.0; FunWebProducts; GTB5; WinNT-PAI 26.09.2009; AskTB5.6)"
81.52.9.154 - - [13/Dec/2015:00:45:32 +0400] "GET /id16917 HTTP/1.1" 200 28478 "-" "Opera/9.50 (J2ME/MIDP; Opera Mini/4.1.11355/514; U; ru)"
92.93.22.110 - - [13/Dec/2015:00:45:32 +0400] "GET /id45958 HTTP/1.1" 200 26231 "-" "Mozilla/4.0 (compatible; MSIE 8.0; Windows NT 6.1; WOW64; Trident/4.0; GTB6.6; SLCC2; .NET CLR 2.0.50727; .NET CLR 3.5.30729; .NET CLR 3.0.30729; Media Center PC 6.0; BRI/2; .NET4.0C)"
46.46.188.233 - - [13/Dec/2015:00:45:32 +0400] "GET /id47980 HTTP/1.1" 200 20974 "-" "Mozilla/4.0 (compatible; MSIE 7.0; Windows NT 5.1; Trident/4.0; Mozilla/4.0 (compatible; MSIE 6.0; Windows NT 5.1; SV1) ; .NET CLR 1.1.4322; .NET CLR 2.0.50727; .NET CLR 3.0.4506.2152; .NET CLR 3.5.30729; InfoPath.1)"
185.13.31.39 - - [13/Dec/2015:00:45:33 +0400] "GET /id21145 HTTP/1.1" 200 20539 "-" "Mozilla/5.0 (Windows; U; Windows NT 5.1; en-US; rv:1.9.0.5) Gecko/2008120122 Firefox/3.0.5 ImageShackToolbar/5.0.0"
158.43.180.11 - - [13/Dec/2015:00:45:34 +0400] "GET /id96837 HTTP/1.1" 200 31587 "-" "Mozilla/4.0 (compatible; MSIE 8.0; Windows NT 5.1; Trident/4.0; MRA 5.4 (build 02647); MRA 5.4 (build 02647); .NET CLR 2.0.50727; .NET CLR 3.0.04506.30; .NET CLR 3.0.4506.2152; .NET CLR 3.5.30729)"
178.16.249.71 - - [13/Dec/2015:00:45:34 +0400] "GET /id77365 HTTP/1.1" 200 11724 "-" "Mozilla/4.0 (compatible; MSIE 8.0; Windows NT 6.1; Trident/4.0; SLCC2; .NET CLR 2.0.50727; .NET CLR 3.5.30729; .NET CLR 3.0.30729; Media Center PC 6.0; Tablet PC 2.0; Hotbar 11.0.175.0; .NET4.0C; .NET4.0E)"
78.109.120.54 - - [13/Dec/2015:00:45:35 +0400] "GET /id55820 HTTP/1.1" 200 14603 "-" "Mozilla/5.0 (Linux; U; Android 4.3; zh-cn; HM 1SW Build/JLS36C) AppleWebKit/537.36 (KHTML, like Gecko) Version/4.0 Mobile Safari/537.36 XiaoMi/MiuiBrowser/2.1.1"
93.182.201.102 - - [13/Dec/2015:00:45:36 +0400] "GET / HTTP/1.1" 200 10649 "-" "Mozilla/5.0 (Macintosh; Intel Mac OS X 10_10_2) AppleWebKit/537.36 (KHTML, like Gecko) Chrome/44.0.2403.155 Safari/537.36"
93.182.201.102 - - [13/Dec/2015:00:45:36 +0400] "GET /favicon.ico HTTP/1.1" 404 0 "-" "Mozilla/5.0 (Macintosh; Intel Mac OS X 10_10_2) AppleWebKit/537.36 (KHTML, like Gecko) Chrome/44.0.2403.155 Safari/537.36"
185.14.46.242 - - [13/Dec/2015:00:45:36 +0400] "GET /id26635 HTTP/1.1" 200 27395 "-" "Mozilla/4.0 (compatible; MSIE 8.0; Windows NT 6.1; WOW64; Trident/4.0; GTB7.1; SLCC2; .NET CLR 2.0.50727; .NET CLR 3.5.30729; .NET CLR 3.0.30729; Media Center PC 6.0; CPDTDF; InfoPath.2; OfficeLiveConnector.1.5; OfficeLivePatch.1.3; .NET4.0C; AskTbNRO/5.12.2.16749)"
81.52.9.154 - - [13/Dec/2015:00:45:36 +0400] "GET /id34230 HTTP/1.1" 200 13350 "-" "Opera/9.50 (J2ME/MIDP; Opera Mini/4.1.11355/514; U; ru)"
46.46.188.233 - - [13/Dec/2015:00:45:37 +0400] "GET /id96167 HTTP/1.1" 200 17139 "-" "Mozilla/4.0 (compatible; MSIE 7.0; Windows NT 5.1; Trident/4.0; Mozilla/4.0 (compatible; MSIE 6.0; Windows NT 5.1; SV1) ; .NET CLR 1.1.4322; .NET CLR 2.0.50727; .NET CLR 3.0.4506.2152; .NET CLR 3.5.30729; InfoPath.1)"
2.248.212.106 - - [13/Dec/2015:00:45:37 +0400] "GET / HTTP/1.1" 200 23997 "-" "Mozilla/5.0 (X11; Linux x86_64; rv:42.0) Gecko/20100101 Firefox/42.0"
2.248.212.106 - - [13/Dec/2015:00:45:37 +0400] "GET /favicon.ico HTTP/1.1" 404 0 "-" "Mozilla/5.0 (X11; Linux x86_64; rv:42.0) Gecko/20100101 Firefox/42.0"
80.231.16.175 - - [13/Dec/2015:00:45:40 +0400] "GET /id56635 HTTP/1.1" 200 9106 "-" "Mozilla/4.0 (compatible; MSIE 7.0; Windows NT 6.1; Trident/4.0; GTB6.5; SLCC2; .NET CLR 2.0.50727; .NET CLR 3.5.30729; .NET CLR 3.0.30729; Media Center PC 6.0; OfficeLiveConnector.1.5; OfficeLivePatch.1.3; .NET4.0C; .NET4.0E)"
14.192.58.9 - - [13/Dec/2015:00:45:40 +0400] "GET /id97625 HTTP/1.1" 200 30301 "-" "Mozilla/5.0 (Series40; Nokia311/03.81; Profile/MIDP-2.1 Configuration/CLDC-1.1) Gecko/20100401 S40OviBrowser/2.3.0.0.48"
46.46.188.233 - - [13/Dec/2015:00:45:40 +0400] "GET /id98967 HTTP/1.1" 200 13762 "-" "Mozilla/4.0 (compatible; MSIE 7.0; Windows NT 5.1; Trident/4.0; Mozilla/4.0 (compatible; MSIE 6.0; Windows NT 5.1; SV1) ; .NET CLR 1.1.4322; .NET CLR 2.0.50727; .NET CLR 3.0.4506.2152; .NET CLR 3.5.30729; InfoPath.1)"
185.13.31.39 - - [13/Dec/2015:00:45:41 +0400] "GET /id95367 HTTP/1.1" 200 17488 "-" "Mozilla/5.0 (Windows; U; Windows NT 5.1; en-US; rv:1.9.0.5) Gecko/2008120122 Firefox/3.0.5 ImageShackToolbar/5.0.0"
188.93.223.147 - - [13/Dec/2015:00:45:42 +0400] "GET /id52339 HTTP/1.1" 200 24563 "-" "Mozilla/5.0 (Windows NT 10.0; WOW64) AppleWebKit/537.36 (KHTML, like Gecko) Chrome/45.0.2454.99 Safari/537.36"
83.137.217.32 - - [13/Dec/2015:00:45:42 +0400] "GET /id46724 HTTP/1.1" 200 25650 "-" "Mozilla/5.0 (Macintosh; Intel Mac OS X 10_10_5) AppleWebKit/537.36 (KHTML, like Gecko) Chrome/45.0.2454.99 Safari/537.36"
2.16.168.166 - - [13/Dec/2015:00:45:42 +0400] "GET /id42008 HTTP/1.1" 200 16731 "-" "Mozilla/5.0 (Windows NT 6.1; WOW64; rv:40.0) Gecko/20100101 Firefox/AF14"
212.100.135.233 - - [13/Dec/2015:00:45:43 +0400] "GET /id20230 HTTP/1.1" 200 10275 "-" "OFM search_robot .*google.*  (compatible; )"
158.43.180.11 - - [13/Dec/2015:00:45:43 +0400] "GET /id40721 HTTP/1.1" 200 17942 "-" "Mozilla/4.0 (compatible; MSIE 8.0; Windows NT 5.1; Trident/4.0; MRA 5.4 (build 02647); MRA 5.4 (build 02647); .NET CLR 2.0.50727; .NET CLR 3.0.04506.30; .NET CLR 3.0.4506.2152; .NET CLR 3.5.30729)"
78.109.120.54 - - [13/Dec/2015:00:45:45 +0400] "GET /id38317 HTTP/1.1" 200 28869 "-" "Mozilla/5.0 (Linux; U; Android 4.3; zh-cn; HM 1SW Build/JLS36C) AppleWebKit/537.36 (KHTML, like Gecko) Version/4.0 Mobile Safari/537.36 XiaoMi/MiuiBrowser/2.1.1"
78.109.120.54 - - [13/Dec/2015:00:45:45 +0400] "GET /id49899 HTTP/1.1" 200 11618 "-" "Mozilla/5.0 (Linux; U; Android 4.3; zh-cn; HM 1SW Build/JLS36C) AppleWebKit/537.36 (KHTML, like Gecko) Version/4.0 Mobile Safari/537.36 XiaoMi/MiuiBrowser/2.1.1"
212.46.231.84 - - [13/Dec/2015:00:45:45 +0400] "GET /id42957 HTTP/1.1" 200 19715 "-" "Mozilla/5.0 (Windows; U; Windows NT 6.1; en-US; rv:1.9.1.9pre) Gecko/20100306 Shiretoko/3.5.9pre (.NET CLR 3.5.30729)"
2.248.212.106 - - [13/Dec/2015:00:45:45 +0400] "GET /id25203 HTTP/1.1" 200 31710 "-" "Mozilla/5.0 (X11; Linux x86_64; rv:42.0) Gecko/20100101 Firefox/42.0"
178.22.1.197 - - [13/Dec/2015:00:45:45 +0400] "GET /id87012 HTTP/1.1" 200 17113 "-" "Mozilla/5.0 (Windows NT 6.1; WOW64) AppleWebKit/537.36 (KHTML, like Gecko) Chrome/33.0.1750.91 Safari/537.36"
88.135.4.87 - - [13/Dec/2015:00:45:45 +0400] "GET /id77203 HTTP/1.1" 200 18005 "-" "Mozilla/5.0 (X11; CrOS i686 7077.95.0) AppleWebKit/537.36 (KHTML, like Gecko) Chrome/44.0.2403.90 Safari/537.36"
