91.197.98.129 - - [11/Dec/2015:00:06:08 +0400] "GET /favicon.ico HTTP/1.1" 404 0 "-" "Mozilla/5.0 (Windows NT 5.1; U; de; rv:1.9.1.6) Gecko/20091201 Firefox/3.5.6 Opera 11.00"
37.205.91.30 - - [11/Dec/2015:00:06:08 +0400] "GET /id76254 HTTP/1.1" 200 17268 "-" "Mozilla/5.0 (Windows NT 10.0; WOW64) AppleWebKit/537.36 (KHTML, like Gecko) Chrome/45.0.2454.99 Safari/537.36"
5.101.155.82 - - [11/Dec/2015:00:06:08 +0400] "GET / HTTP/1.1" 200 14095 "-" "Mozilla/5.0 (Linux; Android 4.4.2; SM-P600 Build/KOT49H) AppleWebKit/537.36 (KHTML, like Gecko) Chrome/40.0.2214.89 Safari/537.36"
5.101.155.82 - - [11/Dec/2015:00:06:08 +0400] "GET /favicon.ico HTTP/1.1" 404 0 "-" "Mozilla/5.0 (Linux; Android 4.4.2; SM-P600 Build/KOT49H) AppleWebKit/537.36 (KHTML, like Gecko) Chrome/40.0.2214.89 Safari/537.36"
212.0.83.165 - - [11/Dec/2015:00:06:10 +0400] "GET /id14543 HTTP/1.1" 200 11070 "-" "Mozilla/5.0 (SymbianOS/9.2; U; Series60/3.1 NokiaE66-1/400.21.013; Profile/MIDP-2.0 Configuration/CLDC-1.1 ) AppleWebKit/413 (KHTML, like Gecko) Safari/413"
194.110.217.55 - - [11/Dec/2015:00:06:10 +0400] "GET /id40530 HTTP/1.1" 200 11393 "-" "Mozilla/5.0 (Windows NT 5.1) AppleWebKit/537.36 (KHTML, like Gecko) Chrome/45.0.2454.93 Safari/537.36"
88.202.15.131 - - [11/Dec/2015:00:06:10 +0400] "GET / HTTP/1.1" 200 19524 "-" "Mozilla/4.0 (compatible; MSIE 8.0; Windows NT 5.1; Trident/4.0; .NET CLR 2.0.50727; InfoPath.2; .NET CLR 3.0.04506.30; .NET CLR 3.0.04506.648; .NET CLR 1.1.4322; .NET CLR 3.0.4506.2152; .NET CLR 3.5.30729)"
88.202.15.131 - - [11/Dec/2015:00:06:10 +0400] "GET /favicon.ico HTTP/1.1" 404 0 "-" "Mozilla/4.0 (compatible; MSIE 8.0; Windows NT 5.1; Trident/4.0; .NET CLR 2.0.50727; InfoPath.2; .NET CLR 3.0.04506.30; .NET CLR 3.0.04506.648; .NET CLR 1.1.4322; .NET CLR 3.0.4506.2152; .NET CLR 3.5.30729)"
91.212.57.243 - - [11/Dec/2015:00:06:10 +0400] "GET /id54002 HTTP/1.1" 200 14520 "-" "Mozilla/5.0 (Macintosh; Intel Mac OS X 10_8_2) AppleWebKit/537.36 (KHTML, like Gecko) Chrome/45.0.2454.85 Safari/537.36"
77.74.241.128 - - [11/Dec/2015:00:06:10 +0400] "GET / HTTP/1.1" 200 32328 "-" "Mozilla/5.0 (Windows; U; Windows NT 6.1; pt-PT; rv:1.9.2.18) Gecko/20110614 Firefox/3.6.18 ;ShopperReports"
77.74.241.128 - - [11/Dec/2015:00:06:10 +0400] "GET /favicon.ico HTTP/1.1" 404 0 "-" "Mozilla/5.0 (Windows; U; Windows NT 6.1; pt-PT; rv:1.9.2.18) Gecko/20110614 Firefox/3.6.18 ;ShopperReports"
208.161.240.70 - - [11/Dec/2015:00:06:11 +0400] "GET /id26387 HTTP/1.1" 200 32241 "-" "Mozilla/5.0 (Windows NT 6.1; WOW64; Trident/7.0; tb-webde/2.6.3; rv:11.0) like Gecko"
185.12.87.99 - - [11/Dec/2015:00:06:11 +0400] "GET / HTTP/1.1" 200 32720 "-" "Mozilla/5.0 (Linux; Android 4.2.2; CONNECT8PLUS Build/JDQ39) AppleWebKit/537.36 (KHTML, like Gecko) Chrome/45.0.2454.84 Safari/537.36"
185.12.87.99 - - [11/Dec/2015:00:06:11 +0400] "GET /favicon.ico HTTP/1.1" 404 0 "-" "Mozilla/5.0 (Linux; Android 4.2.2; CONNECT8PLUS Build/JDQ39) AppleWebKit/537.36 (KHTML, like Gecko) Chrome/45.0.2454.84 Safari/537.36"
91.209.17.189 - - [11/Dec/2015:00:06:11 +0400] "GET / HTTP/1.1" 200 12506 "-" "Mozilla/5.0 (Macintosh; Intel Mac OS X 10_7_5) AppleWebKit/537.36 (KHTML, like Gecko) Chrome/34.0.1847.137 Safari/537.36"
91.209.17.189 - - [11/Dec/2015:00:06:11 +0400] "GET /favicon.ico HTTP/1.1" 404 0 "-" "Mozilla/5.0 (Macintosh; Intel Mac OS X 10_7_5) AppleWebKit/537.36 (KHTML, like Gecko) Chrome/34.0.1847.137 Safari/537.36"
195.89.17.75 - - [11/Dec/2015:00:06:11 +0400] "GET /id87770 HTTP/1.1" 200 11082 "-" "Mozilla/5.0 (Macintosh; Intel Mac OS X 10_10_5) AppleWebKit/537.36 (KHTML, like Gecko) Chrome/45.0.2454.99 Safari/537.36"
185.81.67.251 - - [11/Dec/2015:00:06:12 +0400] "GET /id20702 HTTP/1.1" 200 27519 "-" "Mozilla/5.0 (X11; Linux i686; rv:25.7) Gecko/20150820 Firefox/31.9 PaleMoon/25.7.0"
94.208.243.249 - - [11/Dec/2015:00:06:12 +0400] "GET /id24227 HTTP/1.1" 200 24846 "-" "Mozilla/5.0 (Windows NT 10.0; WOW64) AppleWebKit/537.36 (KHTML, like Gecko) Chrome/45.0.2454.99 Safari/537.36"
80.93.110.104 - - [11/Dec/2015:00:06:14 +0400] "GET /id45060 HTTP/1.1" 200 26191 "-" "Mozilla/4.0 (compatible; MSIE 8.0; Windows NT 6.1; WOW64; Trident/4.0; GTB6.3; EasyBits GO v1.0; SLCC2; .NET CLR 2.0.50727; .NET CLR 3.5.30729; .NET CLR 3.0.30729; Media Center PC 6.0; eSobiSubscriber 2.0.4.16; OfficeLiveConnector.1.3; OfficeLivePatch.0.0; .NET4.0C)"
212.113.242.102 - - [11/Dec/2015:00:06:14 +0400] "GET / HTTP/1.1" 200 28046 "-" "Mozilla/5.0 (Linux; U; Android 4.2.2; en-us; Lenovo A316i Build/JDQ39) AppleWebKit/534.30 (KHTML, like Gecko) Version/4.0 Mobile Safari/534.30 ACHEETAHI/2100502010"
212.113.242.102 - - [11/Dec/2015:00:06:14 +0400] "GET /favicon.ico HTTP/1.1" 404 0 "-" "Mozilla/5.0 (Linux; U; Android 4.2.2; en-us; Lenovo A316i Build/JDQ39) AppleWebKit/534.30 (KHTML, like Gecko) Version/4.0 Mobile Safari/534.30 ACHEETAHI/2100502010"
23.49.52.208 - - [11/Dec/2015:00:06:14 +0400] "GET / HTTP/1.1" 200 30925 "-" "Mozilla/5.0 (Windows NT 10.0; WOW64) AppleWebKit/537.36 (KHTML, like Gecko) Chrome/45.0.2454.99 Safari/537.36"
23.49.52.208 - - [11/Dec/2015:00:06:14 +0400] "GET /favicon.ico HTTP/1.1" 404 0 "-" "Mozilla/5.0 (Windows NT 10.0; WOW64) AppleWebKit/537.36 (KHTML, like Gecko) Chrome/45.0.2454.99 Safari/537.36"
46.31.160.101 - - [11/Dec/2015:00:06:14 +0400] "GET / HTTP/1.1" 200 9791 "-" "Mozilla/5.0 (Windows NT 6.2; Win64; x64) AppleWebKit/537.36 (KHTML, like Gecko) Chrome/44.0.2403.157 Safari/537.36"
46.31.160.101 - - [11/Dec/2015:00:06:14 +0400] "GET /favicon.ico HTTP/1.1" 404 0 "-" "Mozilla/5.0 (Windows NT 6.2; Win64; x64) AppleWebKit/537.36 (KHTML, like Gecko) Chrome/44.0.2403.157 Safari/537.36"
90.248.118.58 - - [11/Dec/2015:00:06:14 +0400] "GET / HTTP/1.1" 200 28007 "-" "Mozilla/5.0 (Macintosh; Intel Mac OS X 10_10_2) AppleWebKit/537.36 (KHTML, like Gecko) Chrome/44.0.2403.155 Safari/537.36"
90.248.118.58 - - [11/Dec/2015:00:06:14 +0400] "GET /favicon.ico HTTP/1.1" 404 0 "-" "Mozilla/5.0 (Macintosh; Intel Mac OS X 10_10_2) AppleWebKit/537.36 (KHTML, like Gecko) Chrome/44.0.2403.155 Safari/537.36"
77.74.241.128 - - [11/Dec/2015:00:06:14 +0400] "GET /id85349 HTTP/1.1" 200 27002 "-" "Mozilla/5.0 (Windows; U; Windows NT 6.1; pt-PT; rv:1.9.2.18) Gecko/20110614 Firefox/3.6.18 ;ShopperReports"
194.110.217.55 - - [11/Dec/2015:00:06:14 +0400] "GET /id29854 HTTP/1.1" 200 31095 "-" "Mozilla/5.0 (Windows NT 5.1) AppleWebKit/537.36 (KHTML, like Gecko) Chrome/45.0.2454.93 Safari/537.36"
5.101.155.82 - - [11/Dec/2015:00:06:15 +0400] "GET /id35409 HTTP/1.1" 200 27475 "-" "Mozilla/5.0 (Linux; Android 4.4.2; SM-P600 Build/KOT49H) AppleWebKit/537.36 (KHTML, like Gecko) Chrome/40.0.2214.89 Safari/537.36"
193.203.125.171 - - [11/Dec/2015:00:06:15 +0400] "GET / HTTP/1.1" 200 18642 "-" "Mozilla/5.0 (Windows NT 6.3; Win64; x64) AppleWebKit/537.36 (KHTML, like Gecko) Chrome/47.0.2508.0 Safari/537.36"
193.203.125.171 - - [11/Dec/2015:00:06:15 +0400] "GET /favicon.ico HTTP/1.1" 404 0 "-" "Mozilla/5.0 (Windows NT 6.3; Win64; x64) AppleWebKit/537.36 (KHTML, like Gecko) Chrome/47.0.2508.0 Safari/537.36"
194.150.143.115 - - [11/Dec/2015:00:06:15 +0400] "GET / HTTP/1.1" 200 12748 "-" "Mozilla/5.0 (Windows NT 6.1; WOW64; rv:31.3) Gecko/20100101 Firefox/31.3"
194.150.143.115 - - [11/Dec/2015:00:06:15 +0400] "GET /favicon.ico HTTP/1.1" 404 0 "-" "Mozilla/5.0 (Windows NT 6.1; WOW64; rv:31.3) Gecko/20100101 Firefox/31.3"
95.100.229.225 - - [11/Dec/2015:00:06:15 +0400] "GET /id97548 HTTP/1.1" 200 22023 "-" "Mozilla/5.0 (Linux; U; Android 4.2.2; en-us; Lenovo A316i Build/JDQ39) AppleWebKit/534.30 (KHTML, like Gecko) Version/4.0 Mobile Safari/534.30 ACHEETAHI/2100502010"
185.69.220.51 - - [11/Dec/2015:00:06:15 +0400] "GET / HTTP/1.1" 200 26477 "-" "Mozilla/5.0 (X11; Linux i686; rv:15.0) Gecko/20120909 Firefox/15.0.1 SeaMonkey/2.12.1"
185.69.220.51 - - [11/Dec/2015:00:06:15 +0400] "GET /favicon.ico HTTP/1.1" 404 0 "-" "Mozilla/5.0 (X11; Linux i686; rv:15.0) Gecko/20120909 Firefox/15.0.1 SeaMonkey/2.12.1"
91.193.58.76 - - [11/Dec/2015:00:06:16 +0400] "GET /id41424 HTTP/1.1" 200 27619 "-" "Mozilla/5.0 (Windows NT 10.0; WOW64) AppleWebKit/537.36 (KHTML, like Gecko) Chrome/45.0.2454.99 Safari/537.36"
188.164.17.198 - - [11/Dec/2015:00:06:17 +0400] "GET /Web_Store/web_store.cgi HTTP/1.1" 404 0 "-" "Mozilla/6.66"
185.84.21.146 - - [11/Dec/2015:00:06:17 +0400] "GET /id94819 HTTP/1.1" 200 20426 "-" "Mozilla/4.0 (compatible; MSIE 7.0; Windows NT 5.1; Trident/4.0; SearchToolbar 1.2; InfoPath.1; .NET CLR 1.1.4322; .NET CLR 2.0.50727; .NET CLR 3.0.04506.30; .NET CLR 3.0.4506.2152; .NET CLR 3.5.30729)"
185.12.87.99 - - [11/Dec/2015:00:06:17 +0400] "GET /id23872 HTTP/1.1" 200 21440 "-" "Mozilla/5.0 (Linux; Android 4.2.2; CONNECT8PLUS Build/JDQ39) AppleWebKit/537.36 (KHTML, like Gecko) Chrome/45.0.2454.84 Safari/537.36"
195.213.96.68 - - [11/Dec/2015:00:06:18 +0400] "GET /id62766 HTTP/1.1" 200 17592 "-" "Mozilla/5.0 (Windows NT 5.1; U; de; rv:1.9.1.6) Gecko/20091201 Firefox/3.5.6 Opera 11.00"
195.213.96.68 - - [11/Dec/2015:00:06:18 +0400] "GET /id80369 HTTP/1.1" 200 25726 "-" "Mozilla/5.0 (Windows NT 5.1; U; de; rv:1.9.1.6) Gecko/20091201 Firefox/3.5.6 Opera 11.00"
109.62.142.38 - - [11/Dec/2015:00:06:18 +0400] "GET /id21949 HTTP/1.1" 200 9930 "-" "Mozilla/5.0 (Macintosh; Intel Mac OS X 10_10_5) AppleWebKit/601.1.56 (KHTML, like Gecko) Version/9.0 Safari/601.1.56"
84.40.60.182 - - [11/Dec/2015:00:06:18 +0400] "GET / HTTP/1.1" 200 18436 "-" "Mozilla/5.0 (Windows NT 6.1) AppleWebKit/537.36 (KHTML, like Gecko) Chrome/45.0.2454.99 Safari/537.36"
84.40.60.182 - - [11/Dec/2015:00:06:18 +0400] "GET /favicon.ico HTTP/1.1" 404 0 "-" "Mozilla/5.0 (Windows NT 6.1) AppleWebKit/537.36 (KHTML, like Gecko) Chrome/45.0.2454.99 Safari/537.36"
109.62.142.38 - - [11/Dec/2015:00:06:18 +0400] "GET /id86572 HTTP/1.1" 200 16105 "-" "Mozilla/5.0 (Macintosh; Intel Mac OS X 10_10_5) AppleWebKit/601.1.56 (KHTML, like Gecko) Version/9.0 Safari/601.1.56"
5.101.155.82 - - [11/Dec/2015:00:06:18 +0400] "GET /id19603 HTTP/1.1" 200 19708 "-" "Mozilla/5.0 (Linux; Android 4.4.2; SM-P600 Build/KOT49H) AppleWebKit/537.36 (KHTML, like Gecko) Chrome/40.0.2214.89 Safari/537.36"
80.93.110.104 - - [11/Dec/2015:00:06:19 +0400] "GET /id35811 HTTP/1.1" 200 27029 "-" "Mozilla/4.0 (compatible; MSIE 8.0; Windows NT 6.1; WOW64; Trident/4.0; GTB6.3; EasyBits GO v1.0; SLCC2; .NET CLR 2.0.50727; .NET CLR 3.5.30729; .NET CLR 3.0.30729; Media Center PC 6.0; eSobiSubscriber 2.0.4.16; OfficeLiveConnector.1.3; OfficeLivePatch.0.0; .NET4.0C)"
185.81.67.251 - - [11/Dec/2015:00:06:19 +0400] "GET /id94928 HTTP/1.1" 200 25620 "-" "Mozilla/5.0 (X11; Linux i686; rv:25.7) Gecko/20150820 Firefox/31.9 PaleMoon/25.7.0"
91.197.98.129 - - [11/Dec/2015:00:06:19 +0400] "GET /id82097 HTTP/1.1" 200 20584 "-" "Mozilla/5.0 (Windows NT 5.1; U; de; rv:1.9.1.6) Gecko/20091201 Firefox/3.5.6 Opera 11.00"
91.194.190.240 - - [11/Dec/2015:00:06:20 +0400] "GET /id17549 HTTP/1.1" 200 19244 "-" "Mozilla/5.0 (Windows NT 5.1) AppleWebKit/537.36 (KHTML, like Gecko) Chrome/45.0.2454.93 Safari/537.36"
194.247.181.233 - - [11/Dec/2015:00:06:20 +0400] "GET / HTTP/1.1" 200 15431 "-" "Mozilla/5.0 (Macintosh; Intel Mac OS X 10_8_3) AppleWebKit/537.36 (KHTML, like Gecko) Chrome/27.0.1453.56 Safari/537.36"
194.247.181.233 - - [11/Dec/2015:00:06:20 +0400] "GET /favicon.ico HTTP/1.1" 404 0 "-" "Mozilla/5.0 (Macintosh; Intel Mac OS X 10_8_3) AppleWebKit/537.36 (KHTML, like Gecko) Chrome/27.0.1453.56 Safari/537.36"
84.40.60.182 - - [11/Dec/2015:00:06:20 +0400] "GET /id25339 HTTP/1.1" 200 32418 "-" "Mozilla/5.0 (Windows NT 6.1) AppleWebKit/537.36 (KHTML, like Gecko) Chrome/45.0.2454.99 Safari/537.36"
195.213.96.68 - - [11/Dec/2015:00:06:20 +0400] "GET /id32639 HTTP/1.1" 200 15624 "-" "Mozilla/5.0 (Windows NT 5.1; U; de; rv:1.9.1.6) Gecko/20091201 Firefox/3.5.6 Opera 11.00"
185.69.220.51 - - [11/Dec/2015:00:06:20 +0400] "GET /id65879 HTTP/1.1" 200 26222 "-" "Mozilla/5.0 (X11; Linux i686; rv:15.0) Gecko/20120909 Firefox/15.0.1 SeaMonkey/2.12.1"
90.232.98.94 - - [11/Dec/2015:00:06:20 +0400] "GET / HTTP/1.1" 200 29381 "-" "Mozilla/5.0 (Windows NT 10.0; WOW64) AppleWebKit/537.36 (KHTML, like Gecko) Chrome/45.0.2454.99 Safari/537.36"
90.232.98.94 - - [11/Dec/2015:00:06:20 +0400] "GET /favicon.ico HTTP/1.1" 404 0 "-" "Mozilla/5.0 (Windows NT 10.0; WOW64) AppleWebKit/537.36 (KHTML, like Gecko) Chrome/45.0.2454.99 Safari/537.36"
90.248.118.58 - - [11/Dec/2015:00:06:21 +0400] "GET /id70541 HTTP/1.1" 200 30276 "-" "Mozilla/5.0 (Macintosh; Intel Mac OS X 10_10_2) AppleWebKit/537.36 (KHTML, like Gecko) Chrome/44.0.2403.155 Safari/537.36"
188.244.206.47 - - [11/Dec/2015:00:06:21 +0400] "GET / HTTP/1.1" 200 26755 "-" "Mozilla/5.0 (Windows NT 6.3; WOW64) AppleWebKit/537.36 (KHTML, like Gecko) Chrome/45.0.2454.99 Safari/537.36"
188.244.206.47 - - [11/Dec/2015:00:06:21 +0400] "GET /favicon.ico HTTP/1.1" 404 0 "-" "Mozilla/5.0 (Windows NT 6.3; WOW64) AppleWebKit/537.36 (KHTML, like Gecko) Chrome/45.0.2454.99 Safari/537.36"
109.62.142.38 - - [11/Dec/2015:00:06:22 +0400] "GET /id90791 HTTP/1.1" 200 16084 "-" "Mozilla/5.0 (Macintosh; Intel Mac OS X 10_10_5) AppleWebKit/601.1.56 (KHTML, like Gecko) Version/9.0 Safari/601.1.56"
185.54.243.239 - - [11/Dec/2015:00:06:22 +0400] "GET /id77638 HTTP/1.1" 200 27695 "-" "Mozilla/5.0 (Windows NT 5.1; U; de; rv:1.9.1.6) Gecko/20091201 Firefox/3.5.6 Opera 11.00"
91.197.98.129 - - [11/Dec/2015:00:06:22 +0400] "GET /id41597 HTTP/1.1" 200 11371 "-" "Mozilla/5.0 (Windows NT 5.1; U; de; rv:1.9.1.6) Gecko/20091201 Firefox/3.5.6 Opera 11.00"
46.31.160.101 - - [11/Dec/2015:00:06:22 +0400] "GET /id70892 HTTP/1.1" 200 10224 "-" "Mozilla/5.0 (Windows NT 6.2; Win64; x64) AppleWebKit/537.36 (KHTML, like Gecko) Chrome/44.0.2403.157 Safari/537.36"
77.74.241.128 - - [11/Dec/2015:00:06:23 +0400] "GET /id41000 HTTP/1.1" 200 19529 "-" "Mozilla/5.0 (Windows; U; Windows NT 6.1; pt-PT; rv:1.9.2.18) Gecko/20110614 Firefox/3.6.18 ;ShopperReports"
5.101.155.82 - - [11/Dec/2015:00:06:24 +0400] "GET /id81629 HTTP/1.1" 200 22924 "-" "Mozilla/5.0 (Linux; Android 4.4.2; SM-P600 Build/KOT49H) AppleWebKit/537.36 (KHTML, like Gecko) Chrome/40.0.2214.89 Safari/537.36"
77.245.137.182 - - [11/Dec/2015:00:06:24 +0400] "GET /id50378 HTTP/1.1" 200 11342 "-" "Mozilla/5.0 (Windows NT 5.1; U; de; rv:1.9.1.6) Gecko/20091201 Firefox/3.5.6 Opera 11.00"
206.96.87.153 - - [11/Dec/2015:00:06:24 +0400] "GET /id51760 HTTP/1.1" 200 31980 "-" "Mozilla/5.0 (Linux; Android 5.0.1; SM-N910V Build/LRX22C) AppleWebKit/537.36 (KHTML, like Gecko) Chrome/44.0.2403.133 Mobile Safari/537.36"
91.246.80.240 - - [11/Dec/2015:00:06:24 +0400] "GET / HTTP/1.1" 200 8744 "-" "Mozilla/5.0 (Windows NT 6.1) AppleWebKit/537.36 (KHTML, like Gecko) Chrome/45.0.2454.99 Safari/537.36"
91.246.80.240 - - [11/Dec/2015:00:06:24 +0400] "GET /favicon.ico HTTP/1.1" 404 0 "-" "Mozilla/5.0 (Windows NT 6.1) AppleWebKit/537.36 (KHTML, like Gecko) Chrome/45.0.2454.99 Safari/537.36"
83.142.9.61 - - [11/Dec/2015:00:06:24 +0400] "GET / HTTP/1.1" 200 32630 "-" "Mozilla/5.0 (Windows NT 10.0; WOW64) AppleWebKit/537.36 (KHTML, like Gecko) Chrome/45.0.2454.99 Safari/537.36"
83.142.9.61 - - [11/Dec/2015:00:06:24 +0400] "GET /favicon.ico HTTP/1.1" 404 0 "-" "Mozilla/5.0 (Windows NT 10.0; WOW64) AppleWebKit/537.36 (KHTML, like Gecko) Chrome/45.0.2454.99 Safari/537.36"
83.142.9.61 - - [11/Dec/2015:00:06:24 +0400] "GET /id80471 HTTP/1.1" 200 12396 "-" "Mozilla/5.0 (Windows NT 10.0; WOW64) AppleWebKit/537.36 (KHTML, like Gecko) Chrome/45.0.2454.99 Safari/537.36"
91.212.57.243 - - [11/Dec/2015:00:06:24 +0400] "GET /id67886 HTTP/1.1" 200 25182 "-" "Mozilla/5.0 (Macintosh; Intel Mac OS X 10_8_2) AppleWebKit/537.36 (KHTML, like Gecko) Chrome/45.0.2454.85 Safari/537.36"
185.54.243.239 - - [11/Dec/2015:00:06:24 +0400] "GET /id12471 HTTP/1.1" 200 11728 "-" "Mozilla/5.0 (Windows NT 5.1; U; de; rv:1.9.1.6) Gecko/20091201 Firefox/3.5.6 Opera 11.00"
185.54.243.239 - - [11/Dec/2015:00:06:25 +0400] "GET /id46797 HTTP/1.1" 200 15056 "-" "Mozilla/5.0 (Windows NT 5.1; U; de; rv:1.9.1.6) Gecko/20091201 Firefox/3.5.6 Opera 11.00"
94.208.243.249 - - [11/Dec/2015:00:06:25 +0400] "GET /id41628 HTTP/1.1" 200 12277 "-" "Mozilla/5.0 (Windows NT 10.0; WOW64) AppleWebKit/537.36 (KHTML, like Gecko) Chrome/45.0.2454.99 Safari/537.36"
90.232.98.94 - - [11/Dec/2015:00:06:26 +0400] "GET /id15165 HTTP/1.1" 200 16831 "-" "Mozilla/5.0 (Windows NT 10.0; WOW64) AppleWebKit/537.36 (KHTML, like Gecko) Chrome/45.0.2454.99 Safari/537.36"
194.247.181.233 - - [11/Dec/2015:00:06:26 +0400] "GET /id97239 HTTP/1.1" 200 9177 "-" "Mozilla/5.0 (Macintosh; Intel Mac OS X 10_8_3) AppleWebKit/537.36 (KHTML, like Gecko) Chrome/27.0.1453.56 Safari/537.36"
5.101.155.82 - - [11/Dec/2015:00:06:26 +0400] "GET /id12293 HTTP/1.1" 200 12231 "-" "Mozilla/5.0 (Linux; Android 4.4.2; SM-P600 Build/KOT49H) AppleWebKit/537.36 (KHTML, like Gecko) Chrome/40.0.2214.89 Safari/537.36"
83.142.9.61 - - [11/Dec/2015:00:06:26 +0400] "GET /id33625 HTTP/1.1" 200 24929 "-" "Mozilla/5.0 (Windows NT 10.0; WOW64) AppleWebKit/537.36 (KHTML, like Gecko) Chrome/45.0.2454.99 Safari/537.36"
195.20.140.234 - - [11/Dec/2015:00:06:27 +0400] "GET / HTTP/1.1" 200 13305 "-" "Mozilla/5.0 (Windows NT 10.0; WOW64) AppleWebKit/537.36 (KHTML, like Gecko) Chrome/45.0.2454.99 Safari/537.36"
195.20.140.234 - - [11/Dec/2015:00:06:27 +0400] "GET /favicon.ico HTTP/1.1" 404 0 "-" "Mozilla/5.0 (Windows NT 10.0; WOW64) AppleWebKit/537.36 (KHTML, like Gecko) Chrome/45.0.2454.99 Safari/537.36"
90.248.118.58 - - [11/Dec/2015:00:06:27 +0400] "GET /id40653 HTTP/1.1" 200 15161 "-" "Mozilla/5.0 (Macintosh; Intel Mac OS X 10_10_2) AppleWebKit/537.36 (KHTML, like Gecko) Chrome/44.0.2403.155 Safari/537.36"
91.212.57.243 - - [11/Dec/2015:00:06:27 +0400] "GET /id51283 HTTP/1.1" 200 11130 "-" "Mozilla/5.0 (Macintosh; Intel Mac OS X 10_8_2) AppleWebKit/537.36 (KHTML, like Gecko) Chrome/45.0.2454.85 Safari/537.36"
90.243.51.33 - - [11/Dec/2015:00:06:28 +0400] "GET / HTTP/1.1" 200 25188 "-" "Mozilla/5.0 (Linux; U; Android 4.3; ar-ae; GT-N7100 Build/JSS15J) AppleWebKit/534.30 (KHTML, like Gecko) Version/4.0 Mobile Safari/534.30/TansoDL"
90.243.51.33 - - [11/Dec/2015:00:06:28 +0400] "GET /favicon.ico HTTP/1.1" 404 0 "-" "Mozilla/5.0 (Linux; U; Android 4.3; ar-ae; GT-N7100 Build/JSS15J) AppleWebKit/534.30 (KHTML, like Gecko) Version/4.0 Mobile Safari/534.30/TansoDL"
91.194.190.240 - - [11/Dec/2015:00:06:28 +0400] "GET /id12240 HTTP/1.1" 200 21084 "-" "Mozilla/5.0 (Windows NT 5.1) AppleWebKit/537.36 (KHTML, like Gecko) Chrome/45.0.2454.93 Safari/537.36"
62.35.77.91 - - [11/Dec/2015:00:06:28 +0400] "GET / HTTP/1.1" 200 12270 "-" "Mozilla/5.0 (Windows NT 6.3; Trident/7.0; Touch; MALNJS; rv:11.0) like Gecko"
62.35.77.91 - - [11/Dec/2015:00:06:28 +0400] "GET /favicon.ico HTTP/1.1" 404 0 "-" "Mozilla/5.0 (Windows NT 6.3; Trident/7.0; Touch; MALNJS; rv:11.0) like Gecko"
149.126.79.68 - - [11/Dec/2015:00:06:28 +0400] "GET /id85885 HTTP/1.1" 200 23790 "-" "Mozilla/5.0 (Macintosh; Intel Mac OS X 10_10_1) AppleWebKit/537.36 (KHTML, like Gecko) Chrome/43.0.2357.65 Safari/537.36"
176.57.243.129 - - [11/Dec/2015:00:06:28 +0400] "GET / HTTP/1.1" 200 18761 "-" "Mozilla/5.0 (Linux; U; Android 4.2.2; en-us; Lenovo A316i Build/JDQ39) AppleWebKit/534.30 (KHTML, like Gecko) Version/4.0 Mobile Safari/534.30 ACHEETAHI/2100502010"
176.57.243.129 - - [11/Dec/2015:00:06:28 +0400] "GET /favicon.ico HTTP/1.1" 404 0 "-" "Mozilla/5.0 (Linux; U; Android 4.2.2; en-us; Lenovo A316i Build/JDQ39) AppleWebKit/534.30 (KHTML, like Gecko) Version/4.0 Mobile Safari/534.30 ACHEETAHI/2100502010"
91.194.190.240 - - [11/Dec/2015:00:06:28 +0400] "GET /id98289 HTTP/1.1" 200 19869 "-" "Mozilla/5.0 (Windows NT 5.1) AppleWebKit/537.36 (KHTML, like Gecko) Chrome/45.0.2454.93 Safari/537.36"
23.49.52.208 - - [11/Dec/2015:00:06:29 +0400] "GET /id98291 HTTP/1.1" 200 17860 "-" "Mozilla/5.0 (Windows NT 10.0; WOW64) AppleWebKit/537.36 (KHTML, like Gecko) Chrome/45.0.2454.99 Safari/537.36"
195.47.253.51 - - [11/Dec/2015:00:06:29 +0400] "GET / HTTP/1.1" 200 16672 "-" "Mozilla/4.0 (compatible; MSIE 8.0; Windows NT 6.1; WOW64; Trident/4.0; SLCC2; .NET CLR 2.0.50727; .NET CLR 3.5.30729; .NET CLR 3.0.30729; Media Center PC 6.0; .NET CLR 1.1.4322; InfoPath.3; .NET4.0C; Zune 4.7; .NET4.0E; yie8)"
195.47.253.51 - - [11/Dec/2015:00:06:29 +0400] "GET /favicon.ico HTTP/1.1" 404 0 "-" "Mozilla/4.0 (compatible; MSIE 8.0; Windows NT 6.1; WOW64; Trident/4.0; SLCC2; .NET CLR 2.0.50727; .NET CLR 3.5.30729; .NET CLR 3.0.30729; Media Center PC 6.0; .NET CLR 1.1.4322; InfoPath.3; .NET4.0C; Zune 4.7; .NET4.0E; yie8)"
91.223.109.239 - - [11/Dec/2015:00:06:30 +0400] "GET / HTTP/1.1" 200 14013 "-" "Mozilla/5.0 (iPad; CPU OS 9_0 like Mac OS X) AppleWebKit/600.1.4 (KHTML, like Gecko) CriOS/45.0.2454.89 Mobile/13A344 Safari/600.1.4"
91.223.109.239 - - [11/Dec/2015:00:06:30 +0400] "GET /favicon.ico HTTP/1.1" 404 0 "-" "Mozilla/5.0 (iPad; CPU OS 9_0 like Mac OS X) AppleWebKit/600.1.4 (KHTML, like Gecko) CriOS/45.0.2454.89 Mobile/13A344 Safari/600.1.4"
91.246.80.240 - - [11/Dec/2015:00:06:30 +0400] "GET /id19484 HTTP/1.1" 200 10531 "-" "Mozilla/5.0 (Windows NT 6.1) AppleWebKit/537.36 (KHTML, like Gecko) Chrome/45.0.2454.99 Safari/537.36"
62.35.77.91 - - [11/Dec/2015:00:06:30 +0400] "GET /id71060 HTTP/1.1" 200 19988 "-" "Mozilla/5.0 (Windows NT 6.3; Trident/7.0; Touch; MALNJS; rv:11.0) like Gecko"
91.194.190.240 - - [11/Dec/2015:00:06:31 +0400] "GET /id54675 HTTP/1.1" 200 20857 "-" "Mozilla/5.0 (Windows NT 5.1) AppleWebKit/537.36 (KHTML, like Gecko) Chrome/45.0.2454.93 Safari/537.36"
95.152.10.37 - - [11/Dec/2015:00:06:31 +0400] "GET /id78472 HTTP/1.1" 200 27650 "-" "Mozilla/5.0 (Macintosh; Intel Mac OS X 10_10_2) AppleWebKit/537.36 (KHTML, like Gecko) Chrome/43.0.2357.124 Safari/537.36"
91.223.109.239 - - [11/Dec/2015:00:06:32 +0400] "GET /id15878 HTTP/1.1" 200 17684 "-" "Mozilla/5.0 (iPad; CPU OS 9_0 like Mac OS X) AppleWebKit/600.1.4 (KHTML, like Gecko) CriOS/45.0.2454.89 Mobile/13A344 Safari/600.1.4"
91.238.44.219 - - [11/Dec/2015:00:06:32 +0400] "GET /id81393 HTTP/1.1" 200 16777 "-" "Mozilla/5.0 (X11; Linux i686) AppleWebKit/537.36 (KHTML, like Gecko) Chrome/41.0.2272.118 Safari/537.36"
90.232.98.94 - - [11/Dec/2015:00:06:32 +0400] "GET /id70313 HTTP/1.1" 200 24206 "-" "Mozilla/5.0 (Windows NT 10.0; WOW64) AppleWebKit/537.36 (KHTML, like Gecko) Chrome/45.0.2454.99 Safari/537.36"
91.197.98.129 - - [11/Dec/2015:00:06:32 +0400] "GET /id60670 HTTP/1.1" 200 32422 "-" "Mozilla/5.0 (Windows NT 5.1; U; de; rv:1.9.1.6) Gecko/20091201 Firefox/3.5.6 Opera 11.00"
194.150.143.115 - - [11/Dec/2015:00:06:33 +0400] "GET /id56503 HTTP/1.1" 200 21925 "-" "Mozilla/5.0 (Windows NT 6.1; WOW64; rv:31.3) Gecko/20100101 Firefox/31.3"
91.241.159.183 - - [11/Dec/2015:00:06:33 +0400] "GET /id22150 HTTP/1.1" 200 28235 "-" "Mozilla/5.0 (Macintosh; Intel Mac OS X 10_10_5) AppleWebKit/537.36 (KHTML, like Gecko) Chrome/45.0.2454.99 Safari/537.36"
91.212.57.243 - - [11/Dec/2015:00:06:33 +0400] "GET /id69778 HTTP/1.1" 200 27262 "-" "Mozilla/5.0 (Macintosh; Intel Mac OS X 10_8_2) AppleWebKit/537.36 (KHTML, like Gecko) Chrome/45.0.2454.85 Safari/537.36"
91.193.58.76 - - [11/Dec/2015:00:06:33 +0400] "GET /id11164 HTTP/1.1" 200 14214 "-" "Mozilla/5.0 (Windows NT 10.0; WOW64) AppleWebKit/537.36 (KHTML, like Gecko) Chrome/45.0.2454.99 Safari/537.36"
185.54.243.239 - - [11/Dec/2015:00:06:33 +0400] "GET /id91058 HTTP/1.1" 200 29234 "-" "Mozilla/5.0 (Windows NT 5.1; U; de; rv:1.9.1.6) Gecko/20091201 Firefox/3.5.6 Opera 11.00"
194.247.181.233 - - [11/Dec/2015:00:06:34 +0400] "GET /id91039 HTTP/1.1" 200 21634 "-" "Mozilla/5.0 (Macintosh; Intel Mac OS X 10_8_3) AppleWebKit/537.36 (KHTML, like Gecko) Chrome/27.0.1453.56 Safari/537.36"
194.247.181.233 - - [11/Dec/2015:00:06:34 +0400] "GET /id23049 HTTP/1.1" 200 27595 "-" "Mozilla/5.0 (Macintosh; Intel Mac OS X 10_8_3) AppleWebKit/537.36 (KHTML, like Gecko) Chrome/27.0.1453.56 Safari/537.36"
85.192.15.54 - - [11/Dec/2015:00:06:34 +0400] "GET / HTTP/1.1" 200 14492 "-" "Mozilla/5.0 (Windows NT 6.3; WOW64) AppleWebKit/537.36 (KHTML, like Gecko) Chrome/36.0.1985.32 Safari/537.36"
85.192.15.54 - - [11/Dec/2015:00:06:34 +0400] "GET /favicon.ico HTTP/1.1" 404 0 "-" "Mozilla/5.0 (Windows NT 6.3; WOW64) AppleWebKit/537.36 (KHTML, like Gecko) Chrome/36.0.1985.32 Safari/537.36"
94.198.22.196 - - [11/Dec/2015:00:06:35 +0400] "GET /id64415 HTTP/1.1" 200 23270 "-" "Mozilla/5.0 (Windows NT 5.1; U; de; rv:1.9.1.6) Gecko/20091201 Firefox/3.5.6 Opera 11.00"
149.126.79.68 - - [11/Dec/2015:00:06:35 +0400] "GET /id26285 HTTP/1.1" 200 11756 "-" "Mozilla/5.0 (Macintosh; Intel Mac OS X 10_10_1) AppleWebKit/537.36 (KHTML, like Gecko) Chrome/43.0.2357.65 Safari/537.36"
83.142.9.61 - - [11/Dec/2015:00:06:36 +0400] "GET /id33220 HTTP/1.1" 200 15363 "-" "Mozilla/5.0 (Windows NT 10.0; WOW64) AppleWebKit/537.36 (KHTML, like Gecko) Chrome/45.0.2454.99 Safari/537.36"
77.245.137.182 - - [11/Dec/2015:00:06:36 +0400] "GET /id15461 HTTP/1.1" 200 21405 "-" "Mozilla/5.0 (Windows NT 5.1; U; de; rv:1.9.1.6) Gecko/20091201 Firefox/3.5.6 Opera 11.00"
91.193.58.76 - - [11/Dec/2015:00:06:37 +0400] "GET /id89067 HTTP/1.1" 200 16657 "-" "Mozilla/5.0 (Windows NT 10.0; WOW64) AppleWebKit/537.36 (KHTML, like Gecko) Chrome/45.0.2454.99 Safari/537.36"
91.247.236.145 - - [11/Dec/2015:00:06:37 +0400] "GET /id29966 HTTP/1.1" 200 11746 "-" "Mozilla/5.0 (iPad; CPU OS 9_0 like Mac OS X) AppleWebKit/600.1.4 (KHTML, like Gecko) CriOS/45.0.2454.89 Mobile/13A344 Safari/600.1.4"
77.245.137.182 - - [11/Dec/2015:00:06:37 +0400] "GET /id24627 HTTP/1.1" 200 31440 "-" "Mozilla/5.0 (Windows NT 5.1; U; de; rv:1.9.1.6) Gecko/20091201 Firefox/3.5.6 Opera 11.00"
185.81.67.251 - - [11/Dec/2015:00:06:37 +0400] "GET /id54976 HTTP/1.1" 200 32762 "-" "Mozilla/5.0 (X11; Linux i686; rv:25.7) Gecko/20150820 Firefox/31.9 PaleMoon/25.7.0"
94.208.243.249 - - [11/Dec/2015:00:06:37 +0400] "GET /id71580 HTTP/1.1" 200 30832 "-" "Mozilla/5.0 (Windows NT 10.0; WOW64) AppleWebKit/537.36 (KHTML, like Gecko) Chrome/45.0.2454.99 Safari/537.36"
185.81.67.251 - - [11/Dec/2015:00:06:38 +0400] "GET /id33663 HTTP/1.1" 200 10382 "-" "Mozilla/5.0 (X11; Linux i686; rv:25.7) Gecko/20150820 Firefox/31.9 PaleMoon/25.7.0"
83.142.9.61 - - [11/Dec/2015:00:06:38 +0400] "GET /id65829 HTTP/1.1" 200 22705 "-" "Mozilla/5.0 (Windows NT 10.0; WOW64) AppleWebKit/537.36 (KHTML, like Gecko) Chrome/45.0.2454.99 Safari/537.36"
194.247.181.233 - - [11/Dec/2015:00:06:38 +0400] "GET /id18346 HTTP/1.1" 200 14460 "-" "Mozilla/5.0 (Macintosh; Intel Mac OS X 10_8_3) AppleWebKit/537.36 (KHTML, like Gecko) Chrome/27.0.1453.56 Safari/537.36"
194.247.181.233 - - [11/Dec/2015:00:06:40 +0400] "GET /id18210 HTTP/1.1" 200 19399 "-" "Mozilla/5.0 (Macintosh; Intel Mac OS X 10_8_3) AppleWebKit/537.36 (KHTML, like Gecko) Chrome/27.0.1453.56 Safari/537.36"
80.87.119.82 - - [11/Dec/2015:00:06:40 +0400] "GET / HTTP/1.1" 200 15772 "-" "Mozilla/5.0 (Windows NT 6.1) AppleWebKit/537.36 (KHTML, like Gecko) Chrome/45.0.2454.99 Safari/537.36"
80.87.119.82 - - [11/Dec/2015:00:06:40 +0400] "GET /favicon.ico HTTP/1.1" 404 0 "-" "Mozilla/5.0 (Windows NT 6.1) AppleWebKit/537.36 (KHTML, like Gecko) Chrome/45.0.2454.99 Safari/537.36"
94.198.22.196 - - [11/Dec/2015:00:06:40 +0400] "GET /id35754 HTTP/1.1" 200 13016 "-" "Mozilla/5.0 (Windows NT 5.1; U; de; rv:1.9.1.6) Gecko/20091201 Firefox/3.5.6 Opera 11.00"
196.43.199.167 - - [11/Dec/2015:00:06:41 +0400] "GET /cgi-bin/webmap.cgi HTTP/1.1" 404 0 "-" "Mozilla/6.66"
194.24.160.64 - - [11/Dec/2015:00:06:41 +0400] "GET / HTTP/1.1" 200 24751 "-" "Mozilla/5.0 (Windows NT 5.1) AppleWebKit/537.36 (KHTML, like Gecko) Chrome/45.0.2454.93 Safari/537.36"
194.24.160.64 - - [11/Dec/2015:00:06:41 +0400] "GET /favicon.ico HTTP/1.1" 404 0 "-" "Mozilla/5.0 (Windows NT 5.1) AppleWebKit/537.36 (KHTML, like Gecko) Chrome/45.0.2454.93 Safari/537.36"
83.142.9.61 - - [11/Dec/2015:00:06:42 +0400] "GET /id60760 HTTP/1.1" 200 30760 "-" "Mozilla/5.0 (Windows NT 10.0; WOW64) AppleWebKit/537.36 (KHTML, like Gecko) Chrome/45.0.2454.99 Safari/537.36"
206.96.87.153 - - [11/Dec/2015:00:06:42 +0400] "GET /id94484 HTTP/1.1" 200 17110 "-" "Mozilla/5.0 (Linux; Android 5.0.1; SM-N910V Build/LRX22C) AppleWebKit/537.36 (KHTML, like Gecko) Chrome/44.0.2403.133 Mobile Safari/537.36"
185.81.67.251 - - [11/Dec/2015:00:06:42 +0400] "GET /id92313 HTTP/1.1" 200 14806 "-" "Mozilla/5.0 (X11; Linux i686; rv:25.7) Gecko/20150820 Firefox/31.9 PaleMoon/25.7.0"
193.203.125.171 - - [11/Dec/2015:00:06:43 +0400] "GET /id28197 HTTP/1.1" 200 8843 "-" "Mozilla/5.0 (Windows NT 6.3; Win64; x64) AppleWebKit/537.36 (KHTML, like Gecko) Chrome/47.0.2508.0 Safari/537.36"
46.31.160.101 - - [11/Dec/2015:00:06:43 +0400] "GET /id83482 HTTP/1.1" 200 22458 "-" "Mozilla/5.0 (Windows NT 6.2; Win64; x64) AppleWebKit/537.36 (KHTML, like Gecko) Chrome/44.0.2403.157 Safari/537.36"
193.29.9.54 - - [11/Dec/2015:00:06:43 +0400] "GET / HTTP/1.1" 200 10557 "-" "Mozilla/5.0 (Macintosh; U; Intel Mac OS X 10.6; ja-JP-mac; rv:1.9.2.13) Gecko/20101203 Firefox/3.6.13 GTB7.1"
193.29.9.54 - - [11/Dec/2015:00:06:43 +0400] "GET /favicon.ico HTTP/1.1" 404 0 "-" "Mozilla/5.0 (Macintosh; U; Intel Mac OS X 10.6; ja-JP-mac; rv:1.9.2.13) Gecko/20101203 Firefox/3.6.13 GTB7.1"
193.29.9.54 - - [11/Dec/2015:00:06:43 +0400] "GET /id85351 HTTP/1.1" 200 20582 "-" "Mozilla/5.0 (Macintosh; U; Intel Mac OS X 10.6; ja-JP-mac; rv:1.9.2.13) Gecko/20101203 Firefox/3.6.13 GTB7.1"
91.197.98.129 - - [11/Dec/2015:00:06:44 +0400] "GET /id79325 HTTP/1.1" 200 19230 "-" "Mozilla/5.0 (Windows NT 5.1; U; de; rv:1.9.1.6) Gecko/20091201 Firefox/3.5.6 Opera 11.00"
185.69.220.51 - - [11/Dec/2015:00:06:45 +0400] "GET /id40177 HTTP/1.1" 200 28692 "-" "Mozilla/5.0 (X11; Linux i686; rv:15.0) Gecko/20120909 Firefox/15.0.1 SeaMonkey/2.12.1"
5.101.155.82 - - [11/Dec/2015:00:06:45 +0400] "GET /id45894 HTTP/1.1" 200 13013 "-" "Mozilla/5.0 (Linux; Android 4.4.2; SM-P600 Build/KOT49H) AppleWebKit/537.36 (KHTML, like Gecko) Chrome/40.0.2214.89 Safari/537.36"
90.248.118.58 - - [11/Dec/2015:00:06:45 +0400] "GET /id77820 HTTP/1.1" 200 28359 "-" "Mozilla/5.0 (Macintosh; Intel Mac OS X 10_10_2) AppleWebKit/537.36 (KHTML, like Gecko) Chrome/44.0.2403.155 Safari/537.36"
77.245.137.182 - - [11/Dec/2015:00:06:46 +0400] "GET /id54877 HTTP/1.1" 200 15631 "-" "Mozilla/5.0 (Windows NT 5.1; U; de; rv:1.9.1.6) Gecko/20091201 Firefox/3.5.6 Opera 11.00"
194.24.160.64 - - [11/Dec/2015:00:06:46 +0400] "GET /id64040 HTTP/1.1" 200 25774 "-" "Mozilla/5.0 (Windows NT 5.1) AppleWebKit/537.36 (KHTML, like Gecko) Chrome/45.0.2454.93 Safari/537.36"
193.29.9.54 - - [11/Dec/2015:00:06:46 +0400] "GET /id45815 HTTP/1.1" 200 20485 "-" "Mozilla/5.0 (Macintosh; U; Intel Mac OS X 10.6; ja-JP-mac; rv:1.9.2.13) Gecko/20101203 Firefox/3.6.13 GTB7.1"
77.245.137.182 - - [11/Dec/2015:00:06:47 +0400] "GET /id10879 HTTP/1.1" 200 32038 "-" "Mozilla/5.0 (Windows NT 5.1; U; de; rv:1.9.1.6) Gecko/20091201 Firefox/3.5.6 Opera 11.00"
193.29.9.54 - - [11/Dec/2015:00:06:47 +0400] "GET /id79669 HTTP/1.1" 200 12082 "-" "Mozilla/5.0 (Macintosh; U; Intel Mac OS X 10.6; ja-JP-mac; rv:1.9.2.13) Gecko/20101203 Firefox/3.6.13 GTB7.1"
91.223.109.239 - - [11/Dec/2015:00:06:47 +0400] "GET /id72566 HTTP/1.1" 200 23337 "-" "Mozilla/5.0 (iPad; CPU OS 9_0 like Mac OS X) AppleWebKit/600.1.4 (KHTML, like Gecko) CriOS/45.0.2454.89 Mobile/13A344 Safari/600.1.4"
94.198.22.196 - - [11/Dec/2015:00:06:48 +0400] "GET /id66344 HTTP/1.1" 200 12292 "-" "Mozilla/5.0 (Windows NT 5.1; U; de; rv:1.9.1.6) Gecko/20091201 Firefox/3.5.6 Opera 11.00"
90.232.98.94 - - [11/Dec/2015:00:06:48 +0400] "GET /id79236 HTTP/1.1" 200 24136 "-" "Mozilla/5.0 (Windows NT 10.0; WOW64) AppleWebKit/537.36 (KHTML, like Gecko) Chrome/45.0.2454.99 Safari/537.36"
46.31.160.101 - - [11/Dec/2015:00:06:49 +0400] "GET /id31511 HTTP/1.1" 200 28353 "-" "Mozilla/5.0 (Windows NT 6.2; Win64; x64) AppleWebKit/537.36 (KHTML, like Gecko) Chrome/44.0.2403.157 Safari/537.36"
37.205.91.30 - - [11/Dec/2015:00:06:50 +0400] "GET /id72904 HTTP/1.1" 200 26354 "-" "Mozilla/5.0 (Windows NT 10.0; WOW64) AppleWebKit/537.36 (KHTML, like Gecko) Chrome/45.0.2454.99 Safari/537.36"
90.232.98.94 - - [11/Dec/2015:00:06:50 +0400] "GET /id12791 HTTP/1.1" 200 15325 "-" "Mozilla/5.0 (Windows NT 10.0; WOW64) AppleWebKit/537.36 (KHTML, like Gecko) Chrome/45.0.2454.99 Safari/537.36"
213.39.46.242 - - [11/Dec/2015:00:06:50 +0400] "GET / HTTP/1.1" 200 24282 "-" "Mozilla/5.0 (Linux; Android 4.2.2; SM-T311 Build/JDQ39) AppleWebKit/537.36 (KHTML, like Gecko) Chrome/38.0.2125.114 Safari/537.36"
213.39.46.242 - - [11/Dec/2015:00:06:50 +0400] "GET /favicon.ico HTTP/1.1" 404 0 "-" "Mozilla/5.0 (Linux; Android 4.2.2; SM-T311 Build/JDQ39) AppleWebKit/537.36 (KHTML, like Gecko) Chrome/38.0.2125.114 Safari/537.36"
194.150.143.115 - - [11/Dec/2015:00:06:50 +0400] "GET /id85237 HTTP/1.1" 200 19943 "-" "Mozilla/5.0 (Windows NT 6.1; WOW64; rv:31.3) Gecko/20100101 Firefox/31.3"
185.84.21.146 - - [11/Dec/2015:00:06:51 +0400] "GET /id12692 HTTP/1.1" 200 23478 "-" "Mozilla/4.0 (compatible; MSIE 7.0; Windows NT 5.1; Trident/4.0; SearchToolbar 1.2; InfoPath.1; .NET CLR 1.1.4322; .NET CLR 2.0.50727; .NET CLR 3.0.04506.30; .NET CLR 3.0.4506.2152; .NET CLR 3.5.30729)"
37.205.91.30 - - [11/Dec/2015:00:06:51 +0400] "GET /id20648 HTTP/1.1" 200 14571 "-" "Mozilla/5.0 (Windows NT 10.0; WOW64) AppleWebKit/537.36 (KHTML, like Gecko) Chrome/45.0.2454.99 Safari/537.36"
95.152.10.37 - - [11/Dec/2015:00:06:51 +0400] "GET /id20854 HTTP/1.1" 200 12936 "-" "Mozilla/5.0 (Macintosh; Intel Mac OS X 10_10_2) AppleWebKit/537.36 (KHTML, like Gecko) Chrome/43.0.2357.124 Safari/537.36"
195.20.140.234 - - [11/Dec/2015:00:06:51 +0400] "GET /id40669 HTTP/1.1" 200 19689 "-" "Mozilla/5.0 (Windows NT 10.0; WOW64) AppleWebKit/537.36 (KHTML, like Gecko) Chrome/45.0.2454.99 Safari/537.36"
37.205.91.30 - - [11/Dec/2015:00:06:51 +0400] "GET /id68091 HTTP/1.1" 200 29208 "-" "Mozilla/5.0 (Windows NT 10.0; WOW64) AppleWebKit/537.36 (KHTML, like Gecko) Chrome/45.0.2454.99 Safari/537.36"
91.247.236.145 - - [11/Dec/2015:00:06:52 +0400] "GET /id62243 HTTP/1.1" 200 23979 "-" "Mozilla/5.0 (iPad; CPU OS 9_0 like Mac OS X) AppleWebKit/600.1.4 (KHTML, like Gecko) CriOS/45.0.2454.89 Mobile/13A344 Safari/600.1.4"
77.245.137.182 - - [11/Dec/2015:00:06:53 +0400] "GET /id68585 HTTP/1.1" 200 32691 "-" "Mozilla/5.0 (Windows NT 5.1; U; de; rv:1.9.1.6) Gecko/20091201 Firefox/3.5.6 Opera 11.00"
185.12.87.99 - - [11/Dec/2015:00:06:53 +0400] "GET /id97497 HTTP/1.1" 200 21960 "-" "Mozilla/5.0 (Linux; Android 4.2.2; CONNECT8PLUS Build/JDQ39) AppleWebKit/537.36 (KHTML, like Gecko) Chrome/45.0.2454.84 Safari/537.36"
91.241.159.183 - - [11/Dec/2015:00:06:54 +0400] "GET /id45570 HTTP/1.1" 200 28939 "-" "Mozilla/5.0 (Macintosh; Intel Mac OS X 10_10_5) AppleWebKit/537.36 (KHTML, like Gecko) Chrome/45.0.2454.99 Safari/537.36"
149.126.79.68 - - [11/Dec/2015:00:06:54 +0400] "GET /id99346 HTTP/1.1" 200 22028 "-" "Mozilla/5.0 (Macintosh; Intel Mac OS X 10_10_1) AppleWebKit/537.36 (KHTML, like Gecko) Chrome/43.0.2357.65 Safari/537.36"
185.81.67.251 - - [11/Dec/2015:00:06:54 +0400] "GET /id63953 HTTP/1.1" 200 28443 "-" "Mozilla/5.0 (X11; Linux i686; rv:25.7) Gecko/20150820 Firefox/31.9 PaleMoon/25.7.0"
77.245.137.182 - - [11/Dec/2015:00:06:54 +0400] "GET /id57680 HTTP/1.1" 200 18585 "-" "Mozilla/5.0 (Windows NT 5.1; U; de; rv:1.9.1.6) Gecko/20091201 Firefox/3.5.6 Opera 11.00"
194.31.253.195 - - [11/Dec/2015:00:06:54 +0400] "GET /id71147 HTTP/1.1" 200 28270 "-" "Mozilla/5.0 (Windows NT 10.0; WOW64) AppleWebKit/537.36 (KHTML, like Gecko) Chrome/45.0.2454.99 Safari/537.36"
90.232.98.94 - - [11/Dec/2015:00:06:54 +0400] "GET /id72463 HTTP/1.1" 200 17578 "-" "Mozilla/5.0 (Windows NT 10.0; WOW64) AppleWebKit/537.36 (KHTML, like Gecko) Chrome/45.0.2454.99 Safari/537.36"
176.57.243.129 - - [11/Dec/2015:00:06:55 +0400] "GET /id89572 HTTP/1.1" 200 18668 "-" "Mozilla/5.0 (Linux; U; Android 4.2.2; en-us; Lenovo A316i Build/JDQ39) AppleWebKit/534.30 (KHTML, like Gecko) Version/4.0 Mobile Safari/534.30 ACHEETAHI/2100502010"
23.49.52.208 - - [11/Dec/2015:00:06:55 +0400] "GET /id56699 HTTP/1.1" 200 23601 "-" "Mozilla/5.0 (Windows NT 10.0; WOW64) AppleWebKit/537.36 (KHTML, like Gecko) Chrome/45.0.2454.99 Safari/537.36"
204.172.1.105 - - [11/Dec/2015:00:06:55 +0400] "GET /id65619 HTTP/1.1" 200 9590 "-" "Mozilla/5.0 (Macintosh; Intel Mac OS X 10_10_5) AppleWebKit/601.1.56 (KHTML, like Gecko) Version/9.0 Safari/601.1.56"
109.62.142.38 - - [11/Dec/2015:00:06:55 +0400] "GET /id96212 HTTP/1.1" 200 16266 "-" "Mozilla/5.0 (Macintosh; Intel Mac OS X 10_10_5) AppleWebKit/601.1.56 (KHTML, like Gecko) Version/9.0 Safari/601.1.56"
91.219.193.22 - - [11/Dec/2015:00:06:55 +0400] "GET /id73719 HTTP/1.1" 200 21930 "-" "Mozilla/4.0 (compatible; MSIE 6.0; Windows NT 5.1; Maxthon; SV1; Mozilla/4.0 (compatible; MSIE 6.0; Windows NT 5.1; SV1) ; TuneUp HTML Client Embedded Web Browser from: http://bsalsa.com/; Maxthon)"
185.12.87.99 - - [11/Dec/2015:00:06:55 +0400] "GET /id71545 HTTP/1.1" 200 31743 "-" "Mozilla/5.0 (Linux; Android 4.2.2; CONNECT8PLUS Build/JDQ39) AppleWebKit/537.36 (KHTML, like Gecko) Chrome/45.0.2454.84 Safari/537.36"
77.245.137.182 - - [11/Dec/2015:00:06:55 +0400] "GET /id40114 HTTP/1.1" 200 19073 "-" "Mozilla/5.0 (Windows NT 5.1; U; de; rv:1.9.1.6) Gecko/20091201 Firefox/3.5.6 Opera 11.00"
91.197.98.129 - - [11/Dec/2015:00:06:56 +0400] "GET /id42516 HTTP/1.1" 200 23476 "-" "Mozilla/5.0 (Windows NT 5.1; U; de; rv:1.9.1.6) Gecko/20091201 Firefox/3.5.6 Opera 11.00"
188.94.53.110 - - [11/Dec/2015:00:06:56 +0400] "GET /id87887 HTTP/1.1" 200 14230 "-" "Mozilla/5.0 (Macintosh; Intel Mac OS X 10_10_5) AppleWebKit/601.1.56 (KHTML, like Gecko) Version/9.0 Safari/601.1.56"
91.193.58.76 - - [11/Dec/2015:00:06:57 +0400] "GET /id47787 HTTP/1.1" 200 25488 "-" "Mozilla/5.0 (Windows NT 10.0; WOW64) AppleWebKit/537.36 (KHTML, like Gecko) Chrome/45.0.2454.99 Safari/537.36"
185.12.87.99 - - [11/Dec/2015:00:06:57 +0400] "GET /id13106 HTTP/1.1" 200 26651 "-" "Mozilla/5.0 (Linux; Android 4.2.2; CONNECT8PLUS Build/JDQ39) AppleWebKit/537.36 (KHTML, like Gecko) Chrome/45.0.2454.84 Safari/537.36"
194.31.253.195 - - [11/Dec/2015:00:06:57 +0400] "GET /id89539 HTTP/1.1" 200 13375 "-" "Mozilla/5.0 (Windows NT 10.0; WOW64) AppleWebKit/537.36 (KHTML, like Gecko) Chrome/45.0.2454.99 Safari/537.36"
193.203.125.171 - - [11/Dec/2015:00:06:58 +0400] "GET /id64868 HTTP/1.1" 200 16829 "-" "Mozilla/5.0 (Windows NT 6.3; Win64; x64) AppleWebKit/537.36 (KHTML, like Gecko) Chrome/47.0.2508.0 Safari/537.36"
194.31.253.195 - - [11/Dec/2015:00:06:58 +0400] "GET /id13881 HTTP/1.1" 200 10022 "-" "Mozilla/5.0 (Windows NT 10.0; WOW64) AppleWebKit/537.36 (KHTML, like Gecko) Chrome/45.0.2454.99 Safari/537.36"
91.247.236.145 - - [11/Dec/2015:00:06:58 +0400] "GET /id58790 HTTP/1.1" 200 22138 "-" "Mozilla/5.0 (iPad; CPU OS 9_0 like Mac OS X) AppleWebKit/600.1.4 (KHTML, like Gecko) CriOS/45.0.2454.89 Mobile/13A344 Safari/600.1.4"
188.244.206.47 - - [11/Dec/2015:00:06:59 +0400] "GET /id14062 HTTP/1.1" 200 20860 "-" "Mozilla/5.0 (Windows NT 6.3; WOW64) AppleWebKit/537.36 (KHTML, like Gecko) Chrome/45.0.2454.99 Safari/537.36"
91.238.44.219 - - [11/Dec/2015:00:06:59 +0400] "GET /id17000 HTTP/1.1" 200 16095 "-" "Mozilla/5.0 (X11; Linux i686) AppleWebKit/537.36 (KHTML, like Gecko) Chrome/41.0.2272.118 Safari/537.36"
176.57.243.129 - - [11/Dec/2015:00:06:59 +0400] "GET /id44210 HTTP/1.1" 200 18611 "-" "Mozilla/5.0 (Linux; U; Android 4.2.2; en-us; Lenovo A316i Build/JDQ39) AppleWebKit/534.30 (KHTML, like Gecko) Version/4.0 Mobile Safari/534.30 ACHEETAHI/2100502010"
5.101.155.82 - - [11/Dec/2015:00:07:00 +0400] "GET /id73731 HTTP/1.1" 200 30707 "-" "Mozilla/5.0 (Linux; Android 4.4.2; SM-P600 Build/KOT49H) AppleWebKit/537.36 (KHTML, like Gecko) Chrome/40.0.2214.89 Safari/537.36"
185.84.21.146 - - [11/Dec/2015:00:07:00 +0400] "GET /id98797 HTTP/1.1" 200 20692 "-" "Mozilla/4.0 (compatible; MSIE 7.0; Windows NT 5.1; Trident/4.0; SearchToolbar 1.2; InfoPath.1; .NET CLR 1.1.4322; .NET CLR 2.0.50727; .NET CLR 3.0.04506.30; .NET CLR 3.0.4506.2152; .NET CLR 3.5.30729)"
176.57.243.129 - - [11/Dec/2015:00:07:00 +0400] "GET /id17386 HTTP/1.1" 200 9728 "-" "Mozilla/5.0 (Linux; U; Android 4.2.2; en-us; Lenovo A316i Build/JDQ39) AppleWebKit/534.30 (KHTML, like Gecko) Version/4.0 Mobile Safari/534.30 ACHEETAHI/2100502010"
91.197.98.129 - - [11/Dec/2015:00:07:02 +0400] "GET /id35795 HTTP/1.1" 200 17655 "-" "Mozilla/5.0 (Windows NT 5.1; U; de; rv:1.9.1.6) Gecko/20091201 Firefox/3.5.6 Opera 11.00"
185.81.67.251 - - [11/Dec/2015:00:07:02 +0400] "GET /id58245 HTTP/1.1" 200 32176 "-" "Mozilla/5.0 (X11; Linux i686; rv:25.7) Gecko/20150820 Firefox/31.9 PaleMoon/25.7.0"
95.206.128.21 - - [11/Dec/2015:00:07:02 +0400] "GET / HTTP/1.1" 200 15796 "-" "Mozilla/5.0 (Linux; Android 4.2.2; nl-be; SAMSUNG GT-S7275R Build/JDQ39) AppleWebKit/535.19 (KHTML, like Gecko) Version/1.0 Chrome/18.0.1025.308 Mobile Safari/535.19"
95.206.128.21 - - [11/Dec/2015:00:07:02 +0400] "GET /favicon.ico HTTP/1.1" 404 0 "-" "Mozilla/5.0 (Linux; Android 4.2.2; nl-be; SAMSUNG GT-S7275R Build/JDQ39) AppleWebKit/535.19 (KHTML, like Gecko) Version/1.0 Chrome/18.0.1025.308 Mobile Safari/535.19"
91.247.236.145 - - [11/Dec/2015:00:07:03 +0400] "GET /id98350 HTTP/1.1" 200 14399 "-" "Mozilla/5.0 (iPad; CPU OS 9_0 like Mac OS X) AppleWebKit/600.1.4 (KHTML, like Gecko) CriOS/45.0.2454.89 Mobile/13A344 Safari/600.1.4"
94.208.243.249 - - [11/Dec/2015:00:07:03 +0400] "GET /id54974 HTTP/1.1" 200 8968 "-" "Mozilla/5.0 (Windows NT 10.0; WOW64) AppleWebKit/537.36 (KHTML, like Gecko) Chrome/45.0.2454.99 Safari/537.36"
185.54.243.239 - - [11/Dec/2015:00:07:04 +0400] "GET /id68106 HTTP/1.1" 200 23258 "-" "Mozilla/5.0 (Windows NT 5.1; U; de; rv:1.9.1.6) Gecko/20091201 Firefox/3.5.6 Opera 11.00"
194.24.160.64 - - [11/Dec/2015:00:07:04 +0400] "GET /id29434 HTTP/1.1" 200 15983 "-" "Mozilla/5.0 (Windows NT 5.1) AppleWebKit/537.36 (KHTML, like Gecko) Chrome/45.0.2454.93 Safari/537.36"
62.187.64.66 - - [11/Dec/2015:00:07:04 +0400] "GET / HTTP/1.1" 200 17430 "-" "Mozilla/5.0 (Windows NT 6.3; Win64; x64) AppleWebKit/537.36 (KHTML, like Gecko) Chrome/47.0.2508.0 Safari/537.36"
62.187.64.66 - - [11/Dec/2015:00:07:04 +0400] "GET /favicon.ico HTTP/1.1" 404 0 "-" "Mozilla/5.0 (Windows NT 6.3; Win64; x64) AppleWebKit/537.36 (KHTML, like Gecko) Chrome/47.0.2508.0 Safari/537.36"
91.206.101.20 - - [11/Dec/2015:00:07:04 +0400] "GET / HTTP/1.1" 200 20707 "-" "Mozilla/5.0 (Windows NT 5.1) AppleWebKit/537.36 (KHTML, like Gecko) Chrome/45.0.2454.93 Safari/537.36"
91.206.101.20 - - [11/Dec/2015:00:07:04 +0400] "GET /favicon.ico HTTP/1.1" 404 0 "-" "Mozilla/5.0 (Windows NT 5.1) AppleWebKit/537.36 (KHTML, like Gecko) Chrome/45.0.2454.93 Safari/537.36"
213.33.236.25 - - [11/Dec/2015:00:07:04 +0400] "GET / HTTP/1.1" 200 28182 "-" "Mozilla/4.0 (compatible; MSIE 8.0; Windows NT 6.1; Win64; x64; Trident/4.0; .NET CLR 2.0.50727; SLCC2; .NET CLR 3.5.30729; .NET CLR 3.0.30729; .NET4.0C; .NET4.0E; Tablet PC 2.0)"
213.33.236.25 - - [11/Dec/2015:00:07:04 +0400] "GET /favicon.ico HTTP/1.1" 404 0 "-" "Mozilla/4.0 (compatible; MSIE 8.0; Windows NT 6.1; Win64; x64; Trident/4.0; .NET CLR 2.0.50727; SLCC2; .NET CLR 3.5.30729; .NET CLR 3.0.30729; .NET4.0C; .NET4.0E; Tablet PC 2.0)"
91.240.45.182 - - [11/Dec/2015:00:07:05 +0400] "GET / HTTP/1.1" 200 23595 "-" "Mozilla/5.0 (Macintosh; Intel Mac OS X 10_10_5) AppleWebKit/537.36 (KHTML, like Gecko) Chrome/45.0.2454.99 Safari/537.36"
91.240.45.182 - - [11/Dec/2015:00:07:05 +0400] "GET /favicon.ico HTTP/1.1" 404 0 "-" "Mozilla/5.0 (Macintosh; Intel Mac OS X 10_10_5) AppleWebKit/537.36 (KHTML, like Gecko) Chrome/45.0.2454.99 Safari/537.36"
217.14.59.23 - - [11/Dec/2015:00:07:05 +0400] "GET / HTTP/1.1" 200 15048 "-" "Mozilla/4.0 (compatible; MSIE 7.0; Windows NT 6.0; SLCC1; .NET CLR 2.0.50727; InfoPath.2; .NET CLR 1.1.4322; .NET CLR 3.0.30729; .NET CLR 3.5.30729; .NET4.0C; MS-RTC LM 8)"
217.14.59.23 - - [11/Dec/2015:00:07:05 +0400] "GET /favicon.ico HTTP/1.1" 404 0 "-" "Mozilla/4.0 (compatible; MSIE 7.0; Windows NT 6.0; SLCC1; .NET CLR 2.0.50727; InfoPath.2; .NET CLR 1.1.4322; .NET CLR 3.0.30729; .NET CLR 3.5.30729; .NET4.0C; MS-RTC LM 8)"
94.208.243.249 - - [11/Dec/2015:00:07:05 +0400] "GET /id72476 HTTP/1.1" 200 28093 "-" "Mozilla/5.0 (Windows NT 10.0; WOW64) AppleWebKit/537.36 (KHTML, like Gecko) Chrome/45.0.2454.99 Safari/537.36"
37.205.91.30 - - [11/Dec/2015:00:07:05 +0400] "GET /id65227 HTTP/1.1" 200 30501 "-" "Mozilla/5.0 (Windows NT 10.0; WOW64) AppleWebKit/537.36 (KHTML, like Gecko) Chrome/45.0.2454.99 Safari/537.36"
217.73.58.151 - - [11/Dec/2015:00:07:05 +0400] "GET / HTTP/1.1" 200 23241 "-" "bot"
217.73.58.151 - - [11/Dec/2015:00:07:05 +0400] "GET /favicon.ico HTTP/1.1" 404 0 "-" "bot"
158.69.6.251 - - [11/Dec/2015:00:07:05 +0400] "GET / HTTP/1.1" 200 13324 "-" "Mozilla/5.0 (Windows NT 6.0) AppleWebKit/537.36 (KHTML, like Gecko) Chrome/42.0.2311.90 Safari/537.36"
158.69.6.251 - - [11/Dec/2015:00:07:05 +0400] "GET /favicon.ico HTTP/1.1" 404 0 "-" "Mozilla/5.0 (Windows NT 6.0) AppleWebKit/537.36 (KHTML, like Gecko) Chrome/42.0.2311.90 Safari/537.36"
213.33.236.25 - - [11/Dec/2015:00:07:06 +0400] "GET /id75533 HTTP/1.1" 200 21589 "-" "Mozilla/4.0 (compatible; MSIE 8.0; Windows NT 6.1; Win64; x64; Trident/4.0; .NET CLR 2.0.50727; SLCC2; .NET CLR 3.5.30729; .NET CLR 3.0.30729; .NET4.0C; .NET4.0E; Tablet PC 2.0)"
176.57.243.129 - - [11/Dec/2015:00:07:06 +0400] "GET /id96261 HTTP/1.1" 200 24736 "-" "Mozilla/5.0 (Linux; U; Android 4.2.2; en-us; Lenovo A316i Build/JDQ39) AppleWebKit/534.30 (KHTML, like Gecko) Version/4.0 Mobile Safari/534.30 ACHEETAHI/2100502010"
91.247.236.145 - - [11/Dec/2015:00:07:06 +0400] "GET /id19983 HTTP/1.1" 200 32514 "-" "Mozilla/5.0 (iPad; CPU OS 9_0 like Mac OS X) AppleWebKit/600.1.4 (KHTML, like Gecko) CriOS/45.0.2454.89 Mobile/13A344 Safari/600.1.4"
193.57.70.45 - - [11/Dec/2015:00:07:06 +0400] "GET / HTTP/1.1" 200 23658 "-" "Opera/9.80 (X11; Linux i686; U; fr) Presto/2.6.30 Version/10.62"
193.57.70.45 - - [11/Dec/2015:00:07:06 +0400] "GET /favicon.ico HTTP/1.1" 404 0 "-" "Opera/9.80 (X11; Linux i686; U; fr) Presto/2.6.30 Version/10.62"
152.233.48.250 - - [11/Dec/2015:00:07:06 +0400] "GET / HTTP/1.1" 200 25835 "-" "Mozilla/5.0 (X11; U; Linux i686; de-AT; rv:1.7.12) Gecko/20050923"
152.233.48.250 - - [11/Dec/2015:00:07:06 +0400] "GET /favicon.ico HTTP/1.1" 404 0 "-" "Mozilla/5.0 (X11; U; Linux i686; de-AT; rv:1.7.12) Gecko/20050923"
91.194.190.240 - - [11/Dec/2015:00:07:06 +0400] "GET /id60452 HTTP/1.1" 200 27401 "-" "Mozilla/5.0 (Windows NT 5.1) AppleWebKit/537.36 (KHTML, like Gecko) Chrome/45.0.2454.93 Safari/537.36"
91.238.231.101 - - [11/Dec/2015:00:07:07 +0400] "GET / HTTP/1.1" 200 17818 "-" "Mozilla/5.0 (compatible; MSIE 10.0; Windows NT 6.1; Trident/6.0; MALC)"
91.238.231.101 - - [11/Dec/2015:00:07:07 +0400] "GET /favicon.ico HTTP/1.1" 404 0 "-" "Mozilla/5.0 (compatible; MSIE 10.0; Windows NT 6.1; Trident/6.0; MALC)"
31.128.207.202 - - [11/Dec/2015:00:07:07 +0400] "GET / HTTP/1.1" 200 16392 "-" "Mozilla/5.0 (X11; Linux x86_64; rv:42.0) Gecko/20100101 Firefox/42.0"
31.128.207.202 - - [11/Dec/2015:00:07:07 +0400] "GET /favicon.ico HTTP/1.1" 404 0 "-" "Mozilla/5.0 (X11; Linux x86_64; rv:42.0) Gecko/20100101 Firefox/42.0"
212.180.22.60 - - [11/Dec/2015:00:07:07 +0400] "GET / HTTP/1.1" 200 10133 "-" "Mozilla/5.0 (X11; CrOS x86_64 5841.83.0) AppleWebKit/537.36 (KHTML like Gecko) Chrome/36.0.1985.138 Safari/537.36"
212.180.22.60 - - [11/Dec/2015:00:07:07 +0400] "GET /favicon.ico HTTP/1.1" 404 0 "-" "Mozilla/5.0 (X11; CrOS x86_64 5841.83.0) AppleWebKit/537.36 (KHTML like Gecko) Chrome/36.0.1985.138 Safari/537.36"
41.74.74.223 - - [11/Dec/2015:00:07:08 +0400] "GET /cgi-bin/imageFolio.cgi HTTP/1.1" 404 0 "-" "Mozilla/6.66"
57.82.215.125 - - [11/Dec/2015:00:07:08 +0400] "GET /userreg.cgi HTTP/1.1" 404 0 "-" "Mozilla/6.66"
90.10.65.184 - - [11/Dec/2015:00:07:08 +0400] "GET / HTTP/1.1" 200 25535 "-" "Mozilla/5.0 (Windows NT 10.0; WOW64) AppleWebKit/537.36 (KHTML, like Gecko) Chrome/45.0.2454.99 Safari/537.36"
90.10.65.184 - - [11/Dec/2015:00:07:08 +0400] "GET /favicon.ico HTTP/1.1" 404 0 "-" "Mozilla/5.0 (Windows NT 10.0; WOW64) AppleWebKit/537.36 (KHTML, like Gecko) Chrome/45.0.2454.99 Safari/537.36"
158.69.6.251 - - [11/Dec/2015:00:07:08 +0400] "GET /id29502 HTTP/1.1" 200 29759 "-" "Mozilla/5.0 (Windows NT 6.0) AppleWebKit/537.36 (KHTML, like Gecko) Chrome/42.0.2311.90 Safari/537.36"
194.146.113.93 - - [11/Dec/2015:00:07:08 +0400] "GET / HTTP/1.1" 200 27803 "-" "Mozilla/4.0 (compatible; MSIE 8.0; Windows NT 6.0; Trident/4.0; SLCC1; .NET CLR 2.0.50727; .NET CLR 3.5.30729; .NET CLR 3.0.30618; BRI/1; msn OptimizedIE8;ENUS)"
194.146.113.93 - - [11/Dec/2015:00:07:08 +0400] "GET /favicon.ico HTTP/1.1" 404 0 "-" "Mozilla/4.0 (compatible; MSIE 8.0; Windows NT 6.0; Trident/4.0; SLCC1; .NET CLR 2.0.50727; .NET CLR 3.5.30729; .NET CLR 3.0.30618; BRI/1; msn OptimizedIE8;ENUS)"
176.57.243.129 - - [11/Dec/2015:00:07:08 +0400] "GET /id80537 HTTP/1.1" 200 31987 "-" "Mozilla/5.0 (Linux; U; Android 4.2.2; en-us; Lenovo A316i Build/JDQ39) AppleWebKit/534.30 (KHTML, like Gecko) Version/4.0 Mobile Safari/534.30 ACHEETAHI/2100502010"
185.69.220.51 - - [11/Dec/2015:00:07:08 +0400] "GET /id16740 HTTP/1.1" 200 18097 "-" "Mozilla/5.0 (X11; Linux i686; rv:15.0) Gecko/20120909 Firefox/15.0.1 SeaMonkey/2.12.1"
193.57.70.45 - - [11/Dec/2015:00:07:09 +0400] "GET /id65843 HTTP/1.1" 200 30024 "-" "Opera/9.80 (X11; Linux i686; U; fr) Presto/2.6.30 Version/10.62"
194.31.253.195 - - [11/Dec/2015:00:07:09 +0400] "GET /id23567 HTTP/1.1" 200 15963 "-" "Mozilla/5.0 (Windows NT 10.0; WOW64) AppleWebKit/537.36 (KHTML, like Gecko) Chrome/45.0.2454.99 Safari/537.36"
213.33.236.25 - - [11/Dec/2015:00:07:09 +0400] "GET /id28652 HTTP/1.1" 200 22841 "-" "Mozilla/4.0 (compatible; MSIE 8.0; Windows NT 6.1; Win64; x64; Trident/4.0; .NET CLR 2.0.50727; SLCC2; .NET CLR 3.5.30729; .NET CLR 3.0.30729; .NET4.0C; .NET4.0E; Tablet PC 2.0)"
