217.119.209.224 - - [10/Dec/2015:01:08:27 +0400] "GET /id37484 HTTP/1.1" 200 14882 "-" "Mozilla/5.0 (Windows NT 10.0; WOW64) AppleWebKit/537.36 (KHTML, like Gecko) Chrome/45.0.2454.99 Safari/537.36"
194.123.164.63 - - [10/Dec/2015:01:08:27 +0400] "GET /id46479 HTTP/1.1" 200 11570 "-" "Mozilla/4.0 (compatible; MSIE 7.0; Windows NT 5.1; GTB6.5; InfoPath.1; Sleipnir/2.9.18)"
213.163.170.165 - - [10/Dec/2015:01:08:28 +0400] "GET /id96461 HTTP/1.1" 200 10684 "-" "Mozilla/5.0 (Windows NT 6.0) AppleWebKit/537.36 (KHTML, like Gecko) Chrome/43.0.2357.132 Safari/537.36"
147.99.165.223 - - [10/Dec/2015:01:08:28 +0400] "GET /id89186 HTTP/1.1" 200 32728 "-" "Mozilla/5.0 (Linux; Android 5.1.1; Nexus 5 Build/LMY48I) AppleWebKit/537.36 (KHTML, like Gecko) Chrome/44.0.2403.133 Mobile Safari/537.36"
91.219.22.248 - - [10/Dec/2015:01:08:28 +0400] "GET /id61231 HTTP/1.1" 200 15365 "-" "Mozilla/5.0 (Macintosh; Intel Mac OS X 10_7_5) AppleWebKit/537.36 (KHTML, like Gecko) Chrome/44.0.2403.130 Safari/537.36"
85.239.36.132 - - [10/Dec/2015:01:08:28 +0400] "GET /id78129 HTTP/1.1" 200 22583 "-" "Mozilla/5.0 (Windows NT 6.1) AppleWebKit/537.36 (KHTML, like Gecko) Chrome/45.0.2454.99 Safari/537.36"
185.27.226.96 - - [10/Dec/2015:01:08:28 +0400] "GET /id32661 HTTP/1.1" 200 18214 "-" "Mozilla/5.0 (Windows NT 5.1; U; de; rv:1.9.1.6) Gecko/20091201 Firefox/3.5.6 Opera 11.00"
2.248.212.81 - - [10/Dec/2015:01:08:29 +0400] "GET /id47091 HTTP/1.1" 200 10810 "-" "Mozilla/5.0 (Linux; Android 5.0.2; D5503 Build/14.5.A.0.270) AppleWebKit/537.36 (KHTML, like Gecko) Chrome/44.0.2403.133 Mobile Safari/537.36"
46.237.18.225 - - [10/Dec/2015:01:08:29 +0400] "GET /id54566 HTTP/1.1" 200 28843 "-" "Mozilla/5.0 (Linux; Android 4.2.2; pad_d85 Build/JDQ39) AppleWebKit/537.36 (KHTML, like Gecko) Chrome/43.0.2357.93 Safari/537.36"
185.27.226.96 - - [10/Dec/2015:01:08:29 +0400] "GET /id11297 HTTP/1.1" 200 26600 "-" "Mozilla/5.0 (Windows NT 5.1; U; de; rv:1.9.1.6) Gecko/20091201 Firefox/3.5.6 Opera 11.00"
195.72.191.47 - - [10/Dec/2015:01:08:29 +0400] "GET /id40181 HTTP/1.1" 200 8444 "-" "Mozilla/5.0 (Linux; Android 5.0.1; SM-N910V Build/LRX22C) AppleWebKit/537.36 (KHTML, like Gecko) Chrome/44.0.2403.133 Mobile Safari/537.36"
89.33.254.93 - - [10/Dec/2015:01:08:30 +0400] "GET / HTTP/1.1" 200 31381 "-" "Mozilla/5.0 (Windows NT 6.0) AppleWebKit/537.36 (KHTML, like Gecko) Chrome/45.0.2454.85 Safari/537.36"
89.33.254.93 - - [10/Dec/2015:01:08:30 +0400] "GET /favicon.ico HTTP/1.1" 404 0 "-" "Mozilla/5.0 (Windows NT 6.0) AppleWebKit/537.36 (KHTML, like Gecko) Chrome/45.0.2454.85 Safari/537.36"
217.12.254.203 - - [10/Dec/2015:01:08:30 +0400] "GET /id46476 HTTP/1.1" 200 9702 "-" "Mozilla/5.0 (Windows NT 6.1) AppleWebKit/537.36 (KHTML, like Gecko) Chrome/45.0.2454.99 Safari/537.36"
185.27.226.96 - - [10/Dec/2015:01:08:30 +0400] "GET /id85160 HTTP/1.1" 200 31065 "-" "Mozilla/5.0 (Windows NT 5.1; U; de; rv:1.9.1.6) Gecko/20091201 Firefox/3.5.6 Opera 11.00"
89.33.254.93 - - [10/Dec/2015:01:08:30 +0400] "GET /id83247 HTTP/1.1" 200 22477 "-" "Mozilla/5.0 (Windows NT 6.0) AppleWebKit/537.36 (KHTML, like Gecko) Chrome/45.0.2454.85 Safari/537.36"
213.241.250.250 - - [10/Dec/2015:01:08:30 +0400] "GET /id66502 HTTP/1.1" 200 18587 "-" "Mozilla/5.0 (Windows NT 6.1; Trident/7.0; tb-webde/2.5.1; rv:11.0) like Gecko"
185.14.179.212 - - [10/Dec/2015:01:08:30 +0400] "GET /id19424 HTTP/1.1" 200 24238 "-" "Mozilla/5.0 (Windows NT 10.0; WOW64) AppleWebKit/537.36 (KHTML, like Gecko) Chrome/45.0.2454.99 Safari/537.36"
90.228.146.233 - - [10/Dec/2015:01:08:31 +0400] "GET /id59403 HTTP/1.1" 200 29696 "-" "Mozilla/5.0 (Windows NT 5.1; U; de; rv:1.9.1.6) Gecko/20091201 Firefox/3.5.6 Opera 11.00"
217.12.254.203 - - [10/Dec/2015:01:08:31 +0400] "GET /id37626 HTTP/1.1" 200 22197 "-" "Mozilla/5.0 (Windows NT 6.1) AppleWebKit/537.36 (KHTML, like Gecko) Chrome/45.0.2454.99 Safari/537.36"
23.59.47.129 - - [10/Dec/2015:01:08:32 +0400] "GET /id30447 HTTP/1.1" 200 24897 "-" "Mozilla/5.0 (Windows NT 10.0; WOW64) AppleWebKit/537.36 (KHTML, like Gecko) Chrome/45.0.2454.99 Safari/537.36"
185.27.226.96 - - [10/Dec/2015:01:08:33 +0400] "GET /id15613 HTTP/1.1" 200 14596 "-" "Mozilla/5.0 (Windows NT 5.1; U; de; rv:1.9.1.6) Gecko/20091201 Firefox/3.5.6 Opera 11.00"
193.148.44.56 - - [10/Dec/2015:01:08:33 +0400] "GET / HTTP/1.1" 200 22700 "-" "Mozilla/5.0 (Windows NT 6.0) AppleWebKit/537.36 (KHTML, like Gecko) Chrome/41.0.2272.118 Safari/537.36"
193.148.44.56 - - [10/Dec/2015:01:08:33 +0400] "GET /favicon.ico HTTP/1.1" 404 0 "-" "Mozilla/5.0 (Windows NT 6.0) AppleWebKit/537.36 (KHTML, like Gecko) Chrome/41.0.2272.118 Safari/537.36"
185.14.179.212 - - [10/Dec/2015:01:08:34 +0400] "GET /id77451 HTTP/1.1" 200 22651 "-" "Mozilla/5.0 (Windows NT 10.0; WOW64) AppleWebKit/537.36 (KHTML, like Gecko) Chrome/45.0.2454.99 Safari/537.36"
195.248.248.247 - - [10/Dec/2015:01:08:34 +0400] "GET / HTTP/1.1" 200 29783 "-" "Mozilla/5.0 (Windows NT 6.1) AppleWebKit/537.36 (KHTML, like Gecko) Chrome/43.0.2357.130 Safari/537.36 OPR/30.0.1835.125"
195.248.248.247 - - [10/Dec/2015:01:08:34 +0400] "GET /favicon.ico HTTP/1.1" 404 0 "-" "Mozilla/5.0 (Windows NT 6.1) AppleWebKit/537.36 (KHTML, like Gecko) Chrome/43.0.2357.130 Safari/537.36 OPR/30.0.1835.125"
2.248.212.81 - - [10/Dec/2015:01:08:34 +0400] "GET /id72072 HTTP/1.1" 200 19359 "-" "Mozilla/5.0 (Linux; Android 5.0.2; D5503 Build/14.5.A.0.270) AppleWebKit/537.36 (KHTML, like Gecko) Chrome/44.0.2403.133 Mobile Safari/537.36"
217.12.254.203 - - [10/Dec/2015:01:08:34 +0400] "GET /id16538 HTTP/1.1" 200 23974 "-" "Mozilla/5.0 (Windows NT 6.1) AppleWebKit/537.36 (KHTML, like Gecko) Chrome/45.0.2454.99 Safari/537.36"
89.33.254.93 - - [10/Dec/2015:01:08:36 +0400] "GET /id18007 HTTP/1.1" 200 15985 "-" "Mozilla/5.0 (Windows NT 6.0) AppleWebKit/537.36 (KHTML, like Gecko) Chrome/45.0.2454.85 Safari/537.36"
185.14.179.212 - - [10/Dec/2015:01:08:36 +0400] "GET /id74115 HTTP/1.1" 200 24149 "-" "Mozilla/5.0 (Windows NT 10.0; WOW64) AppleWebKit/537.36 (KHTML, like Gecko) Chrome/45.0.2454.99 Safari/537.36"
193.57.205.229 - - [10/Dec/2015:01:08:36 +0400] "GET /id64928 HTTP/1.1" 200 25612 "-" "Mozilla/5.0 (Linux; Android 4.2.2; pad_d85 Build/JDQ39) AppleWebKit/537.36 (KHTML, like Gecko) Chrome/43.0.2357.93 Safari/537.36"
91.219.22.248 - - [10/Dec/2015:01:08:36 +0400] "GET /id83780 HTTP/1.1" 200 18722 "-" "Mozilla/5.0 (Macintosh; Intel Mac OS X 10_7_5) AppleWebKit/537.36 (KHTML, like Gecko) Chrome/44.0.2403.130 Safari/537.36"
91.237.212.162 - - [10/Dec/2015:01:08:36 +0400] "GET / HTTP/1.1" 200 19657 "-" "Mozilla/5.0 (Macintosh; Intel Mac OS X 10_8_2) AppleWebKit/537.36 (KHTML, like Gecko) Chrome/45.0.2454.85 Safari/537.36"
91.237.212.162 - - [10/Dec/2015:01:08:36 +0400] "GET /favicon.ico HTTP/1.1" 404 0 "-" "Mozilla/5.0 (Macintosh; Intel Mac OS X 10_8_2) AppleWebKit/537.36 (KHTML, like Gecko) Chrome/45.0.2454.85 Safari/537.36"
217.119.209.224 - - [10/Dec/2015:01:08:37 +0400] "GET /id53609 HTTP/1.1" 200 32049 "-" "Mozilla/5.0 (Windows NT 10.0; WOW64) AppleWebKit/537.36 (KHTML, like Gecko) Chrome/45.0.2454.99 Safari/537.36"
191.0.175.252 - - [10/Dec/2015:01:08:37 +0400] "GET /id67760 HTTP/1.1" 200 26862 "-" "Mozilla/5.0 (Windows NT 6.0; WOW64) AppleWebKit/537.36 (KHTML, like Gecko) Chrome/43.0.2357.132 Safari/537.36"
213.241.250.250 - - [10/Dec/2015:01:08:38 +0400] "GET /id39147 HTTP/1.1" 200 13404 "-" "Mozilla/5.0 (Windows NT 6.1; Trident/7.0; tb-webde/2.5.1; rv:11.0) like Gecko"
193.148.44.56 - - [10/Dec/2015:01:08:38 +0400] "GET /id88918 HTTP/1.1" 200 21974 "-" "Mozilla/5.0 (Windows NT 6.0) AppleWebKit/537.36 (KHTML, like Gecko) Chrome/41.0.2272.118 Safari/537.36"
195.72.191.47 - - [10/Dec/2015:01:08:38 +0400] "GET /id79418 HTTP/1.1" 200 31112 "-" "Mozilla/5.0 (Linux; Android 5.0.1; SM-N910V Build/LRX22C) AppleWebKit/537.36 (KHTML, like Gecko) Chrome/44.0.2403.133 Mobile Safari/537.36"
213.241.250.250 - - [10/Dec/2015:01:08:38 +0400] "GET /id69273 HTTP/1.1" 200 9114 "-" "Mozilla/5.0 (Windows NT 6.1; Trident/7.0; tb-webde/2.5.1; rv:11.0) like Gecko"
89.33.254.93 - - [10/Dec/2015:01:08:39 +0400] "GET /id43065 HTTP/1.1" 200 25913 "-" "Mozilla/5.0 (Windows NT 6.0) AppleWebKit/537.36 (KHTML, like Gecko) Chrome/45.0.2454.85 Safari/537.36"
194.123.164.63 - - [10/Dec/2015:01:08:39 +0400] "GET /id80729 HTTP/1.1" 200 26766 "-" "Mozilla/4.0 (compatible; MSIE 7.0; Windows NT 5.1; GTB6.5; InfoPath.1; Sleipnir/2.9.18)"
31.192.111.243 - - [10/Dec/2015:01:08:39 +0400] "GET / HTTP/1.1" 200 25614 "-" "Mozilla/5.0 (compatible; MSIE 10.0; Windows NT 6.2; WOW64; Trident/6.0; Touch; MALCJS)"
31.192.111.243 - - [10/Dec/2015:01:08:39 +0400] "GET /favicon.ico HTTP/1.1" 404 0 "-" "Mozilla/5.0 (compatible; MSIE 10.0; Windows NT 6.2; WOW64; Trident/6.0; Touch; MALCJS)"
85.239.36.132 - - [10/Dec/2015:01:08:41 +0400] "GET /id96138 HTTP/1.1" 200 16690 "-" "Mozilla/5.0 (Windows NT 6.1) AppleWebKit/537.36 (KHTML, like Gecko) Chrome/45.0.2454.99 Safari/537.36"
82.197.144.254 - - [10/Dec/2015:01:08:41 +0400] "GET /id37951 HTTP/1.1" 200 19460 "-" "Mozilla/5.0 (Windows NT 10.0; WOW64) AppleWebKit/537.36 (KHTML, like Gecko) Chrome/45.0.2454.99 Safari/537.36"
90.228.146.233 - - [10/Dec/2015:01:08:41 +0400] "GET /id85671 HTTP/1.1" 200 15867 "-" "Mozilla/5.0 (Windows NT 5.1; U; de; rv:1.9.1.6) Gecko/20091201 Firefox/3.5.6 Opera 11.00"
193.220.118.74 - - [10/Dec/2015:01:08:42 +0400] "GET /id35768 HTTP/1.1" 200 28611 "-" "Mozilla/5.0 (Windows NT 6.1) AppleWebKit/537.36 (KHTML, like Gecko) Chrome/45.0.2454.99 Safari/537.36"
31.192.111.243 - - [10/Dec/2015:01:08:42 +0400] "GET /id22049 HTTP/1.1" 200 9703 "-" "Mozilla/5.0 (compatible; MSIE 10.0; Windows NT 6.2; WOW64; Trident/6.0; Touch; MALCJS)"
178.22.194.146 - - [10/Dec/2015:01:08:42 +0400] "GET /id55479 HTTP/1.1" 200 24855 "-" "Mozilla/5.0 (Windows; U; Windows NT 5.1; en-US; rv:1.9.1.11) Gecko/20100701 Firefox/3.5.11 GTB7.1 ( .NET CLR 3.5.30729; .NET4.0C) FBSMTWB"
193.57.205.229 - - [10/Dec/2015:01:08:42 +0400] "GET /id47244 HTTP/1.1" 200 31986 "-" "Mozilla/5.0 (Linux; Android 4.2.2; pad_d85 Build/JDQ39) AppleWebKit/537.36 (KHTML, like Gecko) Chrome/43.0.2357.93 Safari/537.36"
194.123.164.63 - - [10/Dec/2015:01:08:42 +0400] "GET /id54079 HTTP/1.1" 200 32207 "-" "Mozilla/4.0 (compatible; MSIE 7.0; Windows NT 5.1; GTB6.5; InfoPath.1; Sleipnir/2.9.18)"
213.241.250.250 - - [10/Dec/2015:01:08:43 +0400] "GET /id15222 HTTP/1.1" 200 18292 "-" "Mozilla/5.0 (Windows NT 6.1; Trident/7.0; tb-webde/2.5.1; rv:11.0) like Gecko"
91.237.212.162 - - [10/Dec/2015:01:08:44 +0400] "GET /id73634 HTTP/1.1" 200 20227 "-" "Mozilla/5.0 (Macintosh; Intel Mac OS X 10_8_2) AppleWebKit/537.36 (KHTML, like Gecko) Chrome/45.0.2454.85 Safari/537.36"
23.59.47.129 - - [10/Dec/2015:01:08:44 +0400] "GET /id32406 HTTP/1.1" 200 22763 "-" "Mozilla/5.0 (Windows NT 10.0; WOW64) AppleWebKit/537.36 (KHTML, like Gecko) Chrome/45.0.2454.99 Safari/537.36"
193.57.205.229 - - [10/Dec/2015:01:08:45 +0400] "GET /id91895 HTTP/1.1" 200 29211 "-" "Mozilla/5.0 (Linux; Android 4.2.2; pad_d85 Build/JDQ39) AppleWebKit/537.36 (KHTML, like Gecko) Chrome/43.0.2357.93 Safari/537.36"
82.197.144.254 - - [10/Dec/2015:01:08:46 +0400] "GET /id70865 HTTP/1.1" 200 18369 "-" "Mozilla/5.0 (Windows NT 10.0; WOW64) AppleWebKit/537.36 (KHTML, like Gecko) Chrome/45.0.2454.99 Safari/537.36"
91.194.59.89 - - [10/Dec/2015:01:08:47 +0400] "GET /id53718 HTTP/1.1" 200 17371 "-" "Mozilla/5.0 (X11; Linux x86_64) AppleWebKit/535.1 (KHTML, like Gecko) Chrome/14.0.792.0 Safari/535.1 SUSE/14.0.792.0"
89.33.254.93 - - [10/Dec/2015:01:08:47 +0400] "GET /id75223 HTTP/1.1" 200 17072 "-" "Mozilla/5.0 (Windows NT 6.0) AppleWebKit/537.36 (KHTML, like Gecko) Chrome/45.0.2454.85 Safari/537.36"
213.163.170.165 - - [10/Dec/2015:01:08:47 +0400] "GET /id17502 HTTP/1.1" 200 32451 "-" "Mozilla/5.0 (Windows NT 6.0) AppleWebKit/537.36 (KHTML, like Gecko) Chrome/43.0.2357.132 Safari/537.36"
185.14.179.212 - - [10/Dec/2015:01:08:48 +0400] "GET /id13044 HTTP/1.1" 200 9114 "-" "Mozilla/5.0 (Windows NT 10.0; WOW64) AppleWebKit/537.36 (KHTML, like Gecko) Chrome/45.0.2454.99 Safari/537.36"
90.228.146.233 - - [10/Dec/2015:01:08:48 +0400] "GET /id96764 HTTP/1.1" 200 31164 "-" "Mozilla/5.0 (Windows NT 5.1; U; de; rv:1.9.1.6) Gecko/20091201 Firefox/3.5.6 Opera 11.00"
91.237.212.162 - - [10/Dec/2015:01:08:48 +0400] "GET /id53923 HTTP/1.1" 200 16883 "-" "Mozilla/5.0 (Macintosh; Intel Mac OS X 10_8_2) AppleWebKit/537.36 (KHTML, like Gecko) Chrome/45.0.2454.85 Safari/537.36"
193.148.44.56 - - [10/Dec/2015:01:08:49 +0400] "GET /id93214 HTTP/1.1" 200 12445 "-" "Mozilla/5.0 (Windows NT 6.0) AppleWebKit/537.36 (KHTML, like Gecko) Chrome/41.0.2272.118 Safari/537.36"
95.47.141.242 - - [10/Dec/2015:01:08:49 +0400] "GET /id60667 HTTP/1.1" 200 23377 "-" "Mozilla/5.0 (Windows NT 10.0; WOW64) AppleWebKit/537.36 (KHTML, like Gecko) Chrome/45.0.2454.99 Safari/537.36"
193.57.205.229 - - [10/Dec/2015:01:08:50 +0400] "GET /id15236 HTTP/1.1" 200 10857 "-" "Mozilla/5.0 (Linux; Android 4.2.2; pad_d85 Build/JDQ39) AppleWebKit/537.36 (KHTML, like Gecko) Chrome/43.0.2357.93 Safari/537.36"
193.220.118.74 - - [10/Dec/2015:01:08:50 +0400] "GET /id30444 HTTP/1.1" 200 15760 "-" "Mozilla/5.0 (Windows NT 6.1) AppleWebKit/537.36 (KHTML, like Gecko) Chrome/45.0.2454.99 Safari/537.36"
178.22.194.146 - - [10/Dec/2015:01:08:51 +0400] "GET /id85775 HTTP/1.1" 200 11463 "-" "Mozilla/5.0 (Windows; U; Windows NT 5.1; en-US; rv:1.9.1.11) Gecko/20100701 Firefox/3.5.11 GTB7.1 ( .NET CLR 3.5.30729; .NET4.0C) FBSMTWB"
195.72.191.47 - - [10/Dec/2015:01:08:51 +0400] "GET /id34589 HTTP/1.1" 200 20540 "-" "Mozilla/5.0 (Linux; Android 5.0.1; SM-N910V Build/LRX22C) AppleWebKit/537.36 (KHTML, like Gecko) Chrome/44.0.2403.133 Mobile Safari/537.36"
185.14.179.212 - - [10/Dec/2015:01:08:51 +0400] "GET /id71300 HTTP/1.1" 200 22854 "-" "Mozilla/5.0 (Windows NT 10.0; WOW64) AppleWebKit/537.36 (KHTML, like Gecko) Chrome/45.0.2454.99 Safari/537.36"
194.138.192.141 - - [10/Dec/2015:01:08:53 +0400] "GET /id53076 HTTP/1.1" 200 28764 "-" "Mozilla/5.0 (Windows NT 5.1; U; de; rv:1.9.1.6) Gecko/20091201 Firefox/3.5.6 Opera 11.00"
194.138.192.141 - - [10/Dec/2015:01:08:54 +0400] "GET /id95206 HTTP/1.1" 200 27636 "-" "Mozilla/5.0 (Windows NT 5.1; U; de; rv:1.9.1.6) Gecko/20091201 Firefox/3.5.6 Opera 11.00"
193.148.44.56 - - [10/Dec/2015:01:08:54 +0400] "GET /id42929 HTTP/1.1" 200 20411 "-" "Mozilla/5.0 (Windows NT 6.0) AppleWebKit/537.36 (KHTML, like Gecko) Chrome/41.0.2272.118 Safari/537.36"
91.219.22.248 - - [10/Dec/2015:01:08:54 +0400] "GET /id65741 HTTP/1.1" 200 21101 "-" "Mozilla/5.0 (Macintosh; Intel Mac OS X 10_7_5) AppleWebKit/537.36 (KHTML, like Gecko) Chrome/44.0.2403.130 Safari/537.36"
195.72.191.47 - - [10/Dec/2015:01:08:55 +0400] "GET /id27229 HTTP/1.1" 200 21297 "-" "Mozilla/5.0 (Linux; Android 5.0.1; SM-N910V Build/LRX22C) AppleWebKit/537.36 (KHTML, like Gecko) Chrome/44.0.2403.133 Mobile Safari/537.36"
213.241.250.250 - - [10/Dec/2015:01:08:57 +0400] "GET /id22469 HTTP/1.1" 200 30150 "-" "Mozilla/5.0 (Windows NT 6.1; Trident/7.0; tb-webde/2.5.1; rv:11.0) like Gecko"
195.72.191.47 - - [10/Dec/2015:01:08:57 +0400] "GET /id49893 HTTP/1.1" 200 26776 "-" "Mozilla/5.0 (Linux; Android 5.0.1; SM-N910V Build/LRX22C) AppleWebKit/537.36 (KHTML, like Gecko) Chrome/44.0.2403.133 Mobile Safari/537.36"
193.57.205.229 - - [10/Dec/2015:01:08:58 +0400] "GET /id35823 HTTP/1.1" 200 32551 "-" "Mozilla/5.0 (Linux; Android 4.2.2; pad_d85 Build/JDQ39) AppleWebKit/537.36 (KHTML, like Gecko) Chrome/43.0.2357.93 Safari/537.36"
217.119.209.224 - - [10/Dec/2015:01:08:58 +0400] "GET /id49863 HTTP/1.1" 200 10842 "-" "Mozilla/5.0 (Windows NT 10.0; WOW64) AppleWebKit/537.36 (KHTML, like Gecko) Chrome/45.0.2454.99 Safari/537.36"
195.72.191.47 - - [10/Dec/2015:01:08:59 +0400] "GET /id80878 HTTP/1.1" 200 31672 "-" "Mozilla/5.0 (Linux; Android 5.0.1; SM-N910V Build/LRX22C) AppleWebKit/537.36 (KHTML, like Gecko) Chrome/44.0.2403.133 Mobile Safari/537.36"
193.57.205.229 - - [10/Dec/2015:01:09:00 +0400] "GET /id16632 HTTP/1.1" 200 26670 "-" "Mozilla/5.0 (Linux; Android 4.2.2; pad_d85 Build/JDQ39) AppleWebKit/537.36 (KHTML, like Gecko) Chrome/43.0.2357.93 Safari/537.36"
178.22.194.146 - - [10/Dec/2015:01:09:00 +0400] "GET /id35127 HTTP/1.1" 200 17041 "-" "Mozilla/5.0 (Windows; U; Windows NT 5.1; en-US; rv:1.9.1.11) Gecko/20100701 Firefox/3.5.11 GTB7.1 ( .NET CLR 3.5.30729; .NET4.0C) FBSMTWB"
91.194.59.89 - - [10/Dec/2015:01:09:00 +0400] "GET /id51489 HTTP/1.1" 200 13125 "-" "Mozilla/5.0 (X11; Linux x86_64) AppleWebKit/535.1 (KHTML, like Gecko) Chrome/14.0.792.0 Safari/535.1 SUSE/14.0.792.0"
213.31.46.168 - - [10/Dec/2015:01:09:00 +0400] "GET /id95831 HTTP/1.1" 200 31213 "-" "Mozilla/5.0 (Linux; Android 5.0.2; SM-T535 Build/LRX22G) AppleWebKit/537.36 (KHTML, like Gecko) Chrome/45.0.2454.84 Safari/537.36"
197.157.211.62 - - [10/Dec/2015:01:09:03 +0400] "GET /index.cgi HTTP/1.1" 404 0 "-" "Mozilla/6.66"
82.197.144.254 - - [10/Dec/2015:01:09:03 +0400] "GET /id58709 HTTP/1.1" 200 22473 "-" "Mozilla/5.0 (Windows NT 10.0; WOW64) AppleWebKit/537.36 (KHTML, like Gecko) Chrome/45.0.2454.99 Safari/537.36"
212.46.221.14 - - [10/Dec/2015:01:09:04 +0400] "GET / HTTP/1.1" 200 27515 "-" "bot"
212.46.221.14 - - [10/Dec/2015:01:09:04 +0400] "GET /favicon.ico HTTP/1.1" 404 0 "-" "bot"
217.119.209.224 - - [10/Dec/2015:01:09:05 +0400] "GET /id40370 HTTP/1.1" 200 14646 "-" "Mozilla/5.0 (Windows NT 10.0; WOW64) AppleWebKit/537.36 (KHTML, like Gecko) Chrome/45.0.2454.99 Safari/537.36"
37.98.243.59 - - [10/Dec/2015:01:09:05 +0400] "GET / HTTP/1.1" 200 32422 "-" "Mozilla/5.0 (Windows NT 6.1; WOW64) AppleWebKit/537.36 (KHTML, like Gecko) Chrome/44.0.2403.155 Safari/537.36 OPR/31.0.1889.174 (Edition Campaign 67)"
37.98.243.59 - - [10/Dec/2015:01:09:05 +0400] "GET /favicon.ico HTTP/1.1" 404 0 "-" "Mozilla/5.0 (Windows NT 6.1; WOW64) AppleWebKit/537.36 (KHTML, like Gecko) Chrome/44.0.2403.155 Safari/537.36 OPR/31.0.1889.174 (Edition Campaign 67)"
46.245.169.92 - - [10/Dec/2015:01:09:05 +0400] "GET / HTTP/1.1" 200 13280 "-" "Mozilla/5.0 (Windows NT 6.3; WOW64; rv:41.0) Gecko/20100101 Firefox/41.0"
46.245.169.92 - - [10/Dec/2015:01:09:05 +0400] "GET /favicon.ico HTTP/1.1" 404 0 "-" "Mozilla/5.0 (Windows NT 6.3; WOW64; rv:41.0) Gecko/20100101 Firefox/41.0"
91.194.59.89 - - [10/Dec/2015:01:09:05 +0400] "GET /id75871 HTTP/1.1" 200 17872 "-" "Mozilla/5.0 (X11; Linux x86_64) AppleWebKit/535.1 (KHTML, like Gecko) Chrome/14.0.792.0 Safari/535.1 SUSE/14.0.792.0"
109.232.127.174 - - [10/Dec/2015:01:09:05 +0400] "GET / HTTP/1.1" 200 23079 "-" "Mozilla/5.0 (compatible; Charlotte/0.9t; +http://www.searchme.com/support/)"
109.232.127.174 - - [10/Dec/2015:01:09:05 +0400] "GET /favicon.ico HTTP/1.1" 404 0 "-" "Mozilla/5.0 (compatible; Charlotte/0.9t; +http://www.searchme.com/support/)"
46.237.18.225 - - [10/Dec/2015:01:09:06 +0400] "GET /id14720 HTTP/1.1" 200 26955 "-" "Mozilla/5.0 (Linux; Android 4.2.2; pad_d85 Build/JDQ39) AppleWebKit/537.36 (KHTML, like Gecko) Chrome/43.0.2357.93 Safari/537.36"
176.221.4.63 - - [10/Dec/2015:01:09:07 +0400] "GET / HTTP/1.1" 200 23764 "-" "Opera/9.80 (Windows NT 6.2; Win64; x64) Presto/2.12.388 Version/12.17"
176.221.4.63 - - [10/Dec/2015:01:09:07 +0400] "GET /favicon.ico HTTP/1.1" 404 0 "-" "Opera/9.80 (Windows NT 6.2; Win64; x64) Presto/2.12.388 Version/12.17"
37.237.52.155 - - [10/Dec/2015:01:09:07 +0400] "GET / HTTP/1.1" 200 12695 "-" "Mozilla/5.0 (Windows; U; Windows NT 6.0; nb-NO) AppleWebKit/533.18.1 (KHTML, like Gecko) Version/5.0.2 Safari/533.18.5"
37.237.52.155 - - [10/Dec/2015:01:09:07 +0400] "GET /favicon.ico HTTP/1.1" 404 0 "-" "Mozilla/5.0 (Windows; U; Windows NT 6.0; nb-NO) AppleWebKit/533.18.1 (KHTML, like Gecko) Version/5.0.2 Safari/533.18.5"
82.197.144.254 - - [10/Dec/2015:01:09:07 +0400] "GET /id10879 HTTP/1.1" 200 29061 "-" "Mozilla/5.0 (Windows NT 10.0; WOW64) AppleWebKit/537.36 (KHTML, like Gecko) Chrome/45.0.2454.99 Safari/537.36"
109.232.127.174 - - [10/Dec/2015:01:09:07 +0400] "GET /id49861 HTTP/1.1" 200 15482 "-" "Mozilla/5.0 (compatible; Charlotte/0.9t; +http://www.searchme.com/support/)"
95.206.131.76 - - [10/Dec/2015:01:09:07 +0400] "GET / HTTP/1.1" 200 8902 "-" "Mozilla/5.0 (Windows NT 6.1; WOW64) AppleWebKit/537.36 (KHTML, like Gecko) Chrome/44.0.2403.125 Safari/537.36 Vivaldi/1.0.233.3"
95.206.131.76 - - [10/Dec/2015:01:09:07 +0400] "GET /favicon.ico HTTP/1.1" 404 0 "-" "Mozilla/5.0 (Windows NT 6.1; WOW64) AppleWebKit/537.36 (KHTML, like Gecko) Chrome/44.0.2403.125 Safari/537.36 Vivaldi/1.0.233.3"
91.219.22.248 - - [10/Dec/2015:01:09:07 +0400] "GET /id15215 HTTP/1.1" 200 31238 "-" "Mozilla/5.0 (Macintosh; Intel Mac OS X 10_7_5) AppleWebKit/537.36 (KHTML, like Gecko) Chrome/44.0.2403.130 Safari/537.36"
46.245.169.92 - - [10/Dec/2015:01:09:07 +0400] "GET /id54303 HTTP/1.1" 200 17029 "-" "Mozilla/5.0 (Windows NT 6.3; WOW64; rv:41.0) Gecko/20100101 Firefox/41.0"
95.47.141.242 - - [10/Dec/2015:01:09:10 +0400] "GET /id13610 HTTP/1.1" 200 15691 "-" "Mozilla/5.0 (Windows NT 10.0; WOW64) AppleWebKit/537.36 (KHTML, like Gecko) Chrome/45.0.2454.99 Safari/537.36"
195.72.191.47 - - [10/Dec/2015:01:09:10 +0400] "GET /id74744 HTTP/1.1" 200 31491 "-" "Mozilla/5.0 (Linux; Android 5.0.1; SM-N910V Build/LRX22C) AppleWebKit/537.36 (KHTML, like Gecko) Chrome/44.0.2403.133 Mobile Safari/537.36"
185.14.179.212 - - [10/Dec/2015:01:09:11 +0400] "GET /id25415 HTTP/1.1" 200 23576 "-" "Mozilla/5.0 (Windows NT 10.0; WOW64) AppleWebKit/537.36 (KHTML, like Gecko) Chrome/45.0.2454.99 Safari/537.36"
109.232.127.174 - - [10/Dec/2015:01:09:11 +0400] "GET /id93311 HTTP/1.1" 200 14723 "-" "Mozilla/5.0 (compatible; Charlotte/0.9t; +http://www.searchme.com/support/)"
195.72.191.47 - - [10/Dec/2015:01:09:12 +0400] "GET /id57149 HTTP/1.1" 200 13968 "-" "Mozilla/5.0 (Linux; Android 5.0.1; SM-N910V Build/LRX22C) AppleWebKit/537.36 (KHTML, like Gecko) Chrome/44.0.2403.133 Mobile Safari/537.36"
90.228.146.233 - - [10/Dec/2015:01:09:13 +0400] "GET /id76782 HTTP/1.1" 200 28644 "-" "Mozilla/5.0 (Windows NT 5.1; U; de; rv:1.9.1.6) Gecko/20091201 Firefox/3.5.6 Opera 11.00"
46.245.169.92 - - [10/Dec/2015:01:09:13 +0400] "GET /id17838 HTTP/1.1" 200 21229 "-" "Mozilla/5.0 (Windows NT 6.3; WOW64; rv:41.0) Gecko/20100101 Firefox/41.0"
194.9.32.222 - - [10/Dec/2015:01:09:14 +0400] "GET / HTTP/1.1" 200 18096 "-" "Mozilla/5.0 (Windows NT 6.1) AppleWebKit/537.36 (KHTML, like Gecko) Chrome/38.0.2125.122 YaBrowser/14.12.2125.10034 Safari/537.36"
194.9.32.222 - - [10/Dec/2015:01:09:14 +0400] "GET /favicon.ico HTTP/1.1" 404 0 "-" "Mozilla/5.0 (Windows NT 6.1) AppleWebKit/537.36 (KHTML, like Gecko) Chrome/38.0.2125.122 YaBrowser/14.12.2125.10034 Safari/537.36"
90.232.238.181 - - [10/Dec/2015:01:09:16 +0400] "GET / HTTP/1.1" 200 8842 "-" "Mozilla/5.0 (Windows NT 6.1; WOW64; rv:34.0.5) Gecko/20100101 Firefox/34.0.5"
90.232.238.181 - - [10/Dec/2015:01:09:16 +0400] "GET /favicon.ico HTTP/1.1" 404 0 "-" "Mozilla/5.0 (Windows NT 6.1; WOW64; rv:34.0.5) Gecko/20100101 Firefox/34.0.5"
176.221.4.63 - - [10/Dec/2015:01:09:16 +0400] "GET /id55072 HTTP/1.1" 200 21591 "-" "Opera/9.80 (Windows NT 6.2; Win64; x64) Presto/2.12.388 Version/12.17"
193.116.230.206 - - [10/Dec/2015:01:09:17 +0400] "GET / HTTP/1.1" 200 15766 "-" "Mozilla/5.0 (Windows NT 10.0; WOW64) AppleWebKit/537.36 (KHTML, like Gecko) Chrome/45.0.2454.99 Safari/537.36"
193.116.230.206 - - [10/Dec/2015:01:09:17 +0400] "GET /favicon.ico HTTP/1.1" 404 0 "-" "Mozilla/5.0 (Windows NT 10.0; WOW64) AppleWebKit/537.36 (KHTML, like Gecko) Chrome/45.0.2454.99 Safari/537.36"
194.138.194.171 - - [10/Dec/2015:01:09:17 +0400] "GET / HTTP/1.1" 200 11371 "-" "Mozilla/4.0 (compatible; MSIE 8.0; Windows NT 5.1; Trident/4.0; GTB7.5; chromeframe/30.0.1599.66; .NET CLR 2.0.50727; .NET CLR 3.0.04506.648; .NET CLR 3.5.21022; InfoPath.2; .NET CLR 3.0.4506.2152; .NET CLR 3.5.30729; .NET CLR 1.1.4322; .NET4.0C; .NET4.0E; OfficeLiveConnector.1.5; OfficeLivePatch.1.3; BOIE8;ENUS)"
194.138.194.171 - - [10/Dec/2015:01:09:17 +0400] "GET /favicon.ico HTTP/1.1" 404 0 "-" "Mozilla/4.0 (compatible; MSIE 8.0; Windows NT 5.1; Trident/4.0; GTB7.5; chromeframe/30.0.1599.66; .NET CLR 2.0.50727; .NET CLR 3.0.04506.648; .NET CLR 3.5.21022; InfoPath.2; .NET CLR 3.0.4506.2152; .NET CLR 3.5.30729; .NET CLR 1.1.4322; .NET4.0C; .NET4.0E; OfficeLiveConnector.1.5; OfficeLivePatch.1.3; BOIE8;ENUS)"
191.214.60.28 - - [10/Dec/2015:01:09:17 +0400] "GET / HTTP/1.1" 200 25014 "-" "Mozilla/5.0 (Macintosh; Intel Mac OS X 10_10_5) AppleWebKit/537.36 (KHTML, like Gecko) Chrome/42.0.2311.152 YaBrowser/15.6.2311.3451 (beta) Yowser/2.0 Safari/537.36"
191.214.60.28 - - [10/Dec/2015:01:09:17 +0400] "GET /favicon.ico HTTP/1.1" 404 0 "-" "Mozilla/5.0 (Macintosh; Intel Mac OS X 10_10_5) AppleWebKit/537.36 (KHTML, like Gecko) Chrome/42.0.2311.152 YaBrowser/15.6.2311.3451 (beta) Yowser/2.0 Safari/537.36"
95.47.141.242 - - [10/Dec/2015:01:09:17 +0400] "GET /id32973 HTTP/1.1" 200 8486 "-" "Mozilla/5.0 (Windows NT 10.0; WOW64) AppleWebKit/537.36 (KHTML, like Gecko) Chrome/45.0.2454.99 Safari/537.36"
5.8.178.93 - - [10/Dec/2015:01:09:18 +0400] "GET / HTTP/1.1" 200 18027 "-" "Mozilla/5.0 (Windows NT 10.0; WOW64; rv:43.0) Gecko/20100101 Firefox/43.0"
5.8.178.93 - - [10/Dec/2015:01:09:18 +0400] "GET /favicon.ico HTTP/1.1" 404 0 "-" "Mozilla/5.0 (Windows NT 10.0; WOW64; rv:43.0) Gecko/20100101 Firefox/43.0"
91.229.185.87 - - [10/Dec/2015:01:09:19 +0400] "GET / HTTP/1.1" 200 28170 "-" "Surf/0.4.1 (X11; U; Unix; en-US) AppleWebKit/531.2+ Compatible (Safari)"
91.229.185.87 - - [10/Dec/2015:01:09:19 +0400] "GET /favicon.ico HTTP/1.1" 404 0 "-" "Surf/0.4.1 (X11; U; Unix; en-US) AppleWebKit/531.2+ Compatible (Safari)"
194.50.150.22 - - [10/Dec/2015:01:09:19 +0400] "GET / HTTP/1.1" 200 16255 "-" "Mozilla/5.0 (Macintosh; Intel Mac OS X 10_10_2) AppleWebKit/537.36 (KHTML, like Gecko) Chrome/43.0.2317.0 Safari/537.36"
194.50.150.22 - - [10/Dec/2015:01:09:19 +0400] "GET /favicon.ico HTTP/1.1" 404 0 "-" "Mozilla/5.0 (Macintosh; Intel Mac OS X 10_10_2) AppleWebKit/537.36 (KHTML, like Gecko) Chrome/43.0.2317.0 Safari/537.36"
91.194.59.89 - - [10/Dec/2015:01:09:19 +0400] "GET /id74830 HTTP/1.1" 200 26310 "-" "Mozilla/5.0 (X11; Linux x86_64) AppleWebKit/535.1 (KHTML, like Gecko) Chrome/14.0.792.0 Safari/535.1 SUSE/14.0.792.0"
95.206.131.76 - - [10/Dec/2015:01:09:19 +0400] "GET /id85522 HTTP/1.1" 200 30170 "-" "Mozilla/5.0 (Windows NT 6.1; WOW64) AppleWebKit/537.36 (KHTML, like Gecko) Chrome/44.0.2403.125 Safari/537.36 Vivaldi/1.0.233.3"
5.8.178.93 - - [10/Dec/2015:01:09:19 +0400] "GET /id45413 HTTP/1.1" 200 12989 "-" "Mozilla/5.0 (Windows NT 10.0; WOW64; rv:43.0) Gecko/20100101 Firefox/43.0"
194.36.161.110 - - [10/Dec/2015:01:09:19 +0400] "GET / HTTP/1.1" 200 10958 "-" "Mozilla/4.0 (compatible; MSIE 8.0; Windows NT 5.1; Trident/4.0; GTB6.6; .NET CLR 2.0.50727; .NET CLR 3.0.04506.30; .NET CLR 1.1.4322; .NET CLR 3.0.04506.648; InfoPath.2; .NET CLR 3.0.4506.2152; .NET CLR 3.5.30729; .NET4.0C; .NET4.0E)"
194.36.161.110 - - [10/Dec/2015:01:09:19 +0400] "GET /favicon.ico HTTP/1.1" 404 0 "-" "Mozilla/4.0 (compatible; MSIE 8.0; Windows NT 5.1; Trident/4.0; GTB6.6; .NET CLR 2.0.50727; .NET CLR 3.0.04506.30; .NET CLR 1.1.4322; .NET CLR 3.0.04506.648; InfoPath.2; .NET CLR 3.0.4506.2152; .NET CLR 3.5.30729; .NET4.0C; .NET4.0E)"
37.237.52.155 - - [10/Dec/2015:01:09:19 +0400] "GET /id65401 HTTP/1.1" 200 22493 "-" "Mozilla/5.0 (Windows; U; Windows NT 6.0; nb-NO) AppleWebKit/533.18.1 (KHTML, like Gecko) Version/5.0.2 Safari/533.18.5"
41.254.166.77 - - [10/Dec/2015:01:09:20 +0400] "GET /cgi-bin/build.cgi HTTP/1.1" 404 0 "-" "Mozilla/6.66"
90.232.238.181 - - [10/Dec/2015:01:09:20 +0400] "GET /id75910 HTTP/1.1" 200 25141 "-" "Mozilla/5.0 (Windows NT 6.1; WOW64; rv:34.0.5) Gecko/20100101 Firefox/34.0.5"
194.50.150.22 - - [10/Dec/2015:01:09:20 +0400] "GET /id25142 HTTP/1.1" 200 32450 "-" "Mozilla/5.0 (Macintosh; Intel Mac OS X 10_10_2) AppleWebKit/537.36 (KHTML, like Gecko) Chrome/43.0.2317.0 Safari/537.36"
82.197.144.254 - - [10/Dec/2015:01:09:20 +0400] "GET /id13701 HTTP/1.1" 200 32339 "-" "Mozilla/5.0 (Windows NT 10.0; WOW64) AppleWebKit/537.36 (KHTML, like Gecko) Chrome/45.0.2454.99 Safari/537.36"
90.228.146.233 - - [10/Dec/2015:01:09:20 +0400] "GET /id40988 HTTP/1.1" 200 10766 "-" "Mozilla/5.0 (Windows NT 5.1; U; de; rv:1.9.1.6) Gecko/20091201 Firefox/3.5.6 Opera 11.00"
91.240.39.44 - - [10/Dec/2015:01:09:20 +0400] "GET / HTTP/1.1" 200 13658 "-" "Mozilla/5.0 (Macintosh; Intel Mac OS X 10_10_4) AppleWebKit/537.36 (KHTML, like Gecko) Chrome/45.0.2454.93 Safari/537.36"
91.240.39.44 - - [10/Dec/2015:01:09:20 +0400] "GET /favicon.ico HTTP/1.1" 404 0 "-" "Mozilla/5.0 (Macintosh; Intel Mac OS X 10_10_4) AppleWebKit/537.36 (KHTML, like Gecko) Chrome/45.0.2454.93 Safari/537.36"
37.98.243.59 - - [10/Dec/2015:01:09:21 +0400] "GET /id73216 HTTP/1.1" 200 29672 "-" "Mozilla/5.0 (Windows NT 6.1; WOW64) AppleWebKit/537.36 (KHTML, like Gecko) Chrome/44.0.2403.155 Safari/537.36 OPR/31.0.1889.174 (Edition Campaign 67)"
217.119.209.224 - - [10/Dec/2015:01:09:21 +0400] "GET /id26923 HTTP/1.1" 200 29468 "-" "Mozilla/5.0 (Windows NT 10.0; WOW64) AppleWebKit/537.36 (KHTML, like Gecko) Chrome/45.0.2454.99 Safari/537.36"
5.8.178.93 - - [10/Dec/2015:01:09:22 +0400] "GET /id96424 HTTP/1.1" 200 14587 "-" "Mozilla/5.0 (Windows NT 10.0; WOW64; rv:43.0) Gecko/20100101 Firefox/43.0"
176.221.4.63 - - [10/Dec/2015:01:09:22 +0400] "GET /id98208 HTTP/1.1" 200 11400 "-" "Opera/9.80 (Windows NT 6.2; Win64; x64) Presto/2.12.388 Version/12.17"
193.57.205.229 - - [10/Dec/2015:01:09:22 +0400] "GET /id81056 HTTP/1.1" 200 18615 "-" "Mozilla/5.0 (Linux; Android 4.2.2; pad_d85 Build/JDQ39) AppleWebKit/537.36 (KHTML, like Gecko) Chrome/43.0.2357.93 Safari/537.36"
91.219.22.248 - - [10/Dec/2015:01:09:22 +0400] "GET /id17500 HTTP/1.1" 200 29400 "-" "Mozilla/5.0 (Macintosh; Intel Mac OS X 10_7_5) AppleWebKit/537.36 (KHTML, like Gecko) Chrome/44.0.2403.130 Safari/537.36"
146.254.31.119 - - [10/Dec/2015:01:09:22 +0400] "GET / HTTP/1.1" 200 26127 "-" "Mozilla/5.0 (Macintosh; Intel Mac OS X 10_8_5) AppleWebKit/600.8.9 (KHTML, like Gecko) Version/6.2.8 Safari/537.85.17"
146.254.31.119 - - [10/Dec/2015:01:09:22 +0400] "GET /favicon.ico HTTP/1.1" 404 0 "-" "Mozilla/5.0 (Macintosh; Intel Mac OS X 10_8_5) AppleWebKit/600.8.9 (KHTML, like Gecko) Version/6.2.8 Safari/537.85.17"
46.245.169.92 - - [10/Dec/2015:01:09:22 +0400] "GET /id66847 HTTP/1.1" 200 16894 "-" "Mozilla/5.0 (Windows NT 6.3; WOW64; rv:41.0) Gecko/20100101 Firefox/41.0"
109.232.127.174 - - [10/Dec/2015:01:09:22 +0400] "GET /id38362 HTTP/1.1" 200 9321 "-" "Mozilla/5.0 (compatible; Charlotte/0.9t; +http://www.searchme.com/support/)"
185.43.196.37 - - [10/Dec/2015:01:09:22 +0400] "GET / HTTP/1.1" 200 27597 "-" "Mozilla/5.0 (Windows NT 10.0; WOW64) AppleWebKit/537.36 (KHTML, like Gecko) Chrome/45.0.2454.99 Safari/537.36"
185.43.196.37 - - [10/Dec/2015:01:09:22 +0400] "GET /favicon.ico HTTP/1.1" 404 0 "-" "Mozilla/5.0 (Windows NT 10.0; WOW64) AppleWebKit/537.36 (KHTML, like Gecko) Chrome/45.0.2454.99 Safari/537.36"
193.116.230.206 - - [10/Dec/2015:01:09:23 +0400] "GET /id49932 HTTP/1.1" 200 22834 "-" "Mozilla/5.0 (Windows NT 10.0; WOW64) AppleWebKit/537.36 (KHTML, like Gecko) Chrome/45.0.2454.99 Safari/537.36"
176.221.4.63 - - [10/Dec/2015:01:09:23 +0400] "GET /id12618 HTTP/1.1" 200 11090 "-" "Opera/9.80 (Windows NT 6.2; Win64; x64) Presto/2.12.388 Version/12.17"
91.229.185.87 - - [10/Dec/2015:01:09:23 +0400] "GET /id98419 HTTP/1.1" 200 14330 "-" "Surf/0.4.1 (X11; U; Unix; en-US) AppleWebKit/531.2+ Compatible (Safari)"
146.254.31.119 - - [10/Dec/2015:01:09:24 +0400] "GET /id24728 HTTP/1.1" 200 22846 "-" "Mozilla/5.0 (Macintosh; Intel Mac OS X 10_8_5) AppleWebKit/600.8.9 (KHTML, like Gecko) Version/6.2.8 Safari/537.85.17"
185.43.196.37 - - [10/Dec/2015:01:09:24 +0400] "GET /id46575 HTTP/1.1" 200 17688 "-" "Mozilla/5.0 (Windows NT 10.0; WOW64) AppleWebKit/537.36 (KHTML, like Gecko) Chrome/45.0.2454.99 Safari/537.36"
46.245.169.92 - - [10/Dec/2015:01:09:24 +0400] "GET /id21174 HTTP/1.1" 200 24219 "-" "Mozilla/5.0 (Windows NT 6.3; WOW64; rv:41.0) Gecko/20100101 Firefox/41.0"
185.14.179.212 - - [10/Dec/2015:01:09:24 +0400] "GET /id98004 HTTP/1.1" 200 20104 "-" "Mozilla/5.0 (Windows NT 10.0; WOW64) AppleWebKit/537.36 (KHTML, like Gecko) Chrome/45.0.2454.99 Safari/537.36"
185.43.196.37 - - [10/Dec/2015:01:09:25 +0400] "GET /id40030 HTTP/1.1" 200 20754 "-" "Mozilla/5.0 (Windows NT 10.0; WOW64) AppleWebKit/537.36 (KHTML, like Gecko) Chrome/45.0.2454.99 Safari/537.36"
95.206.131.76 - - [10/Dec/2015:01:09:25 +0400] "GET /id85647 HTTP/1.1" 200 19439 "-" "Mozilla/5.0 (Windows NT 6.1; WOW64) AppleWebKit/537.36 (KHTML, like Gecko) Chrome/44.0.2403.125 Safari/537.36 Vivaldi/1.0.233.3"
195.43.69.232 - - [10/Dec/2015:01:09:25 +0400] "GET / HTTP/1.1" 200 17532 "-" "Mozilla/5.0 (Windows NT 6.3; WOW64) AppleWebKit/537.36 (KHTML, like Gecko) Chrome/45.0.2454.99 Safari/537.36"
195.43.69.232 - - [10/Dec/2015:01:09:25 +0400] "GET /favicon.ico HTTP/1.1" 404 0 "-" "Mozilla/5.0 (Windows NT 6.3; WOW64) AppleWebKit/537.36 (KHTML, like Gecko) Chrome/45.0.2454.99 Safari/537.36"
109.232.127.174 - - [10/Dec/2015:01:09:25 +0400] "GET /id99613 HTTP/1.1" 200 24146 "-" "Mozilla/5.0 (compatible; Charlotte/0.9t; +http://www.searchme.com/support/)"
146.254.31.119 - - [10/Dec/2015:01:09:26 +0400] "GET /id11419 HTTP/1.1" 200 26321 "-" "Mozilla/5.0 (Macintosh; Intel Mac OS X 10_8_5) AppleWebKit/600.8.9 (KHTML, like Gecko) Version/6.2.8 Safari/537.85.17"
195.43.69.232 - - [10/Dec/2015:01:09:26 +0400] "GET /id31807 HTTP/1.1" 200 12447 "-" "Mozilla/5.0 (Windows NT 6.3; WOW64) AppleWebKit/537.36 (KHTML, like Gecko) Chrome/45.0.2454.99 Safari/537.36"
95.47.141.242 - - [10/Dec/2015:01:09:27 +0400] "GET /id82423 HTTP/1.1" 200 20205 "-" "Mozilla/5.0 (Windows NT 10.0; WOW64) AppleWebKit/537.36 (KHTML, like Gecko) Chrome/45.0.2454.99 Safari/537.36"
194.138.194.171 - - [10/Dec/2015:01:09:27 +0400] "GET /id63073 HTTP/1.1" 200 14424 "-" "Mozilla/4.0 (compatible; MSIE 8.0; Windows NT 5.1; Trident/4.0; GTB7.5; chromeframe/30.0.1599.66; .NET CLR 2.0.50727; .NET CLR 3.0.04506.648; .NET CLR 3.5.21022; InfoPath.2; .NET CLR 3.0.4506.2152; .NET CLR 3.5.30729; .NET CLR 1.1.4322; .NET4.0C; .NET4.0E; OfficeLiveConnector.1.5; OfficeLivePatch.1.3; BOIE8;ENUS)"
5.8.178.93 - - [10/Dec/2015:01:09:27 +0400] "GET /id39689 HTTP/1.1" 200 18280 "-" "Mozilla/5.0 (Windows NT 10.0; WOW64; rv:43.0) Gecko/20100101 Firefox/43.0"
193.57.205.229 - - [10/Dec/2015:01:09:28 +0400] "GET /id77120 HTTP/1.1" 200 19692 "-" "Mozilla/5.0 (Linux; Android 4.2.2; pad_d85 Build/JDQ39) AppleWebKit/537.36 (KHTML, like Gecko) Chrome/43.0.2357.93 Safari/537.36"
95.47.141.242 - - [10/Dec/2015:01:09:29 +0400] "GET /id18383 HTTP/1.1" 200 25729 "-" "Mozilla/5.0 (Windows NT 10.0; WOW64) AppleWebKit/537.36 (KHTML, like Gecko) Chrome/45.0.2454.99 Safari/537.36"
46.245.169.92 - - [10/Dec/2015:01:09:29 +0400] "GET /id68936 HTTP/1.1" 200 29265 "-" "Mozilla/5.0 (Windows NT 6.3; WOW64; rv:41.0) Gecko/20100101 Firefox/41.0"
146.254.31.119 - - [10/Dec/2015:01:09:29 +0400] "GET /id29571 HTTP/1.1" 200 9032 "-" "Mozilla/5.0 (Macintosh; Intel Mac OS X 10_8_5) AppleWebKit/600.8.9 (KHTML, like Gecko) Version/6.2.8 Safari/537.85.17"
94.23.206.198 - - [10/Dec/2015:01:09:29 +0400] "GET / HTTP/1.1" 200 12534 "-" "Mozilla/4.0 (compatible; MSIE 7.0; Windows NT 6.1; WOW64; Trident/5.0; SLCC2; .NET CLR 2.0.50727; .NET CLR 3.5.30729; .NET CLR 3.0.30729; Media Center PC 6.0; MDDC; .NET4.0C; BRI/1; Creative AutoUpdate v1.40.03)"
94.23.206.198 - - [10/Dec/2015:01:09:29 +0400] "GET /favicon.ico HTTP/1.1" 404 0 "-" "Mozilla/4.0 (compatible; MSIE 7.0; Windows NT 6.1; WOW64; Trident/5.0; SLCC2; .NET CLR 2.0.50727; .NET CLR 3.5.30729; .NET CLR 3.0.30729; Media Center PC 6.0; MDDC; .NET4.0C; BRI/1; Creative AutoUpdate v1.40.03)"
109.252.0.105 - - [10/Dec/2015:01:09:30 +0400] "GET / HTTP/1.1" 200 26530 "-" "Mozilla/5.0 (Windows NT 6.1) AppleWebKit/537.36 (KHTML, like Gecko) Chrome/45.0.2454.99 Safari/537.36"
109.252.0.105 - - [10/Dec/2015:01:09:30 +0400] "GET /favicon.ico HTTP/1.1" 404 0 "-" "Mozilla/5.0 (Windows NT 6.1) AppleWebKit/537.36 (KHTML, like Gecko) Chrome/45.0.2454.99 Safari/537.36"
91.194.59.89 - - [10/Dec/2015:01:09:30 +0400] "GET /id53070 HTTP/1.1" 200 16448 "-" "Mozilla/5.0 (X11; Linux x86_64) AppleWebKit/535.1 (KHTML, like Gecko) Chrome/14.0.792.0 Safari/535.1 SUSE/14.0.792.0"
194.138.194.171 - - [10/Dec/2015:01:09:30 +0400] "GET /id29707 HTTP/1.1" 200 19175 "-" "Mozilla/4.0 (compatible; MSIE 8.0; Windows NT 5.1; Trident/4.0; GTB7.5; chromeframe/30.0.1599.66; .NET CLR 2.0.50727; .NET CLR 3.0.04506.648; .NET CLR 3.5.21022; InfoPath.2; .NET CLR 3.0.4506.2152; .NET CLR 3.5.30729; .NET CLR 1.1.4322; .NET4.0C; .NET4.0E; OfficeLiveConnector.1.5; OfficeLivePatch.1.3; BOIE8;ENUS)"
146.254.31.119 - - [10/Dec/2015:01:09:31 +0400] "GET /id32549 HTTP/1.1" 200 30395 "-" "Mozilla/5.0 (Macintosh; Intel Mac OS X 10_8_5) AppleWebKit/600.8.9 (KHTML, like Gecko) Version/6.2.8 Safari/537.85.17"
109.252.0.105 - - [10/Dec/2015:01:09:32 +0400] "GET /id74383 HTTP/1.1" 200 10805 "-" "Mozilla/5.0 (Windows NT 6.1) AppleWebKit/537.36 (KHTML, like Gecko) Chrome/45.0.2454.99 Safari/537.36"
91.229.185.87 - - [10/Dec/2015:01:09:32 +0400] "GET /id54865 HTTP/1.1" 200 23800 "-" "Surf/0.4.1 (X11; U; Unix; en-US) AppleWebKit/531.2+ Compatible (Safari)"
91.219.22.248 - - [10/Dec/2015:01:09:32 +0400] "GET /id90571 HTTP/1.1" 200 19382 "-" "Mozilla/5.0 (Macintosh; Intel Mac OS X 10_7_5) AppleWebKit/537.36 (KHTML, like Gecko) Chrome/44.0.2403.130 Safari/537.36"
212.46.221.14 - - [10/Dec/2015:01:09:32 +0400] "GET /id88955 HTTP/1.1" 200 29427 "-" "bot"
109.252.0.105 - - [10/Dec/2015:01:09:33 +0400] "GET /id38224 HTTP/1.1" 200 29023 "-" "Mozilla/5.0 (Windows NT 6.1) AppleWebKit/537.36 (KHTML, like Gecko) Chrome/45.0.2454.99 Safari/537.36"
82.197.144.254 - - [10/Dec/2015:01:09:33 +0400] "GET /id42346 HTTP/1.1" 200 25301 "-" "Mozilla/5.0 (Windows NT 10.0; WOW64) AppleWebKit/537.36 (KHTML, like Gecko) Chrome/45.0.2454.99 Safari/537.36"
194.138.194.171 - - [10/Dec/2015:01:09:35 +0400] "GET /id16816 HTTP/1.1" 200 23152 "-" "Mozilla/4.0 (compatible; MSIE 8.0; Windows NT 5.1; Trident/4.0; GTB7.5; chromeframe/30.0.1599.66; .NET CLR 2.0.50727; .NET CLR 3.0.04506.648; .NET CLR 3.5.21022; InfoPath.2; .NET CLR 3.0.4506.2152; .NET CLR 3.5.30729; .NET CLR 1.1.4322; .NET4.0C; .NET4.0E; OfficeLiveConnector.1.5; OfficeLivePatch.1.3; BOIE8;ENUS)"
95.213.89.203 - - [10/Dec/2015:01:09:35 +0400] "GET / HTTP/1.1" 200 8608 "-" "Mozilla/4.0 (compatible; MSIE 7.0; Windows NT 5.1; Trident/4.0; Orange 7.4 ; NaviWoo1.1; .NET CLR 1.1.4322)"
95.213.89.203 - - [10/Dec/2015:01:09:35 +0400] "GET /favicon.ico HTTP/1.1" 404 0 "-" "Mozilla/4.0 (compatible; MSIE 7.0; Windows NT 5.1; Trident/4.0; Orange 7.4 ; NaviWoo1.1; .NET CLR 1.1.4322)"
212.46.221.14 - - [10/Dec/2015:01:09:37 +0400] "GET /id58618 HTTP/1.1" 200 14479 "-" "bot"
176.221.4.63 - - [10/Dec/2015:01:09:37 +0400] "GET /id41314 HTTP/1.1" 200 16213 "-" "Opera/9.80 (Windows NT 6.2; Win64; x64) Presto/2.12.388 Version/12.17"
176.221.4.63 - - [10/Dec/2015:01:09:38 +0400] "GET /id76539 HTTP/1.1" 200 30575 "-" "Opera/9.80 (Windows NT 6.2; Win64; x64) Presto/2.12.388 Version/12.17"
195.72.191.47 - - [10/Dec/2015:01:09:38 +0400] "GET /id23589 HTTP/1.1" 200 28477 "-" "Mozilla/5.0 (Linux; Android 5.0.1; SM-N910V Build/LRX22C) AppleWebKit/537.36 (KHTML, like Gecko) Chrome/44.0.2403.133 Mobile Safari/537.36"
185.14.179.212 - - [10/Dec/2015:01:09:38 +0400] "GET /id61217 HTTP/1.1" 200 31769 "-" "Mozilla/5.0 (Windows NT 10.0; WOW64) AppleWebKit/537.36 (KHTML, like Gecko) Chrome/45.0.2454.99 Safari/537.36"
94.23.206.198 - - [10/Dec/2015:01:09:38 +0400] "GET /id70636 HTTP/1.1" 200 31909 "-" "Mozilla/4.0 (compatible; MSIE 7.0; Windows NT 6.1; WOW64; Trident/5.0; SLCC2; .NET CLR 2.0.50727; .NET CLR 3.5.30729; .NET CLR 3.0.30729; Media Center PC 6.0; MDDC; .NET4.0C; BRI/1; Creative AutoUpdate v1.40.03)"
90.232.238.181 - - [10/Dec/2015:01:09:38 +0400] "GET /id77075 HTTP/1.1" 200 8850 "-" "Mozilla/5.0 (Windows NT 6.1; WOW64; rv:34.0.5) Gecko/20100101 Firefox/34.0.5"
194.138.194.171 - - [10/Dec/2015:01:09:41 +0400] "GET /id84413 HTTP/1.1" 200 27632 "-" "Mozilla/4.0 (compatible; MSIE 8.0; Windows NT 5.1; Trident/4.0; GTB7.5; chromeframe/30.0.1599.66; .NET CLR 2.0.50727; .NET CLR 3.0.04506.648; .NET CLR 3.5.21022; InfoPath.2; .NET CLR 3.0.4506.2152; .NET CLR 3.5.30729; .NET CLR 1.1.4322; .NET4.0C; .NET4.0E; OfficeLiveConnector.1.5; OfficeLivePatch.1.3; BOIE8;ENUS)"
90.232.238.181 - - [10/Dec/2015:01:09:42 +0400] "GET /id84180 HTTP/1.1" 200 26956 "-" "Mozilla/5.0 (Windows NT 6.1; WOW64; rv:34.0.5) Gecko/20100101 Firefox/34.0.5"
95.213.89.203 - - [10/Dec/2015:01:09:42 +0400] "GET /id62151 HTTP/1.1" 200 32023 "-" "Mozilla/4.0 (compatible; MSIE 7.0; Windows NT 5.1; Trident/4.0; Orange 7.4 ; NaviWoo1.1; .NET CLR 1.1.4322)"
91.194.59.89 - - [10/Dec/2015:01:09:42 +0400] "GET /id42765 HTTP/1.1" 200 19354 "-" "Mozilla/5.0 (X11; Linux x86_64) AppleWebKit/535.1 (KHTML, like Gecko) Chrome/14.0.792.0 Safari/535.1 SUSE/14.0.792.0"
178.22.194.146 - - [10/Dec/2015:01:09:43 +0400] "GET /id59942 HTTP/1.1" 200 9084 "-" "Mozilla/5.0 (Windows; U; Windows NT 5.1; en-US; rv:1.9.1.11) Gecko/20100701 Firefox/3.5.11 GTB7.1 ( .NET CLR 3.5.30729; .NET4.0C) FBSMTWB"
185.43.196.37 - - [10/Dec/2015:01:09:43 +0400] "GET /id89114 HTTP/1.1" 200 9482 "-" "Mozilla/5.0 (Windows NT 10.0; WOW64) AppleWebKit/537.36 (KHTML, like Gecko) Chrome/45.0.2454.99 Safari/537.36"
213.9.183.20 - - [10/Dec/2015:01:09:44 +0400] "GET / HTTP/1.1" 200 28890 "-" "Mozilla/4.0 (compatible; MSIE 7.0; Windows NT 6.0; GTB7.1; SLCC1; .NET CLR 2.0.50727; Media Center PC 5.0; YTB730; .NET CLR 3.5.30729; .NET CLR 3.0.30618)"
213.9.183.20 - - [10/Dec/2015:01:09:44 +0400] "GET /favicon.ico HTTP/1.1" 404 0 "-" "Mozilla/4.0 (compatible; MSIE 7.0; Windows NT 6.0; GTB7.1; SLCC1; .NET CLR 2.0.50727; Media Center PC 5.0; YTB730; .NET CLR 3.5.30729; .NET CLR 3.0.30618)"
91.219.22.248 - - [10/Dec/2015:01:09:45 +0400] "GET /id64980 HTTP/1.1" 200 22214 "-" "Mozilla/5.0 (Macintosh; Intel Mac OS X 10_7_5) AppleWebKit/537.36 (KHTML, like Gecko) Chrome/44.0.2403.130 Safari/537.36"
195.43.69.232 - - [10/Dec/2015:01:09:45 +0400] "GET /id57753 HTTP/1.1" 200 31568 "-" "Mozilla/5.0 (Windows NT 6.3; WOW64) AppleWebKit/537.36 (KHTML, like Gecko) Chrome/45.0.2454.99 Safari/537.36"
94.23.206.198 - - [10/Dec/2015:01:09:45 +0400] "GET /id15842 HTTP/1.1" 200 27647 "-" "Mozilla/4.0 (compatible; MSIE 7.0; Windows NT 6.1; WOW64; Trident/5.0; SLCC2; .NET CLR 2.0.50727; .NET CLR 3.5.30729; .NET CLR 3.0.30729; Media Center PC 6.0; MDDC; .NET4.0C; BRI/1; Creative AutoUpdate v1.40.03)"
176.221.4.63 - - [10/Dec/2015:01:09:46 +0400] "GET /id15767 HTTP/1.1" 200 20514 "-" "Opera/9.80 (Windows NT 6.2; Win64; x64) Presto/2.12.388 Version/12.17"
46.245.169.92 - - [10/Dec/2015:01:09:46 +0400] "GET /id26182 HTTP/1.1" 200 31027 "-" "Mozilla/5.0 (Windows NT 6.3; WOW64; rv:41.0) Gecko/20100101 Firefox/41.0"
195.72.191.47 - - [10/Dec/2015:01:09:47 +0400] "GET /id65007 HTTP/1.1" 200 17915 "-" "Mozilla/5.0 (Linux; Android 5.0.1; SM-N910V Build/LRX22C) AppleWebKit/537.36 (KHTML, like Gecko) Chrome/44.0.2403.133 Mobile Safari/537.36"
95.47.141.242 - - [10/Dec/2015:01:09:47 +0400] "GET /id17430 HTTP/1.1" 200 31246 "-" "Mozilla/5.0 (Windows NT 10.0; WOW64) AppleWebKit/537.36 (KHTML, like Gecko) Chrome/45.0.2454.99 Safari/537.36"
95.47.141.242 - - [10/Dec/2015:01:09:47 +0400] "GET /id64461 HTTP/1.1" 200 21887 "-" "Mozilla/5.0 (Windows NT 10.0; WOW64) AppleWebKit/537.36 (KHTML, like Gecko) Chrome/45.0.2454.99 Safari/537.36"
46.245.169.92 - - [10/Dec/2015:01:09:47 +0400] "GET /id34555 HTTP/1.1" 200 24817 "-" "Mozilla/5.0 (Windows NT 6.3; WOW64; rv:41.0) Gecko/20100101 Firefox/41.0"
191.214.60.28 - - [10/Dec/2015:01:09:47 +0400] "GET /id97140 HTTP/1.1" 200 17314 "-" "Mozilla/5.0 (Macintosh; Intel Mac OS X 10_10_5) AppleWebKit/537.36 (KHTML, like Gecko) Chrome/42.0.2311.152 YaBrowser/15.6.2311.3451 (beta) Yowser/2.0 Safari/537.36"
82.197.144.254 - - [10/Dec/2015:01:09:48 +0400] "GET /id86290 HTTP/1.1" 200 12515 "-" "Mozilla/5.0 (Windows NT 10.0; WOW64) AppleWebKit/537.36 (KHTML, like Gecko) Chrome/45.0.2454.99 Safari/537.36"
176.221.4.63 - - [10/Dec/2015:01:09:49 +0400] "GET /id47089 HTTP/1.1" 200 12409 "-" "Opera/9.80 (Windows NT 6.2; Win64; x64) Presto/2.12.388 Version/12.17"
185.14.179.212 - - [10/Dec/2015:01:09:49 +0400] "GET /id29687 HTTP/1.1" 200 9709 "-" "Mozilla/5.0 (Windows NT 10.0; WOW64) AppleWebKit/537.36 (KHTML, like Gecko) Chrome/45.0.2454.99 Safari/537.36"
194.36.161.110 - - [10/Dec/2015:01:09:50 +0400] "GET /id46689 HTTP/1.1" 200 16800 "-" "Mozilla/4.0 (compatible; MSIE 8.0; Windows NT 5.1; Trident/4.0; GTB6.6; .NET CLR 2.0.50727; .NET CLR 3.0.04506.30; .NET CLR 1.1.4322; .NET CLR 3.0.04506.648; InfoPath.2; .NET CLR 3.0.4506.2152; .NET CLR 3.5.30729; .NET4.0C; .NET4.0E)"
146.254.31.119 - - [10/Dec/2015:01:09:51 +0400] "GET /id46878 HTTP/1.1" 200 15742 "-" "Mozilla/5.0 (Macintosh; Intel Mac OS X 10_8_5) AppleWebKit/600.8.9 (KHTML, like Gecko) Version/6.2.8 Safari/537.85.17"
91.194.59.89 - - [10/Dec/2015:01:09:51 +0400] "GET /id82369 HTTP/1.1" 200 18853 "-" "Mozilla/5.0 (X11; Linux x86_64) AppleWebKit/535.1 (KHTML, like Gecko) Chrome/14.0.792.0 Safari/535.1 SUSE/14.0.792.0"
95.47.141.242 - - [10/Dec/2015:01:09:51 +0400] "GET /id84050 HTTP/1.1" 200 13120 "-" "Mozilla/5.0 (Windows NT 10.0; WOW64) AppleWebKit/537.36 (KHTML, like Gecko) Chrome/45.0.2454.99 Safari/537.36"
195.72.191.47 - - [10/Dec/2015:01:09:51 +0400] "GET /id17794 HTTP/1.1" 200 23965 "-" "Mozilla/5.0 (Linux; Android 5.0.1; SM-N910V Build/LRX22C) AppleWebKit/537.36 (KHTML, like Gecko) Chrome/44.0.2403.133 Mobile Safari/537.36"
37.98.243.59 - - [10/Dec/2015:01:09:52 +0400] "GET /id15449 HTTP/1.1" 200 21688 "-" "Mozilla/5.0 (Windows NT 6.1; WOW64) AppleWebKit/537.36 (KHTML, like Gecko) Chrome/44.0.2403.155 Safari/537.36 OPR/31.0.1889.174 (Edition Campaign 67)"
90.232.238.181 - - [10/Dec/2015:01:09:52 +0400] "GET /id81120 HTTP/1.1" 200 30595 "-" "Mozilla/5.0 (Windows NT 6.1; WOW64; rv:34.0.5) Gecko/20100101 Firefox/34.0.5"
95.213.89.203 - - [10/Dec/2015:01:09:53 +0400] "GET /id86782 HTTP/1.1" 200 18450 "-" "Mozilla/4.0 (compatible; MSIE 7.0; Windows NT 5.1; Trident/4.0; Orange 7.4 ; NaviWoo1.1; .NET CLR 1.1.4322)"
95.206.131.76 - - [10/Dec/2015:01:09:53 +0400] "GET /id96182 HTTP/1.1" 200 11239 "-" "Mozilla/5.0 (Windows NT 6.1; WOW64) AppleWebKit/537.36 (KHTML, like Gecko) Chrome/44.0.2403.125 Safari/537.36 Vivaldi/1.0.233.3"
109.232.127.174 - - [10/Dec/2015:01:09:53 +0400] "GET /id81124 HTTP/1.1" 200 24623 "-" "Mozilla/5.0 (compatible; Charlotte/0.9t; +http://www.searchme.com/support/)"
178.22.194.146 - - [10/Dec/2015:01:09:53 +0400] "GET /id78007 HTTP/1.1" 200 9981 "-" "Mozilla/5.0 (Windows; U; Windows NT 5.1; en-US; rv:1.9.1.11) Gecko/20100701 Firefox/3.5.11 GTB7.1 ( .NET CLR 3.5.30729; .NET4.0C) FBSMTWB"
91.240.39.44 - - [10/Dec/2015:01:09:54 +0400] "GET /id71843 HTTP/1.1" 200 19990 "-" "Mozilla/5.0 (Macintosh; Intel Mac OS X 10_10_4) AppleWebKit/537.36 (KHTML, like Gecko) Chrome/45.0.2454.93 Safari/537.36"
46.245.169.92 - - [10/Dec/2015:01:09:54 +0400] "GET /id41679 HTTP/1.1" 200 25980 "-" "Mozilla/5.0 (Windows NT 6.3; WOW64; rv:41.0) Gecko/20100101 Firefox/41.0"
95.213.89.203 - - [10/Dec/2015:01:09:55 +0400] "GET /id45507 HTTP/1.1" 200 12957 "-" "Mozilla/4.0 (compatible; MSIE 7.0; Windows NT 5.1; Trident/4.0; Orange 7.4 ; NaviWoo1.1; .NET CLR 1.1.4322)"
91.194.59.89 - - [10/Dec/2015:01:09:57 +0400] "GET /id26792 HTTP/1.1" 200 32153 "-" "Mozilla/5.0 (X11; Linux x86_64) AppleWebKit/535.1 (KHTML, like Gecko) Chrome/14.0.792.0 Safari/535.1 SUSE/14.0.792.0"
90.232.238.181 - - [10/Dec/2015:01:09:58 +0400] "GET /id96209 HTTP/1.1" 200 20391 "-" "Mozilla/5.0 (Windows NT 6.1; WOW64; rv:34.0.5) Gecko/20100101 Firefox/34.0.5"
46.245.169.92 - - [10/Dec/2015:01:09:58 +0400] "GET /id78761 HTTP/1.1" 200 13817 "-" "Mozilla/5.0 (Windows NT 6.3; WOW64; rv:41.0) Gecko/20100101 Firefox/41.0"
185.14.179.212 - - [10/Dec/2015:01:09:58 +0400] "GET /id96411 HTTP/1.1" 200 12542 "-" "Mozilla/5.0 (Windows NT 10.0; WOW64) AppleWebKit/537.36 (KHTML, like Gecko) Chrome/45.0.2454.99 Safari/537.36"
90.232.238.181 - - [10/Dec/2015:01:09:58 +0400] "GET /id60419 HTTP/1.1" 200 22418 "-" "Mozilla/5.0 (Windows NT 6.1; WOW64; rv:34.0.5) Gecko/20100101 Firefox/34.0.5"
178.22.194.146 - - [10/Dec/2015:01:09:59 +0400] "GET /id66508 HTTP/1.1" 200 21711 "-" "Mozilla/5.0 (Windows; U; Windows NT 5.1; en-US; rv:1.9.1.11) Gecko/20100701 Firefox/3.5.11 GTB7.1 ( .NET CLR 3.5.30729; .NET4.0C) FBSMTWB"
82.197.144.254 - - [10/Dec/2015:01:09:59 +0400] "GET /id24143 HTTP/1.1" 200 27708 "-" "Mozilla/5.0 (Windows NT 10.0; WOW64) AppleWebKit/537.36 (KHTML, like Gecko) Chrome/45.0.2454.99 Safari/537.36"
213.9.183.20 - - [10/Dec/2015:01:10:00 +0400] "GET /id35509 HTTP/1.1" 200 12369 "-" "Mozilla/4.0 (compatible; MSIE 7.0; Windows NT 6.0; GTB7.1; SLCC1; .NET CLR 2.0.50727; Media Center PC 5.0; YTB730; .NET CLR 3.5.30729; .NET CLR 3.0.30618)"
191.214.60.28 - - [10/Dec/2015:01:10:00 +0400] "GET /id98553 HTTP/1.1" 200 21008 "-" "Mozilla/5.0 (Macintosh; Intel Mac OS X 10_10_5) AppleWebKit/537.36 (KHTML, like Gecko) Chrome/42.0.2311.152 YaBrowser/15.6.2311.3451 (beta) Yowser/2.0 Safari/537.36"
193.57.205.229 - - [10/Dec/2015:01:10:00 +0400] "GET /id41476 HTTP/1.1" 200 29062 "-" "Mozilla/5.0 (Linux; Android 4.2.2; pad_d85 Build/JDQ39) AppleWebKit/537.36 (KHTML, like Gecko) Chrome/43.0.2357.93 Safari/537.36"
89.107.21.54 - - [10/Dec/2015:01:10:04 +0400] "GET / HTTP/1.1" 200 12897 "-" "Mozilla/5.0 (Windows NT 6.1) AppleWebKit/537.36 (KHTML, like Gecko) Chrome/45.0.2454.99 Safari/537.36"
89.107.21.54 - - [10/Dec/2015:01:10:04 +0400] "GET /favicon.ico HTTP/1.1" 404 0 "-" "Mozilla/5.0 (Windows NT 6.1) AppleWebKit/537.36 (KHTML, like Gecko) Chrome/45.0.2454.99 Safari/537.36"
