62.128.139.184 - - [12/Dec/2015:00:36:20 +0400] "GET /id18043 HTTP/1.1" 200 19505 "-" "Mozilla/5.0 (Windows; U; Windows NT 5.1; pt-PT; rv:1.9.2.13) Gecko/20101203 Firefox/3.6.13"
193.111.176.100 - - [12/Dec/2015:00:36:20 +0400] "GET /id29428 HTTP/1.1" 200 19691 "-" "Mozilla/5.0 (Macintosh; Intel Mac OS X 10_10_5) AppleWebKit/537.36 (KHTML, like Gecko) Chrome/45.0.2454.99 Safari/537.36"
80.245.23.230 - - [12/Dec/2015:00:36:21 +0400] "GET /id22775 HTTP/1.1" 200 15813 "-" "Mozilla/5.0 (Windows NT 10.0; WOW64) AppleWebKit/537.36 (KHTML, like Gecko) Chrome/45.0.2454.99 Safari/537.36"
193.111.176.100 - - [12/Dec/2015:00:36:22 +0400] "GET /id26367 HTTP/1.1" 200 21305 "-" "Mozilla/5.0 (Macintosh; Intel Mac OS X 10_10_5) AppleWebKit/537.36 (KHTML, like Gecko) Chrome/45.0.2454.99 Safari/537.36"
191.215.142.165 - - [12/Dec/2015:00:36:22 +0400] "GET /id15948 HTTP/1.1" 200 15770 "-" "Mozilla/5.0 (Linux; Android 4.4.2; LG-V500 Build/KOT49I.V50020d) AppleWebKit/537.36 (KHTML, like Gecko) Chrome/44.0.2403.133 Safari/537.36"
46.174.119.179 - - [12/Dec/2015:00:36:23 +0400] "GET /id64050 HTTP/1.1" 200 25606 "-" "Mozilla/5.0 (Windows NT 5.1) AppleWebKit/537.36 (KHTML, like Gecko) Chrome/43.0.2357.134 Safari/537.36 u01-04"
141.1.113.4 - - [12/Dec/2015:00:36:23 +0400] "GET /id24807 HTTP/1.1" 200 27141 "-" "Mozilla/5.0 (Windows NT 5.1; U; de; rv:1.9.1.6) Gecko/20091201 Firefox/3.5.6 Opera 11.00"
85.158.91.41 - - [12/Dec/2015:00:36:23 +0400] "GET / HTTP/1.1" 200 31662 "-" "Mozilla/5.0 (Windows NT 10.0) AppleWebKit/537.36 (KHTML, like Gecko) Chrome/44.0.2403.155 Safari/537.36"
85.158.91.41 - - [12/Dec/2015:00:36:23 +0400] "GET /favicon.ico HTTP/1.1" 404 0 "-" "Mozilla/5.0 (Windows NT 10.0) AppleWebKit/537.36 (KHTML, like Gecko) Chrome/44.0.2403.155 Safari/537.36"
192.124.191.141 - - [12/Dec/2015:00:36:23 +0400] "GET /id87425 HTTP/1.1" 200 21100 "-" "Mozilla/5.0 (Windows NT 10.0; WOW64) AppleWebKit/537.36 (KHTML, like Gecko) Chrome/45.0.2454.99 Safari/537.36"
185.12.69.208 - - [12/Dec/2015:00:36:23 +0400] "GET /id32331 HTTP/1.1" 200 10134 "-" "Mozilla/5.0 (Linux; Android 4.4.2; SM-T535 Build/KOT49H) AppleWebKit/537.36 (KHTML, like Gecko) Chrome/36.0.1985.135 Safari/537.36"
91.135.145.44 - - [12/Dec/2015:00:36:23 +0400] "GET / HTTP/1.1" 200 9472 "-" "Mozilla/5.0 (X11; Linux i686) AppleWebKit/537.36 (KHTML, like Gecko) Ubuntu Chromium/44.0.2403.89 Chrome/44.0.2403.89 Safari/537.36"
91.135.145.44 - - [12/Dec/2015:00:36:23 +0400] "GET /favicon.ico HTTP/1.1" 404 0 "-" "Mozilla/5.0 (X11; Linux i686) AppleWebKit/537.36 (KHTML, like Gecko) Ubuntu Chromium/44.0.2403.89 Chrome/44.0.2403.89 Safari/537.36"
91.213.29.216 - - [12/Dec/2015:00:36:24 +0400] "GET /id59161 HTTP/1.1" 200 13515 "-" "Mozilla/4.0 (compatible; MSIE 7.0; Windows NT 5.1; Trident/4.0; GTB7.3; chromeframe/18.0.1025.142; .NET CLR 2.0.50727; .NET CLR 3.0.4506.2152; .NET CLR 3.5.30729; .NET CLR 1.1.4322)"
91.231.114.14 - - [12/Dec/2015:00:36:24 +0400] "GET / HTTP/1.1" 200 11668 "-" "Mozilla/4.0 (compatible; MSIE 8.0; Windows NT 5.1; Trident/4.0; .NET CLR 2.0.50727; InfoPath.2; .NET CLR 3.0.4506.2152; .NET CLR 3.5.30729; AskTbPTV2/5.12.2.16749)"
91.231.114.14 - - [12/Dec/2015:00:36:24 +0400] "GET /favicon.ico HTTP/1.1" 404 0 "-" "Mozilla/4.0 (compatible; MSIE 8.0; Windows NT 5.1; Trident/4.0; .NET CLR 2.0.50727; InfoPath.2; .NET CLR 3.0.4506.2152; .NET CLR 3.5.30729; AskTbPTV2/5.12.2.16749)"
195.140.143.144 - - [12/Dec/2015:00:36:24 +0400] "GET /id24446 HTTP/1.1" 200 21848 "-" "Mozilla/5.0 (X11; Linux x86_64) AppleWebKit/537.36 (KHTML, like Gecko) Chrome/44.0.2403.130 Safari/537.36"
79.98.95.43 - - [12/Dec/2015:00:36:27 +0400] "GET /id45568 HTTP/1.1" 200 31682 "-" "Mozilla/5.0 (Windows NT 10.0; WOW64; Trident/7.0; MAARJS; rv:11.0) like Gecko"
85.158.91.41 - - [12/Dec/2015:00:36:27 +0400] "GET /id35349 HTTP/1.1" 200 12600 "-" "Mozilla/5.0 (Windows NT 10.0) AppleWebKit/537.36 (KHTML, like Gecko) Chrome/44.0.2403.155 Safari/537.36"
191.215.142.165 - - [12/Dec/2015:00:36:27 +0400] "GET /id41699 HTTP/1.1" 200 20325 "-" "Mozilla/5.0 (Linux; Android 4.4.2; LG-V500 Build/KOT49I.V50020d) AppleWebKit/537.36 (KHTML, like Gecko) Chrome/44.0.2403.133 Safari/537.36"
78.65.247.143 - - [12/Dec/2015:00:36:27 +0400] "GET /id12723 HTTP/1.1" 200 30414 "-" "Mozilla/5.0 (Windows NT 6.3; WOW64) AppleWebKit/537.36 (KHTML, like Gecko) Chrome/45.0.2454.99 Safari/537.36"
79.98.95.43 - - [12/Dec/2015:00:36:27 +0400] "GET /id42876 HTTP/1.1" 200 30656 "-" "Mozilla/5.0 (Windows NT 10.0; WOW64; Trident/7.0; MAARJS; rv:11.0) like Gecko"
91.231.114.14 - - [12/Dec/2015:00:36:28 +0400] "GET /id85560 HTTP/1.1" 200 21245 "-" "Mozilla/4.0 (compatible; MSIE 8.0; Windows NT 5.1; Trident/4.0; .NET CLR 2.0.50727; InfoPath.2; .NET CLR 3.0.4506.2152; .NET CLR 3.5.30729; AskTbPTV2/5.12.2.16749)"
79.98.95.43 - - [12/Dec/2015:00:36:29 +0400] "GET /id90390 HTTP/1.1" 200 17798 "-" "Mozilla/5.0 (Windows NT 10.0; WOW64; Trident/7.0; MAARJS; rv:11.0) like Gecko"
95.130.115.149 - - [12/Dec/2015:00:36:30 +0400] "GET /id16829 HTTP/1.1" 200 22537 "-" "Mozilla/5.0 (Macintosh; Intel Mac OS X 10_10_2) AppleWebKit/537.36 (KHTML, like Gecko) Chrome/43.0.2357.65 Safari/537.36"
62.128.139.184 - - [12/Dec/2015:00:36:31 +0400] "GET /id77966 HTTP/1.1" 200 10507 "-" "Mozilla/5.0 (Windows; U; Windows NT 5.1; pt-PT; rv:1.9.2.13) Gecko/20101203 Firefox/3.6.13"
81.248.69.239 - - [12/Dec/2015:00:36:31 +0400] "GET /id52293 HTTP/1.1" 200 30916 "-" "Mozilla/4.0 (compatible; MSIE 7.0; Windows NT 6.0; WOW64; Trident/4.0; SLCC1; .NET CLR 2.0.50727; .NET CLR 3.5.30729; .NET CLR 3.0.30618; Media Center PC 5.0)"
184.31.81.234 - - [12/Dec/2015:00:36:31 +0400] "GET /id37045 HTTP/1.1" 200 19938 "-" "Mozilla/5.0 (iPad; CPU OS 9_0 like Mac OS X) AppleWebKit/600.1.4 (KHTML, like Gecko) CriOS/45.0.2454.89 Mobile/13A344 Safari/600.1.4"
93.170.186.29 - - [12/Dec/2015:00:36:32 +0400] "GET /id12765 HTTP/1.1" 200 25037 "-" "UCWEB/2.0 (MIDP-2.0; U; Adr 4.4.4; en-US; GT-I9060I) U2/1.0.0 UCBrowser/10.3.0.622 U2/1.0.0 Mobile"
129.103.251.209 - - [12/Dec/2015:00:36:33 +0400] "GET /id95382 HTTP/1.1" 200 28825 "-" "MOZILLA/5.0 (X11; LINUX X86_64) APPLEWEBKIT/537.17 (KHTML  LIKE GECKO) CHROME/24.0.1312.56 SAFARI/537.17"
91.135.145.44 - - [12/Dec/2015:00:36:33 +0400] "GET /id91068 HTTP/1.1" 200 16596 "-" "Mozilla/5.0 (X11; Linux i686) AppleWebKit/537.36 (KHTML, like Gecko) Ubuntu Chromium/44.0.2403.89 Chrome/44.0.2403.89 Safari/537.36"
46.165.203.206 - - [12/Dec/2015:00:36:33 +0400] "GET /id18694 HTTP/1.1" 200 20612 "-" "Mozilla/5.0 (Macintosh; Intel Mac OS X 10_11_0) AppleWebKit/537.36 (KHTML, like Gecko) Chrome/47.0.2508.0 Safari/537.36"
141.1.113.4 - - [12/Dec/2015:00:36:34 +0400] "GET /id88688 HTTP/1.1" 200 13604 "-" "Mozilla/5.0 (Windows NT 5.1; U; de; rv:1.9.1.6) Gecko/20091201 Firefox/3.5.6 Opera 11.00"
141.1.113.4 - - [12/Dec/2015:00:36:34 +0400] "GET /id21884 HTTP/1.1" 200 29460 "-" "Mozilla/5.0 (Windows NT 5.1; U; de; rv:1.9.1.6) Gecko/20091201 Firefox/3.5.6 Opera 11.00"
80.245.23.230 - - [12/Dec/2015:00:36:36 +0400] "GET /id20831 HTTP/1.1" 200 14603 "-" "Mozilla/5.0 (Windows NT 10.0; WOW64) AppleWebKit/537.36 (KHTML, like Gecko) Chrome/45.0.2454.99 Safari/537.36"
129.103.251.209 - - [12/Dec/2015:00:36:36 +0400] "GET /id75924 HTTP/1.1" 200 14980 "-" "MOZILLA/5.0 (X11; LINUX X86_64) APPLEWEBKIT/537.17 (KHTML  LIKE GECKO) CHROME/24.0.1312.56 SAFARI/537.17"
91.213.29.216 - - [12/Dec/2015:00:36:37 +0400] "GET /id41871 HTTP/1.1" 200 8224 "-" "Mozilla/4.0 (compatible; MSIE 7.0; Windows NT 5.1; Trident/4.0; GTB7.3; chromeframe/18.0.1025.142; .NET CLR 2.0.50727; .NET CLR 3.0.4506.2152; .NET CLR 3.5.30729; .NET CLR 1.1.4322)"
185.50.150.183 - - [12/Dec/2015:00:36:37 +0400] "GET /id84380 HTTP/1.1" 200 18434 "-" "Mozilla/5.0 (Linux; Android 5.0.2; SM-T535 Build/LRX22G) AppleWebKit/537.36 (KHTML, like Gecko) Chrome/45.0.2454.84 Safari/537.36"
62.128.139.184 - - [12/Dec/2015:00:36:37 +0400] "GET /id96805 HTTP/1.1" 200 24586 "-" "Mozilla/5.0 (Windows; U; Windows NT 5.1; pt-PT; rv:1.9.2.13) Gecko/20101203 Firefox/3.6.13"
191.215.142.165 - - [12/Dec/2015:00:36:37 +0400] "GET /id87190 HTTP/1.1" 200 14241 "-" "Mozilla/5.0 (Linux; Android 4.4.2; LG-V500 Build/KOT49I.V50020d) AppleWebKit/537.36 (KHTML, like Gecko) Chrome/44.0.2403.133 Safari/537.36"
46.165.203.206 - - [12/Dec/2015:00:36:38 +0400] "GET /id89582 HTTP/1.1" 200 10467 "-" "Mozilla/5.0 (Macintosh; Intel Mac OS X 10_11_0) AppleWebKit/537.36 (KHTML, like Gecko) Chrome/47.0.2508.0 Safari/537.36"
185.50.150.183 - - [12/Dec/2015:00:36:38 +0400] "GET /id78988 HTTP/1.1" 200 30737 "-" "Mozilla/5.0 (Linux; Android 5.0.2; SM-T535 Build/LRX22G) AppleWebKit/537.36 (KHTML, like Gecko) Chrome/45.0.2454.84 Safari/537.36"
95.210.64.190 - - [12/Dec/2015:00:36:40 +0400] "GET /id74085 HTTP/1.1" 200 11351 "-" "Mozilla/5.0 (Linux; Android 4.4.2; TAB10C8 Build/KOT49H) AppleWebKit/537.36 (KHTML, like Gecko) Version/4.0 Chrome/30.0.0.0 Safari/537.36"
197.149.184.38 - - [12/Dec/2015:00:36:41 +0400] "GET /cgi-bin/myguestbook.cgi HTTP/1.1" 404 0 "-" "Mozilla/6.66"
192.124.191.141 - - [12/Dec/2015:00:36:41 +0400] "GET /id85130 HTTP/1.1" 200 22123 "-" "Mozilla/5.0 (Windows NT 10.0; WOW64) AppleWebKit/537.36 (KHTML, like Gecko) Chrome/45.0.2454.99 Safari/537.36"
80.245.23.230 - - [12/Dec/2015:00:36:41 +0400] "GET /id15629 HTTP/1.1" 200 15313 "-" "Mozilla/5.0 (Windows NT 10.0; WOW64) AppleWebKit/537.36 (KHTML, like Gecko) Chrome/45.0.2454.99 Safari/537.36"
91.231.114.14 - - [12/Dec/2015:00:36:42 +0400] "GET /id68624 HTTP/1.1" 200 10697 "-" "Mozilla/4.0 (compatible; MSIE 8.0; Windows NT 5.1; Trident/4.0; .NET CLR 2.0.50727; InfoPath.2; .NET CLR 3.0.4506.2152; .NET CLR 3.5.30729; AskTbPTV2/5.12.2.16749)"
91.220.81.152 - - [12/Dec/2015:00:36:43 +0400] "GET /id21470 HTTP/1.1" 200 25445 "-" "Mozilla/5.0 (Windows; U; Windows NT 6.1; en-GB; rv:1.9.2.15) Gecko/20110303 AskTbCPUID/3.11.3.15590 Firefox/3.6.15"
193.150.83.179 - - [12/Dec/2015:00:36:44 +0400] "GET /id22586 HTTP/1.1" 200 16310 "-" "Mozilla/4.0 (compatible; MSIE 8.0; Windows NT 6.1; Trident/4.0; FunWebProducts; SLCC2; .NET CLR 2.0.50727; .NET CLR 3.5.30729; .NET CLR 3.0.30729; Media Center PC 6.0; InfoPath.2; Tablet PC 2.0; OfficeLiveConnector.1.5; OfficeLivePatch.1.3)"
212.73.203.216 - - [12/Dec/2015:00:36:45 +0400] "GET / HTTP/1.1" 200 12873 "-" "Mozilla/5.0 (Windows NT 10.0; WOW64) AppleWebKit/537.36 (KHTML, like Gecko) Chrome/45.0.2454.99 Safari/537.36"
212.73.203.216 - - [12/Dec/2015:00:36:45 +0400] "GET /favicon.ico HTTP/1.1" 404 0 "-" "Mozilla/5.0 (Windows NT 10.0; WOW64) AppleWebKit/537.36 (KHTML, like Gecko) Chrome/45.0.2454.99 Safari/537.36"
95.210.64.190 - - [12/Dec/2015:00:36:45 +0400] "GET /id35110 HTTP/1.1" 200 8207 "-" "Mozilla/5.0 (Linux; Android 4.4.2; TAB10C8 Build/KOT49H) AppleWebKit/537.36 (KHTML, like Gecko) Version/4.0 Chrome/30.0.0.0 Safari/537.36"
91.220.81.152 - - [12/Dec/2015:00:36:47 +0400] "GET /id44112 HTTP/1.1" 200 15912 "-" "Mozilla/5.0 (Windows; U; Windows NT 6.1; en-GB; rv:1.9.2.15) Gecko/20110303 AskTbCPUID/3.11.3.15590 Firefox/3.6.15"
185.50.150.183 - - [12/Dec/2015:00:36:48 +0400] "GET /id99075 HTTP/1.1" 200 31837 "-" "Mozilla/5.0 (Linux; Android 5.0.2; SM-T535 Build/LRX22G) AppleWebKit/537.36 (KHTML, like Gecko) Chrome/45.0.2454.84 Safari/537.36"
193.150.83.179 - - [12/Dec/2015:00:36:48 +0400] "GET /id68801 HTTP/1.1" 200 32059 "-" "Mozilla/4.0 (compatible; MSIE 8.0; Windows NT 6.1; Trident/4.0; FunWebProducts; SLCC2; .NET CLR 2.0.50727; .NET CLR 3.5.30729; .NET CLR 3.0.30729; Media Center PC 6.0; InfoPath.2; Tablet PC 2.0; OfficeLiveConnector.1.5; OfficeLivePatch.1.3)"
91.231.114.14 - - [12/Dec/2015:00:36:48 +0400] "GET /id36568 HTTP/1.1" 200 27869 "-" "Mozilla/4.0 (compatible; MSIE 8.0; Windows NT 5.1; Trident/4.0; .NET CLR 2.0.50727; InfoPath.2; .NET CLR 3.0.4506.2152; .NET CLR 3.5.30729; AskTbPTV2/5.12.2.16749)"
141.187.35.179 - - [12/Dec/2015:00:36:50 +0400] "GET / HTTP/1.1" 200 24356 "-" "Mozilla/5.0 (Windows NT 5.1) AppleWebKit/537.36 (KHTML, like Gecko) Chrome/45.0.2454.93 Safari/537.36"
141.187.35.179 - - [12/Dec/2015:00:36:50 +0400] "GET /favicon.ico HTTP/1.1" 404 0 "-" "Mozilla/5.0 (Windows NT 5.1) AppleWebKit/537.36 (KHTML, like Gecko) Chrome/45.0.2454.93 Safari/537.36"
46.174.119.179 - - [12/Dec/2015:00:36:50 +0400] "GET /id53173 HTTP/1.1" 200 24779 "-" "Mozilla/5.0 (Windows NT 5.1) AppleWebKit/537.36 (KHTML, like Gecko) Chrome/43.0.2357.134 Safari/537.36 u01-04"
83.137.241.121 - - [12/Dec/2015:00:36:51 +0400] "GET /id33701 HTTP/1.1" 200 28211 "-" "Mozilla/5.0 (Macintosh; Intel Mac OS X 10_10_5) AppleWebKit/537.36 (KHTML, like Gecko) Chrome/45.0.2454.99 Safari/537.36"
191.215.142.165 - - [12/Dec/2015:00:36:52 +0400] "GET /id22899 HTTP/1.1" 200 16861 "-" "Mozilla/5.0 (Linux; Android 4.4.2; LG-V500 Build/KOT49I.V50020d) AppleWebKit/537.36 (KHTML, like Gecko) Chrome/44.0.2403.133 Safari/537.36"
195.27.31.242 - - [12/Dec/2015:00:36:53 +0400] "GET /id98415 HTTP/1.1" 200 29270 "-" "Mozilla/5.0 (Windows NT 10.0; WOW64) AppleWebKit/537.36 (KHTML, like Gecko) Chrome/45.0.2454.99 Safari/537.36"
118.214.137.209 - - [12/Dec/2015:00:36:54 +0400] "GET / HTTP/1.1" 200 18920 "-" "Mozilla/5.0; TOB 6.11 (Windows NT 6.1; WOW64; Trident/7.0; rv:11.0) like Gecko"
118.214.137.209 - - [12/Dec/2015:00:36:54 +0400] "GET /favicon.ico HTTP/1.1" 404 0 "-" "Mozilla/5.0; TOB 6.11 (Windows NT 6.1; WOW64; Trident/7.0; rv:11.0) like Gecko"
93.170.186.29 - - [12/Dec/2015:00:36:56 +0400] "GET /id69102 HTTP/1.1" 200 24753 "-" "UCWEB/2.0 (MIDP-2.0; U; Adr 4.4.4; en-US; GT-I9060I) U2/1.0.0 UCBrowser/10.3.0.622 U2/1.0.0 Mobile"
95.130.115.149 - - [12/Dec/2015:00:36:57 +0400] "GET /id98491 HTTP/1.1" 200 18270 "-" "Mozilla/5.0 (Macintosh; Intel Mac OS X 10_10_2) AppleWebKit/537.36 (KHTML, like Gecko) Chrome/43.0.2357.65 Safari/537.36"
95.210.64.190 - - [12/Dec/2015:00:36:57 +0400] "GET /id62693 HTTP/1.1" 200 16273 "-" "Mozilla/5.0 (Linux; Android 4.4.2; TAB10C8 Build/KOT49H) AppleWebKit/537.36 (KHTML, like Gecko) Version/4.0 Chrome/30.0.0.0 Safari/537.36"
192.124.191.141 - - [12/Dec/2015:00:36:59 +0400] "GET /id87357 HTTP/1.1" 200 32398 "-" "Mozilla/5.0 (Windows NT 10.0; WOW64) AppleWebKit/537.36 (KHTML, like Gecko) Chrome/45.0.2454.99 Safari/537.36"
185.50.150.183 - - [12/Dec/2015:00:36:59 +0400] "GET /id57014 HTTP/1.1" 200 29549 "-" "Mozilla/5.0 (Linux; Android 5.0.2; SM-T535 Build/LRX22G) AppleWebKit/537.36 (KHTML, like Gecko) Chrome/45.0.2454.84 Safari/537.36"
195.27.31.242 - - [12/Dec/2015:00:36:59 +0400] "GET /id30779 HTTP/1.1" 200 27724 "-" "Mozilla/5.0 (Windows NT 10.0; WOW64) AppleWebKit/537.36 (KHTML, like Gecko) Chrome/45.0.2454.99 Safari/537.36"
77.246.60.9 - - [12/Dec/2015:00:37:00 +0400] "GET /wwwadmin.cgi HTTP/1.1" 404 0 "-" "Mozilla/6.66"
91.231.114.14 - - [12/Dec/2015:00:37:00 +0400] "GET /id49914 HTTP/1.1" 200 17316 "-" "Mozilla/4.0 (compatible; MSIE 8.0; Windows NT 5.1; Trident/4.0; .NET CLR 2.0.50727; InfoPath.2; .NET CLR 3.0.4506.2152; .NET CLR 3.5.30729; AskTbPTV2/5.12.2.16749)"
195.140.143.144 - - [12/Dec/2015:00:37:00 +0400] "GET /id80053 HTTP/1.1" 200 32486 "-" "Mozilla/5.0 (X11; Linux x86_64) AppleWebKit/537.36 (KHTML, like Gecko) Chrome/44.0.2403.130 Safari/537.36"
95.210.64.190 - - [12/Dec/2015:00:37:00 +0400] "GET /id16190 HTTP/1.1" 200 21937 "-" "Mozilla/5.0 (Linux; Android 4.4.2; TAB10C8 Build/KOT49H) AppleWebKit/537.36 (KHTML, like Gecko) Version/4.0 Chrome/30.0.0.0 Safari/537.36"
85.158.91.41 - - [12/Dec/2015:00:37:01 +0400] "GET /id58347 HTTP/1.1" 200 17268 "-" "Mozilla/5.0 (Windows NT 10.0) AppleWebKit/537.36 (KHTML, like Gecko) Chrome/44.0.2403.155 Safari/537.36"
95.46.157.198 - - [12/Dec/2015:00:37:01 +0400] "GET /id85998 HTTP/1.1" 200 8715 "-" "Mozilla/5.0 (X11; U; Linux i686; es-MX; rv:1.9.1.11) Gecko/20100819 Iceweasel/3.5.11 (like Firefox/3.5.11)"
129.103.251.209 - - [12/Dec/2015:00:37:02 +0400] "GET /id20720 HTTP/1.1" 200 27470 "-" "MOZILLA/5.0 (X11; LINUX X86_64) APPLEWEBKIT/537.17 (KHTML  LIKE GECKO) CHROME/24.0.1312.56 SAFARI/537.17"
185.50.150.183 - - [12/Dec/2015:00:37:02 +0400] "GET /id72455 HTTP/1.1" 200 24152 "-" "Mozilla/5.0 (Linux; Android 5.0.2; SM-T535 Build/LRX22G) AppleWebKit/537.36 (KHTML, like Gecko) Chrome/45.0.2454.84 Safari/537.36"
85.158.91.41 - - [12/Dec/2015:00:37:02 +0400] "GET /id15618 HTTP/1.1" 200 14190 "-" "Mozilla/5.0 (Windows NT 10.0) AppleWebKit/537.36 (KHTML, like Gecko) Chrome/44.0.2403.155 Safari/537.36"
78.65.247.143 - - [12/Dec/2015:00:37:03 +0400] "GET /id24258 HTTP/1.1" 200 29375 "-" "Mozilla/5.0 (Windows NT 6.3; WOW64) AppleWebKit/537.36 (KHTML, like Gecko) Chrome/45.0.2454.99 Safari/537.36"
91.207.181.220 - - [12/Dec/2015:00:37:04 +0400] "GET / HTTP/1.1" 200 31059 "-" "Mozilla/5.0 (Windows NT 6.1) AppleWebKit/537.36 (KHTML, like Gecko) Chrome/31.0.1650.57 Safari/537.36 OPR/18.0.1284.49"
91.207.181.220 - - [12/Dec/2015:00:37:04 +0400] "GET /favicon.ico HTTP/1.1" 404 0 "-" "Mozilla/5.0 (Windows NT 6.1) AppleWebKit/537.36 (KHTML, like Gecko) Chrome/31.0.1650.57 Safari/537.36 OPR/18.0.1284.49"
91.220.81.152 - - [12/Dec/2015:00:37:04 +0400] "GET /id63173 HTTP/1.1" 200 19828 "-" "Mozilla/5.0 (Windows; U; Windows NT 6.1; en-GB; rv:1.9.2.15) Gecko/20110303 AskTbCPUID/3.11.3.15590 Firefox/3.6.15"
2.20.245.16 - - [12/Dec/2015:00:37:05 +0400] "GET / HTTP/1.1" 200 20841 "-" "Mozilla/4.0 (compatible; MSIE 7.0; Windows NT 5.1; GTB6.6; .NET CLR 1.1.4322; .NET CLR 2.0.50727; .NET CLR 3.0.04506.30; MDDR; .NET CLR 3.0.4506.2152; .NET CLR 3.5.30729)"
2.20.245.16 - - [12/Dec/2015:00:37:05 +0400] "GET /favicon.ico HTTP/1.1" 404 0 "-" "Mozilla/4.0 (compatible; MSIE 7.0; Windows NT 5.1; GTB6.6; .NET CLR 1.1.4322; .NET CLR 2.0.50727; .NET CLR 3.0.04506.30; MDDR; .NET CLR 3.0.4506.2152; .NET CLR 3.5.30729)"
87.237.181.31 - - [12/Dec/2015:00:37:05 +0400] "GET /id52764 HTTP/1.1" 200 32665 "-" "Mozilla/5.0 (Macintosh; Intel Mac OS X 10_10_4) AppleWebKit/537.36 (KHTML, like Gecko) Chrome/45.0.2454.93 Safari/537.36"
91.210.52.123 - - [12/Dec/2015:00:37:05 +0400] "GET / HTTP/1.1" 200 27910 "-" "Mozilla/5.0 (SymbianOS/9.3; U; Series60/3.2 Nokia5320d-1/04.13; Profile/MIDP-2.1 Configuration/CLDC-1.1 ) AppleWebKit/413 (KHTML, like Gecko) Safari/413"
91.210.52.123 - - [12/Dec/2015:00:37:05 +0400] "GET /favicon.ico HTTP/1.1" 404 0 "-" "Mozilla/5.0 (SymbianOS/9.3; U; Series60/3.2 Nokia5320d-1/04.13; Profile/MIDP-2.1 Configuration/CLDC-1.1 ) AppleWebKit/413 (KHTML, like Gecko) Safari/413"
91.195.103.253 - - [12/Dec/2015:00:37:06 +0400] "GET / HTTP/1.1" 200 29804 "-" "Mozilla/5.0 (Windows; U; Windows NT 6.1; sl; rv:1.9.2.12) Gecko/20101026 Firefox/3.6.12 ( .NET CLR 3.5.30729)"
91.195.103.253 - - [12/Dec/2015:00:37:06 +0400] "GET /favicon.ico HTTP/1.1" 404 0 "-" "Mozilla/5.0 (Windows; U; Windows NT 6.1; sl; rv:1.9.2.12) Gecko/20101026 Firefox/3.6.12 ( .NET CLR 3.5.30729)"
193.160.131.75 - - [12/Dec/2015:00:37:06 +0400] "GET / HTTP/1.1" 200 17831 "-" "Mozilla/4.0 (compatible; MSIE 8.0; Windows NT 5.1; Trident/4.0; .NET CLR 1.0.3705; .NET CLR 1.1.4322; MS-RTC LM 8; .NET CLR 2.0.50727; InfoPath.2; .NET CLR 3.0.4506.2152; .NET CLR 3.5.30729; OfficeLiveConnector.1.3; OfficeLivePatch.0.0; BRI/2; BOIE8;ENUS)"
193.160.131.75 - - [12/Dec/2015:00:37:06 +0400] "GET /favicon.ico HTTP/1.1" 404 0 "-" "Mozilla/4.0 (compatible; MSIE 8.0; Windows NT 5.1; Trident/4.0; .NET CLR 1.0.3705; .NET CLR 1.1.4322; MS-RTC LM 8; .NET CLR 2.0.50727; InfoPath.2; .NET CLR 3.0.4506.2152; .NET CLR 3.5.30729; OfficeLiveConnector.1.3; OfficeLivePatch.0.0; BRI/2; BOIE8;ENUS)"
185.10.183.186 - - [12/Dec/2015:00:37:06 +0400] "GET / HTTP/1.1" 200 30567 "-" "Opera/9.80 (Windows NT 6.1; U; pt-BR) Presto/2.9.168 Version/11.52"
185.10.183.186 - - [12/Dec/2015:00:37:06 +0400] "GET /favicon.ico HTTP/1.1" 404 0 "-" "Opera/9.80 (Windows NT 6.1; U; pt-BR) Presto/2.9.168 Version/11.52"
78.65.247.143 - - [12/Dec/2015:00:37:06 +0400] "GET /id91498 HTTP/1.1" 200 16835 "-" "Mozilla/5.0 (Windows NT 6.3; WOW64) AppleWebKit/537.36 (KHTML, like Gecko) Chrome/45.0.2454.99 Safari/537.36"
91.220.81.152 - - [12/Dec/2015:00:37:06 +0400] "GET /id83253 HTTP/1.1" 200 32695 "-" "Mozilla/5.0 (Windows; U; Windows NT 6.1; en-GB; rv:1.9.2.15) Gecko/20110303 AskTbCPUID/3.11.3.15590 Firefox/3.6.15"
185.27.80.99 - - [12/Dec/2015:00:37:07 +0400] "GET / HTTP/1.1" 200 10733 "-" "BlackBerry9000/4.6.0.162 Profile/MIDP-2.0 Configuration/CLDC-1.1 VendorID/301"
185.27.80.99 - - [12/Dec/2015:00:37:07 +0400] "GET /favicon.ico HTTP/1.1" 404 0 "-" "BlackBerry9000/4.6.0.162 Profile/MIDP-2.0 Configuration/CLDC-1.1 VendorID/301"
158.69.18.252 - - [12/Dec/2015:00:37:07 +0400] "GET / HTTP/1.1" 200 21650 "-" "Mozilla/5.0 (Windows NT 6.3; WOW64) AppleWebKit/537.36 (KHTML, like Gecko) Chrome/45.0.2454.99 Safari/537.36"
158.69.18.252 - - [12/Dec/2015:00:37:07 +0400] "GET /favicon.ico HTTP/1.1" 404 0 "-" "Mozilla/5.0 (Windows NT 6.3; WOW64) AppleWebKit/537.36 (KHTML, like Gecko) Chrome/45.0.2454.99 Safari/537.36"
81.248.69.239 - - [12/Dec/2015:00:37:07 +0400] "GET /id49245 HTTP/1.1" 200 15205 "-" "Mozilla/4.0 (compatible; MSIE 7.0; Windows NT 6.0; WOW64; Trident/4.0; SLCC1; .NET CLR 2.0.50727; .NET CLR 3.5.30729; .NET CLR 3.0.30618; Media Center PC 5.0)"
80.89.8.107 - - [12/Dec/2015:00:37:07 +0400] "GET / HTTP/1.1" 200 16436 "-" "Mozilla/5.0 (Linux; Android 5.0; SAMSUNG SM-N9005 Build/LRX21V) AppleWebKit/537.36 (KHTML, like Gecko) SamsungBrowser/2.1 Chrome/34.0.1847.76 Mobile Safari/537.36"
80.89.8.107 - - [12/Dec/2015:00:37:07 +0400] "GET /favicon.ico HTTP/1.1" 404 0 "-" "Mozilla/5.0 (Linux; Android 5.0; SAMSUNG SM-N9005 Build/LRX21V) AppleWebKit/537.36 (KHTML, like Gecko) SamsungBrowser/2.1 Chrome/34.0.1847.76 Mobile Safari/537.36"
93.191.72.151 - - [12/Dec/2015:00:37:07 +0400] "GET / HTTP/1.1" 200 17112 "-" "Mozilla/5.0 (Windows NT 6.1; WOW64) AppleWebKit/537.36 (KHTML, like Gecko) Chrome/44.0.2403.125 Safari/537.36 Vivaldi/1.0.233.3"
93.191.72.151 - - [12/Dec/2015:00:37:07 +0400] "GET /favicon.ico HTTP/1.1" 404 0 "-" "Mozilla/5.0 (Windows NT 6.1; WOW64) AppleWebKit/537.36 (KHTML, like Gecko) Chrome/44.0.2403.125 Safari/537.36 Vivaldi/1.0.233.3"
95.46.157.198 - - [12/Dec/2015:00:37:07 +0400] "GET /id31472 HTTP/1.1" 200 11521 "-" "Mozilla/5.0 (X11; U; Linux i686; es-MX; rv:1.9.1.11) Gecko/20100819 Iceweasel/3.5.11 (like Firefox/3.5.11)"
91.220.81.152 - - [12/Dec/2015:00:37:08 +0400] "GET /id50952 HTTP/1.1" 200 30854 "-" "Mozilla/5.0 (Windows; U; Windows NT 6.1; en-GB; rv:1.9.2.15) Gecko/20110303 AskTbCPUID/3.11.3.15590 Firefox/3.6.15"
81.248.69.239 - - [12/Dec/2015:00:37:09 +0400] "GET /id58471 HTTP/1.1" 200 21569 "-" "Mozilla/4.0 (compatible; MSIE 7.0; Windows NT 6.0; WOW64; Trident/4.0; SLCC1; .NET CLR 2.0.50727; .NET CLR 3.5.30729; .NET CLR 3.0.30618; Media Center PC 5.0)"
185.10.183.186 - - [12/Dec/2015:00:37:09 +0400] "GET /id27728 HTTP/1.1" 200 27995 "-" "Opera/9.80 (Windows NT 6.1; U; pt-BR) Presto/2.9.168 Version/11.52"
185.10.183.186 - - [12/Dec/2015:00:37:09 +0400] "GET /id94625 HTTP/1.1" 200 20535 "-" "Opera/9.80 (Windows NT 6.1; U; pt-BR) Presto/2.9.168 Version/11.52"
46.174.119.179 - - [12/Dec/2015:00:37:11 +0400] "GET /id58906 HTTP/1.1" 200 9930 "-" "Mozilla/5.0 (Windows NT 5.1) AppleWebKit/537.36 (KHTML, like Gecko) Chrome/43.0.2357.134 Safari/537.36 u01-04"
80.89.8.107 - - [12/Dec/2015:00:37:11 +0400] "GET /id71164 HTTP/1.1" 200 15334 "-" "Mozilla/5.0 (Linux; Android 5.0; SAMSUNG SM-N9005 Build/LRX21V) AppleWebKit/537.36 (KHTML, like Gecko) SamsungBrowser/2.1 Chrome/34.0.1847.76 Mobile Safari/537.36"
81.248.69.239 - - [12/Dec/2015:00:37:12 +0400] "GET /id34365 HTTP/1.1" 200 29198 "-" "Mozilla/4.0 (compatible; MSIE 7.0; Windows NT 6.0; WOW64; Trident/4.0; SLCC1; .NET CLR 2.0.50727; .NET CLR 3.5.30729; .NET CLR 3.0.30618; Media Center PC 5.0)"
91.195.103.253 - - [12/Dec/2015:00:37:12 +0400] "GET /id17805 HTTP/1.1" 200 23362 "-" "Mozilla/5.0 (Windows; U; Windows NT 6.1; sl; rv:1.9.2.12) Gecko/20101026 Firefox/3.6.12 ( .NET CLR 3.5.30729)"
212.15.117.72 - - [12/Dec/2015:00:37:12 +0400] "GET / HTTP/1.1" 200 14186 "-" "Mozilla/5.0 (Macintosh; Intel Mac OS X 10_7_5) AppleWebKit/537.36 (KHTML, like Gecko) Chrome/34.0.1847.137 Safari/537.36"
212.15.117.72 - - [12/Dec/2015:00:37:12 +0400] "GET /favicon.ico HTTP/1.1" 404 0 "-" "Mozilla/5.0 (Macintosh; Intel Mac OS X 10_7_5) AppleWebKit/537.36 (KHTML, like Gecko) Chrome/34.0.1847.137 Safari/537.36"
193.160.131.75 - - [12/Dec/2015:00:37:12 +0400] "GET /id33119 HTTP/1.1" 200 25104 "-" "Mozilla/4.0 (compatible; MSIE 8.0; Windows NT 5.1; Trident/4.0; .NET CLR 1.0.3705; .NET CLR 1.1.4322; MS-RTC LM 8; .NET CLR 2.0.50727; InfoPath.2; .NET CLR 3.0.4506.2152; .NET CLR 3.5.30729; OfficeLiveConnector.1.3; OfficeLivePatch.0.0; BRI/2; BOIE8;ENUS)"
78.65.247.143 - - [12/Dec/2015:00:37:12 +0400] "GET /id14552 HTTP/1.1" 200 17907 "-" "Mozilla/5.0 (Windows NT 6.3; WOW64) AppleWebKit/537.36 (KHTML, like Gecko) Chrome/45.0.2454.99 Safari/537.36"
93.191.72.151 - - [12/Dec/2015:00:37:13 +0400] "GET /id44980 HTTP/1.1" 200 22098 "-" "Mozilla/5.0 (Windows NT 6.1; WOW64) AppleWebKit/537.36 (KHTML, like Gecko) Chrome/44.0.2403.125 Safari/537.36 Vivaldi/1.0.233.3"
212.92.102.222 - - [12/Dec/2015:00:37:13 +0400] "GET / HTTP/1.1" 200 21013 "-" "Mozilla/5.0 (Macintosh; Intel Mac OS X 10_7_5) AppleWebKit/537.1 (KHTML, like Gecko) Chrome/21.0.1180.82 Safari/537.1"
212.92.102.222 - - [12/Dec/2015:00:37:13 +0400] "GET /favicon.ico HTTP/1.1" 404 0 "-" "Mozilla/5.0 (Macintosh; Intel Mac OS X 10_7_5) AppleWebKit/537.1 (KHTML, like Gecko) Chrome/21.0.1180.82 Safari/537.1"
192.124.191.141 - - [12/Dec/2015:00:37:13 +0400] "GET /id59338 HTTP/1.1" 200 13803 "-" "Mozilla/5.0 (Windows NT 10.0; WOW64) AppleWebKit/537.36 (KHTML, like Gecko) Chrome/45.0.2454.99 Safari/537.36"
91.207.181.220 - - [12/Dec/2015:00:37:13 +0400] "GET /id12454 HTTP/1.1" 200 18773 "-" "Mozilla/5.0 (Windows NT 6.1) AppleWebKit/537.36 (KHTML, like Gecko) Chrome/31.0.1650.57 Safari/537.36 OPR/18.0.1284.49"
87.237.181.31 - - [12/Dec/2015:00:37:13 +0400] "GET /id53512 HTTP/1.1" 200 24383 "-" "Mozilla/5.0 (Macintosh; Intel Mac OS X 10_10_4) AppleWebKit/537.36 (KHTML, like Gecko) Chrome/45.0.2454.93 Safari/537.36"
212.15.117.72 - - [12/Dec/2015:00:37:13 +0400] "GET /id52075 HTTP/1.1" 200 11095 "-" "Mozilla/5.0 (Macintosh; Intel Mac OS X 10_7_5) AppleWebKit/537.36 (KHTML, like Gecko) Chrome/34.0.1847.137 Safari/537.36"
129.103.251.209 - - [12/Dec/2015:00:37:13 +0400] "GET /id75319 HTTP/1.1" 200 16890 "-" "MOZILLA/5.0 (X11; LINUX X86_64) APPLEWEBKIT/537.17 (KHTML  LIKE GECKO) CHROME/24.0.1312.56 SAFARI/537.17"
185.27.80.99 - - [12/Dec/2015:00:37:14 +0400] "GET /id22763 HTTP/1.1" 200 30488 "-" "BlackBerry9000/4.6.0.162 Profile/MIDP-2.0 Configuration/CLDC-1.1 VendorID/301"
212.15.117.72 - - [12/Dec/2015:00:37:14 +0400] "GET /id32716 HTTP/1.1" 200 20970 "-" "Mozilla/5.0 (Macintosh; Intel Mac OS X 10_7_5) AppleWebKit/537.36 (KHTML, like Gecko) Chrome/34.0.1847.137 Safari/537.36"
62.146.120.187 - - [12/Dec/2015:00:37:15 +0400] "GET / HTTP/1.1" 200 21924 "-" "Mozilla/5.0 (Windows NT 10.0; WOW64) AppleWebKit/537.36 (KHTML, like Gecko) Chrome/45.0.2454.99 Safari/537.36"
62.146.120.187 - - [12/Dec/2015:00:37:15 +0400] "GET /favicon.ico HTTP/1.1" 404 0 "-" "Mozilla/5.0 (Windows NT 10.0; WOW64) AppleWebKit/537.36 (KHTML, like Gecko) Chrome/45.0.2454.99 Safari/537.36"
129.103.251.209 - - [12/Dec/2015:00:37:15 +0400] "GET /id25111 HTTP/1.1" 200 23288 "-" "MOZILLA/5.0 (X11; LINUX X86_64) APPLEWEBKIT/537.17 (KHTML  LIKE GECKO) CHROME/24.0.1312.56 SAFARI/537.17"
158.69.18.252 - - [12/Dec/2015:00:37:16 +0400] "GET /id87705 HTTP/1.1" 200 11302 "-" "Mozilla/5.0 (Windows NT 6.3; WOW64) AppleWebKit/537.36 (KHTML, like Gecko) Chrome/45.0.2454.99 Safari/537.36"
193.150.83.179 - - [12/Dec/2015:00:37:16 +0400] "GET /id99032 HTTP/1.1" 200 14879 "-" "Mozilla/4.0 (compatible; MSIE 8.0; Windows NT 6.1; Trident/4.0; FunWebProducts; SLCC2; .NET CLR 2.0.50727; .NET CLR 3.5.30729; .NET CLR 3.0.30729; Media Center PC 6.0; InfoPath.2; Tablet PC 2.0; OfficeLiveConnector.1.5; OfficeLivePatch.1.3)"
195.27.31.242 - - [12/Dec/2015:00:37:16 +0400] "GET /id39603 HTTP/1.1" 200 22815 "-" "Mozilla/5.0 (Windows NT 10.0; WOW64) AppleWebKit/537.36 (KHTML, like Gecko) Chrome/45.0.2454.99 Safari/537.36"
184.31.81.234 - - [12/Dec/2015:00:37:16 +0400] "GET /id29393 HTTP/1.1" 200 31364 "-" "Mozilla/5.0 (iPad; CPU OS 9_0 like Mac OS X) AppleWebKit/600.1.4 (KHTML, like Gecko) CriOS/45.0.2454.89 Mobile/13A344 Safari/600.1.4"
78.65.247.143 - - [12/Dec/2015:00:37:17 +0400] "GET /id23646 HTTP/1.1" 200 27110 "-" "Mozilla/5.0 (Windows NT 6.3; WOW64) AppleWebKit/537.36 (KHTML, like Gecko) Chrome/45.0.2454.99 Safari/537.36"
217.159.41.209 - - [12/Dec/2015:00:37:17 +0400] "GET / HTTP/1.1" 200 11210 "-" "Mozilla/5.0 (X11; Linux i686) AppleWebKit/537.36 (KHTML, like Gecko) Ubuntu Chromium/44.0.2403.89 Chrome/44.0.2403.89 Safari/537.36"
217.159.41.209 - - [12/Dec/2015:00:37:17 +0400] "GET /favicon.ico HTTP/1.1" 404 0 "-" "Mozilla/5.0 (X11; Linux i686) AppleWebKit/537.36 (KHTML, like Gecko) Ubuntu Chromium/44.0.2403.89 Chrome/44.0.2403.89 Safari/537.36"
80.246.31.41 - - [12/Dec/2015:00:37:18 +0400] "GET / HTTP/1.1" 200 27344 "-" "Mozilla/5.0 (Windows NT 6.3; WOW64) AppleWebKit/537.36 (KHTML, like Gecko) Chrome/45.0.2454.99 Safari/537.36"
80.246.31.41 - - [12/Dec/2015:00:37:18 +0400] "GET /favicon.ico HTTP/1.1" 404 0 "-" "Mozilla/5.0 (Windows NT 6.3; WOW64) AppleWebKit/537.36 (KHTML, like Gecko) Chrome/45.0.2454.99 Safari/537.36"
141.1.113.4 - - [12/Dec/2015:00:37:18 +0400] "GET /id73580 HTTP/1.1" 200 29236 "-" "Mozilla/5.0 (Windows NT 5.1; U; de; rv:1.9.1.6) Gecko/20091201 Firefox/3.5.6 Opera 11.00"
93.191.72.151 - - [12/Dec/2015:00:37:19 +0400] "GET /id39959 HTTP/1.1" 200 19025 "-" "Mozilla/5.0 (Windows NT 6.1; WOW64) AppleWebKit/537.36 (KHTML, like Gecko) Chrome/44.0.2403.125 Safari/537.36 Vivaldi/1.0.233.3"
141.99.132.20 - - [12/Dec/2015:00:37:19 +0400] "GET / HTTP/1.1" 200 11388 "-" "Mozilla/4.0 (compatible; MSIE 8.0; Windows NT 6.0; WOW64; Trident/4.0; SearchToolbar 1.2; SLCC1; .NET CLR 2.0.50727; Media Center PC 5.0; MDDC; .NET CLR 3.5.30729; .NET CLR 3.0.30729; .NET4.0C; .NET4.0E; InfoPath.3; BRI/2)"
141.99.132.20 - - [12/Dec/2015:00:37:19 +0400] "GET /favicon.ico HTTP/1.1" 404 0 "-" "Mozilla/4.0 (compatible; MSIE 8.0; Windows NT 6.0; WOW64; Trident/4.0; SearchToolbar 1.2; SLCC1; .NET CLR 2.0.50727; Media Center PC 5.0; MDDC; .NET CLR 3.5.30729; .NET CLR 3.0.30729; .NET4.0C; .NET4.0E; InfoPath.3; BRI/2)"
46.174.119.179 - - [12/Dec/2015:00:37:19 +0400] "GET /id11216 HTTP/1.1" 200 18643 "-" "Mozilla/5.0 (Windows NT 5.1) AppleWebKit/537.36 (KHTML, like Gecko) Chrome/43.0.2357.134 Safari/537.36 u01-04"
212.92.102.222 - - [12/Dec/2015:00:37:20 +0400] "GET /id14683 HTTP/1.1" 200 23538 "-" "Mozilla/5.0 (Macintosh; Intel Mac OS X 10_7_5) AppleWebKit/537.1 (KHTML, like Gecko) Chrome/21.0.1180.82 Safari/537.1"
46.174.119.179 - - [12/Dec/2015:00:37:20 +0400] "GET /id82840 HTTP/1.1" 200 25465 "-" "Mozilla/5.0 (Windows NT 5.1) AppleWebKit/537.36 (KHTML, like Gecko) Chrome/43.0.2357.134 Safari/537.36 u01-04"
193.160.131.75 - - [12/Dec/2015:00:37:20 +0400] "GET /id94121 HTTP/1.1" 200 15656 "-" "Mozilla/4.0 (compatible; MSIE 8.0; Windows NT 5.1; Trident/4.0; .NET CLR 1.0.3705; .NET CLR 1.1.4322; MS-RTC LM 8; .NET CLR 2.0.50727; InfoPath.2; .NET CLR 3.0.4506.2152; .NET CLR 3.5.30729; OfficeLiveConnector.1.3; OfficeLivePatch.0.0; BRI/2; BOIE8;ENUS)"
85.158.91.41 - - [12/Dec/2015:00:37:20 +0400] "GET /id46925 HTTP/1.1" 200 11380 "-" "Mozilla/5.0 (Windows NT 10.0) AppleWebKit/537.36 (KHTML, like Gecko) Chrome/44.0.2403.155 Safari/537.36"
184.31.81.234 - - [12/Dec/2015:00:37:21 +0400] "GET /id36663 HTTP/1.1" 200 23786 "-" "Mozilla/5.0 (iPad; CPU OS 9_0 like Mac OS X) AppleWebKit/600.1.4 (KHTML, like Gecko) CriOS/45.0.2454.89 Mobile/13A344 Safari/600.1.4"
118.214.137.209 - - [12/Dec/2015:00:37:21 +0400] "GET /id34253 HTTP/1.1" 200 20125 "-" "Mozilla/5.0; TOB 6.11 (Windows NT 6.1; WOW64; Trident/7.0; rv:11.0) like Gecko"
91.207.181.220 - - [12/Dec/2015:00:37:21 +0400] "GET /id93686 HTTP/1.1" 200 16150 "-" "Mozilla/5.0 (Windows NT 6.1) AppleWebKit/537.36 (KHTML, like Gecko) Chrome/31.0.1650.57 Safari/537.36 OPR/18.0.1284.49"
217.159.41.209 - - [12/Dec/2015:00:37:22 +0400] "GET /id83901 HTTP/1.1" 200 26362 "-" "Mozilla/5.0 (X11; Linux i686) AppleWebKit/537.36 (KHTML, like Gecko) Ubuntu Chromium/44.0.2403.89 Chrome/44.0.2403.89 Safari/537.36"
77.67.50.221 - - [12/Dec/2015:00:37:22 +0400] "GET / HTTP/1.1" 200 28277 "-" "Mozilla/5.0 (Linux; U; Android 4.2.2; en-US; Cloud X5 Build/JDQ39) AppleWebKit/533.1 (KHTML, like Gecko) Version/4.0 UCBrowser/9.9.4.484 U3/0.8.0 Mobile Safari/533.1"
77.67.50.221 - - [12/Dec/2015:00:37:22 +0400] "GET /favicon.ico HTTP/1.1" 404 0 "-" "Mozilla/5.0 (Linux; U; Android 4.2.2; en-US; Cloud X5 Build/JDQ39) AppleWebKit/533.1 (KHTML, like Gecko) Version/4.0 UCBrowser/9.9.4.484 U3/0.8.0 Mobile Safari/533.1"
129.103.251.209 - - [12/Dec/2015:00:37:23 +0400] "GET /id14001 HTTP/1.1" 200 17618 "-" "MOZILLA/5.0 (X11; LINUX X86_64) APPLEWEBKIT/537.17 (KHTML  LIKE GECKO) CHROME/24.0.1312.56 SAFARI/537.17"
91.207.181.220 - - [12/Dec/2015:00:37:23 +0400] "GET /id90904 HTTP/1.1" 200 20405 "-" "Mozilla/5.0 (Windows NT 6.1) AppleWebKit/537.36 (KHTML, like Gecko) Chrome/31.0.1650.57 Safari/537.36 OPR/18.0.1284.49"
83.137.241.121 - - [12/Dec/2015:00:37:23 +0400] "GET /id54700 HTTP/1.1" 200 30912 "-" "Mozilla/5.0 (Macintosh; Intel Mac OS X 10_10_5) AppleWebKit/537.36 (KHTML, like Gecko) Chrome/45.0.2454.99 Safari/537.36"
141.99.132.20 - - [12/Dec/2015:00:37:23 +0400] "GET /id79030 HTTP/1.1" 200 15554 "-" "Mozilla/4.0 (compatible; MSIE 8.0; Windows NT 6.0; WOW64; Trident/4.0; SearchToolbar 1.2; SLCC1; .NET CLR 2.0.50727; Media Center PC 5.0; MDDC; .NET CLR 3.5.30729; .NET CLR 3.0.30729; .NET4.0C; .NET4.0E; InfoPath.3; BRI/2)"
195.27.31.242 - - [12/Dec/2015:00:37:23 +0400] "GET /id30317 HTTP/1.1" 200 15318 "-" "Mozilla/5.0 (Windows NT 10.0; WOW64) AppleWebKit/537.36 (KHTML, like Gecko) Chrome/45.0.2454.99 Safari/537.36"
118.214.137.209 - - [12/Dec/2015:00:37:24 +0400] "GET /id89924 HTTP/1.1" 200 27292 "-" "Mozilla/5.0; TOB 6.11 (Windows NT 6.1; WOW64; Trident/7.0; rv:11.0) like Gecko"
185.27.80.99 - - [12/Dec/2015:00:37:24 +0400] "GET /id11601 HTTP/1.1" 200 31284 "-" "BlackBerry9000/4.6.0.162 Profile/MIDP-2.0 Configuration/CLDC-1.1 VendorID/301"
212.15.117.72 - - [12/Dec/2015:00:37:24 +0400] "GET /id50249 HTTP/1.1" 200 27647 "-" "Mozilla/5.0 (Macintosh; Intel Mac OS X 10_7_5) AppleWebKit/537.36 (KHTML, like Gecko) Chrome/34.0.1847.137 Safari/537.36"
118.214.137.209 - - [12/Dec/2015:00:37:24 +0400] "GET /id88066 HTTP/1.1" 200 12361 "-" "Mozilla/5.0; TOB 6.11 (Windows NT 6.1; WOW64; Trident/7.0; rv:11.0) like Gecko"
95.130.115.149 - - [12/Dec/2015:00:37:24 +0400] "GET /id99481 HTTP/1.1" 200 8846 "-" "Mozilla/5.0 (Macintosh; Intel Mac OS X 10_10_2) AppleWebKit/537.36 (KHTML, like Gecko) Chrome/43.0.2357.65 Safari/537.36"
80.89.8.107 - - [12/Dec/2015:00:37:25 +0400] "GET /id34156 HTTP/1.1" 200 25088 "-" "Mozilla/5.0 (Linux; Android 5.0; SAMSUNG SM-N9005 Build/LRX21V) AppleWebKit/537.36 (KHTML, like Gecko) SamsungBrowser/2.1 Chrome/34.0.1847.76 Mobile Safari/537.36"
46.165.203.206 - - [12/Dec/2015:00:37:25 +0400] "GET /id44438 HTTP/1.1" 200 16210 "-" "Mozilla/5.0 (Macintosh; Intel Mac OS X 10_11_0) AppleWebKit/537.36 (KHTML, like Gecko) Chrome/47.0.2508.0 Safari/537.36"
212.15.117.72 - - [12/Dec/2015:00:37:25 +0400] "GET /id59575 HTTP/1.1" 200 9779 "-" "Mozilla/5.0 (Macintosh; Intel Mac OS X 10_7_5) AppleWebKit/537.36 (KHTML, like Gecko) Chrome/34.0.1847.137 Safari/537.36"
2.20.245.16 - - [12/Dec/2015:00:37:26 +0400] "GET /id37790 HTTP/1.1" 200 21672 "-" "Mozilla/4.0 (compatible; MSIE 7.0; Windows NT 5.1; GTB6.6; .NET CLR 1.1.4322; .NET CLR 2.0.50727; .NET CLR 3.0.04506.30; MDDR; .NET CLR 3.0.4506.2152; .NET CLR 3.5.30729)"
184.31.81.234 - - [12/Dec/2015:00:37:26 +0400] "GET /id10445 HTTP/1.1" 200 18072 "-" "Mozilla/5.0 (iPad; CPU OS 9_0 like Mac OS X) AppleWebKit/600.1.4 (KHTML, like Gecko) CriOS/45.0.2454.89 Mobile/13A344 Safari/600.1.4"
193.150.83.179 - - [12/Dec/2015:00:37:26 +0400] "GET /id61573 HTTP/1.1" 200 14136 "-" "Mozilla/4.0 (compatible; MSIE 8.0; Windows NT 6.1; Trident/4.0; FunWebProducts; SLCC2; .NET CLR 2.0.50727; .NET CLR 3.5.30729; .NET CLR 3.0.30729; Media Center PC 6.0; InfoPath.2; Tablet PC 2.0; OfficeLiveConnector.1.5; OfficeLivePatch.1.3)"
118.214.137.209 - - [12/Dec/2015:00:37:28 +0400] "GET /id76413 HTTP/1.1" 200 13778 "-" "Mozilla/5.0; TOB 6.11 (Windows NT 6.1; WOW64; Trident/7.0; rv:11.0) like Gecko"
212.15.117.72 - - [12/Dec/2015:00:37:28 +0400] "GET /id44112 HTTP/1.1" 200 17414 "-" "Mozilla/5.0 (Macintosh; Intel Mac OS X 10_7_5) AppleWebKit/537.36 (KHTML, like Gecko) Chrome/34.0.1847.137 Safari/537.36"
81.248.69.239 - - [12/Dec/2015:00:37:28 +0400] "GET /id94776 HTTP/1.1" 200 15599 "-" "Mozilla/4.0 (compatible; MSIE 7.0; Windows NT 6.0; WOW64; Trident/4.0; SLCC1; .NET CLR 2.0.50727; .NET CLR 3.5.30729; .NET CLR 3.0.30618; Media Center PC 5.0)"
95.130.115.149 - - [12/Dec/2015:00:37:29 +0400] "GET /id80027 HTTP/1.1" 200 24576 "-" "Mozilla/5.0 (Macintosh; Intel Mac OS X 10_10_2) AppleWebKit/537.36 (KHTML, like Gecko) Chrome/43.0.2357.65 Safari/537.36"
141.99.132.20 - - [12/Dec/2015:00:37:30 +0400] "GET /id61587 HTTP/1.1" 200 30915 "-" "Mozilla/4.0 (compatible; MSIE 8.0; Windows NT 6.0; WOW64; Trident/4.0; SearchToolbar 1.2; SLCC1; .NET CLR 2.0.50727; Media Center PC 5.0; MDDC; .NET CLR 3.5.30729; .NET CLR 3.0.30729; .NET4.0C; .NET4.0E; InfoPath.3; BRI/2)"
95.130.115.149 - - [12/Dec/2015:00:37:30 +0400] "GET /id95585 HTTP/1.1" 200 10127 "-" "Mozilla/5.0 (Macintosh; Intel Mac OS X 10_10_2) AppleWebKit/537.36 (KHTML, like Gecko) Chrome/43.0.2357.65 Safari/537.36"
46.47.61.48 - - [12/Dec/2015:00:37:31 +0400] "GET / HTTP/1.1" 200 14624 "-" "Mozilla/5.0 (X11; Linux i686) AppleWebKit/537.36 (KHTML, like Gecko) Chrome/45.0.2454.85 Safari/537.36"
46.47.61.48 - - [12/Dec/2015:00:37:31 +0400] "GET /favicon.ico HTTP/1.1" 404 0 "-" "Mozilla/5.0 (X11; Linux i686) AppleWebKit/537.36 (KHTML, like Gecko) Chrome/45.0.2454.85 Safari/537.36"
91.195.103.253 - - [12/Dec/2015:00:37:31 +0400] "GET /id27694 HTTP/1.1" 200 8490 "-" "Mozilla/5.0 (Windows; U; Windows NT 6.1; sl; rv:1.9.2.12) Gecko/20101026 Firefox/3.6.12 ( .NET CLR 3.5.30729)"
185.27.80.99 - - [12/Dec/2015:00:37:32 +0400] "GET /id39162 HTTP/1.1" 200 32657 "-" "BlackBerry9000/4.6.0.162 Profile/MIDP-2.0 Configuration/CLDC-1.1 VendorID/301"
158.69.18.252 - - [12/Dec/2015:00:37:33 +0400] "GET /id86273 HTTP/1.1" 200 9063 "-" "Mozilla/5.0 (Windows NT 6.3; WOW64) AppleWebKit/537.36 (KHTML, like Gecko) Chrome/45.0.2454.99 Safari/537.36"
85.158.91.41 - - [12/Dec/2015:00:37:34 +0400] "GET /id28782 HTTP/1.1" 200 20032 "-" "Mozilla/5.0 (Windows NT 10.0) AppleWebKit/537.36 (KHTML, like Gecko) Chrome/44.0.2403.155 Safari/537.36"
193.150.83.179 - - [12/Dec/2015:00:37:35 +0400] "GET /id93773 HTTP/1.1" 200 18802 "-" "Mozilla/4.0 (compatible; MSIE 8.0; Windows NT 6.1; Trident/4.0; FunWebProducts; SLCC2; .NET CLR 2.0.50727; .NET CLR 3.5.30729; .NET CLR 3.0.30729; Media Center PC 6.0; InfoPath.2; Tablet PC 2.0; OfficeLiveConnector.1.5; OfficeLivePatch.1.3)"
193.111.176.100 - - [12/Dec/2015:00:37:36 +0400] "GET /id86434 HTTP/1.1" 200 20403 "-" "Mozilla/5.0 (Macintosh; Intel Mac OS X 10_10_5) AppleWebKit/537.36 (KHTML, like Gecko) Chrome/45.0.2454.99 Safari/537.36"
2.20.245.16 - - [12/Dec/2015:00:37:36 +0400] "GET /id53527 HTTP/1.1" 200 9439 "-" "Mozilla/4.0 (compatible; MSIE 7.0; Windows NT 5.1; GTB6.6; .NET CLR 1.1.4322; .NET CLR 2.0.50727; .NET CLR 3.0.04506.30; MDDR; .NET CLR 3.0.4506.2152; .NET CLR 3.5.30729)"
91.135.145.44 - - [12/Dec/2015:00:37:36 +0400] "GET /id55541 HTTP/1.1" 200 8293 "-" "Mozilla/5.0 (X11; Linux i686) AppleWebKit/537.36 (KHTML, like Gecko) Ubuntu Chromium/44.0.2403.89 Chrome/44.0.2403.89 Safari/537.36"
91.207.181.220 - - [12/Dec/2015:00:37:36 +0400] "GET /id52561 HTTP/1.1" 200 15114 "-" "Mozilla/5.0 (Windows NT 6.1) AppleWebKit/537.36 (KHTML, like Gecko) Chrome/31.0.1650.57 Safari/537.36 OPR/18.0.1284.49"
217.159.41.209 - - [12/Dec/2015:00:37:36 +0400] "GET /id91874 HTTP/1.1" 200 14009 "-" "Mozilla/5.0 (X11; Linux i686) AppleWebKit/537.36 (KHTML, like Gecko) Ubuntu Chromium/44.0.2403.89 Chrome/44.0.2403.89 Safari/537.36"
80.246.31.41 - - [12/Dec/2015:00:37:36 +0400] "GET /id40994 HTTP/1.1" 200 31542 "-" "Mozilla/5.0 (Windows NT 6.3; WOW64) AppleWebKit/537.36 (KHTML, like Gecko) Chrome/45.0.2454.99 Safari/537.36"
81.248.69.239 - - [12/Dec/2015:00:37:38 +0400] "GET /id30106 HTTP/1.1" 200 26800 "-" "Mozilla/4.0 (compatible; MSIE 7.0; Windows NT 6.0; WOW64; Trident/4.0; SLCC1; .NET CLR 2.0.50727; .NET CLR 3.5.30729; .NET CLR 3.0.30618; Media Center PC 5.0)"
85.158.91.41 - - [12/Dec/2015:00:37:38 +0400] "GET /id60432 HTTP/1.1" 200 17754 "-" "Mozilla/5.0 (Windows NT 10.0) AppleWebKit/537.36 (KHTML, like Gecko) Chrome/44.0.2403.155 Safari/537.36"
193.150.83.179 - - [12/Dec/2015:00:37:39 +0400] "GET /id54433 HTTP/1.1" 200 22425 "-" "Mozilla/4.0 (compatible; MSIE 8.0; Windows NT 6.1; Trident/4.0; FunWebProducts; SLCC2; .NET CLR 2.0.50727; .NET CLR 3.5.30729; .NET CLR 3.0.30729; Media Center PC 6.0; InfoPath.2; Tablet PC 2.0; OfficeLiveConnector.1.5; OfficeLivePatch.1.3)"
212.15.117.72 - - [12/Dec/2015:00:37:39 +0400] "GET /id73480 HTTP/1.1" 200 20411 "-" "Mozilla/5.0 (Macintosh; Intel Mac OS X 10_7_5) AppleWebKit/537.36 (KHTML, like Gecko) Chrome/34.0.1847.137 Safari/537.36"
80.89.8.107 - - [12/Dec/2015:00:37:39 +0400] "GET /id95645 HTTP/1.1" 200 8382 "-" "Mozilla/5.0 (Linux; Android 5.0; SAMSUNG SM-N9005 Build/LRX21V) AppleWebKit/537.36 (KHTML, like Gecko) SamsungBrowser/2.1 Chrome/34.0.1847.76 Mobile Safari/537.36"
85.158.91.41 - - [12/Dec/2015:00:37:39 +0400] "GET /id46036 HTTP/1.1" 200 18606 "-" "Mozilla/5.0 (Windows NT 10.0) AppleWebKit/537.36 (KHTML, like Gecko) Chrome/44.0.2403.155 Safari/537.36"
46.47.61.48 - - [12/Dec/2015:00:37:40 +0400] "GET /id28420 HTTP/1.1" 200 24159 "-" "Mozilla/5.0 (X11; Linux i686) AppleWebKit/537.36 (KHTML, like Gecko) Chrome/45.0.2454.85 Safari/537.36"
46.174.119.179 - - [12/Dec/2015:00:37:40 +0400] "GET /id25274 HTTP/1.1" 200 20251 "-" "Mozilla/5.0 (Windows NT 5.1) AppleWebKit/537.36 (KHTML, like Gecko) Chrome/43.0.2357.134 Safari/537.36 u01-04"
192.124.191.141 - - [12/Dec/2015:00:37:41 +0400] "GET /id44986 HTTP/1.1" 200 14287 "-" "Mozilla/5.0 (Windows NT 10.0; WOW64) AppleWebKit/537.36 (KHTML, like Gecko) Chrome/45.0.2454.99 Safari/537.36"
91.231.114.14 - - [12/Dec/2015:00:37:42 +0400] "GET /id44536 HTTP/1.1" 200 23118 "-" "Mozilla/4.0 (compatible; MSIE 8.0; Windows NT 5.1; Trident/4.0; .NET CLR 2.0.50727; InfoPath.2; .NET CLR 3.0.4506.2152; .NET CLR 3.5.30729; AskTbPTV2/5.12.2.16749)"
2.20.245.16 - - [12/Dec/2015:00:37:42 +0400] "GET /id75702 HTTP/1.1" 200 22026 "-" "Mozilla/4.0 (compatible; MSIE 7.0; Windows NT 5.1; GTB6.6; .NET CLR 1.1.4322; .NET CLR 2.0.50727; .NET CLR 3.0.04506.30; MDDR; .NET CLR 3.0.4506.2152; .NET CLR 3.5.30729)"
93.170.186.29 - - [12/Dec/2015:00:37:43 +0400] "GET /id44301 HTTP/1.1" 200 26410 "-" "UCWEB/2.0 (MIDP-2.0; U; Adr 4.4.4; en-US; GT-I9060I) U2/1.0.0 UCBrowser/10.3.0.622 U2/1.0.0 Mobile"
141.1.113.4 - - [12/Dec/2015:00:37:43 +0400] "GET /id62517 HTTP/1.1" 200 15439 "-" "Mozilla/5.0 (Windows NT 5.1; U; de; rv:1.9.1.6) Gecko/20091201 Firefox/3.5.6 Opera 11.00"
193.150.83.179 - - [12/Dec/2015:00:37:43 +0400] "GET /id22596 HTTP/1.1" 200 25447 "-" "Mozilla/4.0 (compatible; MSIE 8.0; Windows NT 6.1; Trident/4.0; FunWebProducts; SLCC2; .NET CLR 2.0.50727; .NET CLR 3.5.30729; .NET CLR 3.0.30729; Media Center PC 6.0; InfoPath.2; Tablet PC 2.0; OfficeLiveConnector.1.5; OfficeLivePatch.1.3)"
91.195.103.253 - - [12/Dec/2015:00:37:43 +0400] "GET /id24816 HTTP/1.1" 200 16166 "-" "Mozilla/5.0 (Windows; U; Windows NT 6.1; sl; rv:1.9.2.12) Gecko/20101026 Firefox/3.6.12 ( .NET CLR 3.5.30729)"
46.174.119.179 - - [12/Dec/2015:00:37:45 +0400] "GET /id96540 HTTP/1.1" 200 28871 "-" "Mozilla/5.0 (Windows NT 5.1) AppleWebKit/537.36 (KHTML, like Gecko) Chrome/43.0.2357.134 Safari/537.36 u01-04"
195.140.143.144 - - [12/Dec/2015:00:37:48 +0400] "GET /id88957 HTTP/1.1" 200 25810 "-" "Mozilla/5.0 (X11; Linux x86_64) AppleWebKit/537.36 (KHTML, like Gecko) Chrome/44.0.2403.130 Safari/537.36"
95.46.157.198 - - [12/Dec/2015:00:37:49 +0400] "GET /id46072 HTTP/1.1" 200 16353 "-" "Mozilla/5.0 (X11; U; Linux i686; es-MX; rv:1.9.1.11) Gecko/20100819 Iceweasel/3.5.11 (like Firefox/3.5.11)"
158.69.18.252 - - [12/Dec/2015:00:37:49 +0400] "GET /id97411 HTTP/1.1" 200 13544 "-" "Mozilla/5.0 (Windows NT 6.3; WOW64) AppleWebKit/537.36 (KHTML, like Gecko) Chrome/45.0.2454.99 Safari/537.36"
85.158.91.41 - - [12/Dec/2015:00:37:49 +0400] "GET /id16597 HTTP/1.1" 200 25753 "-" "Mozilla/5.0 (Windows NT 10.0) AppleWebKit/537.36 (KHTML, like Gecko) Chrome/44.0.2403.155 Safari/537.36"
212.15.117.72 - - [12/Dec/2015:00:37:49 +0400] "GET /id39072 HTTP/1.1" 200 20903 "-" "Mozilla/5.0 (Macintosh; Intel Mac OS X 10_7_5) AppleWebKit/537.36 (KHTML, like Gecko) Chrome/34.0.1847.137 Safari/537.36"
2.20.245.16 - - [12/Dec/2015:00:37:50 +0400] "GET /id56653 HTTP/1.1" 200 14430 "-" "Mozilla/4.0 (compatible; MSIE 7.0; Windows NT 5.1; GTB6.6; .NET CLR 1.1.4322; .NET CLR 2.0.50727; .NET CLR 3.0.04506.30; MDDR; .NET CLR 3.0.4506.2152; .NET CLR 3.5.30729)"
212.15.117.72 - - [12/Dec/2015:00:37:50 +0400] "GET /id53951 HTTP/1.1" 200 24842 "-" "Mozilla/5.0 (Macintosh; Intel Mac OS X 10_7_5) AppleWebKit/537.36 (KHTML, like Gecko) Chrome/34.0.1847.137 Safari/537.36"
91.220.81.152 - - [12/Dec/2015:00:37:50 +0400] "GET /id68050 HTTP/1.1" 200 14070 "-" "Mozilla/5.0 (Windows; U; Windows NT 6.1; en-GB; rv:1.9.2.15) Gecko/20110303 AskTbCPUID/3.11.3.15590 Firefox/3.6.15"
80.89.8.107 - - [12/Dec/2015:00:37:50 +0400] "GET /id19562 HTTP/1.1" 200 32243 "-" "Mozilla/5.0 (Linux; Android 5.0; SAMSUNG SM-N9005 Build/LRX21V) AppleWebKit/537.36 (KHTML, like Gecko) SamsungBrowser/2.1 Chrome/34.0.1847.76 Mobile Safari/537.36"
77.67.50.221 - - [12/Dec/2015:00:37:51 +0400] "GET /id42992 HTTP/1.1" 200 23634 "-" "Mozilla/5.0 (Linux; U; Android 4.2.2; en-US; Cloud X5 Build/JDQ39) AppleWebKit/533.1 (KHTML, like Gecko) Version/4.0 UCBrowser/9.9.4.484 U3/0.8.0 Mobile Safari/533.1"
185.27.80.99 - - [12/Dec/2015:00:37:51 +0400] "GET /id50653 HTTP/1.1" 200 19107 "-" "BlackBerry9000/4.6.0.162 Profile/MIDP-2.0 Configuration/CLDC-1.1 VendorID/301"
141.99.132.20 - - [12/Dec/2015:00:37:53 +0400] "GET /id92154 HTTP/1.1" 200 26576 "-" "Mozilla/4.0 (compatible; MSIE 8.0; Windows NT 6.0; WOW64; Trident/4.0; SearchToolbar 1.2; SLCC1; .NET CLR 2.0.50727; Media Center PC 5.0; MDDC; .NET CLR 3.5.30729; .NET CLR 3.0.30729; .NET4.0C; .NET4.0E; InfoPath.3; BRI/2)"
2.20.245.16 - - [12/Dec/2015:00:37:53 +0400] "GET /id84239 HTTP/1.1" 200 25856 "-" "Mozilla/4.0 (compatible; MSIE 7.0; Windows NT 5.1; GTB6.6; .NET CLR 1.1.4322; .NET CLR 2.0.50727; .NET CLR 3.0.04506.30; MDDR; .NET CLR 3.0.4506.2152; .NET CLR 3.5.30729)"
158.69.18.252 - - [12/Dec/2015:00:37:54 +0400] "GET /id81148 HTTP/1.1" 200 32151 "-" "Mozilla/5.0 (Windows NT 6.3; WOW64) AppleWebKit/537.36 (KHTML, like Gecko) Chrome/45.0.2454.99 Safari/537.36"
184.31.81.234 - - [12/Dec/2015:00:37:55 +0400] "GET /id36635 HTTP/1.1" 200 12410 "-" "Mozilla/5.0 (iPad; CPU OS 9_0 like Mac OS X) AppleWebKit/600.1.4 (KHTML, like Gecko) CriOS/45.0.2454.89 Mobile/13A344 Safari/600.1.4"
2.20.245.16 - - [12/Dec/2015:00:37:55 +0400] "GET /id86918 HTTP/1.1" 200 23990 "-" "Mozilla/4.0 (compatible; MSIE 7.0; Windows NT 5.1; GTB6.6; .NET CLR 1.1.4322; .NET CLR 2.0.50727; .NET CLR 3.0.04506.30; MDDR; .NET CLR 3.0.4506.2152; .NET CLR 3.5.30729)"
217.159.41.209 - - [12/Dec/2015:00:37:56 +0400] "GET /id74257 HTTP/1.1" 200 26780 "-" "Mozilla/5.0 (X11; Linux i686) AppleWebKit/537.36 (KHTML, like Gecko) Ubuntu Chromium/44.0.2403.89 Chrome/44.0.2403.89 Safari/537.36"
158.69.18.252 - - [12/Dec/2015:00:37:56 +0400] "GET /id81260 HTTP/1.1" 200 24416 "-" "Mozilla/5.0 (Windows NT 6.3; WOW64) AppleWebKit/537.36 (KHTML, like Gecko) Chrome/45.0.2454.99 Safari/537.36"
217.159.41.209 - - [12/Dec/2015:00:37:56 +0400] "GET /id81624 HTTP/1.1" 200 13373 "-" "Mozilla/5.0 (X11; Linux i686) AppleWebKit/537.36 (KHTML, like Gecko) Ubuntu Chromium/44.0.2403.89 Chrome/44.0.2403.89 Safari/537.36"
77.67.50.221 - - [12/Dec/2015:00:37:57 +0400] "GET /id97731 HTTP/1.1" 200 25205 "-" "Mozilla/5.0 (Linux; U; Android 4.2.2; en-US; Cloud X5 Build/JDQ39) AppleWebKit/533.1 (KHTML, like Gecko) Version/4.0 UCBrowser/9.9.4.484 U3/0.8.0 Mobile Safari/533.1"
195.140.143.144 - - [12/Dec/2015:00:37:58 +0400] "GET /id34748 HTTP/1.1" 200 16408 "-" "Mozilla/5.0 (X11; Linux x86_64) AppleWebKit/537.36 (KHTML, like Gecko) Chrome/44.0.2403.130 Safari/537.36"
80.89.8.107 - - [12/Dec/2015:00:37:59 +0400] "GET /id81579 HTTP/1.1" 200 25157 "-" "Mozilla/5.0 (Linux; Android 5.0; SAMSUNG SM-N9005 Build/LRX21V) AppleWebKit/537.36 (KHTML, like Gecko) SamsungBrowser/2.1 Chrome/34.0.1847.76 Mobile Safari/537.36"
118.214.137.209 - - [12/Dec/2015:00:37:59 +0400] "GET /id91969 HTTP/1.1" 200 8447 "-" "Mozilla/5.0; TOB 6.11 (Windows NT 6.1; WOW64; Trident/7.0; rv:11.0) like Gecko"
93.170.186.29 - - [12/Dec/2015:00:37:59 +0400] "GET /id94311 HTTP/1.1" 200 14883 "-" "UCWEB/2.0 (MIDP-2.0; U; Adr 4.4.4; en-US; GT-I9060I) U2/1.0.0 UCBrowser/10.3.0.622 U2/1.0.0 Mobile"
185.27.80.99 - - [12/Dec/2015:00:37:59 +0400] "GET /id31429 HTTP/1.1" 200 24489 "-" "BlackBerry9000/4.6.0.162 Profile/MIDP-2.0 Configuration/CLDC-1.1 VendorID/301"
118.214.137.209 - - [12/Dec/2015:00:38:00 +0400] "GET /id49605 HTTP/1.1" 200 29319 "-" "Mozilla/5.0; TOB 6.11 (Windows NT 6.1; WOW64; Trident/7.0; rv:11.0) like Gecko"
46.47.61.48 - - [12/Dec/2015:00:38:01 +0400] "GET /id68806 HTTP/1.1" 200 14319 "-" "Mozilla/5.0 (X11; Linux i686) AppleWebKit/537.36 (KHTML, like Gecko) Chrome/45.0.2454.85 Safari/537.36"
85.158.91.41 - - [12/Dec/2015:00:38:01 +0400] "GET /id10448 HTTP/1.1" 200 29963 "-" "Mozilla/5.0 (Windows NT 10.0) AppleWebKit/537.36 (KHTML, like Gecko) Chrome/44.0.2403.155 Safari/537.36"
