176.57.243.30 - - [10/Dec/2015:00:49:36 +0400] "GET /id61644 HTTP/1.1" 200 25112 "-" "Mozilla/5.0 (Windows; U; Windows NT 5.1; ru; rv:1.9.0.11) Gecko/2009060215 MRA 5.6 (build 03278) Firefox/3.0.11 (.NET CLR 3.5.30729) sputnik unknown"
78.25.120.175 - - [10/Dec/2015:00:49:37 +0400] "GET /id72050 HTTP/1.1" 200 23921 "-" "Mozilla/5.0 (Windows NT 6.0; WOW64) AppleWebKit/537.36 (KHTML, like Gecko) Chrome/40.0.2214.111 Safari/537.36"
185.4.147.233 - - [10/Dec/2015:00:49:38 +0400] "GET /id66558 HTTP/1.1" 200 18353 "-" "Mozilla/5.0 (Linux; Android 4.2.2; SM-T110 Build/JDQ39) AppleWebKit/537.36 (KHTML, like Gecko) Chrome/45.0.2454.84 Safari/537.36"
217.18.30.141 - - [10/Dec/2015:00:49:38 +0400] "GET /id84846 HTTP/1.1" 200 11377 "-" "Mozilla/5.0 (Windows NT 10.0; WOW64) AppleWebKit/537.36 (KHTML, like Gecko) Chrome/45.0.2454.99 Safari/537.36"
80.118.244.63 - - [10/Dec/2015:00:49:40 +0400] "GET / HTTP/1.1" 200 29774 "-" "Mozilla/5.0 (Windows NT 10.0; WOW64) AppleWebKit/537.36 (KHTML, like Gecko) Chrome/45.0.2454.99 Safari/537.36"
80.118.244.63 - - [10/Dec/2015:00:49:40 +0400] "GET /favicon.ico HTTP/1.1" 404 0 "-" "Mozilla/5.0 (Windows NT 10.0; WOW64) AppleWebKit/537.36 (KHTML, like Gecko) Chrome/45.0.2454.99 Safari/537.36"
192.152.151.225 - - [10/Dec/2015:00:49:40 +0400] "GET /id57489 HTTP/1.1" 200 28366 "-" "Mozilla/5.0 (Macintosh; Intel Mac OS X 10_8_4) AppleWebKit/537.36 (KHTML, like Gecko) Chrome/29.0.1547.32 Safari/537.36"
185.62.192.150 - - [10/Dec/2015:00:49:40 +0400] "GET / HTTP/1.1" 200 24068 "-" "Mozilla/5.0 (Macintosh; Intel Mac OS X 10_7_5) AppleWebKit/537.36 (KHTML, like Gecko) Chrome/44.0.2403.130 Safari/537.36"
185.62.192.150 - - [10/Dec/2015:00:49:40 +0400] "GET /favicon.ico HTTP/1.1" 404 0 "-" "Mozilla/5.0 (Macintosh; Intel Mac OS X 10_7_5) AppleWebKit/537.36 (KHTML, like Gecko) Chrome/44.0.2403.130 Safari/537.36"
195.85.213.29 - - [10/Dec/2015:00:49:42 +0400] "GET /id37474 HTTP/1.1" 200 23168 "-" "Mozilla/4.0 (compatible; MSIE 8.0; Windows NT 6.1; WOW64; Trident/4.0; (R1 1.5); SLCC2; .NET CLR 2.0.50727; .NET CLR 3.5.30729; .NET CLR 3.0.30729; Media Center PC 6.0; InfoPath.2; .NET CLR 1.1.4322; .NET4.0C; MS-RTC LM 8; AskTB5.5)"
185.64.228.145 - - [10/Dec/2015:00:49:42 +0400] "GET /id80735 HTTP/1.1" 200 17786 "-" "Mozilla/5.0 (Windows NT 6.1) AppleWebKit/537.36 (KHTML, like Gecko) Chrome/45.0.2454.99 Safari/537.36"
185.2.183.196 - - [10/Dec/2015:00:49:42 +0400] "GET /id37601 HTTP/1.1" 200 15309 "-" "Mozilla/5.0 (Linux; Android 5.0.2; SAMSUNG SM-G901F Build/LRX22G) AppleWebKit/537.36 (KHTML, like Gecko) SamsungBrowser/2.1 Chrome/34.0.1847.76 Mobile Safari/537.36"
185.64.228.145 - - [10/Dec/2015:00:49:42 +0400] "GET /id99722 HTTP/1.1" 200 30806 "-" "Mozilla/5.0 (Windows NT 6.1) AppleWebKit/537.36 (KHTML, like Gecko) Chrome/45.0.2454.99 Safari/537.36"
185.62.192.150 - - [10/Dec/2015:00:49:42 +0400] "GET /id58463 HTTP/1.1" 200 9056 "-" "Mozilla/5.0 (Macintosh; Intel Mac OS X 10_7_5) AppleWebKit/537.36 (KHTML, like Gecko) Chrome/44.0.2403.130 Safari/537.36"
91.205.225.113 - - [10/Dec/2015:00:49:42 +0400] "GET /id97845 HTTP/1.1" 200 19871 "-" "Mozilla/5.0 (Linux; Android 4.2.2; SM-T110 Build/JDQ39) AppleWebKit/537.36 (KHTML, like Gecko) Chrome/45.0.2454.84 Safari/537.36"
91.208.29.109 - - [10/Dec/2015:00:49:44 +0400] "GET /id35947 HTTP/1.1" 200 23809 "-" "Mozilla/5.0 (Macintosh; Intel Mac OS X 10_8_2) AppleWebKit/537.36 (KHTML, like Gecko) Chrome/45.0.2454.85 Safari/537.36"
149.62.153.99 - - [10/Dec/2015:00:49:44 +0400] "GET /id70262 HTTP/1.1" 200 11283 "-" "Mozilla/5.0 (Windows NT 5.1; U; de; rv:1.9.1.6) Gecko/20091201 Firefox/3.5.6 Opera 11.00"
192.152.151.225 - - [10/Dec/2015:00:49:44 +0400] "GET /id98766 HTTP/1.1" 200 25064 "-" "Mozilla/5.0 (Macintosh; Intel Mac OS X 10_8_4) AppleWebKit/537.36 (KHTML, like Gecko) Chrome/29.0.1547.32 Safari/537.36"
195.85.213.29 - - [10/Dec/2015:00:49:45 +0400] "GET /id45053 HTTP/1.1" 200 27639 "-" "Mozilla/4.0 (compatible; MSIE 8.0; Windows NT 6.1; WOW64; Trident/4.0; (R1 1.5); SLCC2; .NET CLR 2.0.50727; .NET CLR 3.5.30729; .NET CLR 3.0.30729; Media Center PC 6.0; InfoPath.2; .NET CLR 1.1.4322; .NET4.0C; MS-RTC LM 8; AskTB5.5)"
185.39.206.67 - - [10/Dec/2015:00:49:45 +0400] "GET /id37817 HTTP/1.1" 200 23174 "-" "UCWEB/2.0 (MIDP-2.0; U; Adr 4.4.4; en-US; GT-I9060I) U2/1.0.0 UCBrowser/10.3.0.622 U2/1.0.0 Mobile"
185.2.183.196 - - [10/Dec/2015:00:49:45 +0400] "GET /id56816 HTTP/1.1" 200 29644 "-" "Mozilla/5.0 (Linux; Android 5.0.2; SAMSUNG SM-G901F Build/LRX22G) AppleWebKit/537.36 (KHTML, like Gecko) SamsungBrowser/2.1 Chrome/34.0.1847.76 Mobile Safari/537.36"
185.4.147.233 - - [10/Dec/2015:00:49:46 +0400] "GET /id12758 HTTP/1.1" 200 19740 "-" "Mozilla/5.0 (Linux; Android 4.2.2; SM-T110 Build/JDQ39) AppleWebKit/537.36 (KHTML, like Gecko) Chrome/45.0.2454.84 Safari/537.36"
193.105.156.196 - - [10/Dec/2015:00:49:46 +0400] "GET /id85371 HTTP/1.1" 200 23282 "-" "Mozilla/5.0 (Windows NT 5.1; U; de; rv:1.9.1.6) Gecko/20091201 Firefox/3.5.6 Opera 11.00"
185.4.147.233 - - [10/Dec/2015:00:49:46 +0400] "GET /id26216 HTTP/1.1" 200 28616 "-" "Mozilla/5.0 (Linux; Android 4.2.2; SM-T110 Build/JDQ39) AppleWebKit/537.36 (KHTML, like Gecko) Chrome/45.0.2454.84 Safari/537.36"
195.85.213.29 - - [10/Dec/2015:00:49:46 +0400] "GET /id87361 HTTP/1.1" 200 9348 "-" "Mozilla/4.0 (compatible; MSIE 8.0; Windows NT 6.1; WOW64; Trident/4.0; (R1 1.5); SLCC2; .NET CLR 2.0.50727; .NET CLR 3.5.30729; .NET CLR 3.0.30729; Media Center PC 6.0; InfoPath.2; .NET CLR 1.1.4322; .NET4.0C; MS-RTC LM 8; AskTB5.5)"
195.211.223.87 - - [10/Dec/2015:00:49:47 +0400] "GET /id45733 HTTP/1.1" 200 30800 "-" "Mozilla/4.0 (compatible; MSIE 8.0; Windows NT 5.1; Trident/4.0; Mozilla/4.0 (compatible; MSIE 6.0; Windows NT 5.1; SV1) ; Lunascape 6.3.2.22803)"
185.39.206.67 - - [10/Dec/2015:00:49:47 +0400] "GET /id14179 HTTP/1.1" 200 30743 "-" "UCWEB/2.0 (MIDP-2.0; U; Adr 4.4.4; en-US; GT-I9060I) U2/1.0.0 UCBrowser/10.3.0.622 U2/1.0.0 Mobile"
167.114.116.21 - - [10/Dec/2015:00:49:47 +0400] "GET /id95344 HTTP/1.1" 200 16887 "-" "Mozilla/5.0 (Macintosh; Intel Mac OS X 10_10_5) AppleWebKit/537.36 (KHTML, like Gecko) Chrome/45.0.2454.99 Safari/537.36"
185.2.183.196 - - [10/Dec/2015:00:49:47 +0400] "GET /id27345 HTTP/1.1" 200 26593 "-" "Mozilla/5.0 (Linux; Android 5.0.2; SAMSUNG SM-G901F Build/LRX22G) AppleWebKit/537.36 (KHTML, like Gecko) SamsungBrowser/2.1 Chrome/34.0.1847.76 Mobile Safari/537.36"
195.14.5.218 - - [10/Dec/2015:00:49:48 +0400] "GET /id49365 HTTP/1.1" 200 26890 "-" "Mozilla/5.0 (Windows; U; Windows NT 5.0; en-US; rv:1.1) Gecko/20020826"
37.9.43.66 - - [10/Dec/2015:00:49:48 +0400] "GET /id46470 HTTP/1.1" 200 8767 "-" "Mozilla/4.0 (compatible; MSIE 8.0; AOL 9.5; AOLBuild 4337.155; Windows NT 6.1; WOW64; Trident/4.0; FunWebProducts; GTB6.6; SLCC2; .NET CLR 2.0.50727; .NET CLR 3.5.30729; .NET CLR 3.0.30729; Media Center PC 6.0; .NET4.0C; AskTbCDS/5.11.3.15590; msn OptimizedIE8;ENUS)"
193.28.234.51 - - [10/Dec/2015:00:49:48 +0400] "GET /id46466 HTTP/1.1" 200 11222 "-" "Mozilla/5.0 (Windows NT 5.1) AppleWebKit/537.36 (KHTML, like Gecko) Chrome/45.0.2454.93 Safari/537.36"
192.94.194.254 - - [10/Dec/2015:00:49:48 +0400] "GET /id54210 HTTP/1.1" 200 25355 "-" "Mozilla/5.0 (Windows NT 6.1) AppleWebKit/537.36 (KHTML, like Gecko) Chrome/45.0.2454.99 Safari/537.36"
185.2.183.196 - - [10/Dec/2015:00:49:48 +0400] "GET /id73183 HTTP/1.1" 200 26386 "-" "Mozilla/5.0 (Linux; Android 5.0.2; SAMSUNG SM-G901F Build/LRX22G) AppleWebKit/537.36 (KHTML, like Gecko) SamsungBrowser/2.1 Chrome/34.0.1847.76 Mobile Safari/537.36"
194.59.153.104 - - [10/Dec/2015:00:49:49 +0400] "GET /id19119 HTTP/1.1" 200 30089 "-" "Mozilla/5.0 (Linux; Android 4.4.2; Nexus 5 Build/KOT49H) AppleWebKit/537.36 (KHTML, like Gecko) Chrome/32.0.1700.99 Mobile Safari/537.36"
91.208.29.109 - - [10/Dec/2015:00:49:49 +0400] "GET /id37752 HTTP/1.1" 200 28456 "-" "Mozilla/5.0 (Macintosh; Intel Mac OS X 10_8_2) AppleWebKit/537.36 (KHTML, like Gecko) Chrome/45.0.2454.85 Safari/537.36"
193.221.117.62 - - [10/Dec/2015:00:49:50 +0400] "GET /id26060 HTTP/1.1" 200 24574 "-" "Mozilla/5.0 (Windows NT 10.0; WOW64) AppleWebKit/537.36 (KHTML, like Gecko) Chrome/45.0.2454.99 Safari/537.36"
185.110.45.225 - - [10/Dec/2015:00:49:50 +0400] "GET /id67524 HTTP/1.1" 200 32129 "-" "Mozilla/5.0 (Linux; U; Android 2.3.4; de-de; SonyEricssonLT15i Build/4.0.2.A.0.69) AppleWebKit/533.1 (KHTML, like Gecko) Version/4.0 Mobile Safari/533.1"
185.110.45.225 - - [10/Dec/2015:00:49:50 +0400] "GET /id36186 HTTP/1.1" 200 21889 "-" "Mozilla/5.0 (Linux; U; Android 2.3.4; de-de; SonyEricssonLT15i Build/4.0.2.A.0.69) AppleWebKit/533.1 (KHTML, like Gecko) Version/4.0 Mobile Safari/533.1"
80.118.244.63 - - [10/Dec/2015:00:49:50 +0400] "GET /id12581 HTTP/1.1" 200 27656 "-" "Mozilla/5.0 (Windows NT 10.0; WOW64) AppleWebKit/537.36 (KHTML, like Gecko) Chrome/45.0.2454.99 Safari/537.36"
94.208.246.247 - - [10/Dec/2015:00:49:51 +0400] "GET /id48644 HTTP/1.1" 200 32297 "-" "Mozilla/5.0 (Windows NT 10.0; WOW64) AppleWebKit/537.36 (KHTML, like Gecko) Chrome/45.0.2454.99 Safari/537.36"
78.25.120.175 - - [10/Dec/2015:00:49:51 +0400] "GET /id87790 HTTP/1.1" 200 19546 "-" "Mozilla/5.0 (Windows NT 6.0; WOW64) AppleWebKit/537.36 (KHTML, like Gecko) Chrome/40.0.2214.111 Safari/537.36"
176.57.243.30 - - [10/Dec/2015:00:49:51 +0400] "GET /id82443 HTTP/1.1" 200 19016 "-" "Mozilla/5.0 (Windows; U; Windows NT 5.1; ru; rv:1.9.0.11) Gecko/2009060215 MRA 5.6 (build 03278) Firefox/3.0.11 (.NET CLR 3.5.30729) sputnik unknown"
176.57.243.30 - - [10/Dec/2015:00:49:52 +0400] "GET /id35004 HTTP/1.1" 200 25475 "-" "Mozilla/5.0 (Windows; U; Windows NT 5.1; ru; rv:1.9.0.11) Gecko/2009060215 MRA 5.6 (build 03278) Firefox/3.0.11 (.NET CLR 3.5.30729) sputnik unknown"
149.62.153.99 - - [10/Dec/2015:00:49:52 +0400] "GET /id70383 HTTP/1.1" 200 16549 "-" "Mozilla/5.0 (Windows NT 5.1; U; de; rv:1.9.1.6) Gecko/20091201 Firefox/3.5.6 Opera 11.00"
82.206.137.188 - - [10/Dec/2015:00:49:53 +0400] "GET /cgi-bin/faqmanager.cgi HTTP/1.1" 404 0 "-" "Mozilla/6.66"
193.105.156.196 - - [10/Dec/2015:00:49:53 +0400] "GET /id66518 HTTP/1.1" 200 30920 "-" "Mozilla/5.0 (Windows NT 5.1; U; de; rv:1.9.1.6) Gecko/20091201 Firefox/3.5.6 Opera 11.00"
185.39.206.67 - - [10/Dec/2015:00:49:53 +0400] "GET /id20511 HTTP/1.1" 200 32131 "-" "UCWEB/2.0 (MIDP-2.0; U; Adr 4.4.4; en-US; GT-I9060I) U2/1.0.0 UCBrowser/10.3.0.622 U2/1.0.0 Mobile"
185.11.163.61 - - [10/Dec/2015:00:49:54 +0400] "GET /id35569 HTTP/1.1" 200 21210 "-" "Mozilla/5.0 (Windows NT 5.1; U; de; rv:1.9.1.6) Gecko/20091201 Firefox/3.5.6 Opera 11.00"
176.57.243.30 - - [10/Dec/2015:00:49:55 +0400] "GET /id91723 HTTP/1.1" 200 30788 "-" "Mozilla/5.0 (Windows; U; Windows NT 5.1; ru; rv:1.9.0.11) Gecko/2009060215 MRA 5.6 (build 03278) Firefox/3.0.11 (.NET CLR 3.5.30729) sputnik unknown"
185.39.206.67 - - [10/Dec/2015:00:49:55 +0400] "GET /id51066 HTTP/1.1" 200 21986 "-" "UCWEB/2.0 (MIDP-2.0; U; Adr 4.4.4; en-US; GT-I9060I) U2/1.0.0 UCBrowser/10.3.0.622 U2/1.0.0 Mobile"
193.105.156.196 - - [10/Dec/2015:00:49:56 +0400] "GET /id90939 HTTP/1.1" 200 13785 "-" "Mozilla/5.0 (Windows NT 5.1; U; de; rv:1.9.1.6) Gecko/20091201 Firefox/3.5.6 Opera 11.00"
80.118.244.63 - - [10/Dec/2015:00:49:56 +0400] "GET /id63490 HTTP/1.1" 200 27588 "-" "Mozilla/5.0 (Windows NT 10.0; WOW64) AppleWebKit/537.36 (KHTML, like Gecko) Chrome/45.0.2454.99 Safari/537.36"
149.62.153.99 - - [10/Dec/2015:00:49:56 +0400] "GET /id74601 HTTP/1.1" 200 19298 "-" "Mozilla/5.0 (Windows NT 5.1; U; de; rv:1.9.1.6) Gecko/20091201 Firefox/3.5.6 Opera 11.00"
185.64.228.145 - - [10/Dec/2015:00:49:57 +0400] "GET /id55046 HTTP/1.1" 200 31948 "-" "Mozilla/5.0 (Windows NT 6.1) AppleWebKit/537.36 (KHTML, like Gecko) Chrome/45.0.2454.99 Safari/537.36"
149.62.153.99 - - [10/Dec/2015:00:49:58 +0400] "GET /id72629 HTTP/1.1" 200 22880 "-" "Mozilla/5.0 (Windows NT 5.1; U; de; rv:1.9.1.6) Gecko/20091201 Firefox/3.5.6 Opera 11.00"
92.49.75.56 - - [10/Dec/2015:00:49:58 +0400] "GET /id28106 HTTP/1.1" 200 11807 "-" "Mozilla/5.0 (Macintosh; Intel Mac OS X 10_10_5) AppleWebKit/537.36 (KHTML, like Gecko) Chrome/45.0.2454.99 Safari/537.36"
185.2.183.196 - - [10/Dec/2015:00:49:59 +0400] "GET /id15924 HTTP/1.1" 200 12751 "-" "Mozilla/5.0 (Linux; Android 5.0.2; SAMSUNG SM-G901F Build/LRX22G) AppleWebKit/537.36 (KHTML, like Gecko) SamsungBrowser/2.1 Chrome/34.0.1847.76 Mobile Safari/537.36"
78.25.120.175 - - [10/Dec/2015:00:50:00 +0400] "GET /id83397 HTTP/1.1" 200 9340 "-" "Mozilla/5.0 (Windows NT 6.0; WOW64) AppleWebKit/537.36 (KHTML, like Gecko) Chrome/40.0.2214.111 Safari/537.36"
185.11.163.61 - - [10/Dec/2015:00:50:00 +0400] "GET /id53315 HTTP/1.1" 200 9087 "-" "Mozilla/5.0 (Windows NT 5.1; U; de; rv:1.9.1.6) Gecko/20091201 Firefox/3.5.6 Opera 11.00"
78.25.120.175 - - [10/Dec/2015:00:50:00 +0400] "GET /id45592 HTTP/1.1" 200 19802 "-" "Mozilla/5.0 (Windows NT 6.0; WOW64) AppleWebKit/537.36 (KHTML, like Gecko) Chrome/40.0.2214.111 Safari/537.36"
80.118.244.63 - - [10/Dec/2015:00:50:01 +0400] "GET /id47859 HTTP/1.1" 200 15575 "-" "Mozilla/5.0 (Windows NT 10.0; WOW64) AppleWebKit/537.36 (KHTML, like Gecko) Chrome/45.0.2454.99 Safari/537.36"
193.105.156.196 - - [10/Dec/2015:00:50:01 +0400] "GET /id84991 HTTP/1.1" 200 21409 "-" "Mozilla/5.0 (Windows NT 5.1; U; de; rv:1.9.1.6) Gecko/20091201 Firefox/3.5.6 Opera 11.00"
192.152.151.225 - - [10/Dec/2015:00:50:01 +0400] "GET /id64651 HTTP/1.1" 200 23296 "-" "Mozilla/5.0 (Macintosh; Intel Mac OS X 10_8_4) AppleWebKit/537.36 (KHTML, like Gecko) Chrome/29.0.1547.32 Safari/537.36"
193.105.156.196 - - [10/Dec/2015:00:50:01 +0400] "GET /id29465 HTTP/1.1" 200 12850 "-" "Mozilla/5.0 (Windows NT 5.1; U; de; rv:1.9.1.6) Gecko/20091201 Firefox/3.5.6 Opera 11.00"
185.78.200.116 - - [10/Dec/2015:00:50:02 +0400] "GET /id66232 HTTP/1.1" 200 12699 "-" "Mozilla/5.0 (Linux; Android 5.0.2; SM-T535 Build/LRX22G) AppleWebKit/537.36 (KHTML, like Gecko) Chrome/45.0.2454.84 Safari/537.36"
185.4.147.233 - - [10/Dec/2015:00:50:02 +0400] "GET /id67043 HTTP/1.1" 200 11255 "-" "Mozilla/5.0 (Linux; Android 4.2.2; SM-T110 Build/JDQ39) AppleWebKit/537.36 (KHTML, like Gecko) Chrome/45.0.2454.84 Safari/537.36"
91.195.87.232 - - [10/Dec/2015:00:50:03 +0400] "GET /id69890 HTTP/1.1" 200 32388 "-" "Mozilla/5.0 (Windows NT 6.1) AppleWebKit/537.36 (KHTML, like Gecko) Chrome/45.0.2454.99 Safari/537.36"
193.28.234.51 - - [10/Dec/2015:00:50:03 +0400] "GET /id12483 HTTP/1.1" 200 20226 "-" "Mozilla/5.0 (Windows NT 5.1) AppleWebKit/537.36 (KHTML, like Gecko) Chrome/45.0.2454.93 Safari/537.36"
193.28.234.51 - - [10/Dec/2015:00:50:03 +0400] "GET /id13780 HTTP/1.1" 200 31644 "-" "Mozilla/5.0 (Windows NT 5.1) AppleWebKit/537.36 (KHTML, like Gecko) Chrome/45.0.2454.93 Safari/537.36"
193.254.248.118 - - [10/Dec/2015:00:50:04 +0400] "GET / HTTP/1.1" 200 25136 "-" "Mozilla/4.0 (compatible; MSIE 7.0; Windows NT 5.1; .NET CLR 2.0.50727; InfoPath.1; .NET CLR 3.0.4506.2152; .NET CLR 3.5.30729; InfoPath.2; MS-RTC LM 8; .NET4.0C; .NET4.0E)"
193.254.248.118 - - [10/Dec/2015:00:50:04 +0400] "GET /favicon.ico HTTP/1.1" 404 0 "-" "Mozilla/4.0 (compatible; MSIE 7.0; Windows NT 5.1; .NET CLR 2.0.50727; InfoPath.1; .NET CLR 3.0.4506.2152; .NET CLR 3.5.30729; InfoPath.2; MS-RTC LM 8; .NET4.0C; .NET4.0E)"
176.253.149.132 - - [10/Dec/2015:00:50:04 +0400] "GET / HTTP/1.1" 200 10804 "-" "Mozilla/5.0 (Windows NT 6.3; Win64; x64) AppleWebKit/537.36 (KHTML, like Gecko) Chrome/41.0.2272.76 Safari/537.36"
176.253.149.132 - - [10/Dec/2015:00:50:04 +0400] "GET /favicon.ico HTTP/1.1" 404 0 "-" "Mozilla/5.0 (Windows NT 6.3; Win64; x64) AppleWebKit/537.36 (KHTML, like Gecko) Chrome/41.0.2272.76 Safari/537.36"
185.39.206.67 - - [10/Dec/2015:00:50:04 +0400] "GET /id45768 HTTP/1.1" 200 21969 "-" "UCWEB/2.0 (MIDP-2.0; U; Adr 4.4.4; en-US; GT-I9060I) U2/1.0.0 UCBrowser/10.3.0.622 U2/1.0.0 Mobile"
85.239.36.132 - - [10/Dec/2015:00:50:04 +0400] "GET / HTTP/1.1" 200 10955 "-" "Mozilla/5.0 (Windows NT 6.1) AppleWebKit/537.36 (KHTML, like Gecko) Chrome/45.0.2454.99 Safari/537.36"
85.239.36.132 - - [10/Dec/2015:00:50:04 +0400] "GET /favicon.ico HTTP/1.1" 404 0 "-" "Mozilla/5.0 (Windows NT 6.1) AppleWebKit/537.36 (KHTML, like Gecko) Chrome/45.0.2454.99 Safari/537.36"
185.11.163.61 - - [10/Dec/2015:00:50:04 +0400] "GET /id68972 HTTP/1.1" 200 23123 "-" "Mozilla/5.0 (Windows NT 5.1; U; de; rv:1.9.1.6) Gecko/20091201 Firefox/3.5.6 Opera 11.00"
92.243.89.198 - - [10/Dec/2015:00:50:05 +0400] "GET /id47986 HTTP/1.1" 200 19180 "-" "Mozilla/5.0 (Windows NT 6.1; rv:11.0) Gecko/20100101 Firefox/11.0 Firefox/11.0"
195.85.213.29 - - [10/Dec/2015:00:50:05 +0400] "GET /id14096 HTTP/1.1" 200 19668 "-" "Mozilla/4.0 (compatible; MSIE 8.0; Windows NT 6.1; WOW64; Trident/4.0; (R1 1.5); SLCC2; .NET CLR 2.0.50727; .NET CLR 3.5.30729; .NET CLR 3.0.30729; Media Center PC 6.0; InfoPath.2; .NET CLR 1.1.4322; .NET4.0C; MS-RTC LM 8; AskTB5.5)"
193.16.133.253 - - [10/Dec/2015:00:50:05 +0400] "GET / HTTP/1.1" 200 11040 "-" "Mozilla/5.0 (Windows NT 5.1; U; de; rv:1.9.1.6) Gecko/20091201 Firefox/3.5.6 Opera 11.00"
193.16.133.253 - - [10/Dec/2015:00:50:05 +0400] "GET /favicon.ico HTTP/1.1" 404 0 "-" "Mozilla/5.0 (Windows NT 5.1; U; de; rv:1.9.1.6) Gecko/20091201 Firefox/3.5.6 Opera 11.00"
212.158.42.43 - - [10/Dec/2015:00:50:05 +0400] "GET / HTTP/1.1" 200 32730 "-" "Mozilla/5.0 (compatible; MSIE 10.0; Windows Phone 8.0; Trident/6.0; IEMobile/10.0; ARM; Touch; NOKIA; 909)"
212.158.42.43 - - [10/Dec/2015:00:50:05 +0400] "GET /favicon.ico HTTP/1.1" 404 0 "-" "Mozilla/5.0 (compatible; MSIE 10.0; Windows Phone 8.0; Trident/6.0; IEMobile/10.0; ARM; Touch; NOKIA; 909)"
176.57.243.30 - - [10/Dec/2015:00:50:05 +0400] "GET /id28116 HTTP/1.1" 200 29181 "-" "Mozilla/5.0 (Windows; U; Windows NT 5.1; ru; rv:1.9.0.11) Gecko/2009060215 MRA 5.6 (build 03278) Firefox/3.0.11 (.NET CLR 3.5.30729) sputnik unknown"
194.110.202.215 - - [10/Dec/2015:00:50:06 +0400] "GET / HTTP/1.1" 200 28565 "-" "Mozilla/5.0 (Windows NT 5.1) AppleWebKit/537.36 (KHTML, like Gecko) Chrome/45.0.2454.93 Safari/537.36"
194.110.202.215 - - [10/Dec/2015:00:50:06 +0400] "GET /favicon.ico HTTP/1.1" 404 0 "-" "Mozilla/5.0 (Windows NT 5.1) AppleWebKit/537.36 (KHTML, like Gecko) Chrome/45.0.2454.93 Safari/537.36"
194.24.160.64 - - [10/Dec/2015:00:50:06 +0400] "GET / HTTP/1.1" 200 32604 "-" "Opera/9.80 (Windows NT 6.1; Edition Yx) Presto/2.12.388 Version/12.16"
194.24.160.64 - - [10/Dec/2015:00:50:06 +0400] "GET /favicon.ico HTTP/1.1" 404 0 "-" "Opera/9.80 (Windows NT 6.1; Edition Yx) Presto/2.12.388 Version/12.16"
92.49.75.56 - - [10/Dec/2015:00:50:06 +0400] "GET /id14346 HTTP/1.1" 200 10245 "-" "Mozilla/5.0 (Macintosh; Intel Mac OS X 10_10_5) AppleWebKit/537.36 (KHTML, like Gecko) Chrome/45.0.2454.99 Safari/537.36"
212.158.42.43 - - [10/Dec/2015:00:50:07 +0400] "GET /id80261 HTTP/1.1" 200 19766 "-" "Mozilla/5.0 (compatible; MSIE 10.0; Windows Phone 8.0; Trident/6.0; IEMobile/10.0; ARM; Touch; NOKIA; 909)"
212.158.42.43 - - [10/Dec/2015:00:50:08 +0400] "GET /id61096 HTTP/1.1" 200 27898 "-" "Mozilla/5.0 (compatible; MSIE 10.0; Windows Phone 8.0; Trident/6.0; IEMobile/10.0; ARM; Touch; NOKIA; 909)"
91.226.97.71 - - [10/Dec/2015:00:50:08 +0400] "GET /id44209 HTTP/1.1" 200 25652 "-" "Mozilla/5.0 (X11; Linux i686; rv:40.0) Gecko/20100101 Firefox/40.0 Iceweasel/40.0"
91.206.67.180 - - [10/Dec/2015:00:50:08 +0400] "GET / HTTP/1.1" 200 32424 "-" "Mozilla/5.0 (Linux; Android 4.3; GT-I9300 Build/JSS15J) AppleWebKit/537.36 (KHTML, like Gecko) Chrome/41.0.2272.94 Mobile Safari/537.36"
91.206.67.180 - - [10/Dec/2015:00:50:08 +0400] "GET /favicon.ico HTTP/1.1" 404 0 "-" "Mozilla/5.0 (Linux; Android 4.3; GT-I9300 Build/JSS15J) AppleWebKit/537.36 (KHTML, like Gecko) Chrome/41.0.2272.94 Mobile Safari/537.36"
167.114.116.21 - - [10/Dec/2015:00:50:08 +0400] "GET /id92194 HTTP/1.1" 200 20833 "-" "Mozilla/5.0 (Macintosh; Intel Mac OS X 10_10_5) AppleWebKit/537.36 (KHTML, like Gecko) Chrome/45.0.2454.99 Safari/537.36"
159.122.202.162 - - [10/Dec/2015:00:50:08 +0400] "GET / HTTP/1.1" 200 19383 "-" "Mozilla/4.0 (compatible; MSIE 7.0; Windows NT 6.0; GTB7.5; SLCC1; .NET CLR 2.0.50727; Media Center PC 5.0; .NET CLR 3.5.30729; .NET CLR 3.0.30618; OfficeLiveConnector.1.5; OfficeLivePatch.1.3)"
159.122.202.162 - - [10/Dec/2015:00:50:08 +0400] "GET /favicon.ico HTTP/1.1" 404 0 "-" "Mozilla/4.0 (compatible; MSIE 7.0; Windows NT 6.0; GTB7.5; SLCC1; .NET CLR 2.0.50727; Media Center PC 5.0; .NET CLR 3.5.30729; .NET CLR 3.0.30618; OfficeLiveConnector.1.5; OfficeLivePatch.1.3)"
194.196.26.65 - - [10/Dec/2015:00:50:08 +0400] "GET / HTTP/1.1" 200 21884 "-" "Mozilla/5.0 (X11; Linux x86_64) AppleWebKit/534.24 (KHTML, like Gecko) Chrome/33.0.0.0 Safari/534.24"
194.196.26.65 - - [10/Dec/2015:00:50:08 +0400] "GET /favicon.ico HTTP/1.1" 404 0 "-" "Mozilla/5.0 (X11; Linux x86_64) AppleWebKit/534.24 (KHTML, like Gecko) Chrome/33.0.0.0 Safari/534.24"
185.4.147.233 - - [10/Dec/2015:00:50:09 +0400] "GET /id62782 HTTP/1.1" 200 12390 "-" "Mozilla/5.0 (Linux; Android 4.2.2; SM-T110 Build/JDQ39) AppleWebKit/537.36 (KHTML, like Gecko) Chrome/45.0.2454.84 Safari/537.36"
195.85.213.29 - - [10/Dec/2015:00:50:09 +0400] "GET /id37381 HTTP/1.1" 200 10672 "-" "Mozilla/4.0 (compatible; MSIE 8.0; Windows NT 6.1; WOW64; Trident/4.0; (R1 1.5); SLCC2; .NET CLR 2.0.50727; .NET CLR 3.5.30729; .NET CLR 3.0.30729; Media Center PC 6.0; InfoPath.2; .NET CLR 1.1.4322; .NET4.0C; MS-RTC LM 8; AskTB5.5)"
149.62.153.99 - - [10/Dec/2015:00:50:09 +0400] "GET /id68754 HTTP/1.1" 200 17076 "-" "Mozilla/5.0 (Windows NT 5.1; U; de; rv:1.9.1.6) Gecko/20091201 Firefox/3.5.6 Opera 11.00"
167.114.116.21 - - [10/Dec/2015:00:50:10 +0400] "GET /id19295 HTTP/1.1" 200 10997 "-" "Mozilla/5.0 (Macintosh; Intel Mac OS X 10_10_5) AppleWebKit/537.36 (KHTML, like Gecko) Chrome/45.0.2454.99 Safari/537.36"
194.110.202.215 - - [10/Dec/2015:00:50:11 +0400] "GET /id57684 HTTP/1.1" 200 26702 "-" "Mozilla/5.0 (Windows NT 5.1) AppleWebKit/537.36 (KHTML, like Gecko) Chrome/45.0.2454.93 Safari/537.36"
78.67.111.40 - - [10/Dec/2015:00:50:11 +0400] "GET / HTTP/1.1" 200 12654 "-" "Mozilla/5.0 (Linux; Android 5.1.1; SAMSUNG SM-G920F Build/LMY47X) AppleWebKit/537.36 (KHTML, like Gecko) SamsungBrowser/3.2 Chrome/38.0.2125.102 Mobile Safari/537.36"
78.67.111.40 - - [10/Dec/2015:00:50:11 +0400] "GET /favicon.ico HTTP/1.1" 404 0 "-" "Mozilla/5.0 (Linux; Android 5.1.1; SAMSUNG SM-G920F Build/LMY47X) AppleWebKit/537.36 (KHTML, like Gecko) SamsungBrowser/3.2 Chrome/38.0.2125.102 Mobile Safari/537.36"
90.252.98.18 - - [10/Dec/2015:00:50:11 +0400] "GET / HTTP/1.1" 200 16859 "-" "Mozilla/5.0 (Macintosh; Intel Mac OS X 10_10_5) AppleWebKit/537.36 (KHTML, like Gecko) Chrome/45.0.2454.99 Safari/537.36"
90.252.98.18 - - [10/Dec/2015:00:50:11 +0400] "GET /favicon.ico HTTP/1.1" 404 0 "-" "Mozilla/5.0 (Macintosh; Intel Mac OS X 10_10_5) AppleWebKit/537.36 (KHTML, like Gecko) Chrome/45.0.2454.99 Safari/537.36"
78.67.111.40 - - [10/Dec/2015:00:50:12 +0400] "GET /id28046 HTTP/1.1" 200 24860 "-" "Mozilla/5.0 (Linux; Android 5.1.1; SAMSUNG SM-G920F Build/LMY47X) AppleWebKit/537.36 (KHTML, like Gecko) SamsungBrowser/3.2 Chrome/38.0.2125.102 Mobile Safari/537.36"
213.156.141.89 - - [10/Dec/2015:00:50:12 +0400] "GET / HTTP/1.1" 200 24101 "-" "Mozilla/4.0 (compatible; MSIE 8.0; Windows NT 5.1; Trident/4.0; GTB7.5; .NET CLR 1.1.4322; .NET CLR 2.0.50727; .NET CLR 3.0.4506.2152; .NET CLR 3.5.30729; AskTbNRO2/5.15.15.35882; .NET4.0C; .NET4.0E; AskTB)"
213.156.141.89 - - [10/Dec/2015:00:50:12 +0400] "GET /favicon.ico HTTP/1.1" 404 0 "-" "Mozilla/4.0 (compatible; MSIE 8.0; Windows NT 5.1; Trident/4.0; GTB7.5; .NET CLR 1.1.4322; .NET CLR 2.0.50727; .NET CLR 3.0.4506.2152; .NET CLR 3.5.30729; AskTbNRO2/5.15.15.35882; .NET4.0C; .NET4.0E; AskTB)"
192.152.151.225 - - [10/Dec/2015:00:50:12 +0400] "GET /id13658 HTTP/1.1" 200 26949 "-" "Mozilla/5.0 (Macintosh; Intel Mac OS X 10_8_4) AppleWebKit/537.36 (KHTML, like Gecko) Chrome/29.0.1547.32 Safari/537.36"
185.39.206.67 - - [10/Dec/2015:00:50:12 +0400] "GET /id36904 HTTP/1.1" 200 11790 "-" "UCWEB/2.0 (MIDP-2.0; U; Adr 4.4.4; en-US; GT-I9060I) U2/1.0.0 UCBrowser/10.3.0.622 U2/1.0.0 Mobile"
185.64.228.145 - - [10/Dec/2015:00:50:12 +0400] "GET /id35073 HTTP/1.1" 200 14901 "-" "Mozilla/5.0 (Windows NT 6.1) AppleWebKit/537.36 (KHTML, like Gecko) Chrome/45.0.2454.99 Safari/537.36"
195.211.223.87 - - [10/Dec/2015:00:50:12 +0400] "GET /id39453 HTTP/1.1" 200 23510 "-" "Mozilla/4.0 (compatible; MSIE 8.0; Windows NT 5.1; Trident/4.0; Mozilla/4.0 (compatible; MSIE 6.0; Windows NT 5.1; SV1) ; Lunascape 6.3.2.22803)"
167.114.116.21 - - [10/Dec/2015:00:50:13 +0400] "GET /id19663 HTTP/1.1" 200 27142 "-" "Mozilla/5.0 (Macintosh; Intel Mac OS X 10_10_5) AppleWebKit/537.36 (KHTML, like Gecko) Chrome/45.0.2454.99 Safari/537.36"
17.72.124.193 - - [10/Dec/2015:00:50:13 +0400] "GET / HTTP/1.1" 200 19587 "-" "Mozilla/5.0 (Macintosh; Intel Mac OS X 10_10_5) AppleWebKit/601.1.56 (KHTML, like Gecko) Version/9.0 Safari/601.1.56"
17.72.124.193 - - [10/Dec/2015:00:50:13 +0400] "GET /favicon.ico HTTP/1.1" 404 0 "-" "Mozilla/5.0 (Macintosh; Intel Mac OS X 10_10_5) AppleWebKit/601.1.56 (KHTML, like Gecko) Version/9.0 Safari/601.1.56"
195.14.5.218 - - [10/Dec/2015:00:50:13 +0400] "GET /id91200 HTTP/1.1" 200 31899 "-" "Mozilla/5.0 (Windows; U; Windows NT 5.0; en-US; rv:1.1) Gecko/20020826"
90.252.98.18 - - [10/Dec/2015:00:50:13 +0400] "GET /id56254 HTTP/1.1" 200 21929 "-" "Mozilla/5.0 (Macintosh; Intel Mac OS X 10_10_5) AppleWebKit/537.36 (KHTML, like Gecko) Chrome/45.0.2454.99 Safari/537.36"
194.24.160.64 - - [10/Dec/2015:00:50:13 +0400] "GET /id87159 HTTP/1.1" 200 18285 "-" "Opera/9.80 (Windows NT 6.1; Edition Yx) Presto/2.12.388 Version/12.16"
193.105.156.196 - - [10/Dec/2015:00:50:13 +0400] "GET /id25073 HTTP/1.1" 200 17759 "-" "Mozilla/5.0 (Windows NT 5.1; U; de; rv:1.9.1.6) Gecko/20091201 Firefox/3.5.6 Opera 11.00"
193.24.22.41 - - [10/Dec/2015:00:50:13 +0400] "GET / HTTP/1.1" 200 18260 "-" "Mozilla/5.0 (iPad; CPU OS 8_4_1 like Mac OS X) AppleWebKit/600.1.4 (KHTML, like Gecko) GSA/8.0.57838 Mobile/12H321 Safari/600.1.4"
193.24.22.41 - - [10/Dec/2015:00:50:13 +0400] "GET /favicon.ico HTTP/1.1" 404 0 "-" "Mozilla/5.0 (iPad; CPU OS 8_4_1 like Mac OS X) AppleWebKit/600.1.4 (KHTML, like Gecko) GSA/8.0.57838 Mobile/12H321 Safari/600.1.4"
195.14.5.218 - - [10/Dec/2015:00:50:13 +0400] "GET /id16712 HTTP/1.1" 200 24692 "-" "Mozilla/5.0 (Windows; U; Windows NT 5.0; en-US; rv:1.1) Gecko/20020826"
90.252.98.18 - - [10/Dec/2015:00:50:13 +0400] "GET /id85302 HTTP/1.1" 200 9719 "-" "Mozilla/5.0 (Macintosh; Intel Mac OS X 10_10_5) AppleWebKit/537.36 (KHTML, like Gecko) Chrome/45.0.2454.99 Safari/537.36"
193.127.246.34 - - [10/Dec/2015:00:50:13 +0400] "GET / HTTP/1.1" 200 23437 "-" "Mozilla/5.0 (Windows NT 10.0; WOW64) AppleWebKit/537.36 (KHTML, like Gecko) Chrome/45.0.2454.99 Safari/537.36"
193.127.246.34 - - [10/Dec/2015:00:50:13 +0400] "GET /favicon.ico HTTP/1.1" 404 0 "-" "Mozilla/5.0 (Windows NT 10.0; WOW64) AppleWebKit/537.36 (KHTML, like Gecko) Chrome/45.0.2454.99 Safari/537.36"
185.4.147.233 - - [10/Dec/2015:00:50:13 +0400] "GET /id40971 HTTP/1.1" 200 31660 "-" "Mozilla/5.0 (Linux; Android 4.2.2; SM-T110 Build/JDQ39) AppleWebKit/537.36 (KHTML, like Gecko) Chrome/45.0.2454.84 Safari/537.36"
92.49.75.56 - - [10/Dec/2015:00:50:14 +0400] "GET /id67934 HTTP/1.1" 200 10625 "-" "Mozilla/5.0 (Macintosh; Intel Mac OS X 10_10_5) AppleWebKit/537.36 (KHTML, like Gecko) Chrome/45.0.2454.99 Safari/537.36"
195.211.223.87 - - [10/Dec/2015:00:50:14 +0400] "GET /id95071 HTTP/1.1" 200 30676 "-" "Mozilla/4.0 (compatible; MSIE 8.0; Windows NT 5.1; Trident/4.0; Mozilla/4.0 (compatible; MSIE 6.0; Windows NT 5.1; SV1) ; Lunascape 6.3.2.22803)"
194.221.214.133 - - [10/Dec/2015:00:50:14 +0400] "GET /id90493 HTTP/1.1" 200 11320 "-" "Mozilla/4.0 (compatible; MSIE 8.0; Windows NT 5.1; Trident/4.0; .NET4.0C; AskTbFWV5/5.9.1.14019)"
107.168.107.248 - - [10/Dec/2015:00:50:14 +0400] "GET / HTTP/1.1" 200 29524 "-" "Mozilla/5.0 (compatible; evc/2.0)"
107.168.107.248 - - [10/Dec/2015:00:50:14 +0400] "GET /favicon.ico HTTP/1.1" 404 0 "-" "Mozilla/5.0 (compatible; evc/2.0)"
91.201.254.217 - - [10/Dec/2015:00:50:14 +0400] "GET / HTTP/1.1" 200 27308 "-" "Mozilla/5.0 (Linux; U; Android 4.0.4; en-us; C5170 Build/IML77) AppleWebKit/534.30 (KHTML, like Gecko) Version/4.0 Mobile Safari/534.30"
91.201.254.217 - - [10/Dec/2015:00:50:14 +0400] "GET /favicon.ico HTTP/1.1" 404 0 "-" "Mozilla/5.0 (Linux; U; Android 4.0.4; en-us; C5170 Build/IML77) AppleWebKit/534.30 (KHTML, like Gecko) Version/4.0 Mobile Safari/534.30"
130.133.157.205 - - [10/Dec/2015:00:50:15 +0400] "GET / HTTP/1.1" 200 27218 "-" "Mozilla/4.0 (compatible; MSIE 7.0; Windows NT 5.1; Trident/4.0; H010818; .NET CLR 1.1.4322; .NET CLR 2.0.50727; .NET CLR 3.0.4506.2152; .NET CLR 3.5.30729; InfoPath.2; .NET4.0C)"
130.133.157.205 - - [10/Dec/2015:00:50:15 +0400] "GET /favicon.ico HTTP/1.1" 404 0 "-" "Mozilla/4.0 (compatible; MSIE 7.0; Windows NT 5.1; Trident/4.0; H010818; .NET CLR 1.1.4322; .NET CLR 2.0.50727; .NET CLR 3.0.4506.2152; .NET CLR 3.5.30729; InfoPath.2; .NET4.0C)"
194.196.26.65 - - [10/Dec/2015:00:50:15 +0400] "GET /id85880 HTTP/1.1" 200 13448 "-" "Mozilla/5.0 (X11; Linux x86_64) AppleWebKit/534.24 (KHTML, like Gecko) Chrome/33.0.0.0 Safari/534.24"
78.99.167.185 - - [10/Dec/2015:00:50:15 +0400] "GET / HTTP/1.1" 200 13641 "-" "Mozilla/4.0 (compatible; MSIE 8.0; Windows NT 5.1; Trident/4.0; .NET CLR 2.0.50727; .NET CLR 3.0.04506.30; .NET4.0C; .NET CLR 1.1.4322; .NET CLR 3.0.4506.2152; .NET CLR 3.5.30729; .NET4.0E; InfoPath.2)"
78.99.167.185 - - [10/Dec/2015:00:50:15 +0400] "GET /favicon.ico HTTP/1.1" 404 0 "-" "Mozilla/4.0 (compatible; MSIE 8.0; Windows NT 5.1; Trident/4.0; .NET CLR 2.0.50727; .NET CLR 3.0.04506.30; .NET4.0C; .NET CLR 1.1.4322; .NET CLR 3.0.4506.2152; .NET CLR 3.5.30729; .NET4.0E; InfoPath.2)"
41.242.131.76 - - [10/Dec/2015:00:50:16 +0400] "GET /dana-na/auth/url_default/welcome.cgi HTTP/1.1" 404 0 "-" "Mozilla/6.66"
212.158.42.43 - - [10/Dec/2015:00:50:16 +0400] "GET /id85634 HTTP/1.1" 200 32376 "-" "Mozilla/5.0 (compatible; MSIE 10.0; Windows Phone 8.0; Trident/6.0; IEMobile/10.0; ARM; Touch; NOKIA; 909)"
90.252.98.18 - - [10/Dec/2015:00:50:16 +0400] "GET /id63928 HTTP/1.1" 200 29626 "-" "Mozilla/5.0 (Macintosh; Intel Mac OS X 10_10_5) AppleWebKit/537.36 (KHTML, like Gecko) Chrome/45.0.2454.99 Safari/537.36"
193.127.246.34 - - [10/Dec/2015:00:50:16 +0400] "GET /id67572 HTTP/1.1" 200 23522 "-" "Mozilla/5.0 (Windows NT 10.0; WOW64) AppleWebKit/537.36 (KHTML, like Gecko) Chrome/45.0.2454.99 Safari/537.36"
89.106.253.75 - - [10/Dec/2015:00:50:16 +0400] "GET / HTTP/1.1" 200 20145 "-" "Mozilla/4.0 (compatible; MSIE 8.0; Windows NT 6.1; Trident/4.0; SLCC2; .NET CLR 2.0.50727; .NET CLR 3.5.30729; .NET CLR 3.0.30729; Media Center PC 6.0; Tablet PC 2.0; InfoPath.3; MS-RTC LM 8; Zune 4.7; .NET4.0C)"
89.106.253.75 - - [10/Dec/2015:00:50:16 +0400] "GET /favicon.ico HTTP/1.1" 404 0 "-" "Mozilla/4.0 (compatible; MSIE 8.0; Windows NT 6.1; Trident/4.0; SLCC2; .NET CLR 2.0.50727; .NET CLR 3.5.30729; .NET CLR 3.0.30729; Media Center PC 6.0; Tablet PC 2.0; InfoPath.3; MS-RTC LM 8; Zune 4.7; .NET4.0C)"
193.24.22.41 - - [10/Dec/2015:00:50:17 +0400] "GET /id68285 HTTP/1.1" 200 31219 "-" "Mozilla/5.0 (iPad; CPU OS 8_4_1 like Mac OS X) AppleWebKit/600.1.4 (KHTML, like Gecko) GSA/8.0.57838 Mobile/12H321 Safari/600.1.4"
185.36.231.38 - - [10/Dec/2015:00:50:17 +0400] "GET / HTTP/1.1" 200 8228 "-" "Mozilla/4.0 (compatible; MSIE 8.0; Windows NT 5.1; Trident/4.0; chromeframe/13.0.782.218; .NET CLR 2.0.50727; .NET CLR 3.0.4506.2152; BO1IE8_v1;ENUS)"
185.36.231.38 - - [10/Dec/2015:00:50:17 +0400] "GET /favicon.ico HTTP/1.1" 404 0 "-" "Mozilla/4.0 (compatible; MSIE 8.0; Windows NT 5.1; Trident/4.0; chromeframe/13.0.782.218; .NET CLR 2.0.50727; .NET CLR 3.0.4506.2152; BO1IE8_v1;ENUS)"
185.62.192.150 - - [10/Dec/2015:00:50:17 +0400] "GET /id94689 HTTP/1.1" 200 28953 "-" "Mozilla/5.0 (Macintosh; Intel Mac OS X 10_7_5) AppleWebKit/537.36 (KHTML, like Gecko) Chrome/44.0.2403.130 Safari/537.36"
149.62.153.99 - - [10/Dec/2015:00:50:17 +0400] "GET /id57289 HTTP/1.1" 200 21582 "-" "Mozilla/5.0 (Windows NT 5.1; U; de; rv:1.9.1.6) Gecko/20091201 Firefox/3.5.6 Opera 11.00"
193.24.22.41 - - [10/Dec/2015:00:50:17 +0400] "GET /id72970 HTTP/1.1" 200 18122 "-" "Mozilla/5.0 (iPad; CPU OS 8_4_1 like Mac OS X) AppleWebKit/600.1.4 (KHTML, like Gecko) GSA/8.0.57838 Mobile/12H321 Safari/600.1.4"
195.191.65.134 - - [10/Dec/2015:00:50:18 +0400] "GET / HTTP/1.1" 200 16112 "-" "Mozilla/5.0 (iPad; CPU OS 8_4_1 like Mac OS X) AppleWebKit/600.1.4 (KHTML, like Gecko) GSA/8.0.57838 Mobile/12H321 Safari/600.1.4"
195.191.65.134 - - [10/Dec/2015:00:50:18 +0400] "GET /favicon.ico HTTP/1.1" 404 0 "-" "Mozilla/5.0 (iPad; CPU OS 8_4_1 like Mac OS X) AppleWebKit/600.1.4 (KHTML, like Gecko) GSA/8.0.57838 Mobile/12H321 Safari/600.1.4"
193.221.117.62 - - [10/Dec/2015:00:50:18 +0400] "GET /id50731 HTTP/1.1" 200 27797 "-" "Mozilla/5.0 (Windows NT 10.0; WOW64) AppleWebKit/537.36 (KHTML, like Gecko) Chrome/45.0.2454.99 Safari/537.36"
194.196.26.65 - - [10/Dec/2015:00:50:18 +0400] "GET /id53572 HTTP/1.1" 200 28996 "-" "Mozilla/5.0 (X11; Linux x86_64) AppleWebKit/534.24 (KHTML, like Gecko) Chrome/33.0.0.0 Safari/534.24"
46.242.116.22 - - [10/Dec/2015:00:50:18 +0400] "GET / HTTP/1.1" 200 13696 "-" "Mozilla/5.0 (Windows; U; Windows NT 6.2; de; rv:1.9.2.6) Gecko/20100625 Firefox/40.0 (x86 de) Anonymisiert durch AlMiSoft Browser-Maulkorb 66026616"
46.242.116.22 - - [10/Dec/2015:00:50:18 +0400] "GET /favicon.ico HTTP/1.1" 404 0 "-" "Mozilla/5.0 (Windows; U; Windows NT 6.2; de; rv:1.9.2.6) Gecko/20100625 Firefox/40.0 (x86 de) Anonymisiert durch AlMiSoft Browser-Maulkorb 66026616"
91.226.97.71 - - [10/Dec/2015:00:50:19 +0400] "GET /id39002 HTTP/1.1" 200 19209 "-" "Mozilla/5.0 (X11; Linux i686; rv:40.0) Gecko/20100101 Firefox/40.0 Iceweasel/40.0"
193.16.133.253 - - [10/Dec/2015:00:50:19 +0400] "GET /id31654 HTTP/1.1" 200 24768 "-" "Mozilla/5.0 (Windows NT 5.1; U; de; rv:1.9.1.6) Gecko/20091201 Firefox/3.5.6 Opera 11.00"
195.85.213.29 - - [10/Dec/2015:00:50:19 +0400] "GET /id72595 HTTP/1.1" 200 16496 "-" "Mozilla/4.0 (compatible; MSIE 8.0; Windows NT 6.1; WOW64; Trident/4.0; (R1 1.5); SLCC2; .NET CLR 2.0.50727; .NET CLR 3.5.30729; .NET CLR 3.0.30729; Media Center PC 6.0; InfoPath.2; .NET CLR 1.1.4322; .NET4.0C; MS-RTC LM 8; AskTB5.5)"
193.254.248.118 - - [10/Dec/2015:00:50:20 +0400] "GET /id78648 HTTP/1.1" 200 11519 "-" "Mozilla/4.0 (compatible; MSIE 7.0; Windows NT 5.1; .NET CLR 2.0.50727; InfoPath.1; .NET CLR 3.0.4506.2152; .NET CLR 3.5.30729; InfoPath.2; MS-RTC LM 8; .NET4.0C; .NET4.0E)"
185.11.163.61 - - [10/Dec/2015:00:50:20 +0400] "GET /id32961 HTTP/1.1" 200 18446 "-" "Mozilla/5.0 (Windows NT 5.1; U; de; rv:1.9.1.6) Gecko/20091201 Firefox/3.5.6 Opera 11.00"
78.67.111.40 - - [10/Dec/2015:00:50:21 +0400] "GET /id36861 HTTP/1.1" 200 28000 "-" "Mozilla/5.0 (Linux; Android 5.1.1; SAMSUNG SM-G920F Build/LMY47X) AppleWebKit/537.36 (KHTML, like Gecko) SamsungBrowser/3.2 Chrome/38.0.2125.102 Mobile Safari/537.36"
193.254.248.118 - - [10/Dec/2015:00:50:21 +0400] "GET /id68689 HTTP/1.1" 200 18996 "-" "Mozilla/4.0 (compatible; MSIE 7.0; Windows NT 5.1; .NET CLR 2.0.50727; InfoPath.1; .NET CLR 3.0.4506.2152; .NET CLR 3.5.30729; InfoPath.2; MS-RTC LM 8; .NET4.0C; .NET4.0E)"
212.158.42.43 - - [10/Dec/2015:00:50:21 +0400] "GET /id99225 HTTP/1.1" 200 18860 "-" "Mozilla/5.0 (compatible; MSIE 10.0; Windows Phone 8.0; Trident/6.0; IEMobile/10.0; ARM; Touch; NOKIA; 909)"
109.109.220.38 - - [10/Dec/2015:00:50:21 +0400] "GET / HTTP/1.1" 200 19765 "-" "Mozilla/5.0 (Windows NT 6.1) AppleWebKit/537.36 (KHTML, like Gecko) Chrome/45.0.2454.99 Safari/537.36"
109.109.220.38 - - [10/Dec/2015:00:50:21 +0400] "GET /favicon.ico HTTP/1.1" 404 0 "-" "Mozilla/5.0 (Windows NT 6.1) AppleWebKit/537.36 (KHTML, like Gecko) Chrome/45.0.2454.99 Safari/537.36"
213.156.141.89 - - [10/Dec/2015:00:50:21 +0400] "GET /id65519 HTTP/1.1" 200 10249 "-" "Mozilla/4.0 (compatible; MSIE 8.0; Windows NT 5.1; Trident/4.0; GTB7.5; .NET CLR 1.1.4322; .NET CLR 2.0.50727; .NET CLR 3.0.4506.2152; .NET CLR 3.5.30729; AskTbNRO2/5.15.15.35882; .NET4.0C; .NET4.0E; AskTB)"
17.72.124.193 - - [10/Dec/2015:00:50:22 +0400] "GET /id81137 HTTP/1.1" 200 21350 "-" "Mozilla/5.0 (Macintosh; Intel Mac OS X 10_10_5) AppleWebKit/601.1.56 (KHTML, like Gecko) Version/9.0 Safari/601.1.56"
195.85.213.29 - - [10/Dec/2015:00:50:22 +0400] "GET /id97349 HTTP/1.1" 200 9077 "-" "Mozilla/4.0 (compatible; MSIE 8.0; Windows NT 6.1; WOW64; Trident/4.0; (R1 1.5); SLCC2; .NET CLR 2.0.50727; .NET CLR 3.5.30729; .NET CLR 3.0.30729; Media Center PC 6.0; InfoPath.2; .NET CLR 1.1.4322; .NET4.0C; MS-RTC LM 8; AskTB5.5)"
176.123.216.49 - - [10/Dec/2015:00:50:23 +0400] "GET / HTTP/1.1" 200 30800 "-" "Mozilla/5.0 (Windows NT 10.0; WOW64) AppleWebKit/537.36 (KHTML, like Gecko) Chrome/45.0.2454.99 Safari/537.36"
176.123.216.49 - - [10/Dec/2015:00:50:23 +0400] "GET /favicon.ico HTTP/1.1" 404 0 "-" "Mozilla/5.0 (Windows NT 10.0; WOW64) AppleWebKit/537.36 (KHTML, like Gecko) Chrome/45.0.2454.99 Safari/537.36"
107.168.107.248 - - [10/Dec/2015:00:50:24 +0400] "GET /id69750 HTTP/1.1" 200 10613 "-" "Mozilla/5.0 (compatible; evc/2.0)"
185.36.231.38 - - [10/Dec/2015:00:50:24 +0400] "GET /id49515 HTTP/1.1" 200 27931 "-" "Mozilla/4.0 (compatible; MSIE 8.0; Windows NT 5.1; Trident/4.0; chromeframe/13.0.782.218; .NET CLR 2.0.50727; .NET CLR 3.0.4506.2152; BO1IE8_v1;ENUS)"
185.39.206.67 - - [10/Dec/2015:00:50:24 +0400] "GET /id86116 HTTP/1.1" 200 26178 "-" "UCWEB/2.0 (MIDP-2.0; U; Adr 4.4.4; en-US; GT-I9060I) U2/1.0.0 UCBrowser/10.3.0.622 U2/1.0.0 Mobile"
185.3.140.100 - - [10/Dec/2015:00:50:24 +0400] "GET / HTTP/1.1" 200 13077 "-" "Mozilla/5.0 (X11; Ubuntu; Linux i686; rv:39.0) Gecko/20100101 Firefox/39.0"
185.3.140.100 - - [10/Dec/2015:00:50:24 +0400] "GET /favicon.ico HTTP/1.1" 404 0 "-" "Mozilla/5.0 (X11; Ubuntu; Linux i686; rv:39.0) Gecko/20100101 Firefox/39.0"
194.221.214.133 - - [10/Dec/2015:00:50:24 +0400] "GET /id13615 HTTP/1.1" 200 26270 "-" "Mozilla/4.0 (compatible; MSIE 8.0; Windows NT 5.1; Trident/4.0; .NET4.0C; AskTbFWV5/5.9.1.14019)"
193.24.22.41 - - [10/Dec/2015:00:50:25 +0400] "GET /id55950 HTTP/1.1" 200 18652 "-" "Mozilla/5.0 (iPad; CPU OS 8_4_1 like Mac OS X) AppleWebKit/600.1.4 (KHTML, like Gecko) GSA/8.0.57838 Mobile/12H321 Safari/600.1.4"
40.143.188.81 - - [10/Dec/2015:00:50:26 +0400] "GET / HTTP/1.1" 200 8513 "-" "Mozilla/5.0 (Macintosh; Intel Mac OS X 10_10) AppleWebKit/538.34.48 (KHTML, like Gecko) Version/8.0 Safari/538.35.8"
40.143.188.81 - - [10/Dec/2015:00:50:26 +0400] "GET /favicon.ico HTTP/1.1" 404 0 "-" "Mozilla/5.0 (Macintosh; Intel Mac OS X 10_10) AppleWebKit/538.34.48 (KHTML, like Gecko) Version/8.0 Safari/538.35.8"
212.158.42.43 - - [10/Dec/2015:00:50:26 +0400] "GET /id61836 HTTP/1.1" 200 15693 "-" "Mozilla/5.0 (compatible; MSIE 10.0; Windows Phone 8.0; Trident/6.0; IEMobile/10.0; ARM; Touch; NOKIA; 909)"
31.135.9.66 - - [10/Dec/2015:00:50:26 +0400] "GET / HTTP/1.1" 200 21107 "-" "Mozilla/5.0 (Windows NT 6.1) AppleWebKit/537.36 (KHTML, like Gecko) Chrome/37.0.2062.122 Safari/537.36 OPR/21.0.1432.57"
31.135.9.66 - - [10/Dec/2015:00:50:26 +0400] "GET /favicon.ico HTTP/1.1" 404 0 "-" "Mozilla/5.0 (Windows NT 6.1) AppleWebKit/537.36 (KHTML, like Gecko) Chrome/37.0.2062.122 Safari/537.36 OPR/21.0.1432.57"
194.221.214.133 - - [10/Dec/2015:00:50:26 +0400] "GET /id79813 HTTP/1.1" 200 25022 "-" "Mozilla/4.0 (compatible; MSIE 8.0; Windows NT 5.1; Trident/4.0; .NET4.0C; AskTbFWV5/5.9.1.14019)"
176.253.149.132 - - [10/Dec/2015:00:50:26 +0400] "GET /id77767 HTTP/1.1" 200 26630 "-" "Mozilla/5.0 (Windows NT 6.3; Win64; x64) AppleWebKit/537.36 (KHTML, like Gecko) Chrome/41.0.2272.76 Safari/537.36"
78.67.111.40 - - [10/Dec/2015:00:50:27 +0400] "GET /id50600 HTTP/1.1" 200 17066 "-" "Mozilla/5.0 (Linux; Android 5.1.1; SAMSUNG SM-G920F Build/LMY47X) AppleWebKit/537.36 (KHTML, like Gecko) SamsungBrowser/3.2 Chrome/38.0.2125.102 Mobile Safari/537.36"
91.195.87.232 - - [10/Dec/2015:00:50:27 +0400] "GET /id59776 HTTP/1.1" 200 26543 "-" "Mozilla/5.0 (Windows NT 6.1) AppleWebKit/537.36 (KHTML, like Gecko) Chrome/45.0.2454.99 Safari/537.36"
130.133.157.205 - - [10/Dec/2015:00:50:27 +0400] "GET /id55461 HTTP/1.1" 200 19842 "-" "Mozilla/4.0 (compatible; MSIE 7.0; Windows NT 5.1; Trident/4.0; H010818; .NET CLR 1.1.4322; .NET CLR 2.0.50727; .NET CLR 3.0.4506.2152; .NET CLR 3.5.30729; InfoPath.2; .NET4.0C)"
89.106.253.75 - - [10/Dec/2015:00:50:27 +0400] "GET /id74057 HTTP/1.1" 200 21901 "-" "Mozilla/4.0 (compatible; MSIE 8.0; Windows NT 6.1; Trident/4.0; SLCC2; .NET CLR 2.0.50727; .NET CLR 3.5.30729; .NET CLR 3.0.30729; Media Center PC 6.0; Tablet PC 2.0; InfoPath.3; MS-RTC LM 8; Zune 4.7; .NET4.0C)"
193.221.117.62 - - [10/Dec/2015:00:50:28 +0400] "GET /id87109 HTTP/1.1" 200 25152 "-" "Mozilla/5.0 (Windows NT 10.0; WOW64) AppleWebKit/537.36 (KHTML, like Gecko) Chrome/45.0.2454.99 Safari/537.36"
193.254.248.118 - - [10/Dec/2015:00:50:28 +0400] "GET /id80280 HTTP/1.1" 200 24808 "-" "Mozilla/4.0 (compatible; MSIE 7.0; Windows NT 5.1; .NET CLR 2.0.50727; InfoPath.1; .NET CLR 3.0.4506.2152; .NET CLR 3.5.30729; InfoPath.2; MS-RTC LM 8; .NET4.0C; .NET4.0E)"
159.122.202.162 - - [10/Dec/2015:00:50:28 +0400] "GET /id73155 HTTP/1.1" 200 14269 "-" "Mozilla/4.0 (compatible; MSIE 7.0; Windows NT 6.0; GTB7.5; SLCC1; .NET CLR 2.0.50727; Media Center PC 5.0; .NET CLR 3.5.30729; .NET CLR 3.0.30618; OfficeLiveConnector.1.5; OfficeLivePatch.1.3)"
195.85.213.29 - - [10/Dec/2015:00:50:29 +0400] "GET /id53819 HTTP/1.1" 200 18781 "-" "Mozilla/4.0 (compatible; MSIE 8.0; Windows NT 6.1; WOW64; Trident/4.0; (R1 1.5); SLCC2; .NET CLR 2.0.50727; .NET CLR 3.5.30729; .NET CLR 3.0.30729; Media Center PC 6.0; InfoPath.2; .NET CLR 1.1.4322; .NET4.0C; MS-RTC LM 8; AskTB5.5)"
40.143.188.81 - - [10/Dec/2015:00:50:29 +0400] "GET /id36684 HTTP/1.1" 200 26934 "-" "Mozilla/5.0 (Macintosh; Intel Mac OS X 10_10) AppleWebKit/538.34.48 (KHTML, like Gecko) Version/8.0 Safari/538.35.8"
193.24.22.41 - - [10/Dec/2015:00:50:29 +0400] "GET /id51818 HTTP/1.1" 200 14228 "-" "Mozilla/5.0 (iPad; CPU OS 8_4_1 like Mac OS X) AppleWebKit/600.1.4 (KHTML, like Gecko) GSA/8.0.57838 Mobile/12H321 Safari/600.1.4"
195.211.223.87 - - [10/Dec/2015:00:50:30 +0400] "GET /id72259 HTTP/1.1" 200 26829 "-" "Mozilla/4.0 (compatible; MSIE 8.0; Windows NT 5.1; Trident/4.0; Mozilla/4.0 (compatible; MSIE 6.0; Windows NT 5.1; SV1) ; Lunascape 6.3.2.22803)"
193.254.248.118 - - [10/Dec/2015:00:50:31 +0400] "GET /id57607 HTTP/1.1" 200 20321 "-" "Mozilla/4.0 (compatible; MSIE 7.0; Windows NT 5.1; .NET CLR 2.0.50727; InfoPath.1; .NET CLR 3.0.4506.2152; .NET CLR 3.5.30729; InfoPath.2; MS-RTC LM 8; .NET4.0C; .NET4.0E)"
193.24.22.41 - - [10/Dec/2015:00:50:32 +0400] "GET /id60995 HTTP/1.1" 200 16988 "-" "Mozilla/5.0 (iPad; CPU OS 8_4_1 like Mac OS X) AppleWebKit/600.1.4 (KHTML, like Gecko) GSA/8.0.57838 Mobile/12H321 Safari/600.1.4"
193.254.248.118 - - [10/Dec/2015:00:50:33 +0400] "GET /id13901 HTTP/1.1" 200 26662 "-" "Mozilla/4.0 (compatible; MSIE 7.0; Windows NT 5.1; .NET CLR 2.0.50727; InfoPath.1; .NET CLR 3.0.4506.2152; .NET CLR 3.5.30729; InfoPath.2; MS-RTC LM 8; .NET4.0C; .NET4.0E)"
17.72.124.193 - - [10/Dec/2015:00:50:33 +0400] "GET /id93041 HTTP/1.1" 200 24768 "-" "Mozilla/5.0 (Macintosh; Intel Mac OS X 10_10_5) AppleWebKit/601.1.56 (KHTML, like Gecko) Version/9.0 Safari/601.1.56"
169.255.159.39 - - [10/Dec/2015:00:50:34 +0400] "GET /cgi-bin/zml.cgi HTTP/1.1" 404 0 "-" "Mozilla/6.66"
185.39.206.67 - - [10/Dec/2015:00:50:34 +0400] "GET /id48137 HTTP/1.1" 200 9848 "-" "UCWEB/2.0 (MIDP-2.0; U; Adr 4.4.4; en-US; GT-I9060I) U2/1.0.0 UCBrowser/10.3.0.622 U2/1.0.0 Mobile"
176.253.149.132 - - [10/Dec/2015:00:50:35 +0400] "GET /id27268 HTTP/1.1" 200 30510 "-" "Mozilla/5.0 (Windows NT 6.3; Win64; x64) AppleWebKit/537.36 (KHTML, like Gecko) Chrome/41.0.2272.76 Safari/537.36"
185.64.228.145 - - [10/Dec/2015:00:50:35 +0400] "GET /id59263 HTTP/1.1" 200 12652 "-" "Mozilla/5.0 (Windows NT 6.1) AppleWebKit/537.36 (KHTML, like Gecko) Chrome/45.0.2454.99 Safari/537.36"
89.106.253.75 - - [10/Dec/2015:00:50:35 +0400] "GET /id26103 HTTP/1.1" 200 15192 "-" "Mozilla/4.0 (compatible; MSIE 8.0; Windows NT 6.1; Trident/4.0; SLCC2; .NET CLR 2.0.50727; .NET CLR 3.5.30729; .NET CLR 3.0.30729; Media Center PC 6.0; Tablet PC 2.0; InfoPath.3; MS-RTC LM 8; Zune 4.7; .NET4.0C)"
193.24.22.41 - - [10/Dec/2015:00:50:35 +0400] "GET /id85247 HTTP/1.1" 200 30348 "-" "Mozilla/5.0 (iPad; CPU OS 8_4_1 like Mac OS X) AppleWebKit/600.1.4 (KHTML, like Gecko) GSA/8.0.57838 Mobile/12H321 Safari/600.1.4"
46.242.116.22 - - [10/Dec/2015:00:50:35 +0400] "GET /id95317 HTTP/1.1" 200 29907 "-" "Mozilla/5.0 (Windows; U; Windows NT 6.2; de; rv:1.9.2.6) Gecko/20100625 Firefox/40.0 (x86 de) Anonymisiert durch AlMiSoft Browser-Maulkorb 66026616"
195.85.213.29 - - [10/Dec/2015:00:50:35 +0400] "GET /id24323 HTTP/1.1" 200 11665 "-" "Mozilla/4.0 (compatible; MSIE 8.0; Windows NT 6.1; WOW64; Trident/4.0; (R1 1.5); SLCC2; .NET CLR 2.0.50727; .NET CLR 3.5.30729; .NET CLR 3.0.30729; Media Center PC 6.0; InfoPath.2; .NET CLR 1.1.4322; .NET4.0C; MS-RTC LM 8; AskTB5.5)"
212.158.42.43 - - [10/Dec/2015:00:50:35 +0400] "GET /id97706 HTTP/1.1" 200 14356 "-" "Mozilla/5.0 (compatible; MSIE 10.0; Windows Phone 8.0; Trident/6.0; IEMobile/10.0; ARM; Touch; NOKIA; 909)"
194.221.214.133 - - [10/Dec/2015:00:50:36 +0400] "GET /id21218 HTTP/1.1" 200 16618 "-" "Mozilla/4.0 (compatible; MSIE 8.0; Windows NT 5.1; Trident/4.0; .NET4.0C; AskTbFWV5/5.9.1.14019)"
46.242.116.22 - - [10/Dec/2015:00:50:37 +0400] "GET /id87487 HTTP/1.1" 200 20440 "-" "Mozilla/5.0 (Windows; U; Windows NT 6.2; de; rv:1.9.2.6) Gecko/20100625 Firefox/40.0 (x86 de) Anonymisiert durch AlMiSoft Browser-Maulkorb 66026616"
17.72.124.193 - - [10/Dec/2015:00:50:37 +0400] "GET /id24483 HTTP/1.1" 200 10706 "-" "Mozilla/5.0 (Macintosh; Intel Mac OS X 10_10_5) AppleWebKit/601.1.56 (KHTML, like Gecko) Version/9.0 Safari/601.1.56"
193.16.133.253 - - [10/Dec/2015:00:50:37 +0400] "GET /id86144 HTTP/1.1" 200 10755 "-" "Mozilla/5.0 (Windows NT 5.1; U; de; rv:1.9.1.6) Gecko/20091201 Firefox/3.5.6 Opera 11.00"
194.221.214.133 - - [10/Dec/2015:00:50:38 +0400] "GET /id95305 HTTP/1.1" 200 31730 "-" "Mozilla/4.0 (compatible; MSIE 8.0; Windows NT 5.1; Trident/4.0; .NET4.0C; AskTbFWV5/5.9.1.14019)"
194.196.26.65 - - [10/Dec/2015:00:50:38 +0400] "GET /id80647 HTTP/1.1" 200 27091 "-" "Mozilla/5.0 (X11; Linux x86_64) AppleWebKit/534.24 (KHTML, like Gecko) Chrome/33.0.0.0 Safari/534.24"
194.221.214.133 - - [10/Dec/2015:00:50:38 +0400] "GET /id46076 HTTP/1.1" 200 9777 "-" "Mozilla/4.0 (compatible; MSIE 8.0; Windows NT 5.1; Trident/4.0; .NET4.0C; AskTbFWV5/5.9.1.14019)"
193.221.117.62 - - [10/Dec/2015:00:50:39 +0400] "GET /id59959 HTTP/1.1" 200 9941 "-" "Mozilla/5.0 (Windows NT 10.0; WOW64) AppleWebKit/537.36 (KHTML, like Gecko) Chrome/45.0.2454.99 Safari/537.36"
193.127.246.34 - - [10/Dec/2015:00:50:39 +0400] "GET /id92804 HTTP/1.1" 200 32575 "-" "Mozilla/5.0 (Windows NT 10.0; WOW64) AppleWebKit/537.36 (KHTML, like Gecko) Chrome/45.0.2454.99 Safari/537.36"
195.191.65.134 - - [10/Dec/2015:00:50:39 +0400] "GET /id50803 HTTP/1.1" 200 30983 "-" "Mozilla/5.0 (iPad; CPU OS 8_4_1 like Mac OS X) AppleWebKit/600.1.4 (KHTML, like Gecko) GSA/8.0.57838 Mobile/12H321 Safari/600.1.4"
185.11.163.61 - - [10/Dec/2015:00:50:40 +0400] "GET /id45485 HTTP/1.1" 200 24035 "-" "Mozilla/5.0 (Windows NT 5.1; U; de; rv:1.9.1.6) Gecko/20091201 Firefox/3.5.6 Opera 11.00"
91.208.29.109 - - [10/Dec/2015:00:50:40 +0400] "GET /id75681 HTTP/1.1" 200 20778 "-" "Mozilla/5.0 (Macintosh; Intel Mac OS X 10_8_2) AppleWebKit/537.36 (KHTML, like Gecko) Chrome/45.0.2454.85 Safari/537.36"
92.49.75.56 - - [10/Dec/2015:00:50:40 +0400] "GET /id33540 HTTP/1.1" 200 22789 "-" "Mozilla/5.0 (Macintosh; Intel Mac OS X 10_10_5) AppleWebKit/537.36 (KHTML, like Gecko) Chrome/45.0.2454.99 Safari/537.36"
185.62.192.150 - - [10/Dec/2015:00:50:41 +0400] "GET /id52180 HTTP/1.1" 200 18765 "-" "Mozilla/5.0 (Macintosh; Intel Mac OS X 10_7_5) AppleWebKit/537.36 (KHTML, like Gecko) Chrome/44.0.2403.130 Safari/537.36"
109.109.220.38 - - [10/Dec/2015:00:50:41 +0400] "GET /id35384 HTTP/1.1" 200 25642 "-" "Mozilla/5.0 (Windows NT 6.1) AppleWebKit/537.36 (KHTML, like Gecko) Chrome/45.0.2454.99 Safari/537.36"
172.227.164.25 - - [10/Dec/2015:00:50:42 +0400] "GET / HTTP/1.1" 200 14009 "http://bing.com/" "Mozilla/5.0 (Windows NT 10.0; WOW64) AppleWebKit/537.36 (KHTML, like Gecko) Chrome/45.0.2454.99 Safari/537.36"
172.227.164.25 - - [10/Dec/2015:00:50:42 +0400] "GET /favicon.ico HTTP/1.1" 404 0 "-" "Mozilla/5.0 (Windows NT 10.0; WOW64) AppleWebKit/537.36 (KHTML, like Gecko) Chrome/45.0.2454.99 Safari/537.36"
194.221.214.133 - - [10/Dec/2015:00:50:43 +0400] "GET /id59240 HTTP/1.1" 200 10057 "-" "Mozilla/4.0 (compatible; MSIE 8.0; Windows NT 5.1; Trident/4.0; .NET4.0C; AskTbFWV5/5.9.1.14019)"
17.72.124.193 - - [10/Dec/2015:00:50:44 +0400] "GET /id53639 HTTP/1.1" 200 23454 "-" "Mozilla/5.0 (Macintosh; Intel Mac OS X 10_10_5) AppleWebKit/601.1.56 (KHTML, like Gecko) Version/9.0 Safari/601.1.56"
91.143.253.126 - - [10/Dec/2015:00:50:44 +0400] "GET / HTTP/1.1" 200 29886 "-" "Mozilla/5.0 (Windows NT 10.0; WOW64) AppleWebKit/537.36 (KHTML, like Gecko) Chrome/45.0.2454.99 Safari/537.36"
91.143.253.126 - - [10/Dec/2015:00:50:44 +0400] "GET /favicon.ico HTTP/1.1" 404 0 "-" "Mozilla/5.0 (Windows NT 10.0; WOW64) AppleWebKit/537.36 (KHTML, like Gecko) Chrome/45.0.2454.99 Safari/537.36"
46.242.116.22 - - [10/Dec/2015:00:50:44 +0400] "GET /id91675 HTTP/1.1" 200 22238 "-" "Mozilla/5.0 (Windows; U; Windows NT 6.2; de; rv:1.9.2.6) Gecko/20100625 Firefox/40.0 (x86 de) Anonymisiert durch AlMiSoft Browser-Maulkorb 66026616"
78.25.120.175 - - [10/Dec/2015:00:50:44 +0400] "GET /id97946 HTTP/1.1" 200 30167 "-" "Mozilla/5.0 (Windows NT 6.0; WOW64) AppleWebKit/537.36 (KHTML, like Gecko) Chrome/40.0.2214.111 Safari/537.36"
