193.242.190.134 - - [13/Dec/2015:01:45:41 +0400] "GET /id75460 HTTP/1.1" 200 20444 "-" "Mozilla/5.0 (Linux; Android 4.4.4; SM-N910F Build/KTU84P) AppleWebKit/537.36 (KHTML, like Gecko) Chrome/41.0.2272.96 Mobile Safari/537.36"
83.137.64.81 - - [13/Dec/2015:01:45:41 +0400] "GET /id19547 HTTP/1.1" 200 25675 "-" "Mozilla/5.0 (X11; Linux i686) AppleWebKit/537.36 (KHTML, like Gecko) Chrome/45.0.2454.85 Safari/537.36"
207.209.51.218 - - [13/Dec/2015:01:45:41 +0400] "GET /id19495 HTTP/1.1" 200 9416 "-" "Mozilla/5.0 (Windows NT 6.1) AppleWebKit/537.36 (KHTML, like Gecko) Chrome/45.0.2454.99 Safari/537.36"
192.166.33.70 - - [13/Dec/2015:01:45:43 +0400] "GET /id94534 HTTP/1.1" 200 9674 "-" "Mozilla/5.0 (Macintosh; Intel Mac OS X 10_10_5) AppleWebKit/537.36 (KHTML, like Gecko) Chrome/45.0.2454.99 Safari/537.36"
192.103.23.74 - - [13/Dec/2015:01:45:43 +0400] "GET /id81285 HTTP/1.1" 200 17366 "-" "Mozilla/5.0 (Macintosh; Intel Mac OS X 10_8_5) AppleWebKit/600.8.9 (KHTML, like Gecko) Version/6.2.8 Safari/537.85.17"
193.242.190.134 - - [13/Dec/2015:01:45:43 +0400] "GET /id69394 HTTP/1.1" 200 18194 "-" "Mozilla/5.0 (Linux; Android 4.4.4; SM-N910F Build/KTU84P) AppleWebKit/537.36 (KHTML, like Gecko) Chrome/41.0.2272.96 Mobile Safari/537.36"
109.95.16.96 - - [13/Dec/2015:01:45:43 +0400] "GET /id93803 HTTP/1.1" 200 30845 "-" "Mozilla/5.0 (Macintosh; Intel Mac OS X 10_6_7) AppleWebKit/536.11 (KHTML, like Gecko) Chrome/20.0.1132.43 Safari/536.11"
46.254.123.11 - - [13/Dec/2015:01:45:43 +0400] "GET /id33673 HTTP/1.1" 200 8415 "-" "Opera/9.80 <a href=\"http://www.dazhonginv.com/__media__/js/trademark.php?d=salonkaty.com&type=ns\">Salonkaty.Com</a> (Windows NT 5.1; U; en) Presto/2.10.229 Version/11.60"
62.93.193.23 - - [13/Dec/2015:01:45:44 +0400] "GET /id48763 HTTP/1.1" 200 22850 "-" "Mozilla/4.0 (compatible; MSIE 8.0; Windows NT 5.1; Trident/4.0; SV1; SIMBAR={C9F513BB-29D3-11E2-BBAB-0015C54E14B3}; GTB7.5; .NET CLR 2.0.50727; .NET CLR 3.0.4506.2152; .NET CLR 3.5.30729; .NET CLR 1.1.4322; MS-RTC LM 8; .NET4.0C; .NET4.0E)"
95.182.77.203 - - [13/Dec/2015:01:45:44 +0400] "GET /id41189 HTTP/1.1" 200 9711 "-" "Mozilla/5.0 (Macintosh; Intel Mac OS X 10_11_0) AppleWebKit/537.36 (KHTML, like Gecko) Chrome/47.0.2508.0 Safari/537.36"
91.217.17.212 - - [13/Dec/2015:01:45:44 +0400] "GET /id97664 HTTP/1.1" 200 29762 "-" "Mozilla/5.0 (BlackBerry; U; BlackBerry 9900; en-US) AppleWebKit/534.11+ (KHTML, like Gecko) Version/7.1.0.862 Mobile Safari/534.11+"
176.223.84.161 - - [13/Dec/2015:01:45:45 +0400] "GET /id53962 HTTP/1.1" 200 18760 "-" "Mozilla/5.0 (Linux; Android 4.4.4; D6503 Build/23.0.1.A.0.167) AppleWebKit/537.36 (KHTML, like Gecko) Chrome/41.0.2272.96 Mobile Safari/537.36"
217.159.99.219 - - [13/Dec/2015:01:45:45 +0400] "GET / HTTP/1.1" 200 29517 "-" "Surf/0.4.1 (X11; U; Unix; en-US) AppleWebKit/531.2+ Compatible (Safari)"
217.159.99.219 - - [13/Dec/2015:01:45:45 +0400] "GET /favicon.ico HTTP/1.1" 404 0 "-" "Surf/0.4.1 (X11; U; Unix; en-US) AppleWebKit/531.2+ Compatible (Safari)"
91.217.17.212 - - [13/Dec/2015:01:45:45 +0400] "GET /id59350 HTTP/1.1" 200 23197 "-" "Mozilla/5.0 (BlackBerry; U; BlackBerry 9900; en-US) AppleWebKit/534.11+ (KHTML, like Gecko) Version/7.1.0.862 Mobile Safari/534.11+"
91.203.105.26 - - [13/Dec/2015:01:45:46 +0400] "GET /id96423 HTTP/1.1" 200 22080 "-" "Mozilla/5.0 (Windows NT 10.0; WOW64) AppleWebKit/537.36 (KHTML, like Gecko) Chrome/45.0.2454.85 Safari/537.36 OPR/32.0.1948.25"
62.52.88.117 - - [13/Dec/2015:01:45:46 +0400] "GET /id54610 HTTP/1.1" 200 20274 "-" "Mozilla/5.0 (Windows NT 6.1; WOW64; rv:37.0) Gecko/20100101 Firefox/37.0 DT-Browser/DTB7.37.0.4_01"
217.159.99.219 - - [13/Dec/2015:01:45:46 +0400] "GET /id74966 HTTP/1.1" 200 11235 "-" "Surf/0.4.1 (X11; U; Unix; en-US) AppleWebKit/531.2+ Compatible (Safari)"
192.166.33.70 - - [13/Dec/2015:01:45:46 +0400] "GET /id95579 HTTP/1.1" 200 11800 "-" "Mozilla/5.0 (Macintosh; Intel Mac OS X 10_10_5) AppleWebKit/537.36 (KHTML, like Gecko) Chrome/45.0.2454.99 Safari/537.36"
91.203.105.26 - - [13/Dec/2015:01:45:46 +0400] "GET /id45515 HTTP/1.1" 200 14655 "-" "Mozilla/5.0 (Windows NT 10.0; WOW64) AppleWebKit/537.36 (KHTML, like Gecko) Chrome/45.0.2454.85 Safari/537.36 OPR/32.0.1948.25"
62.52.88.117 - - [13/Dec/2015:01:45:46 +0400] "GET /id38806 HTTP/1.1" 200 10764 "-" "Mozilla/5.0 (Windows NT 6.1; WOW64; rv:37.0) Gecko/20100101 Firefox/37.0 DT-Browser/DTB7.37.0.4_01"
85.31.178.85 - - [13/Dec/2015:01:45:47 +0400] "GET /id63117 HTTP/1.1" 200 16958 "-" "Opera/9.80 (Windows NT 6.2; Win64; x64) Presto/2.12.388 Version/12.17"
192.103.23.74 - - [13/Dec/2015:01:45:47 +0400] "GET /id80277 HTTP/1.1" 200 8847 "-" "Mozilla/5.0 (Macintosh; Intel Mac OS X 10_8_5) AppleWebKit/600.8.9 (KHTML, like Gecko) Version/6.2.8 Safari/537.85.17"
217.159.99.219 - - [13/Dec/2015:01:45:48 +0400] "GET /id33220 HTTP/1.1" 200 29938 "-" "Surf/0.4.1 (X11; U; Unix; en-US) AppleWebKit/531.2+ Compatible (Safari)"
192.166.33.70 - - [13/Dec/2015:01:45:48 +0400] "GET /id85651 HTTP/1.1" 200 21871 "-" "Mozilla/5.0 (Macintosh; Intel Mac OS X 10_10_5) AppleWebKit/537.36 (KHTML, like Gecko) Chrome/45.0.2454.99 Safari/537.36"
95.182.77.203 - - [13/Dec/2015:01:45:48 +0400] "GET /id17159 HTTP/1.1" 200 26798 "-" "Mozilla/5.0 (Macintosh; Intel Mac OS X 10_11_0) AppleWebKit/537.36 (KHTML, like Gecko) Chrome/47.0.2508.0 Safari/537.36"
192.166.33.70 - - [13/Dec/2015:01:45:48 +0400] "GET /id28729 HTTP/1.1" 200 10151 "-" "Mozilla/5.0 (Macintosh; Intel Mac OS X 10_10_5) AppleWebKit/537.36 (KHTML, like Gecko) Chrome/45.0.2454.99 Safari/537.36"
193.176.145.2 - - [13/Dec/2015:01:45:48 +0400] "GET /id79663 HTTP/1.1" 200 12986 "-" "Mozilla/5.0 (Windows NT 10.0; WOW64) AppleWebKit/537.36 (KHTML, like Gecko) Chrome/45.0.2454.99 Safari/537.36"
46.254.123.11 - - [13/Dec/2015:01:45:49 +0400] "GET /id97711 HTTP/1.1" 200 25271 "-" "Opera/9.80 <a href=\"http://www.dazhonginv.com/__media__/js/trademark.php?d=salonkaty.com&type=ns\">Salonkaty.Com</a> (Windows NT 5.1; U; en) Presto/2.10.229 Version/11.60"
31.25.204.140 - - [13/Dec/2015:01:45:49 +0400] "GET /id91196 HTTP/1.1" 200 26858 "-" "Mozilla/5.0 (Linux; Android 5.0; SAMSUNG SM-N9005 Build/LRX21V) AppleWebKit/537.36 (KHTML, like Gecko) SamsungBrowser/2.1 Chrome/34.0.1847.76 Mobile Safari/537.36"
193.242.190.134 - - [13/Dec/2015:01:45:49 +0400] "GET /id14438 HTTP/1.1" 200 20051 "-" "Mozilla/5.0 (Linux; Android 4.4.4; SM-N910F Build/KTU84P) AppleWebKit/537.36 (KHTML, like Gecko) Chrome/41.0.2272.96 Mobile Safari/537.36"
193.242.190.134 - - [13/Dec/2015:01:45:49 +0400] "GET /id80361 HTTP/1.1" 200 20182 "-" "Mozilla/5.0 (Linux; Android 4.4.4; SM-N910F Build/KTU84P) AppleWebKit/537.36 (KHTML, like Gecko) Chrome/41.0.2272.96 Mobile Safari/537.36"
192.109.241.119 - - [13/Dec/2015:01:45:50 +0400] "GET /id44765 HTTP/1.1" 200 18395 "-" "Mozilla/5.0 (Windows NT 10.0; WOW64) AppleWebKit/537.36 (KHTML, like Gecko) Chrome/45.0.2454.99 Safari/537.36"
192.109.241.119 - - [13/Dec/2015:01:45:50 +0400] "GET /id29989 HTTP/1.1" 200 20113 "-" "Mozilla/5.0 (Windows NT 10.0; WOW64) AppleWebKit/537.36 (KHTML, like Gecko) Chrome/45.0.2454.99 Safari/537.36"
195.93.144.240 - - [13/Dec/2015:01:45:51 +0400] "GET /id25958 HTTP/1.1" 200 12950 "-" "Mozilla/4.0 (compatible; MSIE 8.0; Windows NT 5.1; Trident/4.0; .NET CLR 1.1.4322; .NET CLR 2.0.50727; .NET4.0C; .NET4.0E; msn OptimizedIE8;ESAR)"
212.227.84.189 - - [13/Dec/2015:01:45:51 +0400] "GET /id80652 HTTP/1.1" 200 32745 "-" "Mozilla/5.0 (Macintosh; Intel Mac OS X 10_7_5) AppleWebKit/537.36 (KHTML, like Gecko) Chrome/44.0.2403.130 Safari/537.36"
78.108.196.39 - - [13/Dec/2015:01:45:51 +0400] "GET / HTTP/1.1" 200 8508 "-" "Mozilla/5.0 (Windows NT 6.1; WOW64) AppleWebKit/537.36 (KHTML, like Gecko) Chrome/38.0.2125.122 YaBrowser/14.12.2125.10034 Safari/537.36"
78.108.196.39 - - [13/Dec/2015:01:45:51 +0400] "GET /favicon.ico HTTP/1.1" 404 0 "-" "Mozilla/5.0 (Windows NT 6.1; WOW64) AppleWebKit/537.36 (KHTML, like Gecko) Chrome/38.0.2125.122 YaBrowser/14.12.2125.10034 Safari/537.36"
62.52.88.117 - - [13/Dec/2015:01:45:52 +0400] "GET /id22453 HTTP/1.1" 200 26950 "-" "Mozilla/5.0 (Windows NT 6.1; WOW64; rv:37.0) Gecko/20100101 Firefox/37.0 DT-Browser/DTB7.37.0.4_01"
195.137.181.236 - - [13/Dec/2015:01:45:52 +0400] "GET /id33172 HTTP/1.1" 200 8965 "-" "Mozilla/5.0 (Windows NT 6.3; WOW64) AppleWebKit/537.36 (KHTML, like Gecko) Chrome/46.0.2471.0 Safari/537.36"
212.227.84.189 - - [13/Dec/2015:01:45:53 +0400] "GET /id56141 HTTP/1.1" 200 8503 "-" "Mozilla/5.0 (Macintosh; Intel Mac OS X 10_7_5) AppleWebKit/537.36 (KHTML, like Gecko) Chrome/44.0.2403.130 Safari/537.36"
62.52.88.117 - - [13/Dec/2015:01:45:54 +0400] "GET /id79971 HTTP/1.1" 200 28307 "-" "Mozilla/5.0 (Windows NT 6.1; WOW64; rv:37.0) Gecko/20100101 Firefox/37.0 DT-Browser/DTB7.37.0.4_01"
78.108.196.39 - - [13/Dec/2015:01:45:54 +0400] "GET /id65631 HTTP/1.1" 200 20734 "-" "Mozilla/5.0 (Windows NT 6.1; WOW64) AppleWebKit/537.36 (KHTML, like Gecko) Chrome/38.0.2125.122 YaBrowser/14.12.2125.10034 Safari/537.36"
167.114.64.55 - - [13/Dec/2015:01:45:54 +0400] "GET /id24307 HTTP/1.1" 200 30786 "-" "Mozilla/4.0 (compatible; MSIE 8.0; Windows NT 6.1; Trident/4.0; SLCC2; .NET CLR 2.0.50727; .NET CLR 3.5.30729; .NET CLR 3.0.30729; Media Center PC 6.0; InfoPath.2; OfficeLiveConnector.1.3; OfficeLivePatch.0.0; AskTB5.6)"
192.103.23.74 - - [13/Dec/2015:01:45:55 +0400] "GET /id67382 HTTP/1.1" 200 26667 "-" "Mozilla/5.0 (Macintosh; Intel Mac OS X 10_8_5) AppleWebKit/600.8.9 (KHTML, like Gecko) Version/6.2.8 Safari/537.85.17"
95.182.77.203 - - [13/Dec/2015:01:45:55 +0400] "GET /id79965 HTTP/1.1" 200 11250 "-" "Mozilla/5.0 (Macintosh; Intel Mac OS X 10_11_0) AppleWebKit/537.36 (KHTML, like Gecko) Chrome/47.0.2508.0 Safari/537.36"
217.119.182.227 - - [13/Dec/2015:01:45:55 +0400] "GET /id55093 HTTP/1.1" 200 9603 "-" "Mozilla/5.0 (Macintosh; Intel Mac OS X 10_10_4) AppleWebKit/537.36 (KHTML, like Gecko) Chrome/45.0.2454.93 Safari/537.36"
194.221.152.36 - - [13/Dec/2015:01:45:56 +0400] "GET /id28998 HTTP/1.1" 200 12476 "-" "Mozilla/5.0 (Windows NT 10.0; WOW64) AppleWebKit/537.36 (KHTML, like Gecko) Chrome/45.0.2454.99 Safari/537.36"
91.243.70.45 - - [13/Dec/2015:01:45:56 +0400] "GET /id85584 HTTP/1.1" 200 25647 "-" "Mozilla/5.0 (Windows NT 6.1) AppleWebKit/537.36 (KHTML, like Gecko) Chrome/32.0.1671.4 Safari/537.36"
212.227.84.189 - - [13/Dec/2015:01:45:56 +0400] "GET /id10448 HTTP/1.1" 200 25891 "-" "Mozilla/5.0 (Macintosh; Intel Mac OS X 10_7_5) AppleWebKit/537.36 (KHTML, like Gecko) Chrome/44.0.2403.130 Safari/537.36"
185.76.121.161 - - [13/Dec/2015:01:45:57 +0400] "GET /id48171 HTTP/1.1" 200 19865 "-" "Mozilla/5.0 (Windows NT 6.1; WOW64) AppleWebKit/537.36 (KHTML, like Gecko) Chrome/44.0.2403.155 Safari/537.36 OPR/31.0.1889.174 (Edition Campaign 67)"
195.93.144.240 - - [13/Dec/2015:01:45:58 +0400] "GET /id51128 HTTP/1.1" 200 18842 "-" "Mozilla/4.0 (compatible; MSIE 8.0; Windows NT 5.1; Trident/4.0; .NET CLR 1.1.4322; .NET CLR 2.0.50727; .NET4.0C; .NET4.0E; msn OptimizedIE8;ESAR)"
192.166.33.70 - - [13/Dec/2015:01:45:58 +0400] "GET /id71517 HTTP/1.1" 200 16319 "-" "Mozilla/5.0 (Macintosh; Intel Mac OS X 10_10_5) AppleWebKit/537.36 (KHTML, like Gecko) Chrome/45.0.2454.99 Safari/537.36"
195.137.181.236 - - [13/Dec/2015:01:45:58 +0400] "GET /id81264 HTTP/1.1" 200 15066 "-" "Mozilla/5.0 (Windows NT 6.3; WOW64) AppleWebKit/537.36 (KHTML, like Gecko) Chrome/46.0.2471.0 Safari/537.36"
85.31.178.85 - - [13/Dec/2015:01:45:59 +0400] "GET /id49009 HTTP/1.1" 200 9811 "-" "Opera/9.80 (Windows NT 6.2; Win64; x64) Presto/2.12.388 Version/12.17"
91.217.17.212 - - [13/Dec/2015:01:45:59 +0400] "GET /id48583 HTTP/1.1" 200 22308 "-" "Mozilla/5.0 (BlackBerry; U; BlackBerry 9900; en-US) AppleWebKit/534.11+ (KHTML, like Gecko) Version/7.1.0.862 Mobile Safari/534.11+"
91.243.70.45 - - [13/Dec/2015:01:45:59 +0400] "GET /id20638 HTTP/1.1" 200 27326 "-" "Mozilla/5.0 (Windows NT 6.1) AppleWebKit/537.36 (KHTML, like Gecko) Chrome/32.0.1671.4 Safari/537.36"
46.161.38.150 - - [13/Dec/2015:01:46:00 +0400] "GET /id58540 HTTP/1.1" 200 21530 "-" "Mozilla/5.0 (Windows NT 5.1; U; de; rv:1.9.1.6) Gecko/20091201 Firefox/3.5.6 Opera 11.00"
31.170.118.160 - - [13/Dec/2015:01:46:00 +0400] "GET /id37213 HTTP/1.1" 200 8837 "-" "Mozilla/5.0 (Windows NT 10.0; WOW64) AppleWebKit/537.36 (KHTML, like Gecko) Chrome/45.0.2454.99 Safari/537.36"
167.114.64.55 - - [13/Dec/2015:01:46:00 +0400] "GET /id18939 HTTP/1.1" 200 22761 "-" "Mozilla/4.0 (compatible; MSIE 8.0; Windows NT 6.1; Trident/4.0; SLCC2; .NET CLR 2.0.50727; .NET CLR 3.5.30729; .NET CLR 3.0.30729; Media Center PC 6.0; InfoPath.2; OfficeLiveConnector.1.3; OfficeLivePatch.0.0; AskTB5.6)"
217.159.99.219 - - [13/Dec/2015:01:46:00 +0400] "GET /id72815 HTTP/1.1" 200 11413 "-" "Surf/0.4.1 (X11; U; Unix; en-US) AppleWebKit/531.2+ Compatible (Safari)"
31.170.118.160 - - [13/Dec/2015:01:46:00 +0400] "GET /id78100 HTTP/1.1" 200 22176 "-" "Mozilla/5.0 (Windows NT 10.0; WOW64) AppleWebKit/537.36 (KHTML, like Gecko) Chrome/45.0.2454.99 Safari/537.36"
41.224.169.6 - - [13/Dec/2015:01:46:01 +0400] "GET /id72272 HTTP/1.1" 200 18049 "-" "Mozilla/5.0 (Linux; Android 4.1.1; MEDION X4701 Build/JRO03C) AppleWebKit/537.36 (KHTML, like Gecko) Chrome/44.0.2403.133 Mobile Safari/537.36"
91.217.17.212 - - [13/Dec/2015:01:46:01 +0400] "GET /id62880 HTTP/1.1" 200 26143 "-" "Mozilla/5.0 (BlackBerry; U; BlackBerry 9900; en-US) AppleWebKit/534.11+ (KHTML, like Gecko) Version/7.1.0.862 Mobile Safari/534.11+"
194.221.152.36 - - [13/Dec/2015:01:46:01 +0400] "GET /id97578 HTTP/1.1" 200 30410 "-" "Mozilla/5.0 (Windows NT 10.0; WOW64) AppleWebKit/537.36 (KHTML, like Gecko) Chrome/45.0.2454.99 Safari/537.36"
85.31.178.85 - - [13/Dec/2015:01:46:02 +0400] "GET /id63475 HTTP/1.1" 200 9281 "-" "Opera/9.80 (Windows NT 6.2; Win64; x64) Presto/2.12.388 Version/12.17"
91.203.105.26 - - [13/Dec/2015:01:46:02 +0400] "GET /id31243 HTTP/1.1" 200 18300 "-" "Mozilla/5.0 (Windows NT 10.0; WOW64) AppleWebKit/537.36 (KHTML, like Gecko) Chrome/45.0.2454.85 Safari/537.36 OPR/32.0.1948.25"
91.203.105.26 - - [13/Dec/2015:01:46:03 +0400] "GET /id81067 HTTP/1.1" 200 14198 "-" "Mozilla/5.0 (Windows NT 10.0; WOW64) AppleWebKit/537.36 (KHTML, like Gecko) Chrome/45.0.2454.85 Safari/537.36 OPR/32.0.1948.25"
46.165.226.54 - - [13/Dec/2015:01:46:03 +0400] "GET /id17285 HTTP/1.1" 200 17539 "-" "Mozilla/5.0 (Windows NT 6.3; Win64; x64) AppleWebKit/537.36 (KHTML, like Gecko) Chrome/47.0.2508.0 Safari/537.36"
62.93.193.23 - - [13/Dec/2015:01:46:04 +0400] "GET /id52672 HTTP/1.1" 200 27403 "-" "Mozilla/4.0 (compatible; MSIE 8.0; Windows NT 5.1; Trident/4.0; SV1; SIMBAR={C9F513BB-29D3-11E2-BBAB-0015C54E14B3}; GTB7.5; .NET CLR 2.0.50727; .NET CLR 3.0.4506.2152; .NET CLR 3.5.30729; .NET CLR 1.1.4322; MS-RTC LM 8; .NET4.0C; .NET4.0E)"
109.95.16.96 - - [13/Dec/2015:01:46:04 +0400] "GET /id48123 HTTP/1.1" 200 17986 "-" "Mozilla/5.0 (Macintosh; Intel Mac OS X 10_6_7) AppleWebKit/536.11 (KHTML, like Gecko) Chrome/20.0.1132.43 Safari/536.11"
91.205.25.132 - - [13/Dec/2015:01:46:04 +0400] "GET / HTTP/1.1" 200 18988 "-" "Mozilla/5.0 (Windows NT 10.0; WOW64) AppleWebKit/537.36 (KHTML, like Gecko) Chrome/45.0.2454.99 Safari/537.36"
91.205.25.132 - - [13/Dec/2015:01:46:04 +0400] "GET /favicon.ico HTTP/1.1" 404 0 "-" "Mozilla/5.0 (Windows NT 10.0; WOW64) AppleWebKit/537.36 (KHTML, like Gecko) Chrome/45.0.2454.99 Safari/537.36"
62.52.88.117 - - [13/Dec/2015:01:46:04 +0400] "GET /id94490 HTTP/1.1" 200 25589 "-" "Mozilla/5.0 (Windows NT 6.1; WOW64; rv:37.0) Gecko/20100101 Firefox/37.0 DT-Browser/DTB7.37.0.4_01"
81.161.120.14 - - [13/Dec/2015:01:46:04 +0400] "GET / HTTP/1.1" 200 26204 "-" "Mozilla/5.0 (Windows NT 10.0; WOW64) AppleWebKit/537.36 (KHTML, like Gecko) Chrome/45.0.2454.99 Safari/537.36"
81.161.120.14 - - [13/Dec/2015:01:46:04 +0400] "GET /favicon.ico HTTP/1.1" 404 0 "-" "Mozilla/5.0 (Windows NT 10.0; WOW64) AppleWebKit/537.36 (KHTML, like Gecko) Chrome/45.0.2454.99 Safari/537.36"
193.31.0.92 - - [13/Dec/2015:01:46:04 +0400] "GET / HTTP/1.1" 200 31626 "-" "Mozilla/5.0 (iPad; CPU OS 8_4_1 like Mac OS X) AppleWebKit/600.1.4 (KHTML, like Gecko) GSA/8.0.57838 Mobile/12H321 Safari/600.1.4"
193.31.0.92 - - [13/Dec/2015:01:46:04 +0400] "GET /favicon.ico HTTP/1.1" 404 0 "-" "Mozilla/5.0 (iPad; CPU OS 8_4_1 like Mac OS X) AppleWebKit/600.1.4 (KHTML, like Gecko) GSA/8.0.57838 Mobile/12H321 Safari/600.1.4"
31.25.204.140 - - [13/Dec/2015:01:46:04 +0400] "GET /id22985 HTTP/1.1" 200 8352 "-" "Mozilla/5.0 (Linux; Android 5.0; SAMSUNG SM-N9005 Build/LRX21V) AppleWebKit/537.36 (KHTML, like Gecko) SamsungBrowser/2.1 Chrome/34.0.1847.76 Mobile Safari/537.36"
193.31.0.92 - - [13/Dec/2015:01:46:05 +0400] "GET /id54500 HTTP/1.1" 200 15464 "-" "Mozilla/5.0 (iPad; CPU OS 8_4_1 like Mac OS X) AppleWebKit/600.1.4 (KHTML, like Gecko) GSA/8.0.57838 Mobile/12H321 Safari/600.1.4"
212.227.84.189 - - [13/Dec/2015:01:46:05 +0400] "GET /id79718 HTTP/1.1" 200 19973 "-" "Mozilla/5.0 (Macintosh; Intel Mac OS X 10_7_5) AppleWebKit/537.36 (KHTML, like Gecko) Chrome/44.0.2403.130 Safari/537.36"
78.108.196.39 - - [13/Dec/2015:01:46:05 +0400] "GET /id59862 HTTP/1.1" 200 13859 "-" "Mozilla/5.0 (Windows NT 6.1; WOW64) AppleWebKit/537.36 (KHTML, like Gecko) Chrome/38.0.2125.122 YaBrowser/14.12.2125.10034 Safari/537.36"
31.25.204.140 - - [13/Dec/2015:01:46:06 +0400] "GET /id88821 HTTP/1.1" 200 26242 "-" "Mozilla/5.0 (Linux; Android 5.0; SAMSUNG SM-N9005 Build/LRX21V) AppleWebKit/537.36 (KHTML, like Gecko) SamsungBrowser/2.1 Chrome/34.0.1847.76 Mobile Safari/537.36"
95.182.77.203 - - [13/Dec/2015:01:46:06 +0400] "GET /id47687 HTTP/1.1" 200 10596 "-" "Mozilla/5.0 (Macintosh; Intel Mac OS X 10_11_0) AppleWebKit/537.36 (KHTML, like Gecko) Chrome/47.0.2508.0 Safari/537.36"
213.110.231.100 - - [13/Dec/2015:01:46:06 +0400] "GET /id54232 HTTP/1.1" 200 18464 "-" "Mozilla/4.0 (compatible; MSIE 8.0; Windows NT 5.1; Trident/4.0; BTRS124342; GTB7.4; .NET CLR 1.1.4322; .NET CLR 2.0.50727; .NET CLR 3.0.4506.2152; .NET CLR 3.5.30729; OfficeLiveConnector.1.5; OfficeLivePatch.1.3)"
185.36.15.227 - - [13/Dec/2015:01:46:06 +0400] "GET / HTTP/1.1" 200 25097 "-" "Mozilla/5.0 (Macintosh; Intel Mac OS X 10_10_5) AppleWebKit/537.36 (KHTML, like Gecko) Chrome/45.0.2454.99 Safari/537.36"
185.36.15.227 - - [13/Dec/2015:01:46:06 +0400] "GET /favicon.ico HTTP/1.1" 404 0 "-" "Mozilla/5.0 (Macintosh; Intel Mac OS X 10_10_5) AppleWebKit/537.36 (KHTML, like Gecko) Chrome/45.0.2454.99 Safari/537.36"
178.21.13.73 - - [13/Dec/2015:01:46:06 +0400] "GET / HTTP/1.1" 200 12434 "-" "Mozilla/5.0 (Windows NT 6.1) AppleWebKit/537.36 (KHTML, like Gecko) Chrome/45.0.2454.99 Safari/537.36"
178.21.13.73 - - [13/Dec/2015:01:46:06 +0400] "GET /favicon.ico HTTP/1.1" 404 0 "-" "Mozilla/5.0 (Windows NT 6.1) AppleWebKit/537.36 (KHTML, like Gecko) Chrome/45.0.2454.99 Safari/537.36"
212.227.84.189 - - [13/Dec/2015:01:46:06 +0400] "GET /id35534 HTTP/1.1" 200 15904 "-" "Mozilla/5.0 (Macintosh; Intel Mac OS X 10_7_5) AppleWebKit/537.36 (KHTML, like Gecko) Chrome/44.0.2403.130 Safari/537.36"
46.161.38.150 - - [13/Dec/2015:01:46:07 +0400] "GET /id86956 HTTP/1.1" 200 27008 "-" "Mozilla/5.0 (Windows NT 5.1; U; de; rv:1.9.1.6) Gecko/20091201 Firefox/3.5.6 Opera 11.00"
95.168.172.181 - - [13/Dec/2015:01:46:07 +0400] "GET / HTTP/1.1" 200 31151 "-" "Mozilla/5.0 (Macintosh; Intel Mac OS X 10_10_4) AppleWebKit/537.36 (KHTML, like Gecko) Chrome/45.0.2454.99 Safari/537.36"
95.168.172.181 - - [13/Dec/2015:01:46:07 +0400] "GET /favicon.ico HTTP/1.1" 404 0 "-" "Mozilla/5.0 (Macintosh; Intel Mac OS X 10_10_4) AppleWebKit/537.36 (KHTML, like Gecko) Chrome/45.0.2454.99 Safari/537.36"
81.161.120.14 - - [13/Dec/2015:01:46:07 +0400] "GET /id20410 HTTP/1.1" 200 26191 "-" "Mozilla/5.0 (Windows NT 10.0; WOW64) AppleWebKit/537.36 (KHTML, like Gecko) Chrome/45.0.2454.99 Safari/537.36"
89.22.29.37 - - [13/Dec/2015:01:46:07 +0400] "GET / HTTP/1.1" 200 17507 "-" "Mozilla/5.0 (Windows NT 6.0; WOW64) AppleWebKit/537.36 (KHTML, like Gecko) Chrome/43.0.2357.132 Safari/537.36"
89.22.29.37 - - [13/Dec/2015:01:46:07 +0400] "GET /favicon.ico HTTP/1.1" 404 0 "-" "Mozilla/5.0 (Windows NT 6.0; WOW64) AppleWebKit/537.36 (KHTML, like Gecko) Chrome/43.0.2357.132 Safari/537.36"
31.170.118.160 - - [13/Dec/2015:01:46:08 +0400] "GET /id81696 HTTP/1.1" 200 32203 "-" "Mozilla/5.0 (Windows NT 10.0; WOW64) AppleWebKit/537.36 (KHTML, like Gecko) Chrome/45.0.2454.99 Safari/537.36"
212.227.84.189 - - [13/Dec/2015:01:46:08 +0400] "GET /id28481 HTTP/1.1" 200 17781 "-" "Mozilla/5.0 (Macintosh; Intel Mac OS X 10_7_5) AppleWebKit/537.36 (KHTML, like Gecko) Chrome/44.0.2403.130 Safari/537.36"
185.34.2.23 - - [13/Dec/2015:01:46:08 +0400] "GET / HTTP/1.1" 200 20838 "-" "Mozilla/5.0 (Linux; U; Android 4.2.2; en-us; ME173X Build/JDQ39) AppleWebKit/537.16 (KHTML, like Gecko) Version/4.0 Safari/537.16"
185.34.2.23 - - [13/Dec/2015:01:46:08 +0400] "GET /favicon.ico HTTP/1.1" 404 0 "-" "Mozilla/5.0 (Linux; U; Android 4.2.2; en-us; ME173X Build/JDQ39) AppleWebKit/537.16 (KHTML, like Gecko) Version/4.0 Safari/537.16"
95.168.172.181 - - [13/Dec/2015:01:46:08 +0400] "GET /id58287 HTTP/1.1" 200 12821 "-" "Mozilla/5.0 (Macintosh; Intel Mac OS X 10_10_4) AppleWebKit/537.36 (KHTML, like Gecko) Chrome/45.0.2454.99 Safari/537.36"
185.26.98.224 - - [13/Dec/2015:01:46:08 +0400] "GET / HTTP/1.1" 200 22632 "-" "Mozilla/5.0 (Windows NT 6.1) AppleWebKit/537.36 (KHTML, like Gecko) Chrome/45.0.2454.99 Safari/537.36"
185.26.98.224 - - [13/Dec/2015:01:46:08 +0400] "GET /favicon.ico HTTP/1.1" 404 0 "-" "Mozilla/5.0 (Windows NT 6.1) AppleWebKit/537.36 (KHTML, like Gecko) Chrome/45.0.2454.99 Safari/537.36"
91.217.35.123 - - [13/Dec/2015:01:46:08 +0400] "GET / HTTP/1.1" 200 15041 "-" "Mozilla/5.0 (Windows NT 10.0; WOW64) AppleWebKit/537.36 (KHTML, like Gecko) Chrome/45.0.2454.99 Safari/537.36"
91.217.35.123 - - [13/Dec/2015:01:46:08 +0400] "GET /favicon.ico HTTP/1.1" 404 0 "-" "Mozilla/5.0 (Windows NT 10.0; WOW64) AppleWebKit/537.36 (KHTML, like Gecko) Chrome/45.0.2454.99 Safari/537.36"
91.216.147.244 - - [13/Dec/2015:01:46:09 +0400] "GET / HTTP/1.1" 200 9561 "-" "Mozilla/5.0 (X11; Linux i686; rv:38.0) Gecko/20100101 Firefox/38.0"
91.216.147.244 - - [13/Dec/2015:01:46:09 +0400] "GET /favicon.ico HTTP/1.1" 404 0 "-" "Mozilla/5.0 (X11; Linux i686; rv:38.0) Gecko/20100101 Firefox/38.0"
192.166.33.70 - - [13/Dec/2015:01:46:10 +0400] "GET /id69348 HTTP/1.1" 200 14242 "-" "Mozilla/5.0 (Macintosh; Intel Mac OS X 10_10_5) AppleWebKit/537.36 (KHTML, like Gecko) Chrome/45.0.2454.99 Safari/537.36"
62.52.88.117 - - [13/Dec/2015:01:46:10 +0400] "GET /id90516 HTTP/1.1" 200 32432 "-" "Mozilla/5.0 (Windows NT 6.1; WOW64; rv:37.0) Gecko/20100101 Firefox/37.0 DT-Browser/DTB7.37.0.4_01"
152.235.183.62 - - [13/Dec/2015:01:46:12 +0400] "GET / HTTP/1.1" 200 28466 "-" "UCWEB/2.0 (MIDP-2.0; U; Adr 4.4.4; en-US; GT-I9060I) U2/1.0.0 UCBrowser/10.3.0.622 U2/1.0.0 Mobile"
152.235.183.62 - - [13/Dec/2015:01:46:12 +0400] "GET /favicon.ico HTTP/1.1" 404 0 "-" "UCWEB/2.0 (MIDP-2.0; U; Adr 4.4.4; en-US; GT-I9060I) U2/1.0.0 UCBrowser/10.3.0.622 U2/1.0.0 Mobile"
79.134.12.117 - - [13/Dec/2015:01:46:12 +0400] "GET / HTTP/1.1" 200 13664 "-" "Mozilla/5.0 (Macintosh; Intel Mac OS X 10_7_5) AppleWebKit/537.36 (KHTML, like Gecko) Chrome/44.0.2403.130 Safari/537.36"
79.134.12.117 - - [13/Dec/2015:01:46:12 +0400] "GET /favicon.ico HTTP/1.1" 404 0 "-" "Mozilla/5.0 (Macintosh; Intel Mac OS X 10_7_5) AppleWebKit/537.36 (KHTML, like Gecko) Chrome/44.0.2403.130 Safari/537.36"
89.22.29.37 - - [13/Dec/2015:01:46:14 +0400] "GET /id93213 HTTP/1.1" 200 9920 "-" "Mozilla/5.0 (Windows NT 6.0; WOW64) AppleWebKit/537.36 (KHTML, like Gecko) Chrome/43.0.2357.132 Safari/537.36"
195.137.181.236 - - [13/Dec/2015:01:46:14 +0400] "GET /id70246 HTTP/1.1" 200 28702 "-" "Mozilla/5.0 (Windows NT 6.3; WOW64) AppleWebKit/537.36 (KHTML, like Gecko) Chrome/46.0.2471.0 Safari/537.36"
192.109.241.119 - - [13/Dec/2015:01:46:14 +0400] "GET /id51030 HTTP/1.1" 200 23474 "-" "Mozilla/5.0 (Windows NT 10.0; WOW64) AppleWebKit/537.36 (KHTML, like Gecko) Chrome/45.0.2454.99 Safari/537.36"
192.109.241.119 - - [13/Dec/2015:01:46:14 +0400] "GET /id65605 HTTP/1.1" 200 13562 "-" "Mozilla/5.0 (Windows NT 10.0; WOW64) AppleWebKit/537.36 (KHTML, like Gecko) Chrome/45.0.2454.99 Safari/537.36"
195.213.96.217 - - [13/Dec/2015:01:46:15 +0400] "GET / HTTP/1.1" 200 13349 "-" "Mozilla/5.0 (iPad; CPU OS 7_0_4 like Mac OS X) AppleWebKit/537.51.1 (KHTML, like Gecko) CriOS/31.0.1650.18 Mobile/11B554a Safari/8536.25"
195.213.96.217 - - [13/Dec/2015:01:46:15 +0400] "GET /favicon.ico HTTP/1.1" 404 0 "-" "Mozilla/5.0 (iPad; CPU OS 7_0_4 like Mac OS X) AppleWebKit/537.51.1 (KHTML, like Gecko) CriOS/31.0.1650.18 Mobile/11B554a Safari/8536.25"
167.114.64.55 - - [13/Dec/2015:01:46:16 +0400] "GET /id25822 HTTP/1.1" 200 32330 "-" "Mozilla/4.0 (compatible; MSIE 8.0; Windows NT 6.1; Trident/4.0; SLCC2; .NET CLR 2.0.50727; .NET CLR 3.5.30729; .NET CLR 3.0.30729; Media Center PC 6.0; InfoPath.2; OfficeLiveConnector.1.3; OfficeLivePatch.0.0; AskTB5.6)"
81.161.120.14 - - [13/Dec/2015:01:46:16 +0400] "GET /id24215 HTTP/1.1" 200 13541 "-" "Mozilla/5.0 (Windows NT 10.0; WOW64) AppleWebKit/537.36 (KHTML, like Gecko) Chrome/45.0.2454.99 Safari/537.36"
185.26.98.224 - - [13/Dec/2015:01:46:16 +0400] "GET /id67817 HTTP/1.1" 200 9781 "-" "Mozilla/5.0 (Windows NT 6.1) AppleWebKit/537.36 (KHTML, like Gecko) Chrome/45.0.2454.99 Safari/537.36"
167.114.64.55 - - [13/Dec/2015:01:46:16 +0400] "GET /id89734 HTTP/1.1" 200 24743 "-" "Mozilla/4.0 (compatible; MSIE 8.0; Windows NT 6.1; Trident/4.0; SLCC2; .NET CLR 2.0.50727; .NET CLR 3.5.30729; .NET CLR 3.0.30729; Media Center PC 6.0; InfoPath.2; OfficeLiveConnector.1.3; OfficeLivePatch.0.0; AskTB5.6)"
79.134.12.117 - - [13/Dec/2015:01:46:16 +0400] "GET /id67207 HTTP/1.1" 200 8902 "-" "Mozilla/5.0 (Macintosh; Intel Mac OS X 10_7_5) AppleWebKit/537.36 (KHTML, like Gecko) Chrome/44.0.2403.130 Safari/537.36"
41.224.169.6 - - [13/Dec/2015:01:46:16 +0400] "GET /id96075 HTTP/1.1" 200 26292 "-" "Mozilla/5.0 (Linux; Android 4.1.1; MEDION X4701 Build/JRO03C) AppleWebKit/537.36 (KHTML, like Gecko) Chrome/44.0.2403.133 Mobile Safari/537.36"
91.203.105.26 - - [13/Dec/2015:01:46:16 +0400] "GET /id16501 HTTP/1.1" 200 9429 "-" "Mozilla/5.0 (Windows NT 10.0; WOW64) AppleWebKit/537.36 (KHTML, like Gecko) Chrome/45.0.2454.85 Safari/537.36 OPR/32.0.1948.25"
81.161.120.14 - - [13/Dec/2015:01:46:16 +0400] "GET /id73590 HTTP/1.1" 200 30388 "-" "Mozilla/5.0 (Windows NT 10.0; WOW64) AppleWebKit/537.36 (KHTML, like Gecko) Chrome/45.0.2454.99 Safari/537.36"
46.161.38.150 - - [13/Dec/2015:01:46:17 +0400] "GET /id21258 HTTP/1.1" 200 16273 "-" "Mozilla/5.0 (Windows NT 5.1; U; de; rv:1.9.1.6) Gecko/20091201 Firefox/3.5.6 Opera 11.00"
167.114.64.55 - - [13/Dec/2015:01:46:18 +0400] "GET /id37406 HTTP/1.1" 200 27496 "-" "Mozilla/4.0 (compatible; MSIE 8.0; Windows NT 6.1; Trident/4.0; SLCC2; .NET CLR 2.0.50727; .NET CLR 3.5.30729; .NET CLR 3.0.30729; Media Center PC 6.0; InfoPath.2; OfficeLiveConnector.1.3; OfficeLivePatch.0.0; AskTB5.6)"
91.208.205.41 - - [13/Dec/2015:01:46:19 +0400] "GET / HTTP/1.1" 200 12372 "-" "Mozilla/5.0 (Macintosh; Intel Mac OS X 10_11_0) AppleWebKit/537.36 (KHTML, like Gecko) Chrome/47.0.2508.0 Safari/537.36"
91.208.205.41 - - [13/Dec/2015:01:46:19 +0400] "GET /favicon.ico HTTP/1.1" 404 0 "-" "Mozilla/5.0 (Macintosh; Intel Mac OS X 10_11_0) AppleWebKit/537.36 (KHTML, like Gecko) Chrome/47.0.2508.0 Safari/537.36"
95.168.172.181 - - [13/Dec/2015:01:46:19 +0400] "GET /id91402 HTTP/1.1" 200 25684 "-" "Mozilla/5.0 (Macintosh; Intel Mac OS X 10_10_4) AppleWebKit/537.36 (KHTML, like Gecko) Chrome/45.0.2454.99 Safari/537.36"
82.114.244.194 - - [13/Dec/2015:01:46:20 +0400] "GET / HTTP/1.1" 200 25569 "-" "Mozilla/5.0 (Windows NT 10.0; WOW64) AppleWebKit/537.36 (KHTML, like Gecko) Chrome/45.0.2454.99 Safari/537.36"
82.114.244.194 - - [13/Dec/2015:01:46:20 +0400] "GET /favicon.ico HTTP/1.1" 404 0 "-" "Mozilla/5.0 (Windows NT 10.0; WOW64) AppleWebKit/537.36 (KHTML, like Gecko) Chrome/45.0.2454.99 Safari/537.36"
46.165.226.54 - - [13/Dec/2015:01:46:20 +0400] "GET /id44570 HTTP/1.1" 200 16020 "-" "Mozilla/5.0 (Windows NT 6.3; Win64; x64) AppleWebKit/537.36 (KHTML, like Gecko) Chrome/47.0.2508.0 Safari/537.36"
78.108.196.39 - - [13/Dec/2015:01:46:20 +0400] "GET /id55887 HTTP/1.1" 200 21307 "-" "Mozilla/5.0 (Windows NT 6.1; WOW64) AppleWebKit/537.36 (KHTML, like Gecko) Chrome/38.0.2125.122 YaBrowser/14.12.2125.10034 Safari/537.36"
169.239.27.182 - - [13/Dec/2015:01:46:21 +0400] "GET /cgi-bin/auktion.cgi HTTP/1.1" 404 0 "-" "Mozilla/6.66"
192.109.241.119 - - [13/Dec/2015:01:46:21 +0400] "GET /id93503 HTTP/1.1" 200 23898 "-" "Mozilla/5.0 (Windows NT 10.0; WOW64) AppleWebKit/537.36 (KHTML, like Gecko) Chrome/45.0.2454.99 Safari/537.36"
167.114.64.55 - - [13/Dec/2015:01:46:21 +0400] "GET /id49819 HTTP/1.1" 200 25892 "-" "Mozilla/4.0 (compatible; MSIE 8.0; Windows NT 6.1; Trident/4.0; SLCC2; .NET CLR 2.0.50727; .NET CLR 3.5.30729; .NET CLR 3.0.30729; Media Center PC 6.0; InfoPath.2; OfficeLiveConnector.1.3; OfficeLivePatch.0.0; AskTB5.6)"
91.217.17.212 - - [13/Dec/2015:01:46:22 +0400] "GET /id78667 HTTP/1.1" 200 32111 "-" "Mozilla/5.0 (BlackBerry; U; BlackBerry 9900; en-US) AppleWebKit/534.11+ (KHTML, like Gecko) Version/7.1.0.862 Mobile Safari/534.11+"
167.114.64.55 - - [13/Dec/2015:01:46:22 +0400] "GET /id13430 HTTP/1.1" 200 30734 "-" "Mozilla/4.0 (compatible; MSIE 8.0; Windows NT 6.1; Trident/4.0; SLCC2; .NET CLR 2.0.50727; .NET CLR 3.5.30729; .NET CLR 3.0.30729; Media Center PC 6.0; InfoPath.2; OfficeLiveConnector.1.3; OfficeLivePatch.0.0; AskTB5.6)"
46.161.38.150 - - [13/Dec/2015:01:46:22 +0400] "GET /id84417 HTTP/1.1" 200 11370 "-" "Mozilla/5.0 (Windows NT 5.1; U; de; rv:1.9.1.6) Gecko/20091201 Firefox/3.5.6 Opera 11.00"
91.203.105.26 - - [13/Dec/2015:01:46:22 +0400] "GET /id84035 HTTP/1.1" 200 23465 "-" "Mozilla/5.0 (Windows NT 10.0; WOW64) AppleWebKit/537.36 (KHTML, like Gecko) Chrome/45.0.2454.85 Safari/537.36 OPR/32.0.1948.25"
82.114.244.194 - - [13/Dec/2015:01:46:22 +0400] "GET /id80697 HTTP/1.1" 200 12243 "-" "Mozilla/5.0 (Windows NT 10.0; WOW64) AppleWebKit/537.36 (KHTML, like Gecko) Chrome/45.0.2454.99 Safari/537.36"
41.224.169.6 - - [13/Dec/2015:01:46:23 +0400] "GET /id79969 HTTP/1.1" 200 16565 "-" "Mozilla/5.0 (Linux; Android 4.1.1; MEDION X4701 Build/JRO03C) AppleWebKit/537.36 (KHTML, like Gecko) Chrome/44.0.2403.133 Mobile Safari/537.36"
91.205.25.132 - - [13/Dec/2015:01:46:23 +0400] "GET /id21733 HTTP/1.1" 200 13471 "-" "Mozilla/5.0 (Windows NT 10.0; WOW64) AppleWebKit/537.36 (KHTML, like Gecko) Chrome/45.0.2454.99 Safari/537.36"
185.17.34.243 - - [13/Dec/2015:01:46:23 +0400] "GET / HTTP/1.1" 200 17255 "-" "Mozilla/5.0 (Macintosh; Intel Mac OS X 10_7_5) AppleWebKit/537.36 (KHTML, like Gecko) Chrome/44.0.2403.130 Safari/537.36"
185.17.34.243 - - [13/Dec/2015:01:46:23 +0400] "GET /favicon.ico HTTP/1.1" 404 0 "-" "Mozilla/5.0 (Macintosh; Intel Mac OS X 10_7_5) AppleWebKit/537.36 (KHTML, like Gecko) Chrome/44.0.2403.130 Safari/537.36"
195.213.96.217 - - [13/Dec/2015:01:46:23 +0400] "GET /id29713 HTTP/1.1" 200 24433 "-" "Mozilla/5.0 (iPad; CPU OS 7_0_4 like Mac OS X) AppleWebKit/537.51.1 (KHTML, like Gecko) CriOS/31.0.1650.18 Mobile/11B554a Safari/8536.25"
78.108.196.39 - - [13/Dec/2015:01:46:24 +0400] "GET /id52485 HTTP/1.1" 200 11587 "-" "Mozilla/5.0 (Windows NT 6.1; WOW64) AppleWebKit/537.36 (KHTML, like Gecko) Chrome/38.0.2125.122 YaBrowser/14.12.2125.10034 Safari/537.36"
109.95.16.96 - - [13/Dec/2015:01:46:24 +0400] "GET /id83893 HTTP/1.1" 200 16989 "-" "Mozilla/5.0 (Macintosh; Intel Mac OS X 10_6_7) AppleWebKit/536.11 (KHTML, like Gecko) Chrome/20.0.1132.43 Safari/536.11"
78.65.210.206 - - [13/Dec/2015:01:46:24 +0400] "GET / HTTP/1.1" 200 24283 "-" "Mozilla/5.0 (Windows NT 6.0) AppleWebKit/537.36 (KHTML, like Gecko) Chrome/43.0.2357.65 Safari/537.36"
78.65.210.206 - - [13/Dec/2015:01:46:24 +0400] "GET /favicon.ico HTTP/1.1" 404 0 "-" "Mozilla/5.0 (Windows NT 6.0) AppleWebKit/537.36 (KHTML, like Gecko) Chrome/43.0.2357.65 Safari/537.36"
212.11.31.54 - - [13/Dec/2015:01:46:24 +0400] "GET / HTTP/1.1" 200 11149 "-" "Mozilla/5.0 (Series40; NokiaX2-02/11.57; Profile/MIDP-2.1 Configuration/CLDC-1.1) Gecko/20100401 S40OviBrowser/2.0.1.62.6"
212.11.31.54 - - [13/Dec/2015:01:46:24 +0400] "GET /favicon.ico HTTP/1.1" 404 0 "-" "Mozilla/5.0 (Series40; NokiaX2-02/11.57; Profile/MIDP-2.1 Configuration/CLDC-1.1) Gecko/20100401 S40OviBrowser/2.0.1.62.6"
195.213.96.217 - - [13/Dec/2015:01:46:24 +0400] "GET /id56098 HTTP/1.1" 200 17979 "-" "Mozilla/5.0 (iPad; CPU OS 7_0_4 like Mac OS X) AppleWebKit/537.51.1 (KHTML, like Gecko) CriOS/31.0.1650.18 Mobile/11B554a Safari/8536.25"
78.65.210.206 - - [13/Dec/2015:01:46:24 +0400] "GET /id85078 HTTP/1.1" 200 28258 "-" "Mozilla/5.0 (Windows NT 6.0) AppleWebKit/537.36 (KHTML, like Gecko) Chrome/43.0.2357.65 Safari/537.36"
46.165.226.54 - - [13/Dec/2015:01:46:24 +0400] "GET /id90257 HTTP/1.1" 200 12317 "-" "Mozilla/5.0 (Windows NT 6.3; Win64; x64) AppleWebKit/537.36 (KHTML, like Gecko) Chrome/47.0.2508.0 Safari/537.36"
82.114.244.194 - - [13/Dec/2015:01:46:25 +0400] "GET /id48867 HTTP/1.1" 200 17091 "-" "Mozilla/5.0 (Windows NT 10.0; WOW64) AppleWebKit/537.36 (KHTML, like Gecko) Chrome/45.0.2454.99 Safari/537.36"
91.217.17.212 - - [13/Dec/2015:01:46:25 +0400] "GET /id70760 HTTP/1.1" 200 32628 "-" "Mozilla/5.0 (BlackBerry; U; BlackBerry 9900; en-US) AppleWebKit/534.11+ (KHTML, like Gecko) Version/7.1.0.862 Mobile Safari/534.11+"
195.213.96.217 - - [13/Dec/2015:01:46:25 +0400] "GET /id73977 HTTP/1.1" 200 20424 "-" "Mozilla/5.0 (iPad; CPU OS 7_0_4 like Mac OS X) AppleWebKit/537.51.1 (KHTML, like Gecko) CriOS/31.0.1650.18 Mobile/11B554a Safari/8536.25"
195.137.181.236 - - [13/Dec/2015:01:46:26 +0400] "GET /id36971 HTTP/1.1" 200 30545 "-" "Mozilla/5.0 (Windows NT 6.3; WOW64) AppleWebKit/537.36 (KHTML, like Gecko) Chrome/46.0.2471.0 Safari/537.36"
78.65.210.206 - - [13/Dec/2015:01:46:26 +0400] "GET /id91792 HTTP/1.1" 200 20016 "-" "Mozilla/5.0 (Windows NT 6.0) AppleWebKit/537.36 (KHTML, like Gecko) Chrome/43.0.2357.65 Safari/537.36"
195.137.181.236 - - [13/Dec/2015:01:46:27 +0400] "GET /id57487 HTTP/1.1" 200 13063 "-" "Mozilla/5.0 (Windows NT 6.3; WOW64) AppleWebKit/537.36 (KHTML, like Gecko) Chrome/46.0.2471.0 Safari/537.36"
91.208.205.41 - - [13/Dec/2015:01:46:27 +0400] "GET /id84767 HTTP/1.1" 200 17213 "-" "Mozilla/5.0 (Macintosh; Intel Mac OS X 10_11_0) AppleWebKit/537.36 (KHTML, like Gecko) Chrome/47.0.2508.0 Safari/537.36"
152.235.183.62 - - [13/Dec/2015:01:46:27 +0400] "GET /id85682 HTTP/1.1" 200 26297 "-" "UCWEB/2.0 (MIDP-2.0; U; Adr 4.4.4; en-US; GT-I9060I) U2/1.0.0 UCBrowser/10.3.0.622 U2/1.0.0 Mobile"
95.182.77.203 - - [13/Dec/2015:01:46:28 +0400] "GET /id26003 HTTP/1.1" 200 28204 "-" "Mozilla/5.0 (Macintosh; Intel Mac OS X 10_11_0) AppleWebKit/537.36 (KHTML, like Gecko) Chrome/47.0.2508.0 Safari/537.36"
167.114.64.55 - - [13/Dec/2015:01:46:28 +0400] "GET /id92172 HTTP/1.1" 200 31742 "-" "Mozilla/4.0 (compatible; MSIE 8.0; Windows NT 6.1; Trident/4.0; SLCC2; .NET CLR 2.0.50727; .NET CLR 3.5.30729; .NET CLR 3.0.30729; Media Center PC 6.0; InfoPath.2; OfficeLiveConnector.1.3; OfficeLivePatch.0.0; AskTB5.6)"
91.205.25.132 - - [13/Dec/2015:01:46:29 +0400] "GET /id61757 HTTP/1.1" 200 32449 "-" "Mozilla/5.0 (Windows NT 10.0; WOW64) AppleWebKit/537.36 (KHTML, like Gecko) Chrome/45.0.2454.99 Safari/537.36"
79.134.12.117 - - [13/Dec/2015:01:46:29 +0400] "GET /id35070 HTTP/1.1" 200 12148 "-" "Mozilla/5.0 (Macintosh; Intel Mac OS X 10_7_5) AppleWebKit/537.36 (KHTML, like Gecko) Chrome/44.0.2403.130 Safari/537.36"
91.216.147.244 - - [13/Dec/2015:01:46:30 +0400] "GET /id26576 HTTP/1.1" 200 22112 "-" "Mozilla/5.0 (X11; Linux i686; rv:38.0) Gecko/20100101 Firefox/38.0"
212.11.31.54 - - [13/Dec/2015:01:46:31 +0400] "GET /id38278 HTTP/1.1" 200 18935 "-" "Mozilla/5.0 (Series40; NokiaX2-02/11.57; Profile/MIDP-2.1 Configuration/CLDC-1.1) Gecko/20100401 S40OviBrowser/2.0.1.62.6"
185.34.2.23 - - [13/Dec/2015:01:46:32 +0400] "GET /id78291 HTTP/1.1" 200 25875 "-" "Mozilla/5.0 (Linux; U; Android 4.2.2; en-us; ME173X Build/JDQ39) AppleWebKit/537.16 (KHTML, like Gecko) Version/4.0 Safari/537.16"
62.93.193.23 - - [13/Dec/2015:01:46:32 +0400] "GET /id96167 HTTP/1.1" 200 29708 "-" "Mozilla/4.0 (compatible; MSIE 8.0; Windows NT 5.1; Trident/4.0; SV1; SIMBAR={C9F513BB-29D3-11E2-BBAB-0015C54E14B3}; GTB7.5; .NET CLR 2.0.50727; .NET CLR 3.0.4506.2152; .NET CLR 3.5.30729; .NET CLR 1.1.4322; MS-RTC LM 8; .NET4.0C; .NET4.0E)"
95.182.77.203 - - [13/Dec/2015:01:46:32 +0400] "GET /id50742 HTTP/1.1" 200 12015 "-" "Mozilla/5.0 (Macintosh; Intel Mac OS X 10_11_0) AppleWebKit/537.36 (KHTML, like Gecko) Chrome/47.0.2508.0 Safari/537.36"
62.93.193.23 - - [13/Dec/2015:01:46:32 +0400] "GET /id14132 HTTP/1.1" 200 25102 "-" "Mozilla/4.0 (compatible; MSIE 8.0; Windows NT 5.1; Trident/4.0; SV1; SIMBAR={C9F513BB-29D3-11E2-BBAB-0015C54E14B3}; GTB7.5; .NET CLR 2.0.50727; .NET CLR 3.0.4506.2152; .NET CLR 3.5.30729; .NET CLR 1.1.4322; MS-RTC LM 8; .NET4.0C; .NET4.0E)"
46.161.38.150 - - [13/Dec/2015:01:46:33 +0400] "GET /id63494 HTTP/1.1" 200 20541 "-" "Mozilla/5.0 (Windows NT 5.1; U; de; rv:1.9.1.6) Gecko/20091201 Firefox/3.5.6 Opera 11.00"
167.114.64.55 - - [13/Dec/2015:01:46:33 +0400] "GET /id90049 HTTP/1.1" 200 31610 "-" "Mozilla/4.0 (compatible; MSIE 8.0; Windows NT 6.1; Trident/4.0; SLCC2; .NET CLR 2.0.50727; .NET CLR 3.5.30729; .NET CLR 3.0.30729; Media Center PC 6.0; InfoPath.2; OfficeLiveConnector.1.3; OfficeLivePatch.0.0; AskTB5.6)"
195.93.144.240 - - [13/Dec/2015:01:46:33 +0400] "GET /id32765 HTTP/1.1" 200 21048 "-" "Mozilla/4.0 (compatible; MSIE 8.0; Windows NT 5.1; Trident/4.0; .NET CLR 1.1.4322; .NET CLR 2.0.50727; .NET4.0C; .NET4.0E; msn OptimizedIE8;ESAR)"
91.208.205.41 - - [13/Dec/2015:01:46:34 +0400] "GET /id64213 HTTP/1.1" 200 20503 "-" "Mozilla/5.0 (Macintosh; Intel Mac OS X 10_11_0) AppleWebKit/537.36 (KHTML, like Gecko) Chrome/47.0.2508.0 Safari/537.36"
167.114.64.55 - - [13/Dec/2015:01:46:35 +0400] "GET /id17878 HTTP/1.1" 200 21211 "-" "Mozilla/4.0 (compatible; MSIE 8.0; Windows NT 6.1; Trident/4.0; SLCC2; .NET CLR 2.0.50727; .NET CLR 3.5.30729; .NET CLR 3.0.30729; Media Center PC 6.0; InfoPath.2; OfficeLiveConnector.1.3; OfficeLivePatch.0.0; AskTB5.6)"
193.31.0.92 - - [13/Dec/2015:01:46:35 +0400] "GET /id56820 HTTP/1.1" 200 30863 "-" "Mozilla/5.0 (iPad; CPU OS 8_4_1 like Mac OS X) AppleWebKit/600.1.4 (KHTML, like Gecko) GSA/8.0.57838 Mobile/12H321 Safari/600.1.4"
95.168.172.181 - - [13/Dec/2015:01:46:35 +0400] "GET /id66108 HTTP/1.1" 200 19272 "-" "Mozilla/5.0 (Macintosh; Intel Mac OS X 10_10_4) AppleWebKit/537.36 (KHTML, like Gecko) Chrome/45.0.2454.99 Safari/537.36"
46.161.38.150 - - [13/Dec/2015:01:46:36 +0400] "GET /id68128 HTTP/1.1" 200 20091 "-" "Mozilla/5.0 (Windows NT 5.1; U; de; rv:1.9.1.6) Gecko/20091201 Firefox/3.5.6 Opera 11.00"
185.36.15.227 - - [13/Dec/2015:01:46:37 +0400] "GET /id29472 HTTP/1.1" 200 9644 "-" "Mozilla/5.0 (Macintosh; Intel Mac OS X 10_10_5) AppleWebKit/537.36 (KHTML, like Gecko) Chrome/45.0.2454.99 Safari/537.36"
79.134.12.117 - - [13/Dec/2015:01:46:38 +0400] "GET /id73024 HTTP/1.1" 200 31979 "-" "Mozilla/5.0 (Macintosh; Intel Mac OS X 10_7_5) AppleWebKit/537.36 (KHTML, like Gecko) Chrome/44.0.2403.130 Safari/537.36"
212.11.31.54 - - [13/Dec/2015:01:46:38 +0400] "GET /id24556 HTTP/1.1" 200 23708 "-" "Mozilla/5.0 (Series40; NokiaX2-02/11.57; Profile/MIDP-2.1 Configuration/CLDC-1.1) Gecko/20100401 S40OviBrowser/2.0.1.62.6"
185.93.108.243 - - [13/Dec/2015:01:46:39 +0400] "GET /id62406 HTTP/1.1" 200 25227 "-" "Mozilla/5.0 (Windows NT 6.3; WOW64; rv:40.0) Gecko/20100101 Firefox/40.0 AlexaToolbar/alxf-2.21"
213.39.46.242 - - [13/Dec/2015:01:46:40 +0400] "GET / HTTP/1.1" 200 11440 "-" "Mozilla/5.0 (Linux; Android 4.2.2; SM-T311 Build/JDQ39) AppleWebKit/537.36 (KHTML, like Gecko) Chrome/38.0.2125.114 Safari/537.36"
213.39.46.242 - - [13/Dec/2015:01:46:40 +0400] "GET /favicon.ico HTTP/1.1" 404 0 "-" "Mozilla/5.0 (Linux; Android 4.2.2; SM-T311 Build/JDQ39) AppleWebKit/537.36 (KHTML, like Gecko) Chrome/38.0.2125.114 Safari/537.36"
41.224.169.6 - - [13/Dec/2015:01:46:40 +0400] "GET /id53609 HTTP/1.1" 200 31738 "-" "Mozilla/5.0 (Linux; Android 4.1.1; MEDION X4701 Build/JRO03C) AppleWebKit/537.36 (KHTML, like Gecko) Chrome/44.0.2403.133 Mobile Safari/537.36"
95.182.77.203 - - [13/Dec/2015:01:46:41 +0400] "GET /id33884 HTTP/1.1" 200 22760 "-" "Mozilla/5.0 (Macintosh; Intel Mac OS X 10_11_0) AppleWebKit/537.36 (KHTML, like Gecko) Chrome/47.0.2508.0 Safari/537.36"
91.203.105.26 - - [13/Dec/2015:01:46:42 +0400] "GET /id75942 HTTP/1.1" 200 26081 "-" "Mozilla/5.0 (Windows NT 10.0; WOW64) AppleWebKit/537.36 (KHTML, like Gecko) Chrome/45.0.2454.85 Safari/537.36 OPR/32.0.1948.25"
213.39.46.242 - - [13/Dec/2015:01:46:42 +0400] "GET /id60100 HTTP/1.1" 200 12155 "-" "Mozilla/5.0 (Linux; Android 4.2.2; SM-T311 Build/JDQ39) AppleWebKit/537.36 (KHTML, like Gecko) Chrome/38.0.2125.114 Safari/537.36"
46.165.226.54 - - [13/Dec/2015:01:46:45 +0400] "GET /id92709 HTTP/1.1" 200 18217 "-" "Mozilla/5.0 (Windows NT 6.3; Win64; x64) AppleWebKit/537.36 (KHTML, like Gecko) Chrome/47.0.2508.0 Safari/537.36"
95.182.77.203 - - [13/Dec/2015:01:46:45 +0400] "GET /id66079 HTTP/1.1" 200 14860 "-" "Mozilla/5.0 (Macintosh; Intel Mac OS X 10_11_0) AppleWebKit/537.36 (KHTML, like Gecko) Chrome/47.0.2508.0 Safari/537.36"
194.221.152.36 - - [13/Dec/2015:01:46:47 +0400] "GET /id22632 HTTP/1.1" 200 21158 "-" "Mozilla/5.0 (Windows NT 10.0; WOW64) AppleWebKit/537.36 (KHTML, like Gecko) Chrome/45.0.2454.99 Safari/537.36"
192.166.33.70 - - [13/Dec/2015:01:46:47 +0400] "GET /id91275 HTTP/1.1" 200 29346 "-" "Mozilla/5.0 (Macintosh; Intel Mac OS X 10_10_5) AppleWebKit/537.36 (KHTML, like Gecko) Chrome/45.0.2454.99 Safari/537.36"
196.1.137.231 - - [13/Dec/2015:01:46:48 +0400] "GET /system/fckeditor/editor/ HTTP/1.1" 404 0 "-" "Mozilla/6.66"
46.161.38.150 - - [13/Dec/2015:01:46:48 +0400] "GET /id38946 HTTP/1.1" 200 10762 "-" "Mozilla/5.0 (Windows NT 5.1; U; de; rv:1.9.1.6) Gecko/20091201 Firefox/3.5.6 Opera 11.00"
41.224.169.6 - - [13/Dec/2015:01:46:48 +0400] "GET /id19441 HTTP/1.1" 200 18641 "-" "Mozilla/5.0 (Linux; Android 4.1.1; MEDION X4701 Build/JRO03C) AppleWebKit/537.36 (KHTML, like Gecko) Chrome/44.0.2403.133 Mobile Safari/537.36"
62.52.88.117 - - [13/Dec/2015:01:46:48 +0400] "GET /id45883 HTTP/1.1" 200 29457 "-" "Mozilla/5.0 (Windows NT 6.1; WOW64; rv:37.0) Gecko/20100101 Firefox/37.0 DT-Browser/DTB7.37.0.4_01"
185.34.2.23 - - [13/Dec/2015:01:46:49 +0400] "GET /id21584 HTTP/1.1" 200 17181 "-" "Mozilla/5.0 (Linux; U; Android 4.2.2; en-us; ME173X Build/JDQ39) AppleWebKit/537.16 (KHTML, like Gecko) Version/4.0 Safari/537.16"
195.137.181.236 - - [13/Dec/2015:01:46:49 +0400] "GET /id73914 HTTP/1.1" 200 20598 "-" "Mozilla/5.0 (Windows NT 6.3; WOW64) AppleWebKit/537.36 (KHTML, like Gecko) Chrome/46.0.2471.0 Safari/537.36"
91.203.105.26 - - [13/Dec/2015:01:46:49 +0400] "GET /id63758 HTTP/1.1" 200 15798 "-" "Mozilla/5.0 (Windows NT 10.0; WOW64) AppleWebKit/537.36 (KHTML, like Gecko) Chrome/45.0.2454.85 Safari/537.36 OPR/32.0.1948.25"
78.65.210.206 - - [13/Dec/2015:01:46:51 +0400] "GET /id74822 HTTP/1.1" 200 30736 "-" "Mozilla/5.0 (Windows NT 6.0) AppleWebKit/537.36 (KHTML, like Gecko) Chrome/43.0.2357.65 Safari/537.36"
62.52.88.117 - - [13/Dec/2015:01:46:51 +0400] "GET /id56239 HTTP/1.1" 200 28118 "-" "Mozilla/5.0 (Windows NT 6.1; WOW64; rv:37.0) Gecko/20100101 Firefox/37.0 DT-Browser/DTB7.37.0.4_01"
79.134.12.117 - - [13/Dec/2015:01:46:51 +0400] "GET /id97593 HTTP/1.1" 200 13772 "-" "Mozilla/5.0 (Macintosh; Intel Mac OS X 10_7_5) AppleWebKit/537.36 (KHTML, like Gecko) Chrome/44.0.2403.130 Safari/537.36"
194.221.152.36 - - [13/Dec/2015:01:46:51 +0400] "GET /id52867 HTTP/1.1" 200 13308 "-" "Mozilla/5.0 (Windows NT 10.0; WOW64) AppleWebKit/537.36 (KHTML, like Gecko) Chrome/45.0.2454.99 Safari/537.36"
167.114.64.55 - - [13/Dec/2015:01:46:53 +0400] "GET /id30689 HTTP/1.1" 200 17459 "-" "Mozilla/4.0 (compatible; MSIE 8.0; Windows NT 6.1; Trident/4.0; SLCC2; .NET CLR 2.0.50727; .NET CLR 3.5.30729; .NET CLR 3.0.30729; Media Center PC 6.0; InfoPath.2; OfficeLiveConnector.1.3; OfficeLivePatch.0.0; AskTB5.6)"
79.134.12.117 - - [13/Dec/2015:01:46:55 +0400] "GET /id57463 HTTP/1.1" 200 28715 "-" "Mozilla/5.0 (Macintosh; Intel Mac OS X 10_7_5) AppleWebKit/537.36 (KHTML, like Gecko) Chrome/44.0.2403.130 Safari/537.36"
185.26.98.224 - - [13/Dec/2015:01:46:56 +0400] "GET /id51228 HTTP/1.1" 200 21897 "-" "Mozilla/5.0 (Windows NT 6.1) AppleWebKit/537.36 (KHTML, like Gecko) Chrome/45.0.2454.99 Safari/537.36"
212.11.31.54 - - [13/Dec/2015:01:46:58 +0400] "GET /id10577 HTTP/1.1" 200 30159 "-" "Mozilla/5.0 (Series40; NokiaX2-02/11.57; Profile/MIDP-2.1 Configuration/CLDC-1.1) Gecko/20100401 S40OviBrowser/2.0.1.62.6"
79.134.12.117 - - [13/Dec/2015:01:46:58 +0400] "GET /id74812 HTTP/1.1" 200 22416 "-" "Mozilla/5.0 (Macintosh; Intel Mac OS X 10_7_5) AppleWebKit/537.36 (KHTML, like Gecko) Chrome/44.0.2403.130 Safari/537.36"
146.66.228.63 - - [13/Dec/2015:01:47:00 +0400] "GET / HTTP/1.1" 200 30647 "-" "Mozilla/5.0 (X11; Linux x86_64) AppleWebKit/538.15 (KHTML, like Gecko) Version/8.0 Safari/538.15"
146.66.228.63 - - [13/Dec/2015:01:47:00 +0400] "GET /favicon.ico HTTP/1.1" 404 0 "-" "Mozilla/5.0 (X11; Linux x86_64) AppleWebKit/538.15 (KHTML, like Gecko) Version/8.0 Safari/538.15"
62.93.193.23 - - [13/Dec/2015:01:47:00 +0400] "GET /id22463 HTTP/1.1" 200 9357 "-" "Mozilla/4.0 (compatible; MSIE 8.0; Windows NT 5.1; Trident/4.0; SV1; SIMBAR={C9F513BB-29D3-11E2-BBAB-0015C54E14B3}; GTB7.5; .NET CLR 2.0.50727; .NET CLR 3.0.4506.2152; .NET CLR 3.5.30729; .NET CLR 1.1.4322; MS-RTC LM 8; .NET4.0C; .NET4.0E)"
195.93.144.240 - - [13/Dec/2015:01:47:00 +0400] "GET /id40046 HTTP/1.1" 200 11181 "-" "Mozilla/4.0 (compatible; MSIE 8.0; Windows NT 5.1; Trident/4.0; .NET CLR 1.1.4322; .NET CLR 2.0.50727; .NET4.0C; .NET4.0E; msn OptimizedIE8;ESAR)"
95.168.172.181 - - [13/Dec/2015:01:47:01 +0400] "GET /id40142 HTTP/1.1" 200 16058 "-" "Mozilla/5.0 (Macintosh; Intel Mac OS X 10_10_4) AppleWebKit/537.36 (KHTML, like Gecko) Chrome/45.0.2454.99 Safari/537.36"
167.114.64.55 - - [13/Dec/2015:01:47:03 +0400] "GET /id18473 HTTP/1.1" 200 20749 "-" "Mozilla/4.0 (compatible; MSIE 8.0; Windows NT 6.1; Trident/4.0; SLCC2; .NET CLR 2.0.50727; .NET CLR 3.5.30729; .NET CLR 3.0.30729; Media Center PC 6.0; InfoPath.2; OfficeLiveConnector.1.3; OfficeLivePatch.0.0; AskTB5.6)"
5.45.252.55 - - [13/Dec/2015:01:47:04 +0400] "GET / HTTP/1.1" 200 15643 "-" "Mozilla/5.0 (Windows NT 5.1; U; de; rv:1.9.1.6) Gecko/20091201 Firefox/3.5.6 Opera 11.00"
5.45.252.55 - - [13/Dec/2015:01:47:04 +0400] "GET /favicon.ico HTTP/1.1" 404 0 "-" "Mozilla/5.0 (Windows NT 5.1; U; de; rv:1.9.1.6) Gecko/20091201 Firefox/3.5.6 Opera 11.00"
109.207.163.25 - - [13/Dec/2015:01:47:04 +0400] "GET / HTTP/1.1" 200 24338 "-" "Mozilla/5.0 (X11; Linux x86_64) AppleWebKit/537.36 (KHTML, like Gecko) Chrome/44.0.2403.157 Safari/537.36"
109.207.163.25 - - [13/Dec/2015:01:47:04 +0400] "GET /favicon.ico HTTP/1.1" 404 0 "-" "Mozilla/5.0 (X11; Linux x86_64) AppleWebKit/537.36 (KHTML, like Gecko) Chrome/44.0.2403.157 Safari/537.36"
167.114.64.55 - - [13/Dec/2015:01:47:04 +0400] "GET /id54694 HTTP/1.1" 200 32163 "-" "Mozilla/4.0 (compatible; MSIE 8.0; Windows NT 6.1; Trident/4.0; SLCC2; .NET CLR 2.0.50727; .NET CLR 3.5.30729; .NET CLR 3.0.30729; Media Center PC 6.0; InfoPath.2; OfficeLiveConnector.1.3; OfficeLivePatch.0.0; AskTB5.6)"
217.115.158.225 - - [13/Dec/2015:01:47:04 +0400] "GET / HTTP/1.1" 200 26890 "-" "Mozilla/5.0 (X11; Linux i686; rv:6.0.2) (ahi4XrL1duPbxGtyq+9hwvmCnWrnmVL1O3MdqAMP948=) Gecko/20100101 Firefox/6.0.2"
217.115.158.225 - - [13/Dec/2015:01:47:04 +0400] "GET /favicon.ico HTTP/1.1" 404 0 "-" "Mozilla/5.0 (X11; Linux i686; rv:6.0.2) (ahi4XrL1duPbxGtyq+9hwvmCnWrnmVL1O3MdqAMP948=) Gecko/20100101 Firefox/6.0.2"
91.211.44.249 - - [13/Dec/2015:01:47:04 +0400] "GET / HTTP/1.1" 200 12733 "-" "Mozilla/5.0 (Macintosh; Intel Mac OS X 10_10_4) AppleWebKit/537.36 (KHTML, like Gecko) Chrome/45.0.2454.93 Safari/537.36"
91.211.44.249 - - [13/Dec/2015:01:47:04 +0400] "GET /favicon.ico HTTP/1.1" 404 0 "-" "Mozilla/5.0 (Macintosh; Intel Mac OS X 10_10_4) AppleWebKit/537.36 (KHTML, like Gecko) Chrome/45.0.2454.93 Safari/537.36"
85.195.140.177 - - [13/Dec/2015:01:47:04 +0400] "GET / HTTP/1.1" 200 26622 "-" "Mozilla/4.0 (compatible; MSIE 8.0; Windows NT 6.1; WOW64; Trident/4.0; SLCC2; .NET CLR 2.0.50727; .NET CLR 3.5.30729; .NET CLR 3.0.30729; Media Center PC 6.0; .NET4.0C; MS-RTC LM 8; InfoPath.2)"
85.195.140.177 - - [13/Dec/2015:01:47:04 +0400] "GET /favicon.ico HTTP/1.1" 404 0 "-" "Mozilla/4.0 (compatible; MSIE 8.0; Windows NT 6.1; WOW64; Trident/4.0; SLCC2; .NET CLR 2.0.50727; .NET CLR 3.5.30729; .NET CLR 3.0.30729; Media Center PC 6.0; .NET4.0C; MS-RTC LM 8; InfoPath.2)"
185.34.2.23 - - [13/Dec/2015:01:47:05 +0400] "GET /id88272 HTTP/1.1" 200 13247 "-" "Mozilla/5.0 (Linux; U; Android 4.2.2; en-us; ME173X Build/JDQ39) AppleWebKit/537.16 (KHTML, like Gecko) Version/4.0 Safari/537.16"
185.36.15.227 - - [13/Dec/2015:01:47:06 +0400] "GET /id80654 HTTP/1.1" 200 12916 "-" "Mozilla/5.0 (Macintosh; Intel Mac OS X 10_10_5) AppleWebKit/537.36 (KHTML, like Gecko) Chrome/45.0.2454.99 Safari/537.36"
95.168.164.131 - - [13/Dec/2015:01:47:06 +0400] "GET / HTTP/1.1" 200 26934 "-" "Mozilla/4.0 (compatible; MSIE 7.0; Windows NT 6.0; GTB7.4; SLCC1; .NET CLR 2.0.50727; Media Center PC 5.0; .NET CLR 3.5.30729; .NET CLR 3.0.30618)"
95.168.164.131 - - [13/Dec/2015:01:47:06 +0400] "GET /favicon.ico HTTP/1.1" 404 0 "-" "Mozilla/4.0 (compatible; MSIE 7.0; Windows NT 6.0; GTB7.4; SLCC1; .NET CLR 2.0.50727; Media Center PC 5.0; .NET CLR 3.5.30729; .NET CLR 3.0.30618)"
91.210.96.76 - - [13/Dec/2015:01:47:07 +0400] "GET / HTTP/1.1" 200 27826 "-" "Mozilla/5.0 (Windows NT 5.1; U; de; rv:1.9.1.6) Gecko/20091201 Firefox/3.5.6 Opera 11.00"
