46.235.219.211 - - [12/Dec/2015:00:27:49 +0400] "GET /id87032 HTTP/1.1" 200 21382 "-" "Mozilla/5.0 (Windows; U; Windows NT 6.0; ja; rv:1.9.2.13) Gecko/20101203 Firefox/3.6.13 GTB7.1"
194.50.149.76 - - [12/Dec/2015:00:27:50 +0400] "GET /id52786 HTTP/1.1" 200 11850 "-" "Mozilla/5.0 (Windows NT 10.0; WOW64) AppleWebKit/537.36 (KHTML, like Gecko) Chrome/45.0.2454.99 Safari/537.36"
193.111.92.36 - - [12/Dec/2015:00:27:52 +0400] "GET /id61825 HTTP/1.1" 200 8267 "-" "Bl0wMe perVersion 2/1"
46.151.164.97 - - [12/Dec/2015:00:27:52 +0400] "GET /id96993 HTTP/1.1" 200 21505 "-" "Mozilla/5.0 (Linux; Android 5.0.2; SM-T530 Build/LRX22G) AppleWebKit/537.36 (KHTML, like Gecko) Chrome/44.0.2403.133 Safari/537.36"
91.241.79.155 - - [12/Dec/2015:00:27:53 +0400] "GET /id15365 HTTP/1.1" 200 20533 "-" "SAMSUNG-GT-S5292/1.0 NetFront/4.2 Profile/MIDP-2.0 Configuration/CLDC-1.1"
93.170.176.51 - - [12/Dec/2015:00:27:54 +0400] "GET /id15866 HTTP/1.1" 200 30680 "-" "Opera/9.80 (Windows NT 6.1; U; fr) Presto/2.10.229 Version/11.60"
176.107.207.105 - - [12/Dec/2015:00:27:55 +0400] "GET /id91543 HTTP/1.1" 200 26464 "-" "Mozilla/5.0 (Linux; U; Android 4.2.2; de-at; PadFone T004 Build/JDQ39) AppleWebKit/534.30 (KHTML, like Gecko) Version/4.0 Mobile Safari/534.30"
193.104.87.187 - - [12/Dec/2015:00:27:55 +0400] "GET /id95585 HTTP/1.1" 200 21131 "-" "Mozilla/5.0 (Macintosh; Intel Mac OS X 10_10_2) AppleWebKit/537.36 (KHTML, like Gecko) Chrome/44.0.2403.155 Safari/537.36"
46.235.219.211 - - [12/Dec/2015:00:27:55 +0400] "GET /id73299 HTTP/1.1" 200 31191 "-" "Mozilla/5.0 (Windows; U; Windows NT 6.0; ja; rv:1.9.2.13) Gecko/20101203 Firefox/3.6.13 GTB7.1"
193.104.87.187 - - [12/Dec/2015:00:27:56 +0400] "GET /id86021 HTTP/1.1" 200 22415 "-" "Mozilla/5.0 (Macintosh; Intel Mac OS X 10_10_2) AppleWebKit/537.36 (KHTML, like Gecko) Chrome/44.0.2403.155 Safari/537.36"
46.235.219.211 - - [12/Dec/2015:00:27:56 +0400] "GET /id47793 HTTP/1.1" 200 17539 "-" "Mozilla/5.0 (Windows; U; Windows NT 6.0; ja; rv:1.9.2.13) Gecko/20101203 Firefox/3.6.13 GTB7.1"
192.33.254.106 - - [12/Dec/2015:00:27:57 +0400] "GET /id12681 HTTP/1.1" 200 32140 "-" "Mozilla/5.0 (Linux; Android 4.2.2; C2104 Build/15.3.A.1.14) AppleWebKit/537.36 (KHTML, like Gecko) Chrome/42.0.2311.111 Mobile Safari/537.36"
193.111.92.36 - - [12/Dec/2015:00:27:58 +0400] "GET /id90788 HTTP/1.1" 200 24962 "-" "Bl0wMe perVersion 2/1"
193.104.87.187 - - [12/Dec/2015:00:27:58 +0400] "GET /id27935 HTTP/1.1" 200 15151 "-" "Mozilla/5.0 (Macintosh; Intel Mac OS X 10_10_2) AppleWebKit/537.36 (KHTML, like Gecko) Chrome/44.0.2403.155 Safari/537.36"
193.104.87.187 - - [12/Dec/2015:00:27:58 +0400] "GET /id33985 HTTP/1.1" 200 24321 "-" "Mozilla/5.0 (Macintosh; Intel Mac OS X 10_10_2) AppleWebKit/537.36 (KHTML, like Gecko) Chrome/44.0.2403.155 Safari/537.36"
192.33.254.106 - - [12/Dec/2015:00:27:58 +0400] "GET /id89358 HTTP/1.1" 200 22073 "-" "Mozilla/5.0 (Linux; Android 4.2.2; C2104 Build/15.3.A.1.14) AppleWebKit/537.36 (KHTML, like Gecko) Chrome/42.0.2311.111 Mobile Safari/537.36"
193.169.29.211 - - [12/Dec/2015:00:27:58 +0400] "GET /id12593 HTTP/1.1" 200 25076 "-" "Why are you so interested in my User-Agent?"
193.111.92.36 - - [12/Dec/2015:00:27:59 +0400] "GET /id93028 HTTP/1.1" 200 11044 "-" "Bl0wMe perVersion 2/1"
171.25.177.82 - - [12/Dec/2015:00:27:59 +0400] "GET /id77447 HTTP/1.1" 200 29823 "-" "Mozilla/5.0 (Windows NT 6.3; WOW64) AppleWebKit/537.36 (KHTML, like Gecko) Chrome/45.0.2454.99 Safari/537.36"
46.235.219.211 - - [12/Dec/2015:00:27:59 +0400] "GET /id91878 HTTP/1.1" 200 19346 "-" "Mozilla/5.0 (Windows; U; Windows NT 6.0; ja; rv:1.9.2.13) Gecko/20101203 Firefox/3.6.13 GTB7.1"
200.10.40.199 - - [12/Dec/2015:00:28:01 +0400] "GET /id39913 HTTP/1.1" 200 13909 "-" "Mozilla/4.0 (compatible; MSIE 8.0; Windows NT 6.1; Trident/4.0; SLCC2; .NET CLR 2.0.50727; .NET CLR 3.5.30729; .NET CLR 3.0.30729; Media Center PC 6.0; .NET4.0C; InfoPath.3; MS-RTC LM 8; InfoPath.2; AskTbCFTP2V5/5.11.3.15590)"
212.188.28.57 - - [12/Dec/2015:00:28:03 +0400] "GET /id31870 HTTP/1.1" 200 31813 "-" "Mozilla/5.0 (Windows NT 6.3; WOW64; rv:41.0) Gecko/20100101 Firefox/41.0"
185.36.15.216 - - [12/Dec/2015:00:28:03 +0400] "GET /id24560 HTTP/1.1" 200 12157 "-" "Mozilla/5.0 (X11; Fedora; Linux x86_64) AppleWebKit/537.36 (KHTML, like Gecko) Chrome/44.0.2403.125 Safari/537.36"
91.225.238.234 - - [12/Dec/2015:00:28:04 +0400] "GET /id80186 HTTP/1.1" 200 32339 "-" "Mozilla/5.0 (Windows NT 5.2; rv:13.0) Gecko/20100101 Firefox/13.0.1"
193.169.29.211 - - [12/Dec/2015:00:28:04 +0400] "GET /id52698 HTTP/1.1" 200 30126 "-" "Why are you so interested in my User-Agent?"
212.188.28.57 - - [12/Dec/2015:00:28:04 +0400] "GET /id17582 HTTP/1.1" 200 28754 "-" "Mozilla/5.0 (Windows NT 6.3; WOW64; rv:41.0) Gecko/20100101 Firefox/41.0"
37.237.213.13 - - [12/Dec/2015:00:28:04 +0400] "GET / HTTP/1.1" 200 26036 "-" "Mozilla/5.0 (Windows NT 6.1; WOW64) AppleWebKit/537.36 (KHTML, like Gecko) Chrome/43.0.2357.124 YaBrowser/15.7.2357.2877 Safari/537.36"
37.237.213.13 - - [12/Dec/2015:00:28:04 +0400] "GET /favicon.ico HTTP/1.1" 404 0 "-" "Mozilla/5.0 (Windows NT 6.1; WOW64) AppleWebKit/537.36 (KHTML, like Gecko) Chrome/43.0.2357.124 YaBrowser/15.7.2357.2877 Safari/537.36"
91.221.41.118 - - [12/Dec/2015:00:28:04 +0400] "GET /id52591 HTTP/1.1" 200 21412 "-" "Mozilla/5.0 (Windows NT 10.0; WOW64) AppleWebKit/537.36 (KHTML, like Gecko) Chrome/45.0.2454.99 Safari/537.36"
195.219.180.168 - - [12/Dec/2015:00:28:05 +0400] "GET / HTTP/1.1" 200 17542 "-" "Mozilla/5.0 (Windows NT 5.1; U; de; rv:1.9.1.6) Gecko/20091201 Firefox/3.5.6 Opera 11.00"
195.219.180.168 - - [12/Dec/2015:00:28:05 +0400] "GET /favicon.ico HTTP/1.1" 404 0 "-" "Mozilla/5.0 (Windows NT 5.1; U; de; rv:1.9.1.6) Gecko/20091201 Firefox/3.5.6 Opera 11.00"
192.33.254.106 - - [12/Dec/2015:00:28:05 +0400] "GET /id13270 HTTP/1.1" 200 17878 "-" "Mozilla/5.0 (Linux; Android 4.2.2; C2104 Build/15.3.A.1.14) AppleWebKit/537.36 (KHTML, like Gecko) Chrome/42.0.2311.111 Mobile Safari/537.36"
80.93.110.104 - - [12/Dec/2015:00:28:06 +0400] "GET / HTTP/1.1" 200 17798 "-" "Mozilla/4.0 (compatible; MSIE 7.0; Windows NT 6.1; WOW64; Trident/4.0; SLCC2; .NET CLR 2.0.50727; .NET CLR 3.5.30729; .NET CLR 3.0.30729; Media Center PC 6.0; .NET4.0C; MS-RTC LM 8; .NET4.0E)"
80.93.110.104 - - [12/Dec/2015:00:28:06 +0400] "GET /favicon.ico HTTP/1.1" 404 0 "-" "Mozilla/4.0 (compatible; MSIE 7.0; Windows NT 6.1; WOW64; Trident/4.0; SLCC2; .NET CLR 2.0.50727; .NET CLR 3.5.30729; .NET CLR 3.0.30729; Media Center PC 6.0; .NET4.0C; MS-RTC LM 8; .NET4.0E)"
195.219.180.168 - - [12/Dec/2015:00:28:06 +0400] "GET /id53453 HTTP/1.1" 200 25900 "-" "Mozilla/5.0 (Windows NT 5.1; U; de; rv:1.9.1.6) Gecko/20091201 Firefox/3.5.6 Opera 11.00"
195.85.220.2 - - [12/Dec/2015:00:28:06 +0400] "GET / HTTP/1.1" 200 18355 "-" "Mozilla/5.0 (Windows NT 10.0; WOW64) AppleWebKit/537.36 (KHTML, like Gecko) Chrome/45.0.2454.99 Safari/537.36"
195.85.220.2 - - [12/Dec/2015:00:28:06 +0400] "GET /favicon.ico HTTP/1.1" 404 0 "-" "Mozilla/5.0 (Windows NT 10.0; WOW64) AppleWebKit/537.36 (KHTML, like Gecko) Chrome/45.0.2454.99 Safari/537.36"
171.25.177.82 - - [12/Dec/2015:00:28:07 +0400] "GET /id50649 HTTP/1.1" 200 24299 "-" "Mozilla/5.0 (Windows NT 6.3; WOW64) AppleWebKit/537.36 (KHTML, like Gecko) Chrome/45.0.2454.99 Safari/537.36"
200.10.40.199 - - [12/Dec/2015:00:28:07 +0400] "GET /id67015 HTTP/1.1" 200 15319 "-" "Mozilla/4.0 (compatible; MSIE 8.0; Windows NT 6.1; Trident/4.0; SLCC2; .NET CLR 2.0.50727; .NET CLR 3.5.30729; .NET CLR 3.0.30729; Media Center PC 6.0; .NET4.0C; InfoPath.3; MS-RTC LM 8; InfoPath.2; AskTbCFTP2V5/5.11.3.15590)"
5.43.138.125 - - [12/Dec/2015:00:28:07 +0400] "GET / HTTP/1.1" 200 26985 "-" "Mozilla/5.0 (Macintosh; Intel Mac OS X 10_10_5) AppleWebKit/601.1.56 (KHTML, like Gecko) Version/9.0 Safari/601.1.56"
5.43.138.125 - - [12/Dec/2015:00:28:07 +0400] "GET /favicon.ico HTTP/1.1" 404 0 "-" "Mozilla/5.0 (Macintosh; Intel Mac OS X 10_10_5) AppleWebKit/601.1.56 (KHTML, like Gecko) Version/9.0 Safari/601.1.56"
200.10.40.199 - - [12/Dec/2015:00:28:08 +0400] "GET /id33148 HTTP/1.1" 200 8976 "-" "Mozilla/4.0 (compatible; MSIE 8.0; Windows NT 6.1; Trident/4.0; SLCC2; .NET CLR 2.0.50727; .NET CLR 3.5.30729; .NET CLR 3.0.30729; Media Center PC 6.0; .NET4.0C; InfoPath.3; MS-RTC LM 8; InfoPath.2; AskTbCFTP2V5/5.11.3.15590)"
200.10.40.199 - - [12/Dec/2015:00:28:09 +0400] "GET /id66946 HTTP/1.1" 200 19933 "-" "Mozilla/4.0 (compatible; MSIE 8.0; Windows NT 6.1; Trident/4.0; SLCC2; .NET CLR 2.0.50727; .NET CLR 3.5.30729; .NET CLR 3.0.30729; Media Center PC 6.0; .NET4.0C; InfoPath.3; MS-RTC LM 8; InfoPath.2; AskTbCFTP2V5/5.11.3.15590)"
93.170.176.51 - - [12/Dec/2015:00:28:09 +0400] "GET /id44729 HTTP/1.1" 200 15606 "-" "Opera/9.80 (Windows NT 6.1; U; fr) Presto/2.10.229 Version/11.60"
66.251.216.244 - - [12/Dec/2015:00:28:10 +0400] "GET /id16912 HTTP/1.1" 200 21963 "-" "Mozilla/5.0 (Macintosh; Intel Mac OS X 10_10_5) AppleWebKit/601.1.56 (KHTML, like Gecko) Version/9.0 Safari/601.1.56"
78.85.157.81 - - [12/Dec/2015:00:28:11 +0400] "GET / HTTP/1.1" 200 19198 "-" "Mozilla/5.0 (X11; Linux i686) AppleWebKit/537.36 (KHTML, like Gecko) Ubuntu Chromium/44.0.2403.89 Chrome/44.0.2403.89 Safari/537.36"
78.85.157.81 - - [12/Dec/2015:00:28:11 +0400] "GET /favicon.ico HTTP/1.1" 404 0 "-" "Mozilla/5.0 (X11; Linux i686) AppleWebKit/537.36 (KHTML, like Gecko) Ubuntu Chromium/44.0.2403.89 Chrome/44.0.2403.89 Safari/537.36"
200.10.40.199 - - [12/Dec/2015:00:28:11 +0400] "GET /id42419 HTTP/1.1" 200 30543 "-" "Mozilla/4.0 (compatible; MSIE 8.0; Windows NT 6.1; Trident/4.0; SLCC2; .NET CLR 2.0.50727; .NET CLR 3.5.30729; .NET CLR 3.0.30729; Media Center PC 6.0; .NET4.0C; InfoPath.3; MS-RTC LM 8; InfoPath.2; AskTbCFTP2V5/5.11.3.15590)"
149.86.191.144 - - [12/Dec/2015:00:28:11 +0400] "GET /id28175 HTTP/1.1" 200 20229 "-" "Mozilla/5.0 (Windows NT 6.3; WOW64) AppleWebKit/537.36 (KHTML, like Gecko) Chrome/45.0.2454.99 Safari/537.36"
91.232.245.16 - - [12/Dec/2015:00:28:12 +0400] "GET /id87087 HTTP/1.1" 200 22057 "-" "Mozilla/5.0 (Windows NT 6.1) AppleWebKit/537.36 (KHTML, like Gecko) Chrome/45.0.2454.99 Safari/537.36"
148.185.152.163 - - [12/Dec/2015:00:28:12 +0400] "GET / HTTP/1.1" 200 29098 "-" "Mozilla/5.0 (X11; Linux x86_64) AppleWebKit/534.34 (KHTML, like Gecko) Chromium/31.0.1650.63 Site-Shot/2.1 (http://www.site-shot.com/) Safari/534.34"
148.185.152.163 - - [12/Dec/2015:00:28:12 +0400] "GET /favicon.ico HTTP/1.1" 404 0 "-" "Mozilla/5.0 (X11; Linux x86_64) AppleWebKit/534.34 (KHTML, like Gecko) Chromium/31.0.1650.63 Site-Shot/2.1 (http://www.site-shot.com/) Safari/534.34"
46.174.15.228 - - [12/Dec/2015:00:28:12 +0400] "GET / HTTP/1.1" 200 13990 "-" "Mozilla/5.0 (Windows NT 5.2; rv:27.0) Gecko/20100101 Firefox/27.0"
46.174.15.228 - - [12/Dec/2015:00:28:12 +0400] "GET /favicon.ico HTTP/1.1" 404 0 "-" "Mozilla/5.0 (Windows NT 5.2; rv:27.0) Gecko/20100101 Firefox/27.0"
81.25.206.119 - - [12/Dec/2015:00:28:13 +0400] "GET / HTTP/1.1" 200 32162 "-" "Mozilla/5.0 (Macintosh; Intel Mac OS X 10_10_4) AppleWebKit/537.36 (KHTML, like Gecko) Chrome/45.0.2454.93 Safari/537.36"
81.25.206.119 - - [12/Dec/2015:00:28:13 +0400] "GET /favicon.ico HTTP/1.1" 404 0 "-" "Mozilla/5.0 (Macintosh; Intel Mac OS X 10_10_4) AppleWebKit/537.36 (KHTML, like Gecko) Chrome/45.0.2454.93 Safari/537.36"
37.237.213.13 - - [12/Dec/2015:00:28:13 +0400] "GET /id47118 HTTP/1.1" 200 21180 "-" "Mozilla/5.0 (Windows NT 6.1; WOW64) AppleWebKit/537.36 (KHTML, like Gecko) Chrome/43.0.2357.124 YaBrowser/15.7.2357.2877 Safari/537.36"
93.95.46.33 - - [12/Dec/2015:00:28:14 +0400] "GET / HTTP/1.1" 200 12825 "-" "Mozilla/5.0 (Windows NT 6.1; WOW64; rv:14.0; WUID=dec302e0359dca729fc03b1e5e0b9724; WTB=161) Gecko/20100101 Firefox/14.0.1"
93.95.46.33 - - [12/Dec/2015:00:28:14 +0400] "GET /favicon.ico HTTP/1.1" 404 0 "-" "Mozilla/5.0 (Windows NT 6.1; WOW64; rv:14.0; WUID=dec302e0359dca729fc03b1e5e0b9724; WTB=161) Gecko/20100101 Firefox/14.0.1"
46.174.15.228 - - [12/Dec/2015:00:28:15 +0400] "GET /id24776 HTTP/1.1" 200 24649 "-" "Mozilla/5.0 (Windows NT 5.2; rv:27.0) Gecko/20100101 Firefox/27.0"
192.33.254.106 - - [12/Dec/2015:00:28:15 +0400] "GET /id36047 HTTP/1.1" 200 11878 "-" "Mozilla/5.0 (Linux; Android 4.2.2; C2104 Build/15.3.A.1.14) AppleWebKit/537.36 (KHTML, like Gecko) Chrome/42.0.2311.111 Mobile Safari/537.36"
176.107.207.105 - - [12/Dec/2015:00:28:15 +0400] "GET /id46933 HTTP/1.1" 200 32406 "-" "Mozilla/5.0 (Linux; U; Android 4.2.2; de-at; PadFone T004 Build/JDQ39) AppleWebKit/534.30 (KHTML, like Gecko) Version/4.0 Mobile Safari/534.30"
91.225.238.234 - - [12/Dec/2015:00:28:15 +0400] "GET /id70341 HTTP/1.1" 200 9321 "-" "Mozilla/5.0 (Windows NT 5.2; rv:13.0) Gecko/20100101 Firefox/13.0.1"
185.36.15.216 - - [12/Dec/2015:00:28:15 +0400] "GET /id22354 HTTP/1.1" 200 30056 "-" "Mozilla/5.0 (X11; Fedora; Linux x86_64) AppleWebKit/537.36 (KHTML, like Gecko) Chrome/44.0.2403.125 Safari/537.36"
148.185.152.163 - - [12/Dec/2015:00:28:16 +0400] "GET /id86582 HTTP/1.1" 200 25564 "-" "Mozilla/5.0 (X11; Linux x86_64) AppleWebKit/534.34 (KHTML, like Gecko) Chromium/31.0.1650.63 Site-Shot/2.1 (http://www.site-shot.com/) Safari/534.34"
91.225.238.234 - - [12/Dec/2015:00:28:16 +0400] "GET /id56613 HTTP/1.1" 200 17060 "-" "Mozilla/5.0 (Windows NT 5.2; rv:13.0) Gecko/20100101 Firefox/13.0.1"
37.237.213.13 - - [12/Dec/2015:00:28:16 +0400] "GET /id96282 HTTP/1.1" 200 9106 "-" "Mozilla/5.0 (Windows NT 6.1; WOW64) AppleWebKit/537.36 (KHTML, like Gecko) Chrome/43.0.2357.124 YaBrowser/15.7.2357.2877 Safari/537.36"
128.127.48.185 - - [12/Dec/2015:00:28:17 +0400] "GET / HTTP/1.1" 200 25678 "-" "Mozilla/5.0 (X11; Linux x86_64) AppleWebKit/538.15 (KHTML, like Gecko) Version/8.0 Safari/538.15"
128.127.48.185 - - [12/Dec/2015:00:28:17 +0400] "GET /favicon.ico HTTP/1.1" 404 0 "-" "Mozilla/5.0 (X11; Linux x86_64) AppleWebKit/538.15 (KHTML, like Gecko) Version/8.0 Safari/538.15"
195.10.208.161 - - [12/Dec/2015:00:28:17 +0400] "GET /id61833 HTTP/1.1" 200 10830 "-" "Mozilla/5.0 (Windows NT 10.0; WOW64) AppleWebKit/537.36 (KHTML, like Gecko) Chrome/45.0.2454.99 Safari/537.36"
148.185.152.163 - - [12/Dec/2015:00:28:18 +0400] "GET /id86821 HTTP/1.1" 200 25588 "-" "Mozilla/5.0 (X11; Linux x86_64) AppleWebKit/534.34 (KHTML, like Gecko) Chromium/31.0.1650.63 Site-Shot/2.1 (http://www.site-shot.com/) Safari/534.34"
171.25.177.82 - - [12/Dec/2015:00:28:18 +0400] "GET /id44011 HTTP/1.1" 200 26783 "-" "Mozilla/5.0 (Windows NT 6.3; WOW64) AppleWebKit/537.36 (KHTML, like Gecko) Chrome/45.0.2454.99 Safari/537.36"
62.41.5.57 - - [12/Dec/2015:00:28:18 +0400] "GET / HTTP/1.1" 200 19888 "-" "Mozilla/5.0 (Windows NT 10.0; WOW64) AppleWebKit/537.36 (KHTML, like Gecko) Chrome/45.0.2454.99 Safari/537.36"
62.41.5.57 - - [12/Dec/2015:00:28:18 +0400] "GET /favicon.ico HTTP/1.1" 404 0 "-" "Mozilla/5.0 (Windows NT 10.0; WOW64) AppleWebKit/537.36 (KHTML, like Gecko) Chrome/45.0.2454.99 Safari/537.36"
212.188.28.57 - - [12/Dec/2015:00:28:19 +0400] "GET /id84420 HTTP/1.1" 200 19533 "-" "Mozilla/5.0 (Windows NT 6.3; WOW64; rv:41.0) Gecko/20100101 Firefox/41.0"
192.149.126.174 - - [12/Dec/2015:00:28:19 +0400] "GET / HTTP/1.1" 200 30245 "-" "Mozilla/5.0 (Linux; Android 5.0.1; LGL22C Build/LRX21Y) AppleWebKit/537.36 (KHTML, like Gecko) Chrome/44.0.2403.133 Mobile Safari/537.36"
192.149.126.174 - - [12/Dec/2015:00:28:19 +0400] "GET /favicon.ico HTTP/1.1" 404 0 "-" "Mozilla/5.0 (Linux; Android 5.0.1; LGL22C Build/LRX21Y) AppleWebKit/537.36 (KHTML, like Gecko) Chrome/44.0.2403.133 Mobile Safari/537.36"
93.170.176.51 - - [12/Dec/2015:00:28:19 +0400] "GET /id30918 HTTP/1.1" 200 25174 "-" "Opera/9.80 (Windows NT 6.1; U; fr) Presto/2.10.229 Version/11.60"
148.185.152.163 - - [12/Dec/2015:00:28:20 +0400] "GET /id28388 HTTP/1.1" 200 27488 "-" "Mozilla/5.0 (X11; Linux x86_64) AppleWebKit/534.34 (KHTML, like Gecko) Chromium/31.0.1650.63 Site-Shot/2.1 (http://www.site-shot.com/) Safari/534.34"
91.225.238.234 - - [12/Dec/2015:00:28:21 +0400] "GET /id65393 HTTP/1.1" 200 22988 "-" "Mozilla/5.0 (Windows NT 5.2; rv:13.0) Gecko/20100101 Firefox/13.0.1"
91.232.245.16 - - [12/Dec/2015:00:28:21 +0400] "GET /id65495 HTTP/1.1" 200 14027 "-" "Mozilla/5.0 (Windows NT 6.1) AppleWebKit/537.36 (KHTML, like Gecko) Chrome/45.0.2454.99 Safari/537.36"
91.221.41.118 - - [12/Dec/2015:00:28:21 +0400] "GET /id46385 HTTP/1.1" 200 24229 "-" "Mozilla/5.0 (Windows NT 10.0; WOW64) AppleWebKit/537.36 (KHTML, like Gecko) Chrome/45.0.2454.99 Safari/537.36"
171.25.177.82 - - [12/Dec/2015:00:28:21 +0400] "GET /id86743 HTTP/1.1" 200 25804 "-" "Mozilla/5.0 (Windows NT 6.3; WOW64) AppleWebKit/537.36 (KHTML, like Gecko) Chrome/45.0.2454.99 Safari/537.36"
194.126.233.152 - - [12/Dec/2015:00:28:21 +0400] "GET / HTTP/1.1" 200 15957 "-" "Mozilla/5.0 (X11; Ubuntu; Linux i686; rv:39.0) Gecko/20100101 Firefox/39.0"
194.126.233.152 - - [12/Dec/2015:00:28:21 +0400] "GET /favicon.ico HTTP/1.1" 404 0 "-" "Mozilla/5.0 (X11; Ubuntu; Linux i686; rv:39.0) Gecko/20100101 Firefox/39.0"
62.41.5.57 - - [12/Dec/2015:00:28:21 +0400] "GET /id61050 HTTP/1.1" 200 25078 "-" "Mozilla/5.0 (Windows NT 10.0; WOW64) AppleWebKit/537.36 (KHTML, like Gecko) Chrome/45.0.2454.99 Safari/537.36"
109.105.68.151 - - [12/Dec/2015:00:28:22 +0400] "GET /id86525 HTTP/1.1" 200 24107 "-" "Mozilla/5.0 (Windows; U; Windows NT 5.1; he; rv:1.9.1.14) Gecko/20101001 Firefox/3.5.14 ( .NET CLR 3.5.30729)"
79.170.141.116 - - [12/Dec/2015:00:28:22 +0400] "GET / HTTP/1.1" 200 9797 "-" "Nokia2700c-2/2.0 (09.95) Profile/MIDP-2.1 Configuration/CLDC-1.1 Mozilla/4.0 (compatible; MSIE 8.0; Windows NT 6.1; Trident/4.0; SLCC2;.NET CLR 2.0.50727; .NET CLR 3.5.30729; .NET CLR 3.0.30729; Media Center PC 6.0; InfoPath.2)/UC Browser7.9.0.102/69/352 UNTRUSTED/1.0"
79.170.141.116 - - [12/Dec/2015:00:28:22 +0400] "GET /favicon.ico HTTP/1.1" 404 0 "-" "Nokia2700c-2/2.0 (09.95) Profile/MIDP-2.1 Configuration/CLDC-1.1 Mozilla/4.0 (compatible; MSIE 8.0; Windows NT 6.1; Trident/4.0; SLCC2;.NET CLR 2.0.50727; .NET CLR 3.5.30729; .NET CLR 3.0.30729; Media Center PC 6.0; InfoPath.2)/UC Browser7.9.0.102/69/352 UNTRUSTED/1.0"
91.225.238.234 - - [12/Dec/2015:00:28:22 +0400] "GET /id22513 HTTP/1.1" 200 9233 "-" "Mozilla/5.0 (Windows NT 5.2; rv:13.0) Gecko/20100101 Firefox/13.0.1"
195.66.154.69 - - [12/Dec/2015:00:28:22 +0400] "GET / HTTP/1.1" 200 27656 "-" "Mozilla/5.0 (Windows NT 10.0; WOW64) AppleWebKit/537.36 (KHTML, like Gecko) Chrome/45.0.2454.99 Safari/537.36"
195.66.154.69 - - [12/Dec/2015:00:28:22 +0400] "GET /favicon.ico HTTP/1.1" 404 0 "-" "Mozilla/5.0 (Windows NT 10.0; WOW64) AppleWebKit/537.36 (KHTML, like Gecko) Chrome/45.0.2454.99 Safari/537.36"
195.170.54.66 - - [12/Dec/2015:00:28:24 +0400] "GET / HTTP/1.1" 200 8280 "-" "Mozilla/5.0 (X11; Linux x86_64) AppleWebKit/537.36 (KHTML, like Gecko) Chrome/47.0.2503.0 Safari/537.36"
195.170.54.66 - - [12/Dec/2015:00:28:24 +0400] "GET /favicon.ico HTTP/1.1" 404 0 "-" "Mozilla/5.0 (X11; Linux x86_64) AppleWebKit/537.36 (KHTML, like Gecko) Chrome/47.0.2503.0 Safari/537.36"
195.219.180.168 - - [12/Dec/2015:00:28:24 +0400] "GET /id68071 HTTP/1.1" 200 27548 "-" "Mozilla/5.0 (Windows NT 5.1; U; de; rv:1.9.1.6) Gecko/20091201 Firefox/3.5.6 Opera 11.00"
80.93.110.104 - - [12/Dec/2015:00:28:24 +0400] "GET /id40499 HTTP/1.1" 200 11528 "-" "Mozilla/4.0 (compatible; MSIE 7.0; Windows NT 6.1; WOW64; Trident/4.0; SLCC2; .NET CLR 2.0.50727; .NET CLR 3.5.30729; .NET CLR 3.0.30729; Media Center PC 6.0; .NET4.0C; MS-RTC LM 8; .NET4.0E)"
103.46.140.52 - - [12/Dec/2015:00:28:25 +0400] "GET /id71767 HTTP/1.1" 200 22292 "-" "Mozilla/5.0 (Windows NT 6.1) AppleWebKit/537.36 (KHTML, like Gecko) Chrome/45.0.2454.99 Safari/537.36"
171.25.177.82 - - [12/Dec/2015:00:28:25 +0400] "GET /id66219 HTTP/1.1" 200 32512 "-" "Mozilla/5.0 (Windows NT 6.3; WOW64) AppleWebKit/537.36 (KHTML, like Gecko) Chrome/45.0.2454.99 Safari/537.36"
109.197.17.190 - - [12/Dec/2015:00:28:25 +0400] "GET /id84349 HTTP/1.1" 200 18224 "-" "Mozilla/5.0 (Windows NT 6.1; Win64; x64; rv:34.0) Gecko/20100101 Firefox/34.0 Cyberfox/34.0.5"
91.225.238.234 - - [12/Dec/2015:00:28:26 +0400] "GET /id40968 HTTP/1.1" 200 9956 "-" "Mozilla/5.0 (Windows NT 5.2; rv:13.0) Gecko/20100101 Firefox/13.0.1"
192.149.126.174 - - [12/Dec/2015:00:28:26 +0400] "GET /id87160 HTTP/1.1" 200 17650 "-" "Mozilla/5.0 (Linux; Android 5.0.1; LGL22C Build/LRX21Y) AppleWebKit/537.36 (KHTML, like Gecko) Chrome/44.0.2403.133 Mobile Safari/537.36"
128.127.48.185 - - [12/Dec/2015:00:28:28 +0400] "GET /id61357 HTTP/1.1" 200 24364 "-" "Mozilla/5.0 (X11; Linux x86_64) AppleWebKit/538.15 (KHTML, like Gecko) Version/8.0 Safari/538.15"
79.170.141.116 - - [12/Dec/2015:00:28:28 +0400] "GET /id75169 HTTP/1.1" 200 14434 "-" "Nokia2700c-2/2.0 (09.95) Profile/MIDP-2.1 Configuration/CLDC-1.1 Mozilla/4.0 (compatible; MSIE 8.0; Windows NT 6.1; Trident/4.0; SLCC2;.NET CLR 2.0.50727; .NET CLR 3.5.30729; .NET CLR 3.0.30729; Media Center PC 6.0; InfoPath.2)/UC Browser7.9.0.102/69/352 UNTRUSTED/1.0"
66.251.216.244 - - [12/Dec/2015:00:28:28 +0400] "GET /id10858 HTTP/1.1" 200 27418 "-" "Mozilla/5.0 (Macintosh; Intel Mac OS X 10_10_5) AppleWebKit/601.1.56 (KHTML, like Gecko) Version/9.0 Safari/601.1.56"
79.170.141.116 - - [12/Dec/2015:00:28:28 +0400] "GET /id40271 HTTP/1.1" 200 25139 "-" "Nokia2700c-2/2.0 (09.95) Profile/MIDP-2.1 Configuration/CLDC-1.1 Mozilla/4.0 (compatible; MSIE 8.0; Windows NT 6.1; Trident/4.0; SLCC2;.NET CLR 2.0.50727; .NET CLR 3.5.30729; .NET CLR 3.0.30729; Media Center PC 6.0; InfoPath.2)/UC Browser7.9.0.102/69/352 UNTRUSTED/1.0"
194.60.204.168 - - [12/Dec/2015:00:28:30 +0400] "GET / HTTP/1.1" 200 30179 "-" "Mozilla/5.0 (Windows NT 10.0; WOW64) AppleWebKit/537.36 (KHTML, like Gecko) Chrome/45.0.2454.99 Safari/537.36"
194.60.204.168 - - [12/Dec/2015:00:28:30 +0400] "GET /favicon.ico HTTP/1.1" 404 0 "-" "Mozilla/5.0 (Windows NT 10.0; WOW64) AppleWebKit/537.36 (KHTML, like Gecko) Chrome/45.0.2454.99 Safari/537.36"
195.219.180.168 - - [12/Dec/2015:00:28:30 +0400] "GET /id89796 HTTP/1.1" 200 30436 "-" "Mozilla/5.0 (Windows NT 5.1; U; de; rv:1.9.1.6) Gecko/20091201 Firefox/3.5.6 Opera 11.00"
192.33.254.106 - - [12/Dec/2015:00:28:31 +0400] "GET /id86099 HTTP/1.1" 200 25516 "-" "Mozilla/5.0 (Linux; Android 4.2.2; C2104 Build/15.3.A.1.14) AppleWebKit/537.36 (KHTML, like Gecko) Chrome/42.0.2311.111 Mobile Safari/537.36"
148.185.152.163 - - [12/Dec/2015:00:28:31 +0400] "GET /id86191 HTTP/1.1" 200 27718 "-" "Mozilla/5.0 (X11; Linux x86_64) AppleWebKit/534.34 (KHTML, like Gecko) Chromium/31.0.1650.63 Site-Shot/2.1 (http://www.site-shot.com/) Safari/534.34"
195.66.154.69 - - [12/Dec/2015:00:28:33 +0400] "GET /id13641 HTTP/1.1" 200 25351 "-" "Mozilla/5.0 (Windows NT 10.0; WOW64) AppleWebKit/537.36 (KHTML, like Gecko) Chrome/45.0.2454.99 Safari/537.36"
46.174.15.228 - - [12/Dec/2015:00:28:34 +0400] "GET /id31875 HTTP/1.1" 200 8534 "-" "Mozilla/5.0 (Windows NT 5.2; rv:27.0) Gecko/20100101 Firefox/27.0"
149.86.191.144 - - [12/Dec/2015:00:28:34 +0400] "GET /id92547 HTTP/1.1" 200 26298 "-" "Mozilla/5.0 (Windows NT 6.3; WOW64) AppleWebKit/537.36 (KHTML, like Gecko) Chrome/45.0.2454.99 Safari/537.36"
171.25.177.82 - - [12/Dec/2015:00:28:35 +0400] "GET /id66326 HTTP/1.1" 200 28710 "-" "Mozilla/5.0 (Windows NT 6.3; WOW64) AppleWebKit/537.36 (KHTML, like Gecko) Chrome/45.0.2454.99 Safari/537.36"
195.85.220.2 - - [12/Dec/2015:00:28:35 +0400] "GET /id17248 HTTP/1.1" 200 18154 "-" "Mozilla/5.0 (Windows NT 10.0; WOW64) AppleWebKit/537.36 (KHTML, like Gecko) Chrome/45.0.2454.99 Safari/537.36"
81.25.206.119 - - [12/Dec/2015:00:28:35 +0400] "GET /id18026 HTTP/1.1" 200 13994 "-" "Mozilla/5.0 (Macintosh; Intel Mac OS X 10_10_4) AppleWebKit/537.36 (KHTML, like Gecko) Chrome/45.0.2454.93 Safari/537.36"
79.170.141.116 - - [12/Dec/2015:00:28:36 +0400] "GET /id30274 HTTP/1.1" 200 11210 "-" "Nokia2700c-2/2.0 (09.95) Profile/MIDP-2.1 Configuration/CLDC-1.1 Mozilla/4.0 (compatible; MSIE 8.0; Windows NT 6.1; Trident/4.0; SLCC2;.NET CLR 2.0.50727; .NET CLR 3.5.30729; .NET CLR 3.0.30729; Media Center PC 6.0; InfoPath.2)/UC Browser7.9.0.102/69/352 UNTRUSTED/1.0"
193.111.92.36 - - [12/Dec/2015:00:28:37 +0400] "GET /id65822 HTTP/1.1" 200 15284 "-" "Bl0wMe perVersion 2/1"
171.25.177.82 - - [12/Dec/2015:00:28:38 +0400] "GET /id59190 HTTP/1.1" 200 13880 "-" "Mozilla/5.0 (Windows NT 6.3; WOW64) AppleWebKit/537.36 (KHTML, like Gecko) Chrome/45.0.2454.99 Safari/537.36"
171.25.177.82 - - [12/Dec/2015:00:28:38 +0400] "GET /id13106 HTTP/1.1" 200 10578 "-" "Mozilla/5.0 (Windows NT 6.3; WOW64) AppleWebKit/537.36 (KHTML, like Gecko) Chrome/45.0.2454.99 Safari/537.36"
148.185.152.163 - - [12/Dec/2015:00:28:39 +0400] "GET /id64458 HTTP/1.1" 200 19281 "-" "Mozilla/5.0 (X11; Linux x86_64) AppleWebKit/534.34 (KHTML, like Gecko) Chromium/31.0.1650.63 Site-Shot/2.1 (http://www.site-shot.com/) Safari/534.34"
109.197.17.190 - - [12/Dec/2015:00:28:41 +0400] "GET /id17020 HTTP/1.1" 200 32501 "-" "Mozilla/5.0 (Windows NT 6.1; Win64; x64; rv:34.0) Gecko/20100101 Firefox/34.0 Cyberfox/34.0.5"
93.95.46.33 - - [12/Dec/2015:00:28:41 +0400] "GET /id65288 HTTP/1.1" 200 17715 "-" "Mozilla/5.0 (Windows NT 6.1; WOW64; rv:14.0; WUID=dec302e0359dca729fc03b1e5e0b9724; WTB=161) Gecko/20100101 Firefox/14.0.1"
212.188.28.57 - - [12/Dec/2015:00:28:42 +0400] "GET /id90342 HTTP/1.1" 200 15912 "-" "Mozilla/5.0 (Windows NT 6.3; WOW64; rv:41.0) Gecko/20100101 Firefox/41.0"
192.33.254.106 - - [12/Dec/2015:00:28:42 +0400] "GET /id61268 HTTP/1.1" 200 9874 "-" "Mozilla/5.0 (Linux; Android 4.2.2; C2104 Build/15.3.A.1.14) AppleWebKit/537.36 (KHTML, like Gecko) Chrome/42.0.2311.111 Mobile Safari/537.36"
148.185.152.163 - - [12/Dec/2015:00:28:42 +0400] "GET /id10545 HTTP/1.1" 200 22983 "-" "Mozilla/5.0 (X11; Linux x86_64) AppleWebKit/534.34 (KHTML, like Gecko) Chromium/31.0.1650.63 Site-Shot/2.1 (http://www.site-shot.com/) Safari/534.34"
197.231.228.195 - - [12/Dec/2015:00:28:43 +0400] "GET /wp-content/plugins/aviary-image-editor-add-on-for-gravity-forms/includes/upload.php HTTP/1.1" 404 0 "-" "Mozilla/6.66"
192.33.254.106 - - [12/Dec/2015:00:28:44 +0400] "GET /id45156 HTTP/1.1" 200 21658 "-" "Mozilla/5.0 (Linux; Android 4.2.2; C2104 Build/15.3.A.1.14) AppleWebKit/537.36 (KHTML, like Gecko) Chrome/42.0.2311.111 Mobile Safari/537.36"
80.93.110.104 - - [12/Dec/2015:00:28:44 +0400] "GET /id64245 HTTP/1.1" 200 19485 "-" "Mozilla/4.0 (compatible; MSIE 7.0; Windows NT 6.1; WOW64; Trident/4.0; SLCC2; .NET CLR 2.0.50727; .NET CLR 3.5.30729; .NET CLR 3.0.30729; Media Center PC 6.0; .NET4.0C; MS-RTC LM 8; .NET4.0E)"
46.151.164.97 - - [12/Dec/2015:00:28:44 +0400] "GET /id43067 HTTP/1.1" 200 8901 "-" "Mozilla/5.0 (Linux; Android 5.0.2; SM-T530 Build/LRX22G) AppleWebKit/537.36 (KHTML, like Gecko) Chrome/44.0.2403.133 Safari/537.36"
80.231.6.234 - - [12/Dec/2015:00:28:45 +0400] "GET /cgi-bin/csChatRBox.cgi HTTP/1.1" 404 0 "-" "Mozilla/6.66"
212.188.28.57 - - [12/Dec/2015:00:28:45 +0400] "GET /id31468 HTTP/1.1" 200 10039 "-" "Mozilla/5.0 (Windows NT 6.3; WOW64; rv:41.0) Gecko/20100101 Firefox/41.0"
195.219.180.168 - - [12/Dec/2015:00:28:47 +0400] "GET /id62295 HTTP/1.1" 200 13139 "-" "Mozilla/5.0 (Windows NT 5.1; U; de; rv:1.9.1.6) Gecko/20091201 Firefox/3.5.6 Opera 11.00"
195.219.180.168 - - [12/Dec/2015:00:28:47 +0400] "GET /id47874 HTTP/1.1" 200 27526 "-" "Mozilla/5.0 (Windows NT 5.1; U; de; rv:1.9.1.6) Gecko/20091201 Firefox/3.5.6 Opera 11.00"
192.149.126.174 - - [12/Dec/2015:00:28:47 +0400] "GET /id38479 HTTP/1.1" 200 26332 "-" "Mozilla/5.0 (Linux; Android 5.0.1; LGL22C Build/LRX21Y) AppleWebKit/537.36 (KHTML, like Gecko) Chrome/44.0.2403.133 Mobile Safari/537.36"
91.209.154.198 - - [12/Dec/2015:00:28:48 +0400] "GET /id14411 HTTP/1.1" 200 13248 "-" "Mozilla/5.0 (Windows NT 6.1; Win64; x64) AppleWebKit/537.36 (KHTML, like Gecko) Chrome/45.0.2454.7 Safari/537.36"
195.10.208.161 - - [12/Dec/2015:00:28:49 +0400] "GET /id74212 HTTP/1.1" 200 14959 "-" "Mozilla/5.0 (Windows NT 10.0; WOW64) AppleWebKit/537.36 (KHTML, like Gecko) Chrome/45.0.2454.99 Safari/537.36"
171.25.177.82 - - [12/Dec/2015:00:28:50 +0400] "GET /id16032 HTTP/1.1" 200 15972 "-" "Mozilla/5.0 (Windows NT 6.3; WOW64) AppleWebKit/537.36 (KHTML, like Gecko) Chrome/45.0.2454.99 Safari/537.36"
192.33.254.106 - - [12/Dec/2015:00:28:51 +0400] "GET /id45447 HTTP/1.1" 200 26957 "-" "Mozilla/5.0 (Linux; Android 4.2.2; C2104 Build/15.3.A.1.14) AppleWebKit/537.36 (KHTML, like Gecko) Chrome/42.0.2311.111 Mobile Safari/537.36"
195.219.180.168 - - [12/Dec/2015:00:28:52 +0400] "GET /id17747 HTTP/1.1" 200 8581 "-" "Mozilla/5.0 (Windows NT 5.1; U; de; rv:1.9.1.6) Gecko/20091201 Firefox/3.5.6 Opera 11.00"
171.25.177.82 - - [12/Dec/2015:00:28:52 +0400] "GET /id10880 HTTP/1.1" 200 25523 "-" "Mozilla/5.0 (Windows NT 6.3; WOW64) AppleWebKit/537.36 (KHTML, like Gecko) Chrome/45.0.2454.99 Safari/537.36"
37.237.213.13 - - [12/Dec/2015:00:28:53 +0400] "GET /id99703 HTTP/1.1" 200 8657 "-" "Mozilla/5.0 (Windows NT 6.1; WOW64) AppleWebKit/537.36 (KHTML, like Gecko) Chrome/43.0.2357.124 YaBrowser/15.7.2357.2877 Safari/537.36"
5.43.138.125 - - [12/Dec/2015:00:28:53 +0400] "GET /id20356 HTTP/1.1" 200 11492 "-" "Mozilla/5.0 (Macintosh; Intel Mac OS X 10_10_5) AppleWebKit/601.1.56 (KHTML, like Gecko) Version/9.0 Safari/601.1.56"
212.188.28.57 - - [12/Dec/2015:00:28:53 +0400] "GET /id46006 HTTP/1.1" 200 22675 "-" "Mozilla/5.0 (Windows NT 6.3; WOW64; rv:41.0) Gecko/20100101 Firefox/41.0"
195.66.154.69 - - [12/Dec/2015:00:28:54 +0400] "GET /id38086 HTTP/1.1" 200 13898 "-" "Mozilla/5.0 (Windows NT 10.0; WOW64) AppleWebKit/537.36 (KHTML, like Gecko) Chrome/45.0.2454.99 Safari/537.36"
37.237.213.13 - - [12/Dec/2015:00:28:54 +0400] "GET /id97137 HTTP/1.1" 200 10236 "-" "Mozilla/5.0 (Windows NT 6.1; WOW64) AppleWebKit/537.36 (KHTML, like Gecko) Chrome/43.0.2357.124 YaBrowser/15.7.2357.2877 Safari/537.36"
195.170.54.66 - - [12/Dec/2015:00:28:54 +0400] "GET /id62267 HTTP/1.1" 200 16378 "-" "Mozilla/5.0 (X11; Linux x86_64) AppleWebKit/537.36 (KHTML, like Gecko) Chrome/47.0.2503.0 Safari/537.36"
192.33.254.106 - - [12/Dec/2015:00:28:54 +0400] "GET /id12189 HTTP/1.1" 200 11459 "-" "Mozilla/5.0 (Linux; Android 4.2.2; C2104 Build/15.3.A.1.14) AppleWebKit/537.36 (KHTML, like Gecko) Chrome/42.0.2311.111 Mobile Safari/537.36"
194.126.233.152 - - [12/Dec/2015:00:28:54 +0400] "GET /id71131 HTTP/1.1" 200 30577 "-" "Mozilla/5.0 (X11; Ubuntu; Linux i686; rv:39.0) Gecko/20100101 Firefox/39.0"
91.209.154.198 - - [12/Dec/2015:00:28:55 +0400] "GET /id55622 HTTP/1.1" 200 24788 "-" "Mozilla/5.0 (Windows NT 6.1; Win64; x64) AppleWebKit/537.36 (KHTML, like Gecko) Chrome/45.0.2454.7 Safari/537.36"
81.25.206.119 - - [12/Dec/2015:00:28:55 +0400] "GET /id88138 HTTP/1.1" 200 19923 "-" "Mozilla/5.0 (Macintosh; Intel Mac OS X 10_10_4) AppleWebKit/537.36 (KHTML, like Gecko) Chrome/45.0.2454.93 Safari/537.36"
81.25.206.119 - - [12/Dec/2015:00:28:56 +0400] "GET /id97325 HTTP/1.1" 200 13572 "-" "Mozilla/5.0 (Macintosh; Intel Mac OS X 10_10_4) AppleWebKit/537.36 (KHTML, like Gecko) Chrome/45.0.2454.93 Safari/537.36"
109.197.17.190 - - [12/Dec/2015:00:28:56 +0400] "GET /id28194 HTTP/1.1" 200 18051 "-" "Mozilla/5.0 (Windows NT 6.1; Win64; x64; rv:34.0) Gecko/20100101 Firefox/34.0 Cyberfox/34.0.5"
192.33.254.106 - - [12/Dec/2015:00:28:57 +0400] "GET /id24034 HTTP/1.1" 200 20216 "-" "Mozilla/5.0 (Linux; Android 4.2.2; C2104 Build/15.3.A.1.14) AppleWebKit/537.36 (KHTML, like Gecko) Chrome/42.0.2311.111 Mobile Safari/537.36"
195.66.154.69 - - [12/Dec/2015:00:28:58 +0400] "GET /id67309 HTTP/1.1" 200 32402 "-" "Mozilla/5.0 (Windows NT 10.0; WOW64) AppleWebKit/537.36 (KHTML, like Gecko) Chrome/45.0.2454.99 Safari/537.36"
195.66.154.69 - - [12/Dec/2015:00:29:01 +0400] "GET /id25616 HTTP/1.1" 200 19023 "-" "Mozilla/5.0 (Windows NT 10.0; WOW64) AppleWebKit/537.36 (KHTML, like Gecko) Chrome/45.0.2454.99 Safari/537.36"
195.66.154.69 - - [12/Dec/2015:00:29:01 +0400] "GET /id35070 HTTP/1.1" 200 10732 "-" "Mozilla/5.0 (Windows NT 10.0; WOW64) AppleWebKit/537.36 (KHTML, like Gecko) Chrome/45.0.2454.99 Safari/537.36"
109.197.17.190 - - [12/Dec/2015:00:29:03 +0400] "GET /id83753 HTTP/1.1" 200 20658 "-" "Mozilla/5.0 (Windows NT 6.1; Win64; x64; rv:34.0) Gecko/20100101 Firefox/34.0 Cyberfox/34.0.5"
178.22.245.124 - - [12/Dec/2015:00:29:04 +0400] "GET / HTTP/1.1" 200 10604 "-" "Mozilla/5.0 (Macintosh; Intel Mac OS X 10_10_4) AppleWebKit/537.36 (KHTML, like Gecko) Chrome/45.0.2454.93 Safari/537.36"
178.22.245.124 - - [12/Dec/2015:00:29:04 +0400] "GET /favicon.ico HTTP/1.1" 404 0 "-" "Mozilla/5.0 (Macintosh; Intel Mac OS X 10_10_4) AppleWebKit/537.36 (KHTML, like Gecko) Chrome/45.0.2454.93 Safari/537.36"
37.26.202.100 - - [12/Dec/2015:00:29:04 +0400] "GET / HTTP/1.1" 200 31803 "-" "Mozilla/5.0 (Linux; U; Android 4.4.3; de-de; KFTHWI Build/KTU84M) AppleWebKit/537.36 (KHTML, like Gecko) Silk/3.65 like Chrome/39.0.2171.93 Safari/537.36"
37.26.202.100 - - [12/Dec/2015:00:29:04 +0400] "GET /favicon.ico HTTP/1.1" 404 0 "-" "Mozilla/5.0 (Linux; U; Android 4.4.3; de-de; KFTHWI Build/KTU84M) AppleWebKit/537.36 (KHTML, like Gecko) Silk/3.65 like Chrome/39.0.2171.93 Safari/537.36"
128.127.48.185 - - [12/Dec/2015:00:29:04 +0400] "GET /id48707 HTTP/1.1" 200 20127 "-" "Mozilla/5.0 (X11; Linux x86_64) AppleWebKit/538.15 (KHTML, like Gecko) Version/8.0 Safari/538.15"
195.170.54.66 - - [12/Dec/2015:00:29:05 +0400] "GET /id52178 HTTP/1.1" 200 19247 "-" "Mozilla/5.0 (X11; Linux x86_64) AppleWebKit/537.36 (KHTML, like Gecko) Chrome/47.0.2503.0 Safari/537.36"
66.251.216.244 - - [12/Dec/2015:00:29:05 +0400] "GET /id79187 HTTP/1.1" 200 12115 "-" "Mozilla/5.0 (Macintosh; Intel Mac OS X 10_10_5) AppleWebKit/601.1.56 (KHTML, like Gecko) Version/9.0 Safari/601.1.56"
93.95.46.33 - - [12/Dec/2015:00:29:07 +0400] "GET /id33405 HTTP/1.1" 200 15805 "-" "Mozilla/5.0 (Windows NT 6.1; WOW64; rv:14.0; WUID=dec302e0359dca729fc03b1e5e0b9724; WTB=161) Gecko/20100101 Firefox/14.0.1"
37.26.202.100 - - [12/Dec/2015:00:29:08 +0400] "GET /id86914 HTTP/1.1" 200 25635 "-" "Mozilla/5.0 (Linux; U; Android 4.4.3; de-de; KFTHWI Build/KTU84M) AppleWebKit/537.36 (KHTML, like Gecko) Silk/3.65 like Chrome/39.0.2171.93 Safari/537.36"
81.171.107.228 - - [12/Dec/2015:00:29:09 +0400] "GET / HTTP/1.1" 200 24700 "-" "Mozilla/5.0 (Windows NT 6.1) AppleWebKit/537.36 (KHTML, like Gecko) Chrome/45.0.2454.99 Safari/537.36"
81.171.107.228 - - [12/Dec/2015:00:29:09 +0400] "GET /favicon.ico HTTP/1.1" 404 0 "-" "Mozilla/5.0 (Windows NT 6.1) AppleWebKit/537.36 (KHTML, like Gecko) Chrome/45.0.2454.99 Safari/537.36"
195.245.72.12 - - [12/Dec/2015:00:29:09 +0400] "GET / HTTP/1.1" 200 21770 "-" "Mozilla/5.0 (iPad; CPU OS 7_1_1 like Mac OS X) AppleWebKit/537.51.1 (KHTML, like Gecko) CriOS/34.0.1847.18 Mobile/11D201 Safari/9537.53"
195.245.72.12 - - [12/Dec/2015:00:29:09 +0400] "GET /favicon.ico HTTP/1.1" 404 0 "-" "Mozilla/5.0 (iPad; CPU OS 7_1_1 like Mac OS X) AppleWebKit/537.51.1 (KHTML, like Gecko) CriOS/34.0.1847.18 Mobile/11D201 Safari/9537.53"
91.209.154.198 - - [12/Dec/2015:00:29:10 +0400] "GET /id57746 HTTP/1.1" 200 13360 "-" "Mozilla/5.0 (Windows NT 6.1; Win64; x64) AppleWebKit/537.36 (KHTML, like Gecko) Chrome/45.0.2454.7 Safari/537.36"
196.203.15.12 - - [12/Dec/2015:00:29:10 +0400] "GET / HTTP/1.1" 200 9114 "-" "Mozilla/5.0 (Windows NT 10.0; WOW64) AppleWebKit/537.36 (KHTML, like Gecko) Chrome/45.0.2454.99 Safari/537.36"
196.203.15.12 - - [12/Dec/2015:00:29:10 +0400] "GET /favicon.ico HTTP/1.1" 404 0 "-" "Mozilla/5.0 (Windows NT 10.0; WOW64) AppleWebKit/537.36 (KHTML, like Gecko) Chrome/45.0.2454.99 Safari/537.36"
195.138.202.33 - - [12/Dec/2015:00:29:11 +0400] "GET / HTTP/1.1" 200 11585 "-" "Mozilla/5.0 (Linux; U; Android 2.3.4; de-de; U8650 Build/HuaweiU8650) AppleWebKit/533.1 (KHTML, like Gecko) Version/4.0 Mobile Safari/533.1"
195.138.202.33 - - [12/Dec/2015:00:29:11 +0400] "GET /favicon.ico HTTP/1.1" 404 0 "-" "Mozilla/5.0 (Linux; U; Android 2.3.4; de-de; U8650 Build/HuaweiU8650) AppleWebKit/533.1 (KHTML, like Gecko) Version/4.0 Mobile Safari/533.1"
195.170.54.66 - - [12/Dec/2015:00:29:11 +0400] "GET /id13848 HTTP/1.1" 200 30710 "-" "Mozilla/5.0 (X11; Linux x86_64) AppleWebKit/537.36 (KHTML, like Gecko) Chrome/47.0.2503.0 Safari/537.36"
213.38.33.79 - - [12/Dec/2015:00:29:11 +0400] "GET / HTTP/1.1" 200 27412 "-" "Mozilla/5.0 (Windows NT 6.1) AppleWebKit/537.36 (KHTML, like Gecko) Chrome/45.0.2454.99 Safari/537.36"
213.38.33.79 - - [12/Dec/2015:00:29:11 +0400] "GET /favicon.ico HTTP/1.1" 404 0 "-" "Mozilla/5.0 (Windows NT 6.1) AppleWebKit/537.36 (KHTML, like Gecko) Chrome/45.0.2454.99 Safari/537.36"
91.232.70.50 - - [12/Dec/2015:00:29:12 +0400] "GET / HTTP/1.1" 200 10067 "-" "Mozilla/4.0 (compatible; MSIE 7.0; Windows NT 5.1; GTB6.5; SearchToolbar 1.1; BTRS28059; .NET CLR 2.0.50727; .NET CLR 3.0.4506.2152; .NET CLR 3.5.30729)"
91.232.70.50 - - [12/Dec/2015:00:29:12 +0400] "GET /favicon.ico HTTP/1.1" 404 0 "-" "Mozilla/4.0 (compatible; MSIE 7.0; Windows NT 5.1; GTB6.5; SearchToolbar 1.1; BTRS28059; .NET CLR 2.0.50727; .NET CLR 3.0.4506.2152; .NET CLR 3.5.30729)"
194.126.233.152 - - [12/Dec/2015:00:29:12 +0400] "GET /id18378 HTTP/1.1" 200 24675 "-" "Mozilla/5.0 (X11; Ubuntu; Linux i686; rv:39.0) Gecko/20100101 Firefox/39.0"
80.89.8.107 - - [12/Dec/2015:00:29:12 +0400] "GET / HTTP/1.1" 200 15413 "-" "Mozilla/5.0 (Linux; Android 5.0; SAMSUNG SM-N9005 Build/LRX21V) AppleWebKit/537.36 (KHTML, like Gecko) SamsungBrowser/2.1 Chrome/34.0.1847.76 Mobile Safari/537.36"
80.89.8.107 - - [12/Dec/2015:00:29:12 +0400] "GET /favicon.ico HTTP/1.1" 404 0 "-" "Mozilla/5.0 (Linux; Android 5.0; SAMSUNG SM-N9005 Build/LRX21V) AppleWebKit/537.36 (KHTML, like Gecko) SamsungBrowser/2.1 Chrome/34.0.1847.76 Mobile Safari/537.36"
195.66.154.69 - - [12/Dec/2015:00:29:13 +0400] "GET /id39083 HTTP/1.1" 200 14326 "-" "Mozilla/5.0 (Windows NT 10.0; WOW64) AppleWebKit/537.36 (KHTML, like Gecko) Chrome/45.0.2454.99 Safari/537.36"
80.8.166.49 - - [12/Dec/2015:00:29:13 +0400] "GET / HTTP/1.1" 200 29947 "-" "Mozilla/5.0 (Macintosh; Intel Mac OS X 10_9_5) AppleWebKit/537.36 (KHTML, like Gecko) Chrome/44.0.2403.130 Safari/537.36"
80.8.166.49 - - [12/Dec/2015:00:29:13 +0400] "GET /favicon.ico HTTP/1.1" 404 0 "-" "Mozilla/5.0 (Macintosh; Intel Mac OS X 10_9_5) AppleWebKit/537.36 (KHTML, like Gecko) Chrome/44.0.2403.130 Safari/537.36"
80.89.8.107 - - [12/Dec/2015:00:29:15 +0400] "GET /id44926 HTTP/1.1" 200 15691 "-" "Mozilla/5.0 (Linux; Android 5.0; SAMSUNG SM-N9005 Build/LRX21V) AppleWebKit/537.36 (KHTML, like Gecko) SamsungBrowser/2.1 Chrome/34.0.1847.76 Mobile Safari/537.36"
185.91.102.224 - - [12/Dec/2015:00:29:15 +0400] "GET / HTTP/1.1" 200 28908 "-" "Mozilla/5.0 (Linux; Android 4.1.1; SGPT13 Build/TJDS0170) AppleWebKit/537.36 (KHTML, like Gecko) Chrome/31.0.1650.59 Safari/537.36"
185.91.102.224 - - [12/Dec/2015:00:29:15 +0400] "GET /favicon.ico HTTP/1.1" 404 0 "-" "Mozilla/5.0 (Linux; Android 4.1.1; SGPT13 Build/TJDS0170) AppleWebKit/537.36 (KHTML, like Gecko) Chrome/31.0.1650.59 Safari/537.36"
185.91.102.224 - - [12/Dec/2015:00:29:16 +0400] "GET /id34422 HTTP/1.1" 200 10940 "-" "Mozilla/5.0 (Linux; Android 4.1.1; SGPT13 Build/TJDS0170) AppleWebKit/537.36 (KHTML, like Gecko) Chrome/31.0.1650.59 Safari/537.36"
93.95.46.33 - - [12/Dec/2015:00:29:16 +0400] "GET /id31162 HTTP/1.1" 200 21480 "-" "Mozilla/5.0 (Windows NT 6.1; WOW64; rv:14.0; WUID=dec302e0359dca729fc03b1e5e0b9724; WTB=161) Gecko/20100101 Firefox/14.0.1"
80.93.110.104 - - [12/Dec/2015:00:29:16 +0400] "GET /id16830 HTTP/1.1" 200 24930 "-" "Mozilla/4.0 (compatible; MSIE 7.0; Windows NT 6.1; WOW64; Trident/4.0; SLCC2; .NET CLR 2.0.50727; .NET CLR 3.5.30729; .NET CLR 3.0.30729; Media Center PC 6.0; .NET4.0C; MS-RTC LM 8; .NET4.0E)"
212.180.20.229 - - [12/Dec/2015:00:29:16 +0400] "GET / HTTP/1.1" 200 20681 "-" "Mozilla/5.0 (Windows; U; Windows NT 6.0; en-US; rv:1.9.2) Gecko/20100115 Firefox/2.0.0.18;MEGAUPLOAD 1.0 (.NET CLR 3.5.30729)"
212.180.20.229 - - [12/Dec/2015:00:29:16 +0400] "GET /favicon.ico HTTP/1.1" 404 0 "-" "Mozilla/5.0 (Windows; U; Windows NT 6.0; en-US; rv:1.9.2) Gecko/20100115 Firefox/2.0.0.18;MEGAUPLOAD 1.0 (.NET CLR 3.5.30729)"
195.138.202.33 - - [12/Dec/2015:00:29:17 +0400] "GET /id23844 HTTP/1.1" 200 21267 "-" "Mozilla/5.0 (Linux; U; Android 2.3.4; de-de; U8650 Build/HuaweiU8650) AppleWebKit/533.1 (KHTML, like Gecko) Version/4.0 Mobile Safari/533.1"
195.170.54.66 - - [12/Dec/2015:00:29:18 +0400] "GET /id14745 HTTP/1.1" 200 19677 "-" "Mozilla/5.0 (X11; Linux x86_64) AppleWebKit/537.36 (KHTML, like Gecko) Chrome/47.0.2503.0 Safari/537.36"
62.152.206.248 - - [12/Dec/2015:00:29:18 +0400] "GET / HTTP/1.1" 200 29590 "-" "Mozilla/5.0 (Macintosh; Intel Mac OS X 10_10_4) AppleWebKit/537.36 (KHTML, like Gecko) Chrome/45.0.2454.93 Safari/537.36"
62.152.206.248 - - [12/Dec/2015:00:29:18 +0400] "GET /favicon.ico HTTP/1.1" 404 0 "-" "Mozilla/5.0 (Macintosh; Intel Mac OS X 10_10_4) AppleWebKit/537.36 (KHTML, like Gecko) Chrome/45.0.2454.93 Safari/537.36"
195.219.180.168 - - [12/Dec/2015:00:29:18 +0400] "GET /id40868 HTTP/1.1" 200 24821 "-" "Mozilla/5.0 (Windows NT 5.1; U; de; rv:1.9.1.6) Gecko/20091201 Firefox/3.5.6 Opera 11.00"
62.152.206.248 - - [12/Dec/2015:00:29:19 +0400] "GET /id50047 HTTP/1.1" 200 15781 "-" "Mozilla/5.0 (Macintosh; Intel Mac OS X 10_10_4) AppleWebKit/537.36 (KHTML, like Gecko) Chrome/45.0.2454.93 Safari/537.36"
192.149.126.174 - - [12/Dec/2015:00:29:20 +0400] "GET /id45533 HTTP/1.1" 200 32553 "-" "Mozilla/5.0 (Linux; Android 5.0.1; LGL22C Build/LRX21Y) AppleWebKit/537.36 (KHTML, like Gecko) Chrome/44.0.2403.133 Mobile Safari/537.36"
37.237.213.13 - - [12/Dec/2015:00:29:20 +0400] "GET /id38791 HTTP/1.1" 200 19236 "-" "Mozilla/5.0 (Windows NT 6.1; WOW64) AppleWebKit/537.36 (KHTML, like Gecko) Chrome/43.0.2357.124 YaBrowser/15.7.2357.2877 Safari/537.36"
62.152.206.248 - - [12/Dec/2015:00:29:20 +0400] "GET /id30453 HTTP/1.1" 200 28865 "-" "Mozilla/5.0 (Macintosh; Intel Mac OS X 10_10_4) AppleWebKit/537.36 (KHTML, like Gecko) Chrome/45.0.2454.93 Safari/537.36"
212.85.147.211 - - [12/Dec/2015:00:29:20 +0400] "GET / HTTP/1.1" 200 21748 "-" "Mozilla/5.0 (X11; Fedora; Linux x86_64) AppleWebKit/537.36 (KHTML, like Gecko) Chrome/44.0.2403.107 Safari/537.36"
212.85.147.211 - - [12/Dec/2015:00:29:20 +0400] "GET /favicon.ico HTTP/1.1" 404 0 "-" "Mozilla/5.0 (X11; Fedora; Linux x86_64) AppleWebKit/537.36 (KHTML, like Gecko) Chrome/44.0.2403.107 Safari/537.36"
195.138.202.33 - - [12/Dec/2015:00:29:21 +0400] "GET /id25349 HTTP/1.1" 200 16503 "-" "Mozilla/5.0 (Linux; U; Android 2.3.4; de-de; U8650 Build/HuaweiU8650) AppleWebKit/533.1 (KHTML, like Gecko) Version/4.0 Mobile Safari/533.1"
192.149.126.174 - - [12/Dec/2015:00:29:21 +0400] "GET /id67548 HTTP/1.1" 200 21586 "-" "Mozilla/5.0 (Linux; Android 5.0.1; LGL22C Build/LRX21Y) AppleWebKit/537.36 (KHTML, like Gecko) Chrome/44.0.2403.133 Mobile Safari/537.36"
185.54.121.141 - - [12/Dec/2015:00:29:21 +0400] "GET / HTTP/1.1" 200 21588 "-" "Mozilla/5.0 (Windows NT 6.1; Win64; x64) AppleWebKit/537.36 (KHTML, like Gecko) Chrome/44.0.2403.157 Safari/537.36"
185.54.121.141 - - [12/Dec/2015:00:29:21 +0400] "GET /favicon.ico HTTP/1.1" 404 0 "-" "Mozilla/5.0 (Windows NT 6.1; Win64; x64) AppleWebKit/537.36 (KHTML, like Gecko) Chrome/44.0.2403.157 Safari/537.36"
192.149.126.174 - - [12/Dec/2015:00:29:21 +0400] "GET /id77229 HTTP/1.1" 200 28431 "-" "Mozilla/5.0 (Linux; Android 5.0.1; LGL22C Build/LRX21Y) AppleWebKit/537.36 (KHTML, like Gecko) Chrome/44.0.2403.133 Mobile Safari/537.36"
80.8.166.49 - - [12/Dec/2015:00:29:22 +0400] "GET /id41627 HTTP/1.1" 200 25188 "-" "Mozilla/5.0 (Macintosh; Intel Mac OS X 10_9_5) AppleWebKit/537.36 (KHTML, like Gecko) Chrome/44.0.2403.130 Safari/537.36"
200.10.40.199 - - [12/Dec/2015:00:29:22 +0400] "GET /id42680 HTTP/1.1" 200 30162 "-" "Mozilla/4.0 (compatible; MSIE 8.0; Windows NT 6.1; Trident/4.0; SLCC2; .NET CLR 2.0.50727; .NET CLR 3.5.30729; .NET CLR 3.0.30729; Media Center PC 6.0; .NET4.0C; InfoPath.3; MS-RTC LM 8; InfoPath.2; AskTbCFTP2V5/5.11.3.15590)"
31.131.184.34 - - [12/Dec/2015:00:29:22 +0400] "GET / HTTP/1.1" 200 30622 "-" "Mozilla/5.0 (X11; Linux i686) AppleWebKit/537.36 (KHTML, like Gecko) Chrome/43.0.2357.130 Safari/537.36"
31.131.184.34 - - [12/Dec/2015:00:29:22 +0400] "GET /favicon.ico HTTP/1.1" 404 0 "-" "Mozilla/5.0 (X11; Linux i686) AppleWebKit/537.36 (KHTML, like Gecko) Chrome/43.0.2357.130 Safari/537.36"
173.45.153.147 - - [12/Dec/2015:00:29:22 +0400] "GET / HTTP/1.1" 200 20094 "-" "Mozilla/5.0 (Macintosh; Intel Mac OS X 10_8_5) AppleWebKit/600.8.9 (KHTML, like Gecko) Version/6.2.8 Safari/537.85.17"
173.45.153.147 - - [12/Dec/2015:00:29:22 +0400] "GET /favicon.ico HTTP/1.1" 404 0 "-" "Mozilla/5.0 (Macintosh; Intel Mac OS X 10_8_5) AppleWebKit/600.8.9 (KHTML, like Gecko) Version/6.2.8 Safari/537.85.17"
128.127.48.185 - - [12/Dec/2015:00:29:22 +0400] "GET /id64603 HTTP/1.1" 200 23331 "-" "Mozilla/5.0 (X11; Linux x86_64) AppleWebKit/538.15 (KHTML, like Gecko) Version/8.0 Safari/538.15"
91.211.142.131 - - [12/Dec/2015:00:29:22 +0400] "GET / HTTP/1.1" 200 13290 "-" "Mozilla/5.0 (Windows NT 5.1) AppleWebKit/537.36 (KHTML, like Gecko) Chrome/45.0.2454.93 Safari/537.36"
91.211.142.131 - - [12/Dec/2015:00:29:22 +0400] "GET /favicon.ico HTTP/1.1" 404 0 "-" "Mozilla/5.0 (Windows NT 5.1) AppleWebKit/537.36 (KHTML, like Gecko) Chrome/45.0.2454.93 Safari/537.36"
195.219.180.168 - - [12/Dec/2015:00:29:23 +0400] "GET /id40377 HTTP/1.1" 200 9342 "-" "Mozilla/5.0 (Windows NT 5.1; U; de; rv:1.9.1.6) Gecko/20091201 Firefox/3.5.6 Opera 11.00"
195.138.202.33 - - [12/Dec/2015:00:29:23 +0400] "GET /id27265 HTTP/1.1" 200 28286 "-" "Mozilla/5.0 (Linux; U; Android 2.3.4; de-de; U8650 Build/HuaweiU8650) AppleWebKit/533.1 (KHTML, like Gecko) Version/4.0 Mobile Safari/533.1"
196.203.15.12 - - [12/Dec/2015:00:29:24 +0400] "GET /id10687 HTTP/1.1" 200 28699 "-" "Mozilla/5.0 (Windows NT 10.0; WOW64) AppleWebKit/537.36 (KHTML, like Gecko) Chrome/45.0.2454.99 Safari/537.36"
88.202.57.67 - - [12/Dec/2015:00:29:24 +0400] "GET / HTTP/1.1" 200 22070 "-" "Mozilla/5.0 (Linux; Android 5.0.2; LG-D415 Build/LRX22G) AppleWebKit/537.36 (KHTML, like Gecko) Version/4.0 Chrome/34.0.1847.118 Mobile Safari/537.36"
88.202.57.67 - - [12/Dec/2015:00:29:24 +0400] "GET /favicon.ico HTTP/1.1" 404 0 "-" "Mozilla/5.0 (Linux; Android 5.0.2; LG-D415 Build/LRX22G) AppleWebKit/537.36 (KHTML, like Gecko) Version/4.0 Chrome/34.0.1847.118 Mobile Safari/537.36"
91.232.70.50 - - [12/Dec/2015:00:29:26 +0400] "GET /id44374 HTTP/1.1" 200 8238 "-" "Mozilla/4.0 (compatible; MSIE 7.0; Windows NT 5.1; GTB6.5; SearchToolbar 1.1; BTRS28059; .NET CLR 2.0.50727; .NET CLR 3.0.4506.2152; .NET CLR 3.5.30729)"
91.232.70.50 - - [12/Dec/2015:00:29:27 +0400] "GET /id28363 HTTP/1.1" 200 16508 "-" "Mozilla/4.0 (compatible; MSIE 7.0; Windows NT 5.1; GTB6.5; SearchToolbar 1.1; BTRS28059; .NET CLR 2.0.50727; .NET CLR 3.0.4506.2152; .NET CLR 3.5.30729)"
196.203.15.12 - - [12/Dec/2015:00:29:27 +0400] "GET /id47598 HTTP/1.1" 200 8310 "-" "Mozilla/5.0 (Windows NT 10.0; WOW64) AppleWebKit/537.36 (KHTML, like Gecko) Chrome/45.0.2454.99 Safari/537.36"
212.85.147.211 - - [12/Dec/2015:00:29:29 +0400] "GET /id63247 HTTP/1.1" 200 23454 "-" "Mozilla/5.0 (X11; Fedora; Linux x86_64) AppleWebKit/537.36 (KHTML, like Gecko) Chrome/44.0.2403.107 Safari/537.36"
37.237.213.13 - - [12/Dec/2015:00:29:30 +0400] "GET /id55763 HTTP/1.1" 200 13629 "-" "Mozilla/5.0 (Windows NT 6.1; WOW64) AppleWebKit/537.36 (KHTML, like Gecko) Chrome/43.0.2357.124 YaBrowser/15.7.2357.2877 Safari/537.36"
91.211.142.131 - - [12/Dec/2015:00:29:30 +0400] "GET /id63614 HTTP/1.1" 200 32681 "-" "Mozilla/5.0 (Windows NT 5.1) AppleWebKit/537.36 (KHTML, like Gecko) Chrome/45.0.2454.93 Safari/537.36"
192.149.126.174 - - [12/Dec/2015:00:29:30 +0400] "GET /id28754 HTTP/1.1" 200 14436 "-" "Mozilla/5.0 (Linux; Android 5.0.1; LGL22C Build/LRX21Y) AppleWebKit/537.36 (KHTML, like Gecko) Chrome/44.0.2403.133 Mobile Safari/537.36"
37.237.213.13 - - [12/Dec/2015:00:29:31 +0400] "GET /id20979 HTTP/1.1" 200 22251 "-" "Mozilla/5.0 (Windows NT 6.1; WOW64) AppleWebKit/537.36 (KHTML, like Gecko) Chrome/43.0.2357.124 YaBrowser/15.7.2357.2877 Safari/537.36"
91.211.142.131 - - [12/Dec/2015:00:29:31 +0400] "GET /id55666 HTTP/1.1" 200 16142 "-" "Mozilla/5.0 (Windows NT 5.1) AppleWebKit/537.36 (KHTML, like Gecko) Chrome/45.0.2454.93 Safari/537.36"
185.54.121.141 - - [12/Dec/2015:00:29:32 +0400] "GET /id46338 HTTP/1.1" 200 26502 "-" "Mozilla/5.0 (Windows NT 6.1; Win64; x64) AppleWebKit/537.36 (KHTML, like Gecko) Chrome/44.0.2403.157 Safari/537.36"
81.171.107.228 - - [12/Dec/2015:00:29:32 +0400] "GET /id23402 HTTP/1.1" 200 22453 "-" "Mozilla/5.0 (Windows NT 6.1) AppleWebKit/537.36 (KHTML, like Gecko) Chrome/45.0.2454.99 Safari/537.36"
195.245.72.12 - - [12/Dec/2015:00:29:34 +0400] "GET /id17414 HTTP/1.1" 200 19219 "-" "Mozilla/5.0 (iPad; CPU OS 7_1_1 like Mac OS X) AppleWebKit/537.51.1 (KHTML, like Gecko) CriOS/34.0.1847.18 Mobile/11D201 Safari/9537.53"
195.245.72.12 - - [12/Dec/2015:00:29:34 +0400] "GET /id90240 HTTP/1.1" 200 21634 "-" "Mozilla/5.0 (iPad; CPU OS 7_1_1 like Mac OS X) AppleWebKit/537.51.1 (KHTML, like Gecko) CriOS/34.0.1847.18 Mobile/11D201 Safari/9537.53"
80.8.166.49 - - [12/Dec/2015:00:29:34 +0400] "GET /id62020 HTTP/1.1" 200 21352 "-" "Mozilla/5.0 (Macintosh; Intel Mac OS X 10_9_5) AppleWebKit/537.36 (KHTML, like Gecko) Chrome/44.0.2403.130 Safari/537.36"
200.10.40.199 - - [12/Dec/2015:00:29:34 +0400] "GET /id30629 HTTP/1.1" 200 23180 "-" "Mozilla/4.0 (compatible; MSIE 8.0; Windows NT 6.1; Trident/4.0; SLCC2; .NET CLR 2.0.50727; .NET CLR 3.5.30729; .NET CLR 3.0.30729; Media Center PC 6.0; .NET4.0C; InfoPath.3; MS-RTC LM 8; InfoPath.2; AskTbCFTP2V5/5.11.3.15590)"
80.8.166.49 - - [12/Dec/2015:00:29:34 +0400] "GET /id71864 HTTP/1.1" 200 17603 "-" "Mozilla/5.0 (Macintosh; Intel Mac OS X 10_9_5) AppleWebKit/537.36 (KHTML, like Gecko) Chrome/44.0.2403.130 Safari/537.36"
128.127.48.185 - - [12/Dec/2015:00:29:34 +0400] "GET /id43938 HTTP/1.1" 200 28808 "-" "Mozilla/5.0 (X11; Linux x86_64) AppleWebKit/538.15 (KHTML, like Gecko) Version/8.0 Safari/538.15"
