191.46.78.233 - - [13/Dec/2015:01:09:30 +0400] "GET /id14863 HTTP/1.1" 200 11611 "-" "Mozilla/5.0 (Linux; Android 5.0.2; SM-T535 Build/LRX22G) AppleWebKit/537.36 (KHTML, like Gecko) Chrome/45.0.2454.84 Safari/537.36"
93.90.178.175 - - [13/Dec/2015:01:09:31 +0400] "GET /id43025 HTTP/1.1" 200 16289 "-" "Mozilla/5.0 (X11; Ubuntu; Linux i686; rv:39.0) Gecko/20100101 Firefox/39.0"
192.229.233.214 - - [13/Dec/2015:01:09:32 +0400] "GET /id55000 HTTP/1.1" 200 19728 "-" "Opera/9.80 (Series 60; Opera Mini/7.0.31385/28.3392; U; en) Presto/2.8.119 Version/11.10"
195.14.2.63 - - [13/Dec/2015:01:09:32 +0400] "GET /id24329 HTTP/1.1" 200 9991 "-" "Mozilla/5.0 (Macintosh; Intel Mac OS X 10_10_4) AppleWebKit/537.36 (KHTML, like Gecko) Chrome/45.0.2454.93 Safari/537.36"
192.229.233.214 - - [13/Dec/2015:01:09:33 +0400] "GET /id82685 HTTP/1.1" 200 14995 "-" "Opera/9.80 (Series 60; Opera Mini/7.0.31385/28.3392; U; en) Presto/2.8.119 Version/11.10"
95.206.128.161 - - [13/Dec/2015:01:09:33 +0400] "GET /id16561 HTTP/1.1" 200 24878 "-" "Mozilla/5.0 (X11; Linux i686) AppleWebKit/537.36 (KHTML, like Gecko) Ubuntu Chromium/44.0.2403.89 Chrome/44.0.2403.89 Safari/537.36"
5.175.89.101 - - [13/Dec/2015:01:09:34 +0400] "GET / HTTP/1.1" 200 18772 "-" "Mozilla/5.0 (X11; Linux x86_64) AppleWebKit/537.36 (KHTML, like Gecko) Chrome/44.0.2403.107 Safari/537.36"
5.175.89.101 - - [13/Dec/2015:01:09:34 +0400] "GET /favicon.ico HTTP/1.1" 404 0 "-" "Mozilla/5.0 (X11; Linux x86_64) AppleWebKit/537.36 (KHTML, like Gecko) Chrome/44.0.2403.107 Safari/537.36"
164.138.63.182 - - [13/Dec/2015:01:09:34 +0400] "GET /id91527 HTTP/1.1" 200 31126 "-" "Mozilla/5.0 (Windows NT 10.0; WOW64) AppleWebKit/537.36 (KHTML, like Gecko) Chrome/45.0.2454.99 Safari/537.36"
91.203.208.54 - - [13/Dec/2015:01:09:34 +0400] "GET /id20047 HTTP/1.1" 200 12930 "-" "Mozilla/5.0 (Windows NT 10.0; WOW64) AppleWebKit/537.36 (KHTML, like Gecko) Chrome/45.0.2454.99 Safari/537.36"
213.62.112.115 - - [13/Dec/2015:01:09:35 +0400] "GET /id83242 HTTP/1.1" 200 20196 "-" "Mozilla/5.0 (Linux; U; Android 4.2.1; de-de; Cynus T5 Build/JOP40D) AppleWebKit/534.30 (KHTML, like Gecko) Version/4.0 Mobile Safari/534.30"
80.85.148.46 - - [13/Dec/2015:01:09:35 +0400] "GET /id73079 HTTP/1.1" 200 32130 "-" "Mozilla/5.0 (X11; Ubuntu; Linux i686; rv:39.0) Gecko/20100101 Firefox/39.0"
23.59.43.76 - - [13/Dec/2015:01:09:36 +0400] "GET /id89960 HTTP/1.1" 200 20909 "-" "Mozilla/5.0 (Macintosh; Intel Mac OS X 10_10_4) AppleWebKit/537.36 (KHTML, like Gecko) Chrome/45.0.2454.93 Safari/537.36"
194.76.70.26 - - [13/Dec/2015:01:09:37 +0400] "GET /id16117 HTTP/1.1" 200 27992 "-" "Mozilla/5.0 (X11; Linux x86_64; rv:31.0) Gecko/20100101 Firefox/31.0 Iceweasel/31.8.0"
91.228.77.178 - - [13/Dec/2015:01:09:39 +0400] "GET /id23237 HTTP/1.1" 200 11924 "-" "UCWEB/2.0 (MIDP-2.0; U; Adr 4.4.4; en-US; GT-I9060I) U2/1.0.0 UCBrowser/10.3.0.622 U2/1.0.0 Mobile"
31.192.111.243 - - [13/Dec/2015:01:09:39 +0400] "GET /id32973 HTTP/1.1" 200 22226 "-" "Mozilla/5.0 (compatible; MSIE 10.0; Windows NT 6.2; WOW64; Trident/6.0; Touch; MALCJS)"
91.226.172.1 - - [13/Dec/2015:01:09:40 +0400] "GET /id46165 HTTP/1.1" 200 8274 "-" "Mozilla/5.0 (iPad; CPU OS 9_0 like Mac OS X) AppleWebKit/600.1.4 (KHTML, like Gecko) CriOS/45.0.2454.89 Mobile/13A344 Safari/600.1.4"
95.183.94.144 - - [13/Dec/2015:01:09:40 +0400] "GET / HTTP/1.1" 200 26912 "-" "Mozilla/5.0 (Windows NT 10.0; WOW64) AppleWebKit/537.36 (KHTML, like Gecko) Chrome/45.0.2454.99 Safari/537.36"
95.183.94.144 - - [13/Dec/2015:01:09:40 +0400] "GET /favicon.ico HTTP/1.1" 404 0 "-" "Mozilla/5.0 (Windows NT 10.0; WOW64) AppleWebKit/537.36 (KHTML, like Gecko) Chrome/45.0.2454.99 Safari/537.36"
93.90.178.175 - - [13/Dec/2015:01:09:40 +0400] "GET /id70752 HTTP/1.1" 200 29126 "-" "Mozilla/5.0 (X11; Ubuntu; Linux i686; rv:39.0) Gecko/20100101 Firefox/39.0"
94.188.1.105 - - [13/Dec/2015:01:09:40 +0400] "GET /id41102 HTTP/1.1" 200 21743 "-" "Mozilla/5.0 (Macintosh; Intel Mac OS X 10_10_5) AppleWebKit/537.36 (KHTML, like Gecko) Chrome/42.0.2311.152 YaBrowser/15.6.2311.3451 (beta) Yowser/2.0 Safari/537.36"
191.46.78.233 - - [13/Dec/2015:01:09:41 +0400] "GET /id32724 HTTP/1.1" 200 27996 "-" "Mozilla/5.0 (Linux; Android 5.0.2; SM-T535 Build/LRX22G) AppleWebKit/537.36 (KHTML, like Gecko) Chrome/45.0.2454.84 Safari/537.36"
88.202.110.50 - - [13/Dec/2015:01:09:41 +0400] "GET /id29288 HTTP/1.1" 200 11862 "-" "Mozilla/5.0 (X11; Linux x86_64; rv:39.0) Gecko/20100101 Firefox/39.0 Iceweasel/39.0"
209.222.30.114 - - [13/Dec/2015:01:09:42 +0400] "GET /id33533 HTTP/1.1" 200 18970 "-" "Opera/9.80 (Windows NT 6.2; Win64; x64) Presto/2.12.388 Version/12.17"
209.222.30.114 - - [13/Dec/2015:01:09:43 +0400] "GET /id65393 HTTP/1.1" 200 9935 "-" "Opera/9.80 (Windows NT 6.2; Win64; x64) Presto/2.12.388 Version/12.17"
23.59.43.76 - - [13/Dec/2015:01:09:44 +0400] "GET /id98544 HTTP/1.1" 200 22143 "-" "Mozilla/5.0 (Macintosh; Intel Mac OS X 10_10_4) AppleWebKit/537.36 (KHTML, like Gecko) Chrome/45.0.2454.93 Safari/537.36"
31.6.46.26 - - [13/Dec/2015:01:09:45 +0400] "GET /id91799 HTTP/1.1" 200 18881 "-" "Mozilla/5.0 (iPad; CPU OS 8_4_1 like Mac OS X) AppleWebKit/600.1.4 (KHTML, like Gecko) GSA/8.0.57838 Mobile/12H321 Safari/600.1.4"
194.76.70.26 - - [13/Dec/2015:01:09:45 +0400] "GET /id39618 HTTP/1.1" 200 17828 "-" "Mozilla/5.0 (X11; Linux x86_64; rv:31.0) Gecko/20100101 Firefox/31.0 Iceweasel/31.8.0"
95.206.128.161 - - [13/Dec/2015:01:09:46 +0400] "GET /id71338 HTTP/1.1" 200 17643 "-" "Mozilla/5.0 (X11; Linux i686) AppleWebKit/537.36 (KHTML, like Gecko) Ubuntu Chromium/44.0.2403.89 Chrome/44.0.2403.89 Safari/537.36"
95.206.128.161 - - [13/Dec/2015:01:09:48 +0400] "GET /id33152 HTTP/1.1" 200 14863 "-" "Mozilla/5.0 (X11; Linux i686) AppleWebKit/537.36 (KHTML, like Gecko) Ubuntu Chromium/44.0.2403.89 Chrome/44.0.2403.89 Safari/537.36"
91.246.16.77 - - [13/Dec/2015:01:09:49 +0400] "GET /id10368 HTTP/1.1" 200 24132 "-" "Opera/9.80 (Windows NT 6.2; Win64; x64) Presto/2.12.388 Version/12.17"
88.202.110.50 - - [13/Dec/2015:01:09:49 +0400] "GET /id62985 HTTP/1.1" 200 26585 "-" "Mozilla/5.0 (X11; Linux x86_64; rv:39.0) Gecko/20100101 Firefox/39.0 Iceweasel/39.0"
91.226.172.1 - - [13/Dec/2015:01:09:50 +0400] "GET /id65992 HTTP/1.1" 200 18013 "-" "Mozilla/5.0 (iPad; CPU OS 9_0 like Mac OS X) AppleWebKit/600.1.4 (KHTML, like Gecko) CriOS/45.0.2454.89 Mobile/13A344 Safari/600.1.4"
31.192.111.243 - - [13/Dec/2015:01:09:51 +0400] "GET /id95363 HTTP/1.1" 200 24947 "-" "Mozilla/5.0 (compatible; MSIE 10.0; Windows NT 6.2; WOW64; Trident/6.0; Touch; MALCJS)"
194.76.70.26 - - [13/Dec/2015:01:09:52 +0400] "GET /id86653 HTTP/1.1" 200 23950 "-" "Mozilla/5.0 (X11; Linux x86_64; rv:31.0) Gecko/20100101 Firefox/31.0 Iceweasel/31.8.0"
80.85.148.46 - - [13/Dec/2015:01:09:52 +0400] "GET /id45275 HTTP/1.1" 200 25144 "-" "Mozilla/5.0 (X11; Ubuntu; Linux i686; rv:39.0) Gecko/20100101 Firefox/39.0"
194.76.70.26 - - [13/Dec/2015:01:09:52 +0400] "GET /id98840 HTTP/1.1" 200 19912 "-" "Mozilla/5.0 (X11; Linux x86_64; rv:31.0) Gecko/20100101 Firefox/31.0 Iceweasel/31.8.0"
94.188.1.105 - - [13/Dec/2015:01:09:52 +0400] "GET /id99017 HTTP/1.1" 200 26878 "-" "Mozilla/5.0 (Macintosh; Intel Mac OS X 10_10_5) AppleWebKit/537.36 (KHTML, like Gecko) Chrome/42.0.2311.152 YaBrowser/15.6.2311.3451 (beta) Yowser/2.0 Safari/537.36"
94.188.1.105 - - [13/Dec/2015:01:09:52 +0400] "GET /id62774 HTTP/1.1" 200 12950 "-" "Mozilla/5.0 (Macintosh; Intel Mac OS X 10_10_5) AppleWebKit/537.36 (KHTML, like Gecko) Chrome/42.0.2311.152 YaBrowser/15.6.2311.3451 (beta) Yowser/2.0 Safari/537.36"
80.85.148.46 - - [13/Dec/2015:01:09:54 +0400] "GET /id94205 HTTP/1.1" 200 25526 "-" "Mozilla/5.0 (X11; Ubuntu; Linux i686; rv:39.0) Gecko/20100101 Firefox/39.0"
195.14.2.63 - - [13/Dec/2015:01:09:55 +0400] "GET /id54139 HTTP/1.1" 200 22430 "-" "Mozilla/5.0 (Macintosh; Intel Mac OS X 10_10_4) AppleWebKit/537.36 (KHTML, like Gecko) Chrome/45.0.2454.93 Safari/537.36"
194.76.70.26 - - [13/Dec/2015:01:09:55 +0400] "GET /id24418 HTTP/1.1" 200 24602 "-" "Mozilla/5.0 (X11; Linux x86_64; rv:31.0) Gecko/20100101 Firefox/31.0 Iceweasel/31.8.0"
185.21.157.7 - - [13/Dec/2015:01:09:56 +0400] "GET /id77317 HTTP/1.1" 200 22870 "-" "Mozilla/5.0 (Windows NT 5.1; U; de; rv:1.9.1.6) Gecko/20091201 Firefox/3.5.6 Opera 11.00"
209.222.30.114 - - [13/Dec/2015:01:09:57 +0400] "GET /id52054 HTTP/1.1" 200 13429 "-" "Opera/9.80 (Windows NT 6.2; Win64; x64) Presto/2.12.388 Version/12.17"
194.76.70.26 - - [13/Dec/2015:01:09:59 +0400] "GET /id83715 HTTP/1.1" 200 28585 "-" "Mozilla/5.0 (X11; Linux x86_64; rv:31.0) Gecko/20100101 Firefox/31.0 Iceweasel/31.8.0"
91.226.172.1 - - [13/Dec/2015:01:09:59 +0400] "GET /id40536 HTTP/1.1" 200 10710 "-" "Mozilla/5.0 (iPad; CPU OS 9_0 like Mac OS X) AppleWebKit/600.1.4 (KHTML, like Gecko) CriOS/45.0.2454.89 Mobile/13A344 Safari/600.1.4"
185.27.45.237 - - [13/Dec/2015:01:10:00 +0400] "GET /id28766 HTTP/1.1" 200 21023 "-" "Mozilla/5.0 (Macintosh; Intel Mac OS X 10_10_2) AppleWebKit/537.36 (KHTML, like Gecko) Chrome/39.0.2171.71 Safari/537.36"
93.90.178.175 - - [13/Dec/2015:01:10:01 +0400] "GET /id94574 HTTP/1.1" 200 10297 "-" "Mozilla/5.0 (X11; Ubuntu; Linux i686; rv:39.0) Gecko/20100101 Firefox/39.0"
93.90.178.175 - - [13/Dec/2015:01:10:04 +0400] "GET /id97174 HTTP/1.1" 200 8416 "-" "Mozilla/5.0 (X11; Ubuntu; Linux i686; rv:39.0) Gecko/20100101 Firefox/39.0"
95.168.136.20 - - [13/Dec/2015:01:10:04 +0400] "GET / HTTP/1.1" 200 22571 "-" "Mozilla/4.0 (compatible; MSIE 7.0; Windows NT 5.1; GTB5; .NET CLR 1.1.4322; .NET CLR 2.0.50727; .NET CLR 3.0.04506.30; .NET CLR 3.0.04506.648; .NET CLR 3.5.21022; InfoPath.2)"
95.168.136.20 - - [13/Dec/2015:01:10:04 +0400] "GET /favicon.ico HTTP/1.1" 404 0 "-" "Mozilla/4.0 (compatible; MSIE 7.0; Windows NT 5.1; GTB5; .NET CLR 1.1.4322; .NET CLR 2.0.50727; .NET CLR 3.0.04506.30; .NET CLR 3.0.04506.648; .NET CLR 3.5.21022; InfoPath.2)"
62.180.121.210 - - [13/Dec/2015:01:10:05 +0400] "GET / HTTP/1.1" 200 28235 "-" "Mozilla/5.0 (Series40; Nokia305/03.60; Profile/MIDP-2.1 Configuration/CLDC-1.1) Gecko/20100401 S40OviBrowser/2.2.0.0.33"
62.180.121.210 - - [13/Dec/2015:01:10:05 +0400] "GET /favicon.ico HTTP/1.1" 404 0 "-" "Mozilla/5.0 (Series40; Nokia305/03.60; Profile/MIDP-2.1 Configuration/CLDC-1.1) Gecko/20100401 S40OviBrowser/2.2.0.0.33"
31.6.46.26 - - [13/Dec/2015:01:10:05 +0400] "GET /id27850 HTTP/1.1" 200 32587 "-" "Mozilla/5.0 (iPad; CPU OS 8_4_1 like Mac OS X) AppleWebKit/600.1.4 (KHTML, like Gecko) GSA/8.0.57838 Mobile/12H321 Safari/600.1.4"
191.46.78.233 - - [13/Dec/2015:01:10:06 +0400] "GET /id99928 HTTP/1.1" 200 16678 "-" "Mozilla/5.0 (Linux; Android 5.0.2; SM-T535 Build/LRX22G) AppleWebKit/537.36 (KHTML, like Gecko) Chrome/45.0.2454.84 Safari/537.36"
195.24.246.5 - - [13/Dec/2015:01:10:06 +0400] "GET / HTTP/1.1" 200 15884 "-" "Mozilla/5.0 (Windows NT 10.0; WOW64) AppleWebKit/537.36 (KHTML, like Gecko) Chrome/45.0.2454.99 Safari/537.36"
195.24.246.5 - - [13/Dec/2015:01:10:06 +0400] "GET /favicon.ico HTTP/1.1" 404 0 "-" "Mozilla/5.0 (Windows NT 10.0; WOW64) AppleWebKit/537.36 (KHTML, like Gecko) Chrome/45.0.2454.99 Safari/537.36"
213.62.112.115 - - [13/Dec/2015:01:10:06 +0400] "GET /id26292 HTTP/1.1" 200 19031 "-" "Mozilla/5.0 (Linux; U; Android 4.2.1; de-de; Cynus T5 Build/JOP40D) AppleWebKit/534.30 (KHTML, like Gecko) Version/4.0 Mobile Safari/534.30"
90.248.230.82 - - [13/Dec/2015:01:10:06 +0400] "GET / HTTP/1.1" 200 26890 "-" "Mozilla/5.0 (X11; CrOS x86_64 5841.83.0) AppleWebKit/537.36 (KHTML like Gecko) Chrome/36.0.1985.138 Safari/537.36"
90.248.230.82 - - [13/Dec/2015:01:10:06 +0400] "GET /favicon.ico HTTP/1.1" 404 0 "-" "Mozilla/5.0 (X11; CrOS x86_64 5841.83.0) AppleWebKit/537.36 (KHTML like Gecko) Chrome/36.0.1985.138 Safari/537.36"
185.48.184.105 - - [13/Dec/2015:01:10:06 +0400] "GET / HTTP/1.1" 200 30018 "-" "MT6572/V1 Linux/3.4.5 Android/4.2.2 Release/02.10.2014 Browser/AppleWebKit534.30 Profile/MIDP-2.0 Configuration/CLDC-1.1 Mobile Safari/534.30 Android 4.2.2;"
185.48.184.105 - - [13/Dec/2015:01:10:06 +0400] "GET /favicon.ico HTTP/1.1" 404 0 "-" "MT6572/V1 Linux/3.4.5 Android/4.2.2 Release/02.10.2014 Browser/AppleWebKit534.30 Profile/MIDP-2.0 Configuration/CLDC-1.1 Mobile Safari/534.30 Android 4.2.2;"
185.48.184.105 - - [13/Dec/2015:01:10:06 +0400] "GET /id73450 HTTP/1.1" 200 16677 "-" "MT6572/V1 Linux/3.4.5 Android/4.2.2 Release/02.10.2014 Browser/AppleWebKit534.30 Profile/MIDP-2.0 Configuration/CLDC-1.1 Mobile Safari/534.30 Android 4.2.2;"
213.62.112.115 - - [13/Dec/2015:01:10:06 +0400] "GET /id74908 HTTP/1.1" 200 10432 "-" "Mozilla/5.0 (Linux; U; Android 4.2.1; de-de; Cynus T5 Build/JOP40D) AppleWebKit/534.30 (KHTML, like Gecko) Version/4.0 Mobile Safari/534.30"
185.109.203.155 - - [13/Dec/2015:01:10:07 +0400] "GET / HTTP/1.1" 200 21680 "-" "Mozilla/5.0 (X11; U; Linux i686; en-US; rv:1.9.0.4) Gecko/2008102920 Firefox/3.0.4 (Splashtop-v1.2.16.0)"
185.109.203.155 - - [13/Dec/2015:01:10:07 +0400] "GET /favicon.ico HTTP/1.1" 404 0 "-" "Mozilla/5.0 (X11; U; Linux i686; en-US; rv:1.9.0.4) Gecko/2008102920 Firefox/3.0.4 (Splashtop-v1.2.16.0)"
77.244.168.143 - - [13/Dec/2015:01:10:08 +0400] "GET / HTTP/1.1" 200 10822 "-" "Opera/9.80 (X11; SunOS sun4u; U; en) Presto/2.2.15 Version/10.10"
77.244.168.143 - - [13/Dec/2015:01:10:08 +0400] "GET /favicon.ico HTTP/1.1" 404 0 "-" "Opera/9.80 (X11; SunOS sun4u; U; en) Presto/2.2.15 Version/10.10"
90.248.230.82 - - [13/Dec/2015:01:10:09 +0400] "GET /id74641 HTTP/1.1" 200 10909 "-" "Mozilla/5.0 (X11; CrOS x86_64 5841.83.0) AppleWebKit/537.36 (KHTML like Gecko) Chrome/36.0.1985.138 Safari/537.36"
195.184.78.56 - - [13/Dec/2015:01:10:09 +0400] "GET / HTTP/1.1" 200 15665 "-" "Mozilla/5.0 (Windows NT 6.2; WOW64) AppleWebKit/537.36 (KHTML, like Gecko) Chrome/31.0.1650.63 Safari/537.36 OPR/18.0.1284.68"
195.184.78.56 - - [13/Dec/2015:01:10:09 +0400] "GET /favicon.ico HTTP/1.1" 404 0 "-" "Mozilla/5.0 (Windows NT 6.2; WOW64) AppleWebKit/537.36 (KHTML, like Gecko) Chrome/31.0.1650.63 Safari/537.36 OPR/18.0.1284.68"
88.202.110.50 - - [13/Dec/2015:01:10:09 +0400] "GET /id39959 HTTP/1.1" 200 15819 "-" "Mozilla/5.0 (X11; Linux x86_64; rv:39.0) Gecko/20100101 Firefox/39.0 Iceweasel/39.0"
195.24.246.5 - - [13/Dec/2015:01:10:10 +0400] "GET /id20941 HTTP/1.1" 200 22641 "-" "Mozilla/5.0 (Windows NT 10.0; WOW64) AppleWebKit/537.36 (KHTML, like Gecko) Chrome/45.0.2454.99 Safari/537.36"
195.46.39.12 - - [13/Dec/2015:01:10:10 +0400] "GET / HTTP/1.1" 200 20424 "-" "Mozilla/5.0 (Macintosh; Intel Mac OS X 10_10_5) AppleWebKit/601.1.56 (KHTML, like Gecko) Version/9.0 Safari/601.1.56"
195.46.39.12 - - [13/Dec/2015:01:10:10 +0400] "GET /favicon.ico HTTP/1.1" 404 0 "-" "Mozilla/5.0 (Macintosh; Intel Mac OS X 10_10_5) AppleWebKit/601.1.56 (KHTML, like Gecko) Version/9.0 Safari/601.1.56"
185.48.184.105 - - [13/Dec/2015:01:10:10 +0400] "GET /id73465 HTTP/1.1" 200 18460 "-" "MT6572/V1 Linux/3.4.5 Android/4.2.2 Release/02.10.2014 Browser/AppleWebKit534.30 Profile/MIDP-2.0 Configuration/CLDC-1.1 Mobile Safari/534.30 Android 4.2.2;"
195.184.78.56 - - [13/Dec/2015:01:10:11 +0400] "GET /id11305 HTTP/1.1" 200 19437 "-" "Mozilla/5.0 (Windows NT 6.2; WOW64) AppleWebKit/537.36 (KHTML, like Gecko) Chrome/31.0.1650.63 Safari/537.36 OPR/18.0.1284.68"
195.191.175.12 - - [13/Dec/2015:01:10:12 +0400] "GET / HTTP/1.1" 200 13491 "-" "Mozilla/5.0 (Windows NT 6.1; WOW64) AppleWebKit/537.36 (KHTML, like Gecko) Chrome/44.0.2403.155 Safari/537.36 OPR/31.0.1889.174 (Edition Campaign 67)"
195.191.175.12 - - [13/Dec/2015:01:10:12 +0400] "GET /favicon.ico HTTP/1.1" 404 0 "-" "Mozilla/5.0 (Windows NT 6.1; WOW64) AppleWebKit/537.36 (KHTML, like Gecko) Chrome/44.0.2403.155 Safari/537.36 OPR/31.0.1889.174 (Edition Campaign 67)"
91.216.129.227 - - [13/Dec/2015:01:10:12 +0400] "GET / HTTP/1.1" 200 10060 "-" "Mozilla/5.0 (Macintosh; Intel Mac OS X 10_10_4) AppleWebKit/537.36 (KHTML, like Gecko) Chrome/45.0.2454.93 Safari/537.36"
91.216.129.227 - - [13/Dec/2015:01:10:12 +0400] "GET /favicon.ico HTTP/1.1" 404 0 "-" "Mozilla/5.0 (Macintosh; Intel Mac OS X 10_10_4) AppleWebKit/537.36 (KHTML, like Gecko) Chrome/45.0.2454.93 Safari/537.36"
82.114.129.202 - - [13/Dec/2015:01:10:13 +0400] "GET / HTTP/1.1" 200 10008 "-" "Mozilla/5.0 (iPad; CPU OS 8_4_1 like Mac OS X) AppleWebKit/600.1.4 (KHTML, like Gecko) CriOS/45.0.2454.68 Mobile/12H321 Safari/600.1.4"
82.114.129.202 - - [13/Dec/2015:01:10:13 +0400] "GET /favicon.ico HTTP/1.1" 404 0 "-" "Mozilla/5.0 (iPad; CPU OS 8_4_1 like Mac OS X) AppleWebKit/600.1.4 (KHTML, like Gecko) CriOS/45.0.2454.68 Mobile/12H321 Safari/600.1.4"
185.78.31.208 - - [13/Dec/2015:01:10:15 +0400] "GET /id37902 HTTP/1.1" 200 17867 "-" "Mozilla/4.0 (compatible; MSIE 8.0; Windows NT 5.1; Trident/4.0; 79980803; Library3.00302)"
23.59.43.76 - - [13/Dec/2015:01:10:15 +0400] "GET /id40522 HTTP/1.1" 200 31030 "-" "Mozilla/5.0 (Macintosh; Intel Mac OS X 10_10_4) AppleWebKit/537.36 (KHTML, like Gecko) Chrome/45.0.2454.93 Safari/537.36"
209.222.30.114 - - [13/Dec/2015:01:10:15 +0400] "GET /id14997 HTTP/1.1" 200 29380 "-" "Opera/9.80 (Windows NT 6.2; Win64; x64) Presto/2.12.388 Version/12.17"
80.73.161.19 - - [13/Dec/2015:01:10:16 +0400] "GET / HTTP/1.1" 200 13537 "-" "Mozilla/5.0 (Linux; Android 4.2.2; SM-T110 Build/JDQ39) AppleWebKit/537.36 (KHTML, like Gecko) Chrome/45.0.2454.84 Safari/537.36"
80.73.161.19 - - [13/Dec/2015:01:10:16 +0400] "GET /favicon.ico HTTP/1.1" 404 0 "-" "Mozilla/5.0 (Linux; Android 4.2.2; SM-T110 Build/JDQ39) AppleWebKit/537.36 (KHTML, like Gecko) Chrome/45.0.2454.84 Safari/537.36"
195.46.39.12 - - [13/Dec/2015:01:10:18 +0400] "GET /id88819 HTTP/1.1" 200 8720 "-" "Mozilla/5.0 (Macintosh; Intel Mac OS X 10_10_5) AppleWebKit/601.1.56 (KHTML, like Gecko) Version/9.0 Safari/601.1.56"
195.24.246.5 - - [13/Dec/2015:01:10:18 +0400] "GET /id10056 HTTP/1.1" 200 27168 "-" "Mozilla/5.0 (Windows NT 10.0; WOW64) AppleWebKit/537.36 (KHTML, like Gecko) Chrome/45.0.2454.99 Safari/537.36"
88.202.110.50 - - [13/Dec/2015:01:10:18 +0400] "GET /id14015 HTTP/1.1" 200 11629 "-" "Mozilla/5.0 (X11; Linux x86_64; rv:39.0) Gecko/20100101 Firefox/39.0 Iceweasel/39.0"
195.24.246.5 - - [13/Dec/2015:01:10:18 +0400] "GET /id17867 HTTP/1.1" 200 22435 "-" "Mozilla/5.0 (Windows NT 10.0; WOW64) AppleWebKit/537.36 (KHTML, like Gecko) Chrome/45.0.2454.99 Safari/537.36"
185.40.128.47 - - [13/Dec/2015:01:10:19 +0400] "GET / HTTP/1.1" 200 9503 "-" "Mozilla/5.0 (Windows NT 10.0; WOW64) AppleWebKit/537.36 (KHTML, like Gecko) Chrome/45.0.2454.99 Safari/537.36"
185.40.128.47 - - [13/Dec/2015:01:10:19 +0400] "GET /favicon.ico HTTP/1.1" 404 0 "-" "Mozilla/5.0 (Windows NT 10.0; WOW64) AppleWebKit/537.36 (KHTML, like Gecko) Chrome/45.0.2454.99 Safari/537.36"
185.27.45.237 - - [13/Dec/2015:01:10:19 +0400] "GET /id17144 HTTP/1.1" 200 29533 "-" "Mozilla/5.0 (Macintosh; Intel Mac OS X 10_10_2) AppleWebKit/537.36 (KHTML, like Gecko) Chrome/39.0.2171.71 Safari/537.36"
185.21.157.7 - - [13/Dec/2015:01:10:19 +0400] "GET /id95839 HTTP/1.1" 200 24540 "-" "Mozilla/5.0 (Windows NT 5.1; U; de; rv:1.9.1.6) Gecko/20091201 Firefox/3.5.6 Opera 11.00"
195.191.175.12 - - [13/Dec/2015:01:10:19 +0400] "GET /id40031 HTTP/1.1" 200 29843 "-" "Mozilla/5.0 (Windows NT 6.1; WOW64) AppleWebKit/537.36 (KHTML, like Gecko) Chrome/44.0.2403.155 Safari/537.36 OPR/31.0.1889.174 (Edition Campaign 67)"
91.201.115.171 - - [13/Dec/2015:01:10:20 +0400] "GET / HTTP/1.1" 200 10312 "-" "Mozilla/5.0 (Macintosh; Intel Mac OS X 10_10_5) AppleWebKit/537.36 (KHTML, like Gecko) Chrome/45.0.2454.99 Safari/537.36"
91.201.115.171 - - [13/Dec/2015:01:10:20 +0400] "GET /favicon.ico HTTP/1.1" 404 0 "-" "Mozilla/5.0 (Macintosh; Intel Mac OS X 10_10_5) AppleWebKit/537.36 (KHTML, like Gecko) Chrome/45.0.2454.99 Safari/537.36"
191.46.78.233 - - [13/Dec/2015:01:10:20 +0400] "GET /id45479 HTTP/1.1" 200 28405 "-" "Mozilla/5.0 (Linux; Android 5.0.2; SM-T535 Build/LRX22G) AppleWebKit/537.36 (KHTML, like Gecko) Chrome/45.0.2454.84 Safari/537.36"
91.226.172.1 - - [13/Dec/2015:01:10:20 +0400] "GET /id46330 HTTP/1.1" 200 19493 "-" "Mozilla/5.0 (iPad; CPU OS 9_0 like Mac OS X) AppleWebKit/600.1.4 (KHTML, like Gecko) CriOS/45.0.2454.89 Mobile/13A344 Safari/600.1.4"
195.184.78.56 - - [13/Dec/2015:01:10:21 +0400] "GET /id45087 HTTP/1.1" 200 20865 "-" "Mozilla/5.0 (Windows NT 6.2; WOW64) AppleWebKit/537.36 (KHTML, like Gecko) Chrome/31.0.1650.63 Safari/537.36 OPR/18.0.1284.68"
209.222.30.114 - - [13/Dec/2015:01:10:22 +0400] "GET /id56514 HTTP/1.1" 200 29896 "-" "Opera/9.80 (Windows NT 6.2; Win64; x64) Presto/2.12.388 Version/12.17"
95.70.19.85 - - [13/Dec/2015:01:10:22 +0400] "GET / HTTP/1.1" 200 18711 "-" "Mozilla/5.0 (Linux; Android 5.0.2; SM-T535 Build/LRX22G) AppleWebKit/537.36 (KHTML, like Gecko) Chrome/45.0.2454.84 Safari/537.36"
95.70.19.85 - - [13/Dec/2015:01:10:22 +0400] "GET /favicon.ico HTTP/1.1" 404 0 "-" "Mozilla/5.0 (Linux; Android 5.0.2; SM-T535 Build/LRX22G) AppleWebKit/537.36 (KHTML, like Gecko) Chrome/45.0.2454.84 Safari/537.36"
185.40.128.47 - - [13/Dec/2015:01:10:22 +0400] "GET /id25391 HTTP/1.1" 200 11057 "-" "Mozilla/5.0 (Windows NT 10.0; WOW64) AppleWebKit/537.36 (KHTML, like Gecko) Chrome/45.0.2454.99 Safari/537.36"
82.114.129.202 - - [13/Dec/2015:01:10:23 +0400] "GET /id64234 HTTP/1.1" 200 25840 "-" "Mozilla/5.0 (iPad; CPU OS 8_4_1 like Mac OS X) AppleWebKit/600.1.4 (KHTML, like Gecko) CriOS/45.0.2454.68 Mobile/12H321 Safari/600.1.4"
88.202.110.50 - - [13/Dec/2015:01:10:23 +0400] "GET /id42667 HTTP/1.1" 200 25851 "-" "Mozilla/5.0 (X11; Linux x86_64; rv:39.0) Gecko/20100101 Firefox/39.0 Iceweasel/39.0"
195.14.2.63 - - [13/Dec/2015:01:10:23 +0400] "GET /id69565 HTTP/1.1" 200 25656 "-" "Mozilla/5.0 (Macintosh; Intel Mac OS X 10_10_4) AppleWebKit/537.36 (KHTML, like Gecko) Chrome/45.0.2454.93 Safari/537.36"
31.192.111.243 - - [13/Dec/2015:01:10:25 +0400] "GET /id89328 HTTP/1.1" 200 22106 "-" "Mozilla/5.0 (compatible; MSIE 10.0; Windows NT 6.2; WOW64; Trident/6.0; Touch; MALCJS)"
185.48.184.105 - - [13/Dec/2015:01:10:25 +0400] "GET /id61668 HTTP/1.1" 200 8277 "-" "MT6572/V1 Linux/3.4.5 Android/4.2.2 Release/02.10.2014 Browser/AppleWebKit534.30 Profile/MIDP-2.0 Configuration/CLDC-1.1 Mobile Safari/534.30 Android 4.2.2;"
185.109.203.155 - - [13/Dec/2015:01:10:25 +0400] "GET /id48764 HTTP/1.1" 200 18797 "-" "Mozilla/5.0 (X11; U; Linux i686; en-US; rv:1.9.0.4) Gecko/2008102920 Firefox/3.0.4 (Splashtop-v1.2.16.0)"
95.70.19.85 - - [13/Dec/2015:01:10:25 +0400] "GET /id31927 HTTP/1.1" 200 32264 "-" "Mozilla/5.0 (Linux; Android 5.0.2; SM-T535 Build/LRX22G) AppleWebKit/537.36 (KHTML, like Gecko) Chrome/45.0.2454.84 Safari/537.36"
213.62.112.115 - - [13/Dec/2015:01:10:25 +0400] "GET /id87546 HTTP/1.1" 200 11049 "-" "Mozilla/5.0 (Linux; U; Android 4.2.1; de-de; Cynus T5 Build/JOP40D) AppleWebKit/534.30 (KHTML, like Gecko) Version/4.0 Mobile Safari/534.30"
91.216.129.227 - - [13/Dec/2015:01:10:27 +0400] "GET /id11709 HTTP/1.1" 200 24309 "-" "Mozilla/5.0 (Macintosh; Intel Mac OS X 10_10_4) AppleWebKit/537.36 (KHTML, like Gecko) Chrome/45.0.2454.93 Safari/537.36"
95.168.136.20 - - [13/Dec/2015:01:10:27 +0400] "GET /id64221 HTTP/1.1" 200 17985 "-" "Mozilla/4.0 (compatible; MSIE 7.0; Windows NT 5.1; GTB5; .NET CLR 1.1.4322; .NET CLR 2.0.50727; .NET CLR 3.0.04506.30; .NET CLR 3.0.04506.648; .NET CLR 3.5.21022; InfoPath.2)"
88.202.110.50 - - [13/Dec/2015:01:10:28 +0400] "GET /id29115 HTTP/1.1" 200 11856 "-" "Mozilla/5.0 (X11; Linux x86_64; rv:39.0) Gecko/20100101 Firefox/39.0 Iceweasel/39.0"
88.202.110.50 - - [13/Dec/2015:01:10:28 +0400] "GET /id75749 HTTP/1.1" 200 28803 "-" "Mozilla/5.0 (X11; Linux x86_64; rv:39.0) Gecko/20100101 Firefox/39.0 Iceweasel/39.0"
213.62.112.115 - - [13/Dec/2015:01:10:29 +0400] "GET /id79339 HTTP/1.1" 200 15472 "-" "Mozilla/5.0 (Linux; U; Android 4.2.1; de-de; Cynus T5 Build/JOP40D) AppleWebKit/534.30 (KHTML, like Gecko) Version/4.0 Mobile Safari/534.30"
195.191.175.12 - - [13/Dec/2015:01:10:30 +0400] "GET /id46133 HTTP/1.1" 200 29033 "-" "Mozilla/5.0 (Windows NT 6.1; WOW64) AppleWebKit/537.36 (KHTML, like Gecko) Chrome/44.0.2403.155 Safari/537.36 OPR/31.0.1889.174 (Edition Campaign 67)"
95.168.136.20 - - [13/Dec/2015:01:10:30 +0400] "GET /id49840 HTTP/1.1" 200 9849 "-" "Mozilla/4.0 (compatible; MSIE 7.0; Windows NT 5.1; GTB5; .NET CLR 1.1.4322; .NET CLR 2.0.50727; .NET CLR 3.0.04506.30; .NET CLR 3.0.04506.648; .NET CLR 3.5.21022; InfoPath.2)"
80.85.148.46 - - [13/Dec/2015:01:10:31 +0400] "GET /id49239 HTTP/1.1" 200 15684 "-" "Mozilla/5.0 (X11; Ubuntu; Linux i686; rv:39.0) Gecko/20100101 Firefox/39.0"
195.184.78.56 - - [13/Dec/2015:01:10:32 +0400] "GET /id13991 HTTP/1.1" 200 26506 "-" "Mozilla/5.0 (Windows NT 6.2; WOW64) AppleWebKit/537.36 (KHTML, like Gecko) Chrome/31.0.1650.63 Safari/537.36 OPR/18.0.1284.68"
91.226.172.1 - - [13/Dec/2015:01:10:32 +0400] "GET /id74648 HTTP/1.1" 200 30084 "-" "Mozilla/5.0 (iPad; CPU OS 9_0 like Mac OS X) AppleWebKit/600.1.4 (KHTML, like Gecko) CriOS/45.0.2454.89 Mobile/13A344 Safari/600.1.4"
82.114.129.202 - - [13/Dec/2015:01:10:32 +0400] "GET /id17000 HTTP/1.1" 200 9948 "-" "Mozilla/5.0 (iPad; CPU OS 8_4_1 like Mac OS X) AppleWebKit/600.1.4 (KHTML, like Gecko) CriOS/45.0.2454.68 Mobile/12H321 Safari/600.1.4"
41.221.150.154 - - [13/Dec/2015:01:10:33 +0400] "GET /cgi-sys/php5 HTTP/1.1" 404 0 "-" "Mozilla/6.66"
90.248.230.82 - - [13/Dec/2015:01:10:33 +0400] "GET /id87190 HTTP/1.1" 200 26166 "-" "Mozilla/5.0 (X11; CrOS x86_64 5841.83.0) AppleWebKit/537.36 (KHTML like Gecko) Chrome/36.0.1985.138 Safari/537.36"
185.109.203.155 - - [13/Dec/2015:01:10:34 +0400] "GET /id94091 HTTP/1.1" 200 10105 "-" "Mozilla/5.0 (X11; U; Linux i686; en-US; rv:1.9.0.4) Gecko/2008102920 Firefox/3.0.4 (Splashtop-v1.2.16.0)"
134.146.32.25 - - [13/Dec/2015:01:10:35 +0400] "GET / HTTP/1.1" 200 9296 "-" "Opera/9.80 (Series 60; Opera Mini/7.1.32453/37.6502; U; ru) Presto/2.12.423 Version/12.16"
134.146.32.25 - - [13/Dec/2015:01:10:35 +0400] "GET /favicon.ico HTTP/1.1" 404 0 "-" "Opera/9.80 (Series 60; Opera Mini/7.1.32453/37.6502; U; ru) Presto/2.12.423 Version/12.16"
91.226.172.1 - - [13/Dec/2015:01:10:35 +0400] "GET /id53489 HTTP/1.1" 200 14577 "-" "Mozilla/5.0 (iPad; CPU OS 9_0 like Mac OS X) AppleWebKit/600.1.4 (KHTML, like Gecko) CriOS/45.0.2454.89 Mobile/13A344 Safari/600.1.4"
195.46.39.12 - - [13/Dec/2015:01:10:36 +0400] "GET /id72203 HTTP/1.1" 200 30065 "-" "Mozilla/5.0 (Macintosh; Intel Mac OS X 10_10_5) AppleWebKit/601.1.56 (KHTML, like Gecko) Version/9.0 Safari/601.1.56"
195.24.246.5 - - [13/Dec/2015:01:10:39 +0400] "GET /id10495 HTTP/1.1" 200 26187 "-" "Mozilla/5.0 (Windows NT 10.0; WOW64) AppleWebKit/537.36 (KHTML, like Gecko) Chrome/45.0.2454.99 Safari/537.36"
91.226.172.1 - - [13/Dec/2015:01:10:40 +0400] "GET /id44957 HTTP/1.1" 200 16535 "-" "Mozilla/5.0 (iPad; CPU OS 9_0 like Mac OS X) AppleWebKit/600.1.4 (KHTML, like Gecko) CriOS/45.0.2454.89 Mobile/13A344 Safari/600.1.4"
185.48.184.105 - - [13/Dec/2015:01:10:40 +0400] "GET /id27250 HTTP/1.1" 200 9695 "-" "MT6572/V1 Linux/3.4.5 Android/4.2.2 Release/02.10.2014 Browser/AppleWebKit534.30 Profile/MIDP-2.0 Configuration/CLDC-1.1 Mobile Safari/534.30 Android 4.2.2;"
91.232.126.253 - - [13/Dec/2015:01:10:41 +0400] "GET / HTTP/1.1" 200 21691 "-" "Mozilla/5.0 (Windows NT 6.1) AppleWebKit/537.36 (KHTML, like Gecko) Chrome/45.0.2454.99 Safari/537.36"
91.232.126.253 - - [13/Dec/2015:01:10:41 +0400] "GET /favicon.ico HTTP/1.1" 404 0 "-" "Mozilla/5.0 (Windows NT 6.1) AppleWebKit/537.36 (KHTML, like Gecko) Chrome/45.0.2454.99 Safari/537.36"
91.216.129.227 - - [13/Dec/2015:01:10:42 +0400] "GET /id47675 HTTP/1.1" 200 14739 "-" "Mozilla/5.0 (Macintosh; Intel Mac OS X 10_10_4) AppleWebKit/537.36 (KHTML, like Gecko) Chrome/45.0.2454.93 Safari/537.36"
80.85.148.46 - - [13/Dec/2015:01:10:42 +0400] "GET /id16044 HTTP/1.1" 200 17707 "-" "Mozilla/5.0 (X11; Ubuntu; Linux i686; rv:39.0) Gecko/20100101 Firefox/39.0"
195.184.78.56 - - [13/Dec/2015:01:10:43 +0400] "GET /id15264 HTTP/1.1" 200 25490 "-" "Mozilla/5.0 (Windows NT 6.2; WOW64) AppleWebKit/537.36 (KHTML, like Gecko) Chrome/31.0.1650.63 Safari/537.36 OPR/18.0.1284.68"
194.110.207.100 - - [13/Dec/2015:01:10:45 +0400] "GET / HTTP/1.1" 200 25556 "-" "Mozilla/5.0 (Windows NT 5.1; U; de; rv:1.9.1.6) Gecko/20091201 Firefox/3.5.6 Opera 11.00"
194.110.207.100 - - [13/Dec/2015:01:10:45 +0400] "GET /favicon.ico HTTP/1.1" 404 0 "-" "Mozilla/5.0 (Windows NT 5.1; U; de; rv:1.9.1.6) Gecko/20091201 Firefox/3.5.6 Opera 11.00"
91.232.126.253 - - [13/Dec/2015:01:10:45 +0400] "GET /id51511 HTTP/1.1" 200 9348 "-" "Mozilla/5.0 (Windows NT 6.1) AppleWebKit/537.36 (KHTML, like Gecko) Chrome/45.0.2454.99 Safari/537.36"
185.48.184.105 - - [13/Dec/2015:01:10:46 +0400] "GET /id68002 HTTP/1.1" 200 27402 "-" "MT6572/V1 Linux/3.4.5 Android/4.2.2 Release/02.10.2014 Browser/AppleWebKit534.30 Profile/MIDP-2.0 Configuration/CLDC-1.1 Mobile Safari/534.30 Android 4.2.2;"
195.191.175.12 - - [13/Dec/2015:01:10:47 +0400] "GET /id58609 HTTP/1.1" 200 8995 "-" "Mozilla/5.0 (Windows NT 6.1; WOW64) AppleWebKit/537.36 (KHTML, like Gecko) Chrome/44.0.2403.155 Safari/537.36 OPR/31.0.1889.174 (Edition Campaign 67)"
193.109.247.188 - - [13/Dec/2015:01:10:47 +0400] "GET / HTTP/1.1" 200 17696 "-" "Mozilla/5.0 (Macintosh; Intel Mac OS X 10_7_4) AppleWebKit/537.36 (KHTML, like Gecko) Chrome/44.0.2403.157 Safari/537.36"
193.109.247.188 - - [13/Dec/2015:01:10:47 +0400] "GET /favicon.ico HTTP/1.1" 404 0 "-" "Mozilla/5.0 (Macintosh; Intel Mac OS X 10_7_4) AppleWebKit/537.36 (KHTML, like Gecko) Chrome/44.0.2403.157 Safari/537.36"
209.222.30.114 - - [13/Dec/2015:01:10:48 +0400] "GET /id49935 HTTP/1.1" 200 19016 "-" "Opera/9.80 (Windows NT 6.2; Win64; x64) Presto/2.12.388 Version/12.17"
185.48.184.105 - - [13/Dec/2015:01:10:49 +0400] "GET /id85357 HTTP/1.1" 200 28858 "-" "MT6572/V1 Linux/3.4.5 Android/4.2.2 Release/02.10.2014 Browser/AppleWebKit534.30 Profile/MIDP-2.0 Configuration/CLDC-1.1 Mobile Safari/534.30 Android 4.2.2;"
82.114.129.202 - - [13/Dec/2015:01:10:49 +0400] "GET /id57845 HTTP/1.1" 200 32433 "-" "Mozilla/5.0 (iPad; CPU OS 8_4_1 like Mac OS X) AppleWebKit/600.1.4 (KHTML, like Gecko) CriOS/45.0.2454.68 Mobile/12H321 Safari/600.1.4"
31.6.46.26 - - [13/Dec/2015:01:10:49 +0400] "GET /id16016 HTTP/1.1" 200 10472 "-" "Mozilla/5.0 (iPad; CPU OS 8_4_1 like Mac OS X) AppleWebKit/600.1.4 (KHTML, like Gecko) GSA/8.0.57838 Mobile/12H321 Safari/600.1.4"
95.70.19.85 - - [13/Dec/2015:01:10:53 +0400] "GET /id66743 HTTP/1.1" 200 20913 "-" "Mozilla/5.0 (Linux; Android 5.0.2; SM-T535 Build/LRX22G) AppleWebKit/537.36 (KHTML, like Gecko) Chrome/45.0.2454.84 Safari/537.36"
77.244.168.143 - - [13/Dec/2015:01:10:53 +0400] "GET /id64469 HTTP/1.1" 200 14806 "-" "Opera/9.80 (X11; SunOS sun4u; U; en) Presto/2.2.15 Version/10.10"
31.220.155.251 - - [13/Dec/2015:01:10:54 +0400] "GET / HTTP/1.1" 200 16870 "-" "Opera/9.80 (Windows NT 6.2; Win64; x64) Presto/2.12.388 Version/12.17"
31.220.155.251 - - [13/Dec/2015:01:10:54 +0400] "GET /favicon.ico HTTP/1.1" 404 0 "-" "Opera/9.80 (Windows NT 6.2; Win64; x64) Presto/2.12.388 Version/12.17"
193.109.247.188 - - [13/Dec/2015:01:10:55 +0400] "GET /id61202 HTTP/1.1" 200 16533 "-" "Mozilla/5.0 (Macintosh; Intel Mac OS X 10_7_4) AppleWebKit/537.36 (KHTML, like Gecko) Chrome/44.0.2403.157 Safari/537.36"
193.109.247.188 - - [13/Dec/2015:01:10:55 +0400] "GET /id90879 HTTP/1.1" 200 25727 "-" "Mozilla/5.0 (Macintosh; Intel Mac OS X 10_7_4) AppleWebKit/537.36 (KHTML, like Gecko) Chrome/44.0.2403.157 Safari/537.36"
185.48.184.105 - - [13/Dec/2015:01:10:56 +0400] "GET /id91559 HTTP/1.1" 200 28125 "-" "MT6572/V1 Linux/3.4.5 Android/4.2.2 Release/02.10.2014 Browser/AppleWebKit534.30 Profile/MIDP-2.0 Configuration/CLDC-1.1 Mobile Safari/534.30 Android 4.2.2;"
191.46.78.233 - - [13/Dec/2015:01:10:56 +0400] "GET /id20100 HTTP/1.1" 200 10490 "-" "Mozilla/5.0 (Linux; Android 5.0.2; SM-T535 Build/LRX22G) AppleWebKit/537.36 (KHTML, like Gecko) Chrome/45.0.2454.84 Safari/537.36"
82.114.129.202 - - [13/Dec/2015:01:10:56 +0400] "GET /id26459 HTTP/1.1" 200 10219 "-" "Mozilla/5.0 (iPad; CPU OS 8_4_1 like Mac OS X) AppleWebKit/600.1.4 (KHTML, like Gecko) CriOS/45.0.2454.68 Mobile/12H321 Safari/600.1.4"
95.168.136.20 - - [13/Dec/2015:01:10:58 +0400] "GET /id13498 HTTP/1.1" 200 14985 "-" "Mozilla/4.0 (compatible; MSIE 7.0; Windows NT 5.1; GTB5; .NET CLR 1.1.4322; .NET CLR 2.0.50727; .NET CLR 3.0.04506.30; .NET CLR 3.0.04506.648; .NET CLR 3.5.21022; InfoPath.2)"
195.46.39.12 - - [13/Dec/2015:01:10:59 +0400] "GET /id79501 HTTP/1.1" 200 10593 "-" "Mozilla/5.0 (Macintosh; Intel Mac OS X 10_10_5) AppleWebKit/601.1.56 (KHTML, like Gecko) Version/9.0 Safari/601.1.56"
91.211.81.115 - - [13/Dec/2015:01:11:01 +0400] "GET / HTTP/1.1" 200 18019 "-" "Mozilla/5.0 (Macintosh; Intel Mac OS X 10_10_5) AppleWebKit/537.36 (KHTML, like Gecko) Chrome/45.0.2454.78 Safari/537.36"
91.211.81.115 - - [13/Dec/2015:01:11:01 +0400] "GET /favicon.ico HTTP/1.1" 404 0 "-" "Mozilla/5.0 (Macintosh; Intel Mac OS X 10_10_5) AppleWebKit/537.36 (KHTML, like Gecko) Chrome/45.0.2454.78 Safari/537.36"
209.222.30.114 - - [13/Dec/2015:01:11:02 +0400] "GET /id27712 HTTP/1.1" 200 16864 "-" "Opera/9.80 (Windows NT 6.2; Win64; x64) Presto/2.12.388 Version/12.17"
95.168.136.20 - - [13/Dec/2015:01:11:02 +0400] "GET /id92120 HTTP/1.1" 200 31680 "-" "Mozilla/4.0 (compatible; MSIE 7.0; Windows NT 5.1; GTB5; .NET CLR 1.1.4322; .NET CLR 2.0.50727; .NET CLR 3.0.04506.30; .NET CLR 3.0.04506.648; .NET CLR 3.5.21022; InfoPath.2)"
93.183.104.248 - - [13/Dec/2015:01:11:04 +0400] "GET / HTTP/1.1" 200 15178 "-" "Mozilla/5.0 (Windows; U; Windows NT 5.1; pl; rv:1.9.2.15) Gecko/20110303 Firefox/3.0.8, (.NET CLR 3.5.30729)"
93.183.104.248 - - [13/Dec/2015:01:11:04 +0400] "GET /favicon.ico HTTP/1.1" 404 0 "-" "Mozilla/5.0 (Windows; U; Windows NT 5.1; pl; rv:1.9.2.15) Gecko/20110303 Firefox/3.0.8, (.NET CLR 3.5.30729)"
212.19.6.19 - - [13/Dec/2015:01:11:04 +0400] "GET / HTTP/1.1" 200 32637 "-" "Mozilla/5.0 (Windows NT 6.0) AppleWebKit/535.1 (KHTML, like Gecko) Chrome/13.0.782.218 Safari/535.1"
212.19.6.19 - - [13/Dec/2015:01:11:04 +0400] "GET /favicon.ico HTTP/1.1" 404 0 "-" "Mozilla/5.0 (Windows NT 6.0) AppleWebKit/535.1 (KHTML, like Gecko) Chrome/13.0.782.218 Safari/535.1"
62.182.138.41 - - [13/Dec/2015:01:11:04 +0400] "GET / HTTP/1.1" 200 11484 "-" "Mozilla/5.0 (Windows NT 5.1) AppleWebKit/537.36 (KHTML, like Gecko) Chrome/45.0.2454.93 Safari/537.36"
62.182.138.41 - - [13/Dec/2015:01:11:04 +0400] "GET /favicon.ico HTTP/1.1" 404 0 "-" "Mozilla/5.0 (Windows NT 5.1) AppleWebKit/537.36 (KHTML, like Gecko) Chrome/45.0.2454.93 Safari/537.36"
130.117.11.75 - - [13/Dec/2015:01:11:04 +0400] "GET / HTTP/1.1" 200 14322 "-" "Mozilla/4.0 (compatible; MSIE 7.0; Windows NT 6.0; GTB5; SLCC1; .NET CLR 2.0.50727; .NET CLR 3.0.04506; InfoPath.1; .NET CLR 1.1.4322; .NET CLR 3.5.21022)"
130.117.11.75 - - [13/Dec/2015:01:11:04 +0400] "GET /favicon.ico HTTP/1.1" 404 0 "-" "Mozilla/4.0 (compatible; MSIE 7.0; Windows NT 6.0; GTB5; SLCC1; .NET CLR 2.0.50727; .NET CLR 3.0.04506; InfoPath.1; .NET CLR 1.1.4322; .NET CLR 3.5.21022)"
91.143.44.141 - - [13/Dec/2015:01:11:05 +0400] "GET / HTTP/1.1" 200 24900 "-" "Mozilla/5.0 (Windows NT 5.1) AppleWebKit/537.36 (KHTML, like Gecko) Chrome/43.0.2357.134 Safari/537.36 u01-04"
91.143.44.141 - - [13/Dec/2015:01:11:05 +0400] "GET /favicon.ico HTTP/1.1" 404 0 "-" "Mozilla/5.0 (Windows NT 5.1) AppleWebKit/537.36 (KHTML, like Gecko) Chrome/43.0.2357.134 Safari/537.36 u01-04"
191.46.78.233 - - [13/Dec/2015:01:11:05 +0400] "GET /id48228 HTTP/1.1" 200 11044 "-" "Mozilla/5.0 (Linux; Android 5.0.2; SM-T535 Build/LRX22G) AppleWebKit/537.36 (KHTML, like Gecko) Chrome/45.0.2454.84 Safari/537.36"
46.252.178.42 - - [13/Dec/2015:01:11:05 +0400] "GET / HTTP/1.1" 200 9479 "-" "UCWEB/2.0 (MIDP-2.0; U; Adr 4.4.4; en-US; GT-I9060I) U2/1.0.0 UCBrowser/10.3.0.622 U2/1.0.0 Mobile"
46.252.178.42 - - [13/Dec/2015:01:11:05 +0400] "GET /favicon.ico HTTP/1.1" 404 0 "-" "UCWEB/2.0 (MIDP-2.0; U; Adr 4.4.4; en-US; GT-I9060I) U2/1.0.0 UCBrowser/10.3.0.622 U2/1.0.0 Mobile"
191.46.78.233 - - [13/Dec/2015:01:11:05 +0400] "GET /id22460 HTTP/1.1" 200 18342 "-" "Mozilla/5.0 (Linux; Android 5.0.2; SM-T535 Build/LRX22G) AppleWebKit/537.36 (KHTML, like Gecko) Chrome/45.0.2454.84 Safari/537.36"
80.221.134.55 - - [13/Dec/2015:01:11:06 +0400] "GET / HTTP/1.1" 200 17432 "-" "Mozilla/5.0 (iPad; CPU OS 8_4_1 like Mac OS X) AppleWebKit/600.1.4 (KHTML, like Gecko) GSA/8.0.57838 Mobile/12H321 Safari/600.1.4"
80.221.134.55 - - [13/Dec/2015:01:11:06 +0400] "GET /favicon.ico HTTP/1.1" 404 0 "-" "Mozilla/5.0 (iPad; CPU OS 8_4_1 like Mac OS X) AppleWebKit/600.1.4 (KHTML, like Gecko) GSA/8.0.57838 Mobile/12H321 Safari/600.1.4"
90.248.230.82 - - [13/Dec/2015:01:11:06 +0400] "GET /id78264 HTTP/1.1" 200 16532 "-" "Mozilla/5.0 (X11; CrOS x86_64 5841.83.0) AppleWebKit/537.36 (KHTML like Gecko) Chrome/36.0.1985.138 Safari/537.36"
194.110.207.100 - - [13/Dec/2015:01:11:06 +0400] "GET /id20266 HTTP/1.1" 200 23164 "-" "Mozilla/5.0 (Windows NT 5.1; U; de; rv:1.9.1.6) Gecko/20091201 Firefox/3.5.6 Opera 11.00"
213.62.112.115 - - [13/Dec/2015:01:11:06 +0400] "GET /id96386 HTTP/1.1" 200 26499 "-" "Mozilla/5.0 (Linux; U; Android 4.2.1; de-de; Cynus T5 Build/JOP40D) AppleWebKit/534.30 (KHTML, like Gecko) Version/4.0 Mobile Safari/534.30"
109.60.183.180 - - [13/Dec/2015:01:11:08 +0400] "GET / HTTP/1.1" 200 27888 "-" "Mozilla/4.0 (compatible; MSIE 8.0; Windows NT 5.1; Trident/4.0; .NET CLR 1.1.4322; .NET CLR 2.0.50727; .NET CLR 3.0.04506.648; .NET CLR 3.0.4506.2152; .NET CLR 3.5.30729; InfoPath.2; .NET4.0C; .NET4.0E)"
109.60.183.180 - - [13/Dec/2015:01:11:08 +0400] "GET /favicon.ico HTTP/1.1" 404 0 "-" "Mozilla/4.0 (compatible; MSIE 8.0; Windows NT 5.1; Trident/4.0; .NET CLR 1.1.4322; .NET CLR 2.0.50727; .NET CLR 3.0.04506.648; .NET CLR 3.0.4506.2152; .NET CLR 3.5.30729; InfoPath.2; .NET4.0C; .NET4.0E)"
91.235.106.165 - - [13/Dec/2015:01:11:08 +0400] "GET / HTTP/1.1" 200 11718 "-" "Mozilla/5.0 (Windows NT 6.1) AppleWebKit/537.36 (KHTML, like Gecko) Chrome/27.0.1453.15 Safari/537.36"
91.235.106.165 - - [13/Dec/2015:01:11:08 +0400] "GET /favicon.ico HTTP/1.1" 404 0 "-" "Mozilla/5.0 (Windows NT 6.1) AppleWebKit/537.36 (KHTML, like Gecko) Chrome/27.0.1453.15 Safari/537.36"
46.243.171.231 - - [13/Dec/2015:01:11:08 +0400] "GET / HTTP/1.1" 200 16548 "-" "Mozilla/5.0 (Windows NT 10.0; WOW64) AppleWebKit/537.36 (KHTML, like Gecko) Chrome/45.0.2454.99 Safari/537.36"
46.243.171.231 - - [13/Dec/2015:01:11:08 +0400] "GET /favicon.ico HTTP/1.1" 404 0 "-" "Mozilla/5.0 (Windows NT 10.0; WOW64) AppleWebKit/537.36 (KHTML, like Gecko) Chrome/45.0.2454.99 Safari/537.36"
95.168.136.20 - - [13/Dec/2015:01:11:09 +0400] "GET /id83001 HTTP/1.1" 200 27673 "-" "Mozilla/4.0 (compatible; MSIE 7.0; Windows NT 5.1; GTB5; .NET CLR 1.1.4322; .NET CLR 2.0.50727; .NET CLR 3.0.04506.30; .NET CLR 3.0.04506.648; .NET CLR 3.5.21022; InfoPath.2)"
209.222.30.114 - - [13/Dec/2015:01:11:09 +0400] "GET /id73495 HTTP/1.1" 200 30269 "-" "Opera/9.80 (Windows NT 6.2; Win64; x64) Presto/2.12.388 Version/12.17"
23.59.43.76 - - [13/Dec/2015:01:11:10 +0400] "GET /id13545 HTTP/1.1" 200 12649 "-" "Mozilla/5.0 (Macintosh; Intel Mac OS X 10_10_4) AppleWebKit/537.36 (KHTML, like Gecko) Chrome/45.0.2454.93 Safari/537.36"
201.216.125.55 - - [13/Dec/2015:01:11:10 +0400] "GET / HTTP/1.1" 200 12684 "-" "Mozilla/5.0 (Windows NT 10.0; WOW64) AppleWebKit/537.36 (KHTML, like Gecko) Chrome/45.0.2454.99 Safari/537.36"
201.216.125.55 - - [13/Dec/2015:01:11:10 +0400] "GET /favicon.ico HTTP/1.1" 404 0 "-" "Mozilla/5.0 (Windows NT 10.0; WOW64) AppleWebKit/537.36 (KHTML, like Gecko) Chrome/45.0.2454.99 Safari/537.36"
209.222.30.114 - - [13/Dec/2015:01:11:10 +0400] "GET /id79313 HTTP/1.1" 200 20845 "-" "Opera/9.80 (Windows NT 6.2; Win64; x64) Presto/2.12.388 Version/12.17"
194.146.144.20 - - [13/Dec/2015:01:11:11 +0400] "GET / HTTP/1.1" 200 12224 "-" "Mozilla/5.0 (Windows NT 6.2; rv:40.0) Gecko/20100101 Firefox/40.0"
194.146.144.20 - - [13/Dec/2015:01:11:11 +0400] "GET /favicon.ico HTTP/1.1" 404 0 "-" "Mozilla/5.0 (Windows NT 6.2; rv:40.0) Gecko/20100101 Firefox/40.0"
178.159.24.177 - - [13/Dec/2015:01:11:11 +0400] "GET / HTTP/1.1" 200 9217 "-" "Mozilla/5.0 (Windows NT 10.0; WOW64) AppleWebKit/537.36 (KHTML, like Gecko) Chrome/45.0.2454.99 Safari/537.36"
178.159.24.177 - - [13/Dec/2015:01:11:11 +0400] "GET /favicon.ico HTTP/1.1" 404 0 "-" "Mozilla/5.0 (Windows NT 10.0; WOW64) AppleWebKit/537.36 (KHTML, like Gecko) Chrome/45.0.2454.99 Safari/537.36"
82.114.129.202 - - [13/Dec/2015:01:11:12 +0400] "GET /id96467 HTTP/1.1" 200 24566 "-" "Mozilla/5.0 (iPad; CPU OS 8_4_1 like Mac OS X) AppleWebKit/600.1.4 (KHTML, like Gecko) CriOS/45.0.2454.68 Mobile/12H321 Safari/600.1.4"
212.44.144.85 - - [13/Dec/2015:01:11:12 +0400] "GET / HTTP/1.1" 200 31240 "-" "Mozilla/5.0 (Windows NT 5.1; rv:11.0) Gecko/20100101 Firefox/11.0 CometBird/11.0"
212.44.144.85 - - [13/Dec/2015:01:11:12 +0400] "GET /favicon.ico HTTP/1.1" 404 0 "-" "Mozilla/5.0 (Windows NT 5.1; rv:11.0) Gecko/20100101 Firefox/11.0 CometBird/11.0"
2.22.224.65 - - [13/Dec/2015:01:11:13 +0400] "GET / HTTP/1.1" 200 12971 "-" "Mozilla/5.0 (Windows NT 6.1) AppleWebKit/537.36 (KHTML, like Gecko) Chrome/45.0.2454.99 Safari/537.36"
2.22.224.65 - - [13/Dec/2015:01:11:13 +0400] "GET /favicon.ico HTTP/1.1" 404 0 "-" "Mozilla/5.0 (Windows NT 6.1) AppleWebKit/537.36 (KHTML, like Gecko) Chrome/45.0.2454.99 Safari/537.36"
80.221.134.55 - - [13/Dec/2015:01:11:13 +0400] "GET /id11305 HTTP/1.1" 200 9677 "-" "Mozilla/5.0 (iPad; CPU OS 8_4_1 like Mac OS X) AppleWebKit/600.1.4 (KHTML, like Gecko) GSA/8.0.57838 Mobile/12H321 Safari/600.1.4"
195.184.78.56 - - [13/Dec/2015:01:11:13 +0400] "GET /id97948 HTTP/1.1" 200 26677 "-" "Mozilla/5.0 (Windows NT 6.2; WOW64) AppleWebKit/537.36 (KHTML, like Gecko) Chrome/31.0.1650.63 Safari/537.36 OPR/18.0.1284.68"
95.70.19.85 - - [13/Dec/2015:01:11:13 +0400] "GET /id98925 HTTP/1.1" 200 15530 "-" "Mozilla/5.0 (Linux; Android 5.0.2; SM-T535 Build/LRX22G) AppleWebKit/537.36 (KHTML, like Gecko) Chrome/45.0.2454.84 Safari/537.36"
193.93.194.43 - - [13/Dec/2015:01:11:13 +0400] "GET / HTTP/1.1" 200 30003 "-" "Mozilla/5.0 (compatible; MSIE 9.0; Windows NT 6.1; Win64; x64; Trident/5.0; tb-webde/2.4.0; (webde/1.0.0.8))"
193.93.194.43 - - [13/Dec/2015:01:11:13 +0400] "GET /favicon.ico HTTP/1.1" 404 0 "-" "Mozilla/5.0 (compatible; MSIE 9.0; Windows NT 6.1; Win64; x64; Trident/5.0; tb-webde/2.4.0; (webde/1.0.0.8))"
77.244.168.143 - - [13/Dec/2015:01:11:14 +0400] "GET /id28409 HTTP/1.1" 200 11478 "-" "Opera/9.80 (X11; SunOS sun4u; U; en) Presto/2.2.15 Version/10.10"
91.235.106.165 - - [13/Dec/2015:01:11:14 +0400] "GET /id94996 HTTP/1.1" 200 11718 "-" "Mozilla/5.0 (Windows NT 6.1) AppleWebKit/537.36 (KHTML, like Gecko) Chrome/27.0.1453.15 Safari/537.36"
91.192.16.94 - - [13/Dec/2015:01:11:14 +0400] "GET / HTTP/1.1" 200 8677 "-" "Mozilla/5.0 (Windows; U; Windows NT 5.0; en-US; rv:1.1) Gecko/20020826"
91.192.16.94 - - [13/Dec/2015:01:11:14 +0400] "GET /favicon.ico HTTP/1.1" 404 0 "-" "Mozilla/5.0 (Windows; U; Windows NT 5.0; en-US; rv:1.1) Gecko/20020826"
195.46.39.12 - - [13/Dec/2015:01:11:14 +0400] "GET /id86517 HTTP/1.1" 200 27739 "-" "Mozilla/5.0 (Macintosh; Intel Mac OS X 10_10_5) AppleWebKit/601.1.56 (KHTML, like Gecko) Version/9.0 Safari/601.1.56"
195.191.175.12 - - [13/Dec/2015:01:11:14 +0400] "GET /id14004 HTTP/1.1" 200 32767 "-" "Mozilla/5.0 (Windows NT 6.1; WOW64) AppleWebKit/537.36 (KHTML, like Gecko) Chrome/44.0.2403.155 Safari/537.36 OPR/31.0.1889.174 (Edition Campaign 67)"
23.64.127.139 - - [13/Dec/2015:01:11:15 +0400] "GET / HTTP/1.1" 200 17363 "-" "Mozilla/5.0 (Windows NT 6.3; WOW64) AppleWebKit/537.36 (KHTML, like Gecko) Chrome/43.0.2357.130 Safari/537.36 OPR/30.0.1835.125"
23.64.127.139 - - [13/Dec/2015:01:11:15 +0400] "GET /favicon.ico HTTP/1.1" 404 0 "-" "Mozilla/5.0 (Windows NT 6.3; WOW64) AppleWebKit/537.36 (KHTML, like Gecko) Chrome/43.0.2357.130 Safari/537.36 OPR/30.0.1835.125"
194.110.207.100 - - [13/Dec/2015:01:11:15 +0400] "GET /id93091 HTTP/1.1" 200 9738 "-" "Mozilla/5.0 (Windows NT 5.1; U; de; rv:1.9.1.6) Gecko/20091201 Firefox/3.5.6 Opera 11.00"
79.134.8.217 - - [13/Dec/2015:01:11:16 +0400] "GET / HTTP/1.1" 200 22765 "-" "Mozilla/5.0 (Windows NT 6.1) AppleWebKit/537.36 (KHTML, like Gecko) Chrome/27.0.1453.94 Safari/537.36"
79.134.8.217 - - [13/Dec/2015:01:11:16 +0400] "GET /favicon.ico HTTP/1.1" 404 0 "-" "Mozilla/5.0 (Windows NT 6.1) AppleWebKit/537.36 (KHTML, like Gecko) Chrome/27.0.1453.94 Safari/537.36"
185.39.135.199 - - [13/Dec/2015:01:11:16 +0400] "GET / HTTP/1.1" 200 23947 "-" "Mozilla/5.0 (X11; Ubuntu; Linux i686; rv:39.0) Gecko/20100101 Firefox/39.0"
185.39.135.199 - - [13/Dec/2015:01:11:16 +0400] "GET /favicon.ico HTTP/1.1" 404 0 "-" "Mozilla/5.0 (X11; Ubuntu; Linux i686; rv:39.0) Gecko/20100101 Firefox/39.0"
194.110.207.100 - - [13/Dec/2015:01:11:16 +0400] "GET /id17247 HTTP/1.1" 200 17910 "-" "Mozilla/5.0 (Windows NT 5.1; U; de; rv:1.9.1.6) Gecko/20091201 Firefox/3.5.6 Opera 11.00"
46.252.178.42 - - [13/Dec/2015:01:11:17 +0400] "GET /id57168 HTTP/1.1" 200 28257 "-" "UCWEB/2.0 (MIDP-2.0; U; Adr 4.4.4; en-US; GT-I9060I) U2/1.0.0 UCBrowser/10.3.0.622 U2/1.0.0 Mobile"
91.226.172.1 - - [13/Dec/2015:01:11:17 +0400] "GET /id56604 HTTP/1.1" 200 27228 "-" "Mozilla/5.0 (iPad; CPU OS 9_0 like Mac OS X) AppleWebKit/600.1.4 (KHTML, like Gecko) CriOS/45.0.2454.89 Mobile/13A344 Safari/600.1.4"
209.222.30.114 - - [13/Dec/2015:01:11:18 +0400] "GET /id57355 HTTP/1.1" 200 13618 "-" "Opera/9.80 (Windows NT 6.2; Win64; x64) Presto/2.12.388 Version/12.17"
83.219.250.155 - - [13/Dec/2015:01:11:19 +0400] "GET / HTTP/1.1" 200 28238 "-" "Mozilla/5.0 (Windows NT 6.0) AppleWebKit/535.19 (KHTML, like Gecko) Chrome/18.0.1025.152 Safari/535.19"
83.219.250.155 - - [13/Dec/2015:01:11:19 +0400] "GET /favicon.ico HTTP/1.1" 404 0 "-" "Mozilla/5.0 (Windows NT 6.0) AppleWebKit/535.19 (KHTML, like Gecko) Chrome/18.0.1025.152 Safari/535.19"
128.0.27.203 - - [13/Dec/2015:01:11:20 +0400] "GET / HTTP/1.1" 200 32661 "-" "Mozilla/5.0 (Windows NT 6.0) AppleWebKit/537.36 (KHTML, like Gecko) Chrome/45.0.2454.85 Safari/537.36"
128.0.27.203 - - [13/Dec/2015:01:11:20 +0400] "GET /favicon.ico HTTP/1.1" 404 0 "-" "Mozilla/5.0 (Windows NT 6.0) AppleWebKit/537.36 (KHTML, like Gecko) Chrome/45.0.2454.85 Safari/537.36"
90.10.231.158 - - [13/Dec/2015:01:11:20 +0400] "GET / HTTP/1.1" 200 25519 "-" "Mozilla/5.0 (Windows NT 6.1; WOW64) AppleWebKit/537.36 (KHTML, like Gecko) Chrome/44.0.2403.155 Safari/537.36 OPR/31.0.1889.174 (Edition Campaign 67)"
90.10.231.158 - - [13/Dec/2015:01:11:20 +0400] "GET /favicon.ico HTTP/1.1" 404 0 "-" "Mozilla/5.0 (Windows NT 6.1; WOW64) AppleWebKit/537.36 (KHTML, like Gecko) Chrome/44.0.2403.155 Safari/537.36 OPR/31.0.1889.174 (Edition Campaign 67)"
46.252.178.42 - - [13/Dec/2015:01:11:21 +0400] "GET /id66523 HTTP/1.1" 200 8192 "-" "UCWEB/2.0 (MIDP-2.0; U; Adr 4.4.4; en-US; GT-I9060I) U2/1.0.0 UCBrowser/10.3.0.622 U2/1.0.0 Mobile"
90.10.231.158 - - [13/Dec/2015:01:11:21 +0400] "GET /id65361 HTTP/1.1" 200 30901 "-" "Mozilla/5.0 (Windows NT 6.1; WOW64) AppleWebKit/537.36 (KHTML, like Gecko) Chrome/44.0.2403.155 Safari/537.36 OPR/31.0.1889.174 (Edition Campaign 67)"
212.19.6.19 - - [13/Dec/2015:01:11:22 +0400] "GET /id72236 HTTP/1.1" 200 22314 "-" "Mozilla/5.0 (Windows NT 6.0) AppleWebKit/535.1 (KHTML, like Gecko) Chrome/13.0.782.218 Safari/535.1"
149.5.226.89 - - [13/Dec/2015:01:11:22 +0400] "GET / HTTP/1.1" 200 18766 "-" "Mozilla/5.0 (Linux; U; Android 4.3; zh-cn; HM 1SW Build/JLS36C) AppleWebKit/537.36 (KHTML, like Gecko) Version/4.0 Mobile Safari/537.36 XiaoMi/MiuiBrowser/2.1.1"
149.5.226.89 - - [13/Dec/2015:01:11:22 +0400] "GET /favicon.ico HTTP/1.1" 404 0 "-" "Mozilla/5.0 (Linux; U; Android 4.3; zh-cn; HM 1SW Build/JLS36C) AppleWebKit/537.36 (KHTML, like Gecko) Version/4.0 Mobile Safari/537.36 XiaoMi/MiuiBrowser/2.1.1"
212.19.6.19 - - [13/Dec/2015:01:11:22 +0400] "GET /id57202 HTTP/1.1" 200 10253 "-" "Mozilla/5.0 (Windows NT 6.0) AppleWebKit/535.1 (KHTML, like Gecko) Chrome/13.0.782.218 Safari/535.1"
23.64.127.139 - - [13/Dec/2015:01:11:23 +0400] "GET /id33929 HTTP/1.1" 200 25785 "-" "Mozilla/5.0 (Windows NT 6.3; WOW64) AppleWebKit/537.36 (KHTML, like Gecko) Chrome/43.0.2357.130 Safari/537.36 OPR/30.0.1835.125"
188.65.108.223 - - [13/Dec/2015:01:11:23 +0400] "GET / HTTP/1.1" 200 30271 "-" "Mozilla/5.0 (Windows NT 10.0; WOW64) AppleWebKit/537.36 (KHTML, like Gecko) Chrome/45.0.2454.99 Safari/537.36"
188.65.108.223 - - [13/Dec/2015:01:11:23 +0400] "GET /favicon.ico HTTP/1.1" 404 0 "-" "Mozilla/5.0 (Windows NT 10.0; WOW64) AppleWebKit/537.36 (KHTML, like Gecko) Chrome/45.0.2454.99 Safari/537.36"
77.244.168.143 - - [13/Dec/2015:01:11:23 +0400] "GET /id47231 HTTP/1.1" 200 8833 "-" "Opera/9.80 (X11; SunOS sun4u; U; en) Presto/2.2.15 Version/10.10"
185.39.135.199 - - [13/Dec/2015:01:11:23 +0400] "GET /id10729 HTTP/1.1" 200 22894 "-" "Mozilla/5.0 (X11; Ubuntu; Linux i686; rv:39.0) Gecko/20100101 Firefox/39.0"
46.252.178.42 - - [13/Dec/2015:01:11:24 +0400] "GET /id84772 HTTP/1.1" 200 14354 "-" "UCWEB/2.0 (MIDP-2.0; U; Adr 4.4.4; en-US; GT-I9060I) U2/1.0.0 UCBrowser/10.3.0.622 U2/1.0.0 Mobile"
194.110.207.100 - - [13/Dec/2015:01:11:24 +0400] "GET /id86892 HTTP/1.1" 200 12202 "-" "Mozilla/5.0 (Windows NT 5.1; U; de; rv:1.9.1.6) Gecko/20091201 Firefox/3.5.6 Opera 11.00"
91.235.106.165 - - [13/Dec/2015:01:11:24 +0400] "GET /id89114 HTTP/1.1" 200 22260 "-" "Mozilla/5.0 (Windows NT 6.1) AppleWebKit/537.36 (KHTML, like Gecko) Chrome/27.0.1453.15 Safari/537.36"
194.110.207.100 - - [13/Dec/2015:01:11:24 +0400] "GET /id86445 HTTP/1.1" 200 20368 "-" "Mozilla/5.0 (Windows NT 5.1; U; de; rv:1.9.1.6) Gecko/20091201 Firefox/3.5.6 Opera 11.00"
195.191.175.12 - - [13/Dec/2015:01:11:25 +0400] "GET /id15121 HTTP/1.1" 200 12495 "-" "Mozilla/5.0 (Windows NT 6.1; WOW64) AppleWebKit/537.36 (KHTML, like Gecko) Chrome/44.0.2403.155 Safari/537.36 OPR/31.0.1889.174 (Edition Campaign 67)"
194.110.207.100 - - [13/Dec/2015:01:11:25 +0400] "GET /id89618 HTTP/1.1" 200 31283 "-" "Mozilla/5.0 (Windows NT 5.1; U; de; rv:1.9.1.6) Gecko/20091201 Firefox/3.5.6 Opera 11.00"
