62.134.175.214 - - [12/Dec/2015:00:26:30 +0400] "GET /id38275 HTTP/1.1" 200 27790 "-" "Mozilla/5.0 (Linux; Android 5.1.1; SAMSUNG SM-G920F Build/LMY47X) AppleWebKit/537.36 (KHTML, like Gecko) SamsungBrowser/3.2 Chrome/38.0.2125.102 Mobile Safari/537.36"
192.88.4.77 - - [12/Dec/2015:00:26:30 +0400] "GET / HTTP/1.1" 200 28528 "-" "Mozilla/5.0 (Windows NT 10.0; WOW64) AppleWebKit/537.36 (KHTML, like Gecko) Dragon/43.3.3.185 Chrome/43.0.2357.81 Safari/537.36"
192.88.4.77 - - [12/Dec/2015:00:26:30 +0400] "GET /favicon.ico HTTP/1.1" 404 0 "-" "Mozilla/5.0 (Windows NT 10.0; WOW64) AppleWebKit/537.36 (KHTML, like Gecko) Dragon/43.3.3.185 Chrome/43.0.2357.81 Safari/537.36"
37.1.131.1 - - [12/Dec/2015:00:26:30 +0400] "GET /id62242 HTTP/1.1" 200 14474 "-" "Opera/9.80 (Windows NT 6.2; Win64; x64) Presto/2.12.388 Version/12.17"
95.46.148.88 - - [12/Dec/2015:00:26:31 +0400] "GET /id99683 HTTP/1.1" 200 14101 "-" "Mozilla/4.0 (compatible; MSIE 7.0; Windows NT 5.1; Trident/4.0; GTB6.5; .NET CLR 2.0.50727; InfoPath.2; .NET CLR 3.0.4506.2152; .NET CLR 3.5.30729; AskTB5.6)"
185.36.15.216 - - [12/Dec/2015:00:26:31 +0400] "GET /id58302 HTTP/1.1" 200 16969 "-" "Mozilla/5.0 (X11; Fedora; Linux x86_64) AppleWebKit/537.36 (KHTML, like Gecko) Chrome/44.0.2403.125 Safari/537.36"
91.232.245.16 - - [12/Dec/2015:00:26:32 +0400] "GET /id21448 HTTP/1.1" 200 28604 "-" "Mozilla/5.0 (Windows NT 6.1) AppleWebKit/537.36 (KHTML, like Gecko) Chrome/45.0.2454.99 Safari/537.36"
91.232.245.16 - - [12/Dec/2015:00:26:32 +0400] "GET /id98987 HTTP/1.1" 200 19469 "-" "Mozilla/5.0 (Windows NT 6.1) AppleWebKit/537.36 (KHTML, like Gecko) Chrome/45.0.2454.99 Safari/537.36"
194.50.80.214 - - [12/Dec/2015:00:26:33 +0400] "GET /id24364 HTTP/1.1" 200 11769 "-" "Mozilla/5.0 (Windows NT 6.3; WOW64) AppleWebKit/537.36 (KHTML, like Gecko) Chrome/45.0.2454.99 Safari/537.36"
194.10.59.130 - - [12/Dec/2015:00:26:33 +0400] "GET /id59243 HTTP/1.1" 200 20713 "-" "Mozilla/5.0 (Windows NT 10.0; Win64; x64) AppleWebKit/537.36 (KHTML, like Gecko) Chrome/43.0.2357.134 Safari/537.36"
195.68.51.111 - - [12/Dec/2015:00:26:33 +0400] "GET / HTTP/1.1" 200 11351 "-" "Mozilla/5.0 (Windows NT 6.2; WOW64) AppleWebKit/537.36 (KHTML, like Gecko) Chrome/38.0.2125.9579 YaBrowser/38.0.2125.9579 Safari/537.36"
195.68.51.111 - - [12/Dec/2015:00:26:33 +0400] "GET /favicon.ico HTTP/1.1" 404 0 "-" "Mozilla/5.0 (Windows NT 6.2; WOW64) AppleWebKit/537.36 (KHTML, like Gecko) Chrome/38.0.2125.9579 YaBrowser/38.0.2125.9579 Safari/537.36"
85.194.252.2 - - [12/Dec/2015:00:26:33 +0400] "GET /id14635 HTTP/1.1" 200 25085 "-" "Mozilla/5.0 (Windows NT 5.1; U; de; rv:1.9.1.6) Gecko/20091201 Firefox/3.5.6 Opera 11.00"
185.54.23.61 - - [12/Dec/2015:00:26:34 +0400] "GET /id84731 HTTP/1.1" 200 32764 "-" "Opera/9.80 (Series 60; Opera Mini/7.0.28965/37.6488; U; en) Presto/2.12.423 Version/12.16"
62.134.175.214 - - [12/Dec/2015:00:26:34 +0400] "GET /id99729 HTTP/1.1" 200 19744 "-" "Mozilla/5.0 (Linux; Android 5.1.1; SAMSUNG SM-G920F Build/LMY47X) AppleWebKit/537.36 (KHTML, like Gecko) SamsungBrowser/3.2 Chrome/38.0.2125.102 Mobile Safari/537.36"
103.46.140.52 - - [12/Dec/2015:00:26:35 +0400] "GET /id49510 HTTP/1.1" 200 10941 "-" "Mozilla/5.0 (Windows NT 6.1) AppleWebKit/537.36 (KHTML, like Gecko) Chrome/45.0.2454.99 Safari/537.36"
91.192.70.149 - - [12/Dec/2015:00:26:36 +0400] "GET /id73494 HTTP/1.1" 200 22848 "-" "Mozilla/5.0 (Macintosh; Intel Mac OS X 10_11) AppleWebKit/601.1.35 (KHTML, like Gecko) Version/9.0 Safari/601.1.35"
91.209.154.198 - - [12/Dec/2015:00:26:36 +0400] "GET /id14028 HTTP/1.1" 200 9092 "-" "Mozilla/5.0 (Windows NT 6.1; Win64; x64) AppleWebKit/537.36 (KHTML, like Gecko) Chrome/45.0.2454.7 Safari/537.36"
37.1.131.1 - - [12/Dec/2015:00:26:36 +0400] "GET /id37171 HTTP/1.1" 200 23147 "-" "Opera/9.80 (Windows NT 6.2; Win64; x64) Presto/2.12.388 Version/12.17"
62.134.175.214 - - [12/Dec/2015:00:26:36 +0400] "GET /id58145 HTTP/1.1" 200 9863 "-" "Mozilla/5.0 (Linux; Android 5.1.1; SAMSUNG SM-G920F Build/LMY47X) AppleWebKit/537.36 (KHTML, like Gecko) SamsungBrowser/3.2 Chrome/38.0.2125.102 Mobile Safari/537.36"
62.134.175.214 - - [12/Dec/2015:00:26:36 +0400] "GET /id19545 HTTP/1.1" 200 20982 "-" "Mozilla/5.0 (Linux; Android 5.1.1; SAMSUNG SM-G920F Build/LMY47X) AppleWebKit/537.36 (KHTML, like Gecko) SamsungBrowser/3.2 Chrome/38.0.2125.102 Mobile Safari/537.36"
83.231.249.112 - - [12/Dec/2015:00:26:37 +0400] "GET /id34060 HTTP/1.1" 200 12928 "-" "Mozilla/4.0 (compatible; MSIE 7.0; Windows NT 5.1; Mozilla/4.0 (compatible; MSIE 8.0; Win32; GMX); (gmx/1.1.0.21); (webde/1.1.0.22); Mozilla/4.0 (compatible; MSIE 6.0; Windows NT 5.1; SV1) )"
5.1.55.168 - - [12/Dec/2015:00:26:37 +0400] "GET /id43875 HTTP/1.1" 200 17648 "-" "Mozilla/5.0 (Windows NT 6.1; WOW64) AppleWebKit/537.36 (KHTML, like Gecko) Chrome/44.0.2403.61 Safari/537.36"
194.50.80.214 - - [12/Dec/2015:00:26:37 +0400] "GET /id84977 HTTP/1.1" 200 17652 "-" "Mozilla/5.0 (Windows NT 6.3; WOW64) AppleWebKit/537.36 (KHTML, like Gecko) Chrome/45.0.2454.99 Safari/537.36"
91.200.207.253 - - [12/Dec/2015:00:26:37 +0400] "GET /id48231 HTTP/1.1" 200 14694 "-" "Mozilla/4.0 (compatible; MSIE 8.0; Windows NT 5.1; Trident/4.0; SIMBAR={7053266C-9A81-42AB-8419-A82EAF3B58C2}; GTB6.6; .NET CLR 2.0.50727; .NET CLR 3.0.4506.2152; .NET CLR 3.5.30729)"
195.68.51.111 - - [12/Dec/2015:00:26:38 +0400] "GET /id18659 HTTP/1.1" 200 10632 "-" "Mozilla/5.0 (Windows NT 6.2; WOW64) AppleWebKit/537.36 (KHTML, like Gecko) Chrome/38.0.2125.9579 YaBrowser/38.0.2125.9579 Safari/537.36"
149.86.191.144 - - [12/Dec/2015:00:26:38 +0400] "GET /id93065 HTTP/1.1" 200 19713 "-" "Mozilla/5.0 (Windows NT 6.3; WOW64) AppleWebKit/537.36 (KHTML, like Gecko) Chrome/45.0.2454.99 Safari/537.36"
185.88.161.132 - - [12/Dec/2015:00:26:40 +0400] "GET /id52919 HTTP/1.1" 200 11501 "-" "Mozilla/5.0 (Windows NT 6.3; rv:38.0) Gecko/20100101 Firefox/38.0"
5.1.55.168 - - [12/Dec/2015:00:26:40 +0400] "GET /id52268 HTTP/1.1" 200 27724 "-" "Mozilla/5.0 (Windows NT 6.1; WOW64) AppleWebKit/537.36 (KHTML, like Gecko) Chrome/44.0.2403.61 Safari/537.36"
91.232.245.16 - - [12/Dec/2015:00:26:42 +0400] "GET /id14556 HTTP/1.1" 200 20340 "-" "Mozilla/5.0 (Windows NT 6.1) AppleWebKit/537.36 (KHTML, like Gecko) Chrome/45.0.2454.99 Safari/537.36"
185.54.23.61 - - [12/Dec/2015:00:26:42 +0400] "GET /id87262 HTTP/1.1" 200 22795 "-" "Opera/9.80 (Series 60; Opera Mini/7.0.28965/37.6488; U; en) Presto/2.12.423 Version/12.16"
185.54.23.61 - - [12/Dec/2015:00:26:42 +0400] "GET /id37355 HTTP/1.1" 200 22814 "-" "Opera/9.80 (Series 60; Opera Mini/7.0.28965/37.6488; U; en) Presto/2.12.423 Version/12.16"
91.220.218.238 - - [12/Dec/2015:00:26:42 +0400] "GET /id74462 HTTP/1.1" 200 27207 "-" "Mozilla/5.0 (Windows NT 10.0; WOW64) AppleWebKit/537.36 (KHTML, like Gecko) Chrome/45.0.2454.99 Safari/537.36"
194.50.80.214 - - [12/Dec/2015:00:26:43 +0400] "GET /id82130 HTTP/1.1" 200 20525 "-" "Mozilla/5.0 (Windows NT 6.3; WOW64) AppleWebKit/537.36 (KHTML, like Gecko) Chrome/45.0.2454.99 Safari/537.36"
213.241.250.250 - - [12/Dec/2015:00:26:44 +0400] "GET /id85520 HTTP/1.1" 200 10556 "-" "Mozilla/5.0 (Windows NT 6.1; Trident/7.0; tb-webde/2.5.1; rv:11.0) like Gecko"
91.232.245.16 - - [12/Dec/2015:00:26:44 +0400] "GET /id77087 HTTP/1.1" 200 9404 "-" "Mozilla/5.0 (Windows NT 6.1) AppleWebKit/537.36 (KHTML, like Gecko) Chrome/45.0.2454.99 Safari/537.36"
200.10.40.199 - - [12/Dec/2015:00:26:45 +0400] "GET /id73948 HTTP/1.1" 200 18126 "-" "Mozilla/4.0 (compatible; MSIE 8.0; Windows NT 6.1; Trident/4.0; SLCC2; .NET CLR 2.0.50727; .NET CLR 3.5.30729; .NET CLR 3.0.30729; Media Center PC 6.0; .NET4.0C; InfoPath.3; MS-RTC LM 8; InfoPath.2; AskTbCFTP2V5/5.11.3.15590)"
91.200.207.253 - - [12/Dec/2015:00:26:45 +0400] "GET /id60175 HTTP/1.1" 200 9873 "-" "Mozilla/4.0 (compatible; MSIE 8.0; Windows NT 5.1; Trident/4.0; SIMBAR={7053266C-9A81-42AB-8419-A82EAF3B58C2}; GTB6.6; .NET CLR 2.0.50727; .NET CLR 3.0.4506.2152; .NET CLR 3.5.30729)"
83.231.249.112 - - [12/Dec/2015:00:26:47 +0400] "GET /id38032 HTTP/1.1" 200 15175 "-" "Mozilla/4.0 (compatible; MSIE 7.0; Windows NT 5.1; Mozilla/4.0 (compatible; MSIE 8.0; Win32; GMX); (gmx/1.1.0.21); (webde/1.1.0.22); Mozilla/4.0 (compatible; MSIE 6.0; Windows NT 5.1; SV1) )"
185.54.23.61 - - [12/Dec/2015:00:26:47 +0400] "GET /id81929 HTTP/1.1" 200 26762 "-" "Opera/9.80 (Series 60; Opera Mini/7.0.28965/37.6488; U; en) Presto/2.12.423 Version/12.16"
193.111.92.36 - - [12/Dec/2015:00:26:47 +0400] "GET /id69090 HTTP/1.1" 200 14376 "-" "Bl0wMe perVersion 2/1"
91.232.245.16 - - [12/Dec/2015:00:26:48 +0400] "GET /id68770 HTTP/1.1" 200 13787 "-" "Mozilla/5.0 (Windows NT 6.1) AppleWebKit/537.36 (KHTML, like Gecko) Chrome/45.0.2454.99 Safari/537.36"
192.88.4.77 - - [12/Dec/2015:00:26:48 +0400] "GET /id47021 HTTP/1.1" 200 15943 "-" "Mozilla/5.0 (Windows NT 10.0; WOW64) AppleWebKit/537.36 (KHTML, like Gecko) Dragon/43.3.3.185 Chrome/43.0.2357.81 Safari/537.36"
91.200.207.253 - - [12/Dec/2015:00:26:49 +0400] "GET /id41821 HTTP/1.1" 200 19308 "-" "Mozilla/4.0 (compatible; MSIE 8.0; Windows NT 5.1; Trident/4.0; SIMBAR={7053266C-9A81-42AB-8419-A82EAF3B58C2}; GTB6.6; .NET CLR 2.0.50727; .NET CLR 3.0.4506.2152; .NET CLR 3.5.30729)"
195.68.51.111 - - [12/Dec/2015:00:26:49 +0400] "GET /id62373 HTTP/1.1" 200 26357 "-" "Mozilla/5.0 (Windows NT 6.2; WOW64) AppleWebKit/537.36 (KHTML, like Gecko) Chrome/38.0.2125.9579 YaBrowser/38.0.2125.9579 Safari/537.36"
91.220.218.238 - - [12/Dec/2015:00:26:51 +0400] "GET /id31368 HTTP/1.1" 200 25279 "-" "Mozilla/5.0 (Windows NT 10.0; WOW64) AppleWebKit/537.36 (KHTML, like Gecko) Chrome/45.0.2454.99 Safari/537.36"
176.107.207.105 - - [12/Dec/2015:00:26:51 +0400] "GET / HTTP/1.1" 200 13925 "-" "Mozilla/5.0 (Linux; U; Android 4.2.2; de-at; PadFone T004 Build/JDQ39) AppleWebKit/534.30 (KHTML, like Gecko) Version/4.0 Mobile Safari/534.30"
176.107.207.105 - - [12/Dec/2015:00:26:51 +0400] "GET /favicon.ico HTTP/1.1" 404 0 "-" "Mozilla/5.0 (Linux; U; Android 4.2.2; de-at; PadFone T004 Build/JDQ39) AppleWebKit/534.30 (KHTML, like Gecko) Version/4.0 Mobile Safari/534.30"
195.68.51.111 - - [12/Dec/2015:00:26:51 +0400] "GET /id67426 HTTP/1.1" 200 10525 "-" "Mozilla/5.0 (Windows NT 6.2; WOW64) AppleWebKit/537.36 (KHTML, like Gecko) Chrome/38.0.2125.9579 YaBrowser/38.0.2125.9579 Safari/537.36"
85.194.252.2 - - [12/Dec/2015:00:26:52 +0400] "GET /id31866 HTTP/1.1" 200 32533 "-" "Mozilla/5.0 (Windows NT 5.1; U; de; rv:1.9.1.6) Gecko/20091201 Firefox/3.5.6 Opera 11.00"
213.241.250.250 - - [12/Dec/2015:00:26:53 +0400] "GET /id97179 HTTP/1.1" 200 27166 "-" "Mozilla/5.0 (Windows NT 6.1; Trident/7.0; tb-webde/2.5.1; rv:11.0) like Gecko"
194.135.205.227 - - [12/Dec/2015:00:26:56 +0400] "GET /id43276 HTTP/1.1" 200 16413 "-" "Mozilla/5.0 (Windows NT 5.1; U; de; rv:1.9.1.6) Gecko/20091201 Firefox/3.5.6 Opera 11.00"
91.232.245.16 - - [12/Dec/2015:00:26:56 +0400] "GET /id98785 HTTP/1.1" 200 14300 "-" "Mozilla/5.0 (Windows NT 6.1) AppleWebKit/537.36 (KHTML, like Gecko) Chrome/45.0.2454.99 Safari/537.36"
91.209.154.198 - - [12/Dec/2015:00:26:57 +0400] "GET /id19441 HTTP/1.1" 200 11948 "-" "Mozilla/5.0 (Windows NT 6.1; Win64; x64) AppleWebKit/537.36 (KHTML, like Gecko) Chrome/45.0.2454.7 Safari/537.36"
195.10.208.161 - - [12/Dec/2015:00:26:57 +0400] "GET /id46683 HTTP/1.1" 200 20295 "-" "Mozilla/5.0 (Windows NT 10.0; WOW64) AppleWebKit/537.36 (KHTML, like Gecko) Chrome/45.0.2454.99 Safari/537.36"
149.86.191.144 - - [12/Dec/2015:00:27:00 +0400] "GET /id31075 HTTP/1.1" 200 22268 "-" "Mozilla/5.0 (Windows NT 6.3; WOW64) AppleWebKit/537.36 (KHTML, like Gecko) Chrome/45.0.2454.99 Safari/537.36"
91.220.218.238 - - [12/Dec/2015:00:27:00 +0400] "GET /id83496 HTTP/1.1" 200 15307 "-" "Mozilla/5.0 (Windows NT 10.0; WOW64) AppleWebKit/537.36 (KHTML, like Gecko) Chrome/45.0.2454.99 Safari/537.36"
91.220.218.238 - - [12/Dec/2015:00:27:00 +0400] "GET /id37702 HTTP/1.1" 200 30442 "-" "Mozilla/5.0 (Windows NT 10.0; WOW64) AppleWebKit/537.36 (KHTML, like Gecko) Chrome/45.0.2454.99 Safari/537.36"
91.232.245.16 - - [12/Dec/2015:00:27:01 +0400] "GET /id40927 HTTP/1.1" 200 28244 "-" "Mozilla/5.0 (Windows NT 6.1) AppleWebKit/537.36 (KHTML, like Gecko) Chrome/45.0.2454.99 Safari/537.36"
194.135.205.227 - - [12/Dec/2015:00:27:02 +0400] "GET /id11152 HTTP/1.1" 200 27614 "-" "Mozilla/5.0 (Windows NT 5.1; U; de; rv:1.9.1.6) Gecko/20091201 Firefox/3.5.6 Opera 11.00"
149.86.191.144 - - [12/Dec/2015:00:27:03 +0400] "GET /id41903 HTTP/1.1" 200 14658 "-" "Mozilla/5.0 (Windows NT 6.3; WOW64) AppleWebKit/537.36 (KHTML, like Gecko) Chrome/45.0.2454.99 Safari/537.36"
213.243.99.182 - - [12/Dec/2015:00:27:03 +0400] "GET /id96315 HTTP/1.1" 200 29740 "-" "Mozilla/5.0 (Linux; Android 4.2.2; de-at; SAMSUNG GT-I9195/I9195XXUBMJ7 Build/JDQ39) AppleWebKit/535.19 (KHTML, like Gecko) Version/1.0 Chrome/18.0.1025.308 Mobile Safari/535.19"
91.220.218.238 - - [12/Dec/2015:00:27:03 +0400] "GET /id17434 HTTP/1.1" 200 29712 "-" "Mozilla/5.0 (Windows NT 10.0; WOW64) AppleWebKit/537.36 (KHTML, like Gecko) Chrome/45.0.2454.99 Safari/537.36"
46.151.164.97 - - [12/Dec/2015:00:27:04 +0400] "GET / HTTP/1.1" 200 28092 "-" "Mozilla/5.0 (Linux; Android 5.0.2; SM-T530 Build/LRX22G) AppleWebKit/537.36 (KHTML, like Gecko) Chrome/44.0.2403.133 Safari/537.36"
46.151.164.97 - - [12/Dec/2015:00:27:04 +0400] "GET /favicon.ico HTTP/1.1" 404 0 "-" "Mozilla/5.0 (Linux; Android 5.0.2; SM-T530 Build/LRX22G) AppleWebKit/537.36 (KHTML, like Gecko) Chrome/44.0.2403.133 Safari/537.36"
81.239.158.239 - - [12/Dec/2015:00:27:04 +0400] "GET / HTTP/1.1" 200 9712 "-" "Mozilla/5.0 (compatible; MSIE 10.0; Windows NT 6.2; ARM; Trident/6.0; Touch; ARMBJS)"
81.239.158.239 - - [12/Dec/2015:00:27:04 +0400] "GET /favicon.ico HTTP/1.1" 404 0 "-" "Mozilla/5.0 (compatible; MSIE 10.0; Windows NT 6.2; ARM; Trident/6.0; Touch; ARMBJS)"
192.33.254.106 - - [12/Dec/2015:00:27:04 +0400] "GET / HTTP/1.1" 200 16213 "-" "Mozilla/5.0 (Linux; Android 4.2.2; C2104 Build/15.3.A.1.14) AppleWebKit/537.36 (KHTML, like Gecko) Chrome/42.0.2311.111 Mobile Safari/537.36"
192.33.254.106 - - [12/Dec/2015:00:27:04 +0400] "GET /favicon.ico HTTP/1.1" 404 0 "-" "Mozilla/5.0 (Linux; Android 4.2.2; C2104 Build/15.3.A.1.14) AppleWebKit/537.36 (KHTML, like Gecko) Chrome/42.0.2311.111 Mobile Safari/537.36"
91.209.154.198 - - [12/Dec/2015:00:27:04 +0400] "GET /id15945 HTTP/1.1" 200 25965 "-" "Mozilla/5.0 (Windows NT 6.1; Win64; x64) AppleWebKit/537.36 (KHTML, like Gecko) Chrome/45.0.2454.7 Safari/537.36"
91.192.70.149 - - [12/Dec/2015:00:27:04 +0400] "GET /id51769 HTTP/1.1" 200 31679 "-" "Mozilla/5.0 (Macintosh; Intel Mac OS X 10_11) AppleWebKit/601.1.35 (KHTML, like Gecko) Version/9.0 Safari/601.1.35"
193.111.92.36 - - [12/Dec/2015:00:27:04 +0400] "GET /id21023 HTTP/1.1" 200 17282 "-" "Bl0wMe perVersion 2/1"
81.92.114.30 - - [12/Dec/2015:00:27:04 +0400] "GET / HTTP/1.1" 200 18494 "-" "Mozilla/5.0 (X11; Ubuntu; Linux i686; rv:39.0) Gecko/20100101 Firefox/39.0"
81.92.114.30 - - [12/Dec/2015:00:27:04 +0400] "GET /favicon.ico HTTP/1.1" 404 0 "-" "Mozilla/5.0 (X11; Ubuntu; Linux i686; rv:39.0) Gecko/20100101 Firefox/39.0"
192.88.4.77 - - [12/Dec/2015:00:27:05 +0400] "GET /id62951 HTTP/1.1" 200 9395 "-" "Mozilla/5.0 (Windows NT 10.0; WOW64) AppleWebKit/537.36 (KHTML, like Gecko) Dragon/43.3.3.185 Chrome/43.0.2357.81 Safari/537.36"
91.220.218.238 - - [12/Dec/2015:00:27:05 +0400] "GET /id78550 HTTP/1.1" 200 13267 "-" "Mozilla/5.0 (Windows NT 10.0; WOW64) AppleWebKit/537.36 (KHTML, like Gecko) Chrome/45.0.2454.99 Safari/537.36"
81.239.158.239 - - [12/Dec/2015:00:27:06 +0400] "GET /id55312 HTTP/1.1" 200 32353 "-" "Mozilla/5.0 (compatible; MSIE 10.0; Windows NT 6.2; ARM; Trident/6.0; Touch; ARMBJS)"
93.170.176.51 - - [12/Dec/2015:00:27:06 +0400] "GET / HTTP/1.1" 200 8672 "-" "Opera/9.80 (Windows NT 6.1; U; fr) Presto/2.10.229 Version/11.60"
93.170.176.51 - - [12/Dec/2015:00:27:06 +0400] "GET /favicon.ico HTTP/1.1" 404 0 "-" "Opera/9.80 (Windows NT 6.1; U; fr) Presto/2.10.229 Version/11.60"
91.220.218.238 - - [12/Dec/2015:00:27:06 +0400] "GET /id32729 HTTP/1.1" 200 15732 "-" "Mozilla/5.0 (Windows NT 10.0; WOW64) AppleWebKit/537.36 (KHTML, like Gecko) Chrome/45.0.2454.99 Safari/537.36"
95.156.233.243 - - [12/Dec/2015:00:27:06 +0400] "GET / HTTP/1.1" 200 13804 "-" "Mozilla/5.0 (X11; Linux i686; sS8IDbW0w7JU2JlVBpwlG3WiGrRLv2RZ1zeUwLumzIk=) AppleWebKit/537.36 (KHTML, like Gecko) Chrome/39.0.2171.95 Safari/537.36"
95.156.233.243 - - [12/Dec/2015:00:27:06 +0400] "GET /favicon.ico HTTP/1.1" 404 0 "-" "Mozilla/5.0 (X11; Linux i686; sS8IDbW0w7JU2JlVBpwlG3WiGrRLv2RZ1zeUwLumzIk=) AppleWebKit/537.36 (KHTML, like Gecko) Chrome/39.0.2171.95 Safari/537.36"
17.72.70.221 - - [12/Dec/2015:00:27:06 +0400] "GET /id10045 HTTP/1.1" 200 22831 "-" "Mozilla/5.0 (Windows NT 5.1) AppleWebKit/535.1 (KHTML, like Gecko) Chrome/13.0.782.14 Safari/535.1"
185.112.153.145 - - [12/Dec/2015:00:27:06 +0400] "GET / HTTP/1.1" 200 11461 "-" "Mozilla/5.0 (iPad; U; CPU iPhone OS 3_2 like Mac OS X; en-us) AppleWebKit/531.21 (KHTML, like Gecko) Version/4.0.4 Mobile/7B314 Safari/531.21"
185.112.153.145 - - [12/Dec/2015:00:27:06 +0400] "GET /favicon.ico HTTP/1.1" 404 0 "-" "Mozilla/5.0 (iPad; U; CPU iPhone OS 3_2 like Mac OS X; en-us) AppleWebKit/531.21 (KHTML, like Gecko) Version/4.0.4 Mobile/7B314 Safari/531.21"
81.92.114.30 - - [12/Dec/2015:00:27:06 +0400] "GET /id53197 HTTP/1.1" 200 13700 "-" "Mozilla/5.0 (X11; Ubuntu; Linux i686; rv:39.0) Gecko/20100101 Firefox/39.0"
91.127.158.183 - - [12/Dec/2015:00:27:07 +0400] "GET / HTTP/1.1" 200 18480 "-" "Mozilla/4.0 (compatible; MSIE 8.0; PPP v5.1 (1,1,1); Windows NT 5.1; Trident/4.0; Posten Sverige AB (XP ver:1.0); .NET CLR 1.1.4322; .NET CLR 2.0.50727; .NET CLR 3.0.4506.2152; .NET CLR 3.5.30729; InfoPath.1; InfoPath.3; .NET4.0C; .NET4.0E; Posten Sverige AB (XP ver:1.0))"
91.127.158.183 - - [12/Dec/2015:00:27:07 +0400] "GET /favicon.ico HTTP/1.1" 404 0 "-" "Mozilla/4.0 (compatible; MSIE 8.0; PPP v5.1 (1,1,1); Windows NT 5.1; Trident/4.0; Posten Sverige AB (XP ver:1.0); .NET CLR 1.1.4322; .NET CLR 2.0.50727; .NET CLR 3.0.4506.2152; .NET CLR 3.5.30729; InfoPath.1; InfoPath.3; .NET4.0C; .NET4.0E; Posten Sverige AB (XP ver:1.0))"
46.151.164.97 - - [12/Dec/2015:00:27:07 +0400] "GET /id41860 HTTP/1.1" 200 19973 "-" "Mozilla/5.0 (Linux; Android 5.0.2; SM-T530 Build/LRX22G) AppleWebKit/537.36 (KHTML, like Gecko) Chrome/44.0.2403.133 Safari/537.36"
91.127.158.183 - - [12/Dec/2015:00:27:07 +0400] "GET /id18794 HTTP/1.1" 200 29381 "-" "Mozilla/4.0 (compatible; MSIE 8.0; PPP v5.1 (1,1,1); Windows NT 5.1; Trident/4.0; Posten Sverige AB (XP ver:1.0); .NET CLR 1.1.4322; .NET CLR 2.0.50727; .NET CLR 3.0.4506.2152; .NET CLR 3.5.30729; InfoPath.1; InfoPath.3; .NET4.0C; .NET4.0E; Posten Sverige AB (XP ver:1.0))"
195.88.185.117 - - [12/Dec/2015:00:27:07 +0400] "GET / HTTP/1.1" 200 21814 "-" "Mozilla/5.0 (Windows NT 10.0; WOW64) AppleWebKit/537.36 (KHTML, like Gecko) Chrome/45.0.2454.99 Safari/537.36"
195.88.185.117 - - [12/Dec/2015:00:27:07 +0400] "GET /favicon.ico HTTP/1.1" 404 0 "-" "Mozilla/5.0 (Windows NT 10.0; WOW64) AppleWebKit/537.36 (KHTML, like Gecko) Chrome/45.0.2454.99 Safari/537.36"
78.40.191.243 - - [12/Dec/2015:00:27:07 +0400] "GET / HTTP/1.1" 200 29321 "-" "Mozilla/5.0 (Linux; U; Android 2.1-update1; en-us; MB502 Build/BASIL_U3_02.60.5) AppleWebKit/530.17 (KHTML, like Gecko) Version/4.0 Mobile Safari/530.17"
78.40.191.243 - - [12/Dec/2015:00:27:07 +0400] "GET /favicon.ico HTTP/1.1" 404 0 "-" "Mozilla/5.0 (Linux; U; Android 2.1-update1; en-us; MB502 Build/BASIL_U3_02.60.5) AppleWebKit/530.17 (KHTML, like Gecko) Version/4.0 Mobile Safari/530.17"
176.107.207.105 - - [12/Dec/2015:00:27:07 +0400] "GET /id80492 HTTP/1.1" 200 26024 "-" "Mozilla/5.0 (Linux; U; Android 4.2.2; de-at; PadFone T004 Build/JDQ39) AppleWebKit/534.30 (KHTML, like Gecko) Version/4.0 Mobile Safari/534.30"
93.170.176.51 - - [12/Dec/2015:00:27:07 +0400] "GET /id44900 HTTP/1.1" 200 13346 "-" "Opera/9.80 (Windows NT 6.1; U; fr) Presto/2.10.229 Version/11.60"
176.107.207.105 - - [12/Dec/2015:00:27:07 +0400] "GET /id61717 HTTP/1.1" 200 17417 "-" "Mozilla/5.0 (Linux; U; Android 4.2.2; de-at; PadFone T004 Build/JDQ39) AppleWebKit/534.30 (KHTML, like Gecko) Version/4.0 Mobile Safari/534.30"
103.46.140.52 - - [12/Dec/2015:00:27:08 +0400] "GET /id95257 HTTP/1.1" 200 13805 "-" "Mozilla/5.0 (Windows NT 6.1) AppleWebKit/537.36 (KHTML, like Gecko) Chrome/45.0.2454.99 Safari/537.36"
81.239.158.239 - - [12/Dec/2015:00:27:08 +0400] "GET /id45934 HTTP/1.1" 200 32017 "-" "Mozilla/5.0 (compatible; MSIE 10.0; Windows NT 6.2; ARM; Trident/6.0; Touch; ARMBJS)"
81.239.158.239 - - [12/Dec/2015:00:27:08 +0400] "GET /id40678 HTTP/1.1" 200 30404 "-" "Mozilla/5.0 (compatible; MSIE 10.0; Windows NT 6.2; ARM; Trident/6.0; Touch; ARMBJS)"
91.241.79.155 - - [12/Dec/2015:00:27:09 +0400] "GET / HTTP/1.1" 200 22854 "-" "SAMSUNG-GT-S5292/1.0 NetFront/4.2 Profile/MIDP-2.0 Configuration/CLDC-1.1"
91.241.79.155 - - [12/Dec/2015:00:27:09 +0400] "GET /favicon.ico HTTP/1.1" 404 0 "-" "SAMSUNG-GT-S5292/1.0 NetFront/4.2 Profile/MIDP-2.0 Configuration/CLDC-1.1"
91.127.158.183 - - [12/Dec/2015:00:27:09 +0400] "GET /id85239 HTTP/1.1" 200 32104 "-" "Mozilla/4.0 (compatible; MSIE 8.0; PPP v5.1 (1,1,1); Windows NT 5.1; Trident/4.0; Posten Sverige AB (XP ver:1.0); .NET CLR 1.1.4322; .NET CLR 2.0.50727; .NET CLR 3.0.4506.2152; .NET CLR 3.5.30729; InfoPath.1; InfoPath.3; .NET4.0C; .NET4.0E; Posten Sverige AB (XP ver:1.0))"
66.251.216.244 - - [12/Dec/2015:00:27:09 +0400] "GET / HTTP/1.1" 200 10966 "-" "Mozilla/5.0 (Macintosh; Intel Mac OS X 10_10_5) AppleWebKit/601.1.56 (KHTML, like Gecko) Version/9.0 Safari/601.1.56"
66.251.216.244 - - [12/Dec/2015:00:27:09 +0400] "GET /favicon.ico HTTP/1.1" 404 0 "-" "Mozilla/5.0 (Macintosh; Intel Mac OS X 10_10_5) AppleWebKit/601.1.56 (KHTML, like Gecko) Version/9.0 Safari/601.1.56"
91.232.245.16 - - [12/Dec/2015:00:27:09 +0400] "GET /id35078 HTTP/1.1" 200 28906 "-" "Mozilla/5.0 (Windows NT 6.1) AppleWebKit/537.36 (KHTML, like Gecko) Chrome/45.0.2454.99 Safari/537.36"
194.6.198.103 - - [12/Dec/2015:00:27:09 +0400] "GET / HTTP/1.1" 200 31272 "-" "Mozilla/5.0 (Linux; Android 5.1; XT1526 Build/LPI23.29-18-S.2) AppleWebKit/537.36 (KHTML, like Gecko) Chrome/44.0.2403.133 Mobile Safari/537.36"
194.6.198.103 - - [12/Dec/2015:00:27:09 +0400] "GET /favicon.ico HTTP/1.1" 404 0 "-" "Mozilla/5.0 (Linux; Android 5.1; XT1526 Build/LPI23.29-18-S.2) AppleWebKit/537.36 (KHTML, like Gecko) Chrome/44.0.2403.133 Mobile Safari/537.36"
91.200.207.253 - - [12/Dec/2015:00:27:10 +0400] "GET /id17347 HTTP/1.1" 200 9855 "-" "Mozilla/4.0 (compatible; MSIE 8.0; Windows NT 5.1; Trident/4.0; SIMBAR={7053266C-9A81-42AB-8419-A82EAF3B58C2}; GTB6.6; .NET CLR 2.0.50727; .NET CLR 3.0.4506.2152; .NET CLR 3.5.30729)"
91.209.154.198 - - [12/Dec/2015:00:27:10 +0400] "GET /id18371 HTTP/1.1" 200 30532 "-" "Mozilla/5.0 (Windows NT 6.1; Win64; x64) AppleWebKit/537.36 (KHTML, like Gecko) Chrome/45.0.2454.7 Safari/537.36"
94.198.232.61 - - [12/Dec/2015:00:27:11 +0400] "GET / HTTP/1.1" 200 32179 "-" "Mozilla/5.0 (X11; Linux armv7l; rv:17.0) Gecko/20100101 Firefox/17.0"
94.198.232.61 - - [12/Dec/2015:00:27:11 +0400] "GET /favicon.ico HTTP/1.1" 404 0 "-" "Mozilla/5.0 (X11; Linux armv7l; rv:17.0) Gecko/20100101 Firefox/17.0"
91.200.207.253 - - [12/Dec/2015:00:27:11 +0400] "GET /id82172 HTTP/1.1" 200 8533 "-" "Mozilla/4.0 (compatible; MSIE 8.0; Windows NT 5.1; Trident/4.0; SIMBAR={7053266C-9A81-42AB-8419-A82EAF3B58C2}; GTB6.6; .NET CLR 2.0.50727; .NET CLR 3.0.4506.2152; .NET CLR 3.5.30729)"
78.40.191.243 - - [12/Dec/2015:00:27:11 +0400] "GET /id24669 HTTP/1.1" 200 14926 "-" "Mozilla/5.0 (Linux; U; Android 2.1-update1; en-us; MB502 Build/BASIL_U3_02.60.5) AppleWebKit/530.17 (KHTML, like Gecko) Version/4.0 Mobile Safari/530.17"
91.192.70.149 - - [12/Dec/2015:00:27:11 +0400] "GET /id74511 HTTP/1.1" 200 16711 "-" "Mozilla/5.0 (Macintosh; Intel Mac OS X 10_11) AppleWebKit/601.1.35 (KHTML, like Gecko) Version/9.0 Safari/601.1.35"
195.99.68.175 - - [12/Dec/2015:00:27:11 +0400] "GET / HTTP/1.1" 200 11625 "-" "Mozilla/5.0 (Windows NT 5.1; U; de; rv:1.9.1.6) Gecko/20091201 Firefox/3.5.6 Opera 11.00"
195.99.68.175 - - [12/Dec/2015:00:27:11 +0400] "GET /favicon.ico HTTP/1.1" 404 0 "-" "Mozilla/5.0 (Windows NT 5.1; U; de; rv:1.9.1.6) Gecko/20091201 Firefox/3.5.6 Opera 11.00"
91.192.70.149 - - [12/Dec/2015:00:27:12 +0400] "GET /id98449 HTTP/1.1" 200 18650 "-" "Mozilla/5.0 (Macintosh; Intel Mac OS X 10_11) AppleWebKit/601.1.35 (KHTML, like Gecko) Version/9.0 Safari/601.1.35"
149.86.191.144 - - [12/Dec/2015:00:27:12 +0400] "GET /id79804 HTTP/1.1" 200 19730 "-" "Mozilla/5.0 (Windows NT 6.3; WOW64) AppleWebKit/537.36 (KHTML, like Gecko) Chrome/45.0.2454.99 Safari/537.36"
195.88.185.117 - - [12/Dec/2015:00:27:13 +0400] "GET /id69982 HTTP/1.1" 200 28674 "-" "Mozilla/5.0 (Windows NT 10.0; WOW64) AppleWebKit/537.36 (KHTML, like Gecko) Chrome/45.0.2454.99 Safari/537.36"
212.188.28.57 - - [12/Dec/2015:00:27:13 +0400] "GET / HTTP/1.1" 200 32109 "-" "Mozilla/5.0 (Windows NT 6.3; WOW64; rv:41.0) Gecko/20100101 Firefox/41.0"
212.188.28.57 - - [12/Dec/2015:00:27:13 +0400] "GET /favicon.ico HTTP/1.1" 404 0 "-" "Mozilla/5.0 (Windows NT 6.3; WOW64; rv:41.0) Gecko/20100101 Firefox/41.0"
195.88.185.117 - - [12/Dec/2015:00:27:14 +0400] "GET /id85028 HTTP/1.1" 200 10421 "-" "Mozilla/5.0 (Windows NT 10.0; WOW64) AppleWebKit/537.36 (KHTML, like Gecko) Chrome/45.0.2454.99 Safari/537.36"
192.33.254.106 - - [12/Dec/2015:00:27:14 +0400] "GET /id77957 HTTP/1.1" 200 30841 "-" "Mozilla/5.0 (Linux; Android 4.2.2; C2104 Build/15.3.A.1.14) AppleWebKit/537.36 (KHTML, like Gecko) Chrome/42.0.2311.111 Mobile Safari/537.36"
91.232.245.16 - - [12/Dec/2015:00:27:14 +0400] "GET /id56683 HTTP/1.1" 200 25850 "-" "Mozilla/5.0 (Windows NT 6.1) AppleWebKit/537.36 (KHTML, like Gecko) Chrome/45.0.2454.99 Safari/537.36"
94.198.232.61 - - [12/Dec/2015:00:27:14 +0400] "GET /id24053 HTTP/1.1" 200 23157 "-" "Mozilla/5.0 (X11; Linux armv7l; rv:17.0) Gecko/20100101 Firefox/17.0"
46.151.164.97 - - [12/Dec/2015:00:27:14 +0400] "GET /id65561 HTTP/1.1" 200 24024 "-" "Mozilla/5.0 (Linux; Android 5.0.2; SM-T530 Build/LRX22G) AppleWebKit/537.36 (KHTML, like Gecko) Chrome/44.0.2403.133 Safari/537.36"
213.178.43.58 - - [12/Dec/2015:00:27:15 +0400] "GET / HTTP/1.1" 200 22648 "-" "Mozilla/4.0 (compatible; MSIE 8.0; Windows NT 6.1; WOW64; Trident/4.0; SLCC2; .NET CLR 2.0.50727; .NET CLR 3.5.30729; .NET CLR 3.0.30729; InfoPath.2; MS-RTC LM 8; .NET4.0C; .NET4.0E; IPH 1.1.21.4019; AskTbORJ/5.13.1.18107)"
213.178.43.58 - - [12/Dec/2015:00:27:15 +0400] "GET /favicon.ico HTTP/1.1" 404 0 "-" "Mozilla/4.0 (compatible; MSIE 8.0; Windows NT 6.1; WOW64; Trident/4.0; SLCC2; .NET CLR 2.0.50727; .NET CLR 3.5.30729; .NET CLR 3.0.30729; InfoPath.2; MS-RTC LM 8; .NET4.0C; .NET4.0E; IPH 1.1.21.4019; AskTbORJ/5.13.1.18107)"
185.112.153.145 - - [12/Dec/2015:00:27:15 +0400] "GET /id58704 HTTP/1.1" 200 15583 "-" "Mozilla/5.0 (iPad; U; CPU iPhone OS 3_2 like Mac OS X; en-us) AppleWebKit/531.21 (KHTML, like Gecko) Version/4.0.4 Mobile/7B314 Safari/531.21"
185.36.15.216 - - [12/Dec/2015:00:27:16 +0400] "GET /id63210 HTTP/1.1" 200 29705 "-" "Mozilla/5.0 (X11; Fedora; Linux x86_64) AppleWebKit/537.36 (KHTML, like Gecko) Chrome/44.0.2403.125 Safari/537.36"
91.221.41.118 - - [12/Dec/2015:00:27:16 +0400] "GET / HTTP/1.1" 200 14858 "-" "Mozilla/5.0 (Windows NT 10.0; WOW64) AppleWebKit/537.36 (KHTML, like Gecko) Chrome/45.0.2454.99 Safari/537.36"
91.221.41.118 - - [12/Dec/2015:00:27:16 +0400] "GET /favicon.ico HTTP/1.1" 404 0 "-" "Mozilla/5.0 (Windows NT 10.0; WOW64) AppleWebKit/537.36 (KHTML, like Gecko) Chrome/45.0.2454.99 Safari/537.36"
46.151.164.97 - - [12/Dec/2015:00:27:17 +0400] "GET /id82876 HTTP/1.1" 200 31694 "-" "Mozilla/5.0 (Linux; Android 5.0.2; SM-T530 Build/LRX22G) AppleWebKit/537.36 (KHTML, like Gecko) Chrome/44.0.2403.133 Safari/537.36"
91.213.249.167 - - [12/Dec/2015:00:27:17 +0400] "GET / HTTP/1.1" 200 26900 "-" "Mozilla/5.0 (Windows NT 5.1; U; de; rv:1.9.1.6) Gecko/20091201 Firefox/3.5.6 Opera 11.00"
91.213.249.167 - - [12/Dec/2015:00:27:17 +0400] "GET /favicon.ico HTTP/1.1" 404 0 "-" "Mozilla/5.0 (Windows NT 5.1; U; de; rv:1.9.1.6) Gecko/20091201 Firefox/3.5.6 Opera 11.00"
91.225.238.234 - - [12/Dec/2015:00:27:17 +0400] "GET / HTTP/1.1" 200 24738 "-" "Mozilla/5.0 (Windows NT 5.2; rv:13.0) Gecko/20100101 Firefox/13.0.1"
91.225.238.234 - - [12/Dec/2015:00:27:17 +0400] "GET /favicon.ico HTTP/1.1" 404 0 "-" "Mozilla/5.0 (Windows NT 5.2; rv:13.0) Gecko/20100101 Firefox/13.0.1"
78.40.191.243 - - [12/Dec/2015:00:27:17 +0400] "GET /id83131 HTTP/1.1" 200 23650 "-" "Mozilla/5.0 (Linux; U; Android 2.1-update1; en-us; MB502 Build/BASIL_U3_02.60.5) AppleWebKit/530.17 (KHTML, like Gecko) Version/4.0 Mobile Safari/530.17"
91.225.238.234 - - [12/Dec/2015:00:27:18 +0400] "GET /id54627 HTTP/1.1" 200 18342 "-" "Mozilla/5.0 (Windows NT 5.2; rv:13.0) Gecko/20100101 Firefox/13.0.1"
193.104.87.187 - - [12/Dec/2015:00:27:18 +0400] "GET / HTTP/1.1" 200 32678 "-" "Mozilla/5.0 (Macintosh; Intel Mac OS X 10_10_2) AppleWebKit/537.36 (KHTML, like Gecko) Chrome/44.0.2403.155 Safari/537.36"
193.104.87.187 - - [12/Dec/2015:00:27:18 +0400] "GET /favicon.ico HTTP/1.1" 404 0 "-" "Mozilla/5.0 (Macintosh; Intel Mac OS X 10_10_2) AppleWebKit/537.36 (KHTML, like Gecko) Chrome/44.0.2403.155 Safari/537.36"
212.188.28.57 - - [12/Dec/2015:00:27:18 +0400] "GET /id20315 HTTP/1.1" 200 18929 "-" "Mozilla/5.0 (Windows NT 6.3; WOW64; rv:41.0) Gecko/20100101 Firefox/41.0"
213.167.211.4 - - [12/Dec/2015:00:27:19 +0400] "GET / HTTP/1.1" 200 24332 "-" "NokiaC3-00/5.0 (08.65) Profile/MIDP-2.1 Configuration/CLDC-1.1 nokiac3-00/UC Browser7.0.0.41/70/350 UNTRUSTED/1.0"
213.167.211.4 - - [12/Dec/2015:00:27:19 +0400] "GET /favicon.ico HTTP/1.1" 404 0 "-" "NokiaC3-00/5.0 (08.65) Profile/MIDP-2.1 Configuration/CLDC-1.1 nokiac3-00/UC Browser7.0.0.41/70/350 UNTRUSTED/1.0"
94.198.232.61 - - [12/Dec/2015:00:27:19 +0400] "GET /id49725 HTTP/1.1" 200 17067 "-" "Mozilla/5.0 (X11; Linux armv7l; rv:17.0) Gecko/20100101 Firefox/17.0"
212.188.28.57 - - [12/Dec/2015:00:27:20 +0400] "GET /id82363 HTTP/1.1" 200 31778 "-" "Mozilla/5.0 (Windows NT 6.3; WOW64; rv:41.0) Gecko/20100101 Firefox/41.0"
185.112.153.145 - - [12/Dec/2015:00:27:20 +0400] "GET /id18634 HTTP/1.1" 200 10468 "-" "Mozilla/5.0 (iPad; U; CPU iPhone OS 3_2 like Mac OS X; en-us) AppleWebKit/531.21 (KHTML, like Gecko) Version/4.0.4 Mobile/7B314 Safari/531.21"
91.225.238.234 - - [12/Dec/2015:00:27:21 +0400] "GET /id59402 HTTP/1.1" 200 29230 "-" "Mozilla/5.0 (Windows NT 5.2; rv:13.0) Gecko/20100101 Firefox/13.0.1"
195.88.185.117 - - [12/Dec/2015:00:27:22 +0400] "GET /id70280 HTTP/1.1" 200 31984 "-" "Mozilla/5.0 (Windows NT 10.0; WOW64) AppleWebKit/537.36 (KHTML, like Gecko) Chrome/45.0.2454.99 Safari/537.36"
194.135.205.227 - - [12/Dec/2015:00:27:23 +0400] "GET /id89025 HTTP/1.1" 200 18628 "-" "Mozilla/5.0 (Windows NT 5.1; U; de; rv:1.9.1.6) Gecko/20091201 Firefox/3.5.6 Opera 11.00"
46.151.164.97 - - [12/Dec/2015:00:27:23 +0400] "GET /id95262 HTTP/1.1" 200 10434 "-" "Mozilla/5.0 (Linux; Android 5.0.2; SM-T530 Build/LRX22G) AppleWebKit/537.36 (KHTML, like Gecko) Chrome/44.0.2403.133 Safari/537.36"
192.88.4.77 - - [12/Dec/2015:00:27:23 +0400] "GET /id45163 HTTP/1.1" 200 11015 "-" "Mozilla/5.0 (Windows NT 10.0; WOW64) AppleWebKit/537.36 (KHTML, like Gecko) Dragon/43.3.3.185 Chrome/43.0.2357.81 Safari/537.36"
93.170.176.51 - - [12/Dec/2015:00:27:23 +0400] "GET /id87981 HTTP/1.1" 200 32691 "-" "Opera/9.80 (Windows NT 6.1; U; fr) Presto/2.10.229 Version/11.60"
194.242.30.139 - - [12/Dec/2015:00:27:24 +0400] "GET / HTTP/1.1" 200 24742 "-" "Mozilla/5.0 (Windows; U; Windows NT 5.1; en-US; rv:1.8.1.20)"
194.242.30.139 - - [12/Dec/2015:00:27:24 +0400] "GET /favicon.ico HTTP/1.1" 404 0 "-" "Mozilla/5.0 (Windows; U; Windows NT 5.1; en-US; rv:1.8.1.20)"
194.135.205.227 - - [12/Dec/2015:00:27:24 +0400] "GET /id63653 HTTP/1.1" 200 20378 "-" "Mozilla/5.0 (Windows NT 5.1; U; de; rv:1.9.1.6) Gecko/20091201 Firefox/3.5.6 Opera 11.00"
81.92.114.30 - - [12/Dec/2015:00:27:24 +0400] "GET /id38240 HTTP/1.1" 200 26057 "-" "Mozilla/5.0 (X11; Ubuntu; Linux i686; rv:39.0) Gecko/20100101 Firefox/39.0"
185.54.23.61 - - [12/Dec/2015:00:27:24 +0400] "GET /id53959 HTTP/1.1" 200 12888 "-" "Opera/9.80 (Series 60; Opera Mini/7.0.28965/37.6488; U; en) Presto/2.12.423 Version/12.16"
194.50.149.76 - - [12/Dec/2015:00:27:25 +0400] "GET / HTTP/1.1" 200 22902 "-" "Mozilla/5.0 (Windows NT 10.0; WOW64) AppleWebKit/537.36 (KHTML, like Gecko) Chrome/45.0.2454.99 Safari/537.36"
194.50.149.76 - - [12/Dec/2015:00:27:25 +0400] "GET /favicon.ico HTTP/1.1" 404 0 "-" "Mozilla/5.0 (Windows NT 10.0; WOW64) AppleWebKit/537.36 (KHTML, like Gecko) Chrome/45.0.2454.99 Safari/537.36"
212.188.28.57 - - [12/Dec/2015:00:27:25 +0400] "GET /id86586 HTTP/1.1" 200 31945 "-" "Mozilla/5.0 (Windows NT 6.3; WOW64; rv:41.0) Gecko/20100101 Firefox/41.0"
95.100.214.97 - - [12/Dec/2015:00:27:25 +0400] "GET / HTTP/1.1" 200 24122 "-" "Mozilla/5.0 (Linux; Android 5.0.2; SM-T530 Build/LRX22G) AppleWebKit/537.36 (KHTML, like Gecko) Chrome/44.0.2403.133 Safari/537.36"
95.100.214.97 - - [12/Dec/2015:00:27:25 +0400] "GET /favicon.ico HTTP/1.1" 404 0 "-" "Mozilla/5.0 (Linux; Android 5.0.2; SM-T530 Build/LRX22G) AppleWebKit/537.36 (KHTML, like Gecko) Chrome/44.0.2403.133 Safari/537.36"
91.232.245.16 - - [12/Dec/2015:00:27:25 +0400] "GET /id65006 HTTP/1.1" 200 10863 "-" "Mozilla/5.0 (Windows NT 6.1) AppleWebKit/537.36 (KHTML, like Gecko) Chrome/45.0.2454.99 Safari/537.36"
194.133.27.97 - - [12/Dec/2015:00:27:25 +0400] "GET / HTTP/1.1" 200 27373 "-" "Mozilla/5.0 (Linux; Android 4.4.2; PLUTO__26 Build/KOT49H) AppleWebKit/537.36 (KHTML, like Gecko) Chrome/45.0.2454.84 Mobile Safari/537.36"
194.133.27.97 - - [12/Dec/2015:00:27:25 +0400] "GET /favicon.ico HTTP/1.1" 404 0 "-" "Mozilla/5.0 (Linux; Android 4.4.2; PLUTO__26 Build/KOT49H) AppleWebKit/537.36 (KHTML, like Gecko) Chrome/45.0.2454.84 Mobile Safari/537.36"
91.200.207.253 - - [12/Dec/2015:00:27:26 +0400] "GET /id24735 HTTP/1.1" 200 21783 "-" "Mozilla/4.0 (compatible; MSIE 8.0; Windows NT 5.1; Trident/4.0; SIMBAR={7053266C-9A81-42AB-8419-A82EAF3B58C2}; GTB6.6; .NET CLR 2.0.50727; .NET CLR 3.0.4506.2152; .NET CLR 3.5.30729)"
103.46.140.52 - - [12/Dec/2015:00:27:26 +0400] "GET /id10843 HTTP/1.1" 200 23997 "-" "Mozilla/5.0 (Windows NT 6.1) AppleWebKit/537.36 (KHTML, like Gecko) Chrome/45.0.2454.99 Safari/537.36"
193.169.29.211 - - [12/Dec/2015:00:27:27 +0400] "GET / HTTP/1.1" 200 16170 "-" "Why are you so interested in my User-Agent?"
193.169.29.211 - - [12/Dec/2015:00:27:27 +0400] "GET /favicon.ico HTTP/1.1" 404 0 "-" "Why are you so interested in my User-Agent?"
149.86.191.144 - - [12/Dec/2015:00:27:27 +0400] "GET /id38981 HTTP/1.1" 200 31842 "-" "Mozilla/5.0 (Windows NT 6.3; WOW64) AppleWebKit/537.36 (KHTML, like Gecko) Chrome/45.0.2454.99 Safari/537.36"
194.135.205.227 - - [12/Dec/2015:00:27:27 +0400] "GET /id52827 HTTP/1.1" 200 19921 "-" "Mozilla/5.0 (Windows NT 5.1; U; de; rv:1.9.1.6) Gecko/20091201 Firefox/3.5.6 Opera 11.00"
81.92.114.30 - - [12/Dec/2015:00:27:27 +0400] "GET /id57285 HTTP/1.1" 200 14101 "-" "Mozilla/5.0 (X11; Ubuntu; Linux i686; rv:39.0) Gecko/20100101 Firefox/39.0"
91.232.245.16 - - [12/Dec/2015:00:27:27 +0400] "GET /id22664 HTTP/1.1" 200 22050 "-" "Mozilla/5.0 (Windows NT 6.1) AppleWebKit/537.36 (KHTML, like Gecko) Chrome/45.0.2454.99 Safari/537.36"
91.241.79.155 - - [12/Dec/2015:00:27:27 +0400] "GET /id40278 HTTP/1.1" 200 31395 "-" "SAMSUNG-GT-S5292/1.0 NetFront/4.2 Profile/MIDP-2.0 Configuration/CLDC-1.1"
171.25.177.82 - - [12/Dec/2015:00:27:27 +0400] "GET / HTTP/1.1" 200 32745 "-" "Mozilla/5.0 (Windows NT 6.3; WOW64) AppleWebKit/537.36 (KHTML, like Gecko) Chrome/45.0.2454.99 Safari/537.36"
171.25.177.82 - - [12/Dec/2015:00:27:27 +0400] "GET /favicon.ico HTTP/1.1" 404 0 "-" "Mozilla/5.0 (Windows NT 6.3; WOW64) AppleWebKit/537.36 (KHTML, like Gecko) Chrome/45.0.2454.99 Safari/537.36"
91.225.238.234 - - [12/Dec/2015:00:27:27 +0400] "GET /id94013 HTTP/1.1" 200 12617 "-" "Mozilla/5.0 (Windows NT 5.2; rv:13.0) Gecko/20100101 Firefox/13.0.1"
91.200.207.253 - - [12/Dec/2015:00:27:27 +0400] "GET /id99639 HTTP/1.1" 200 21986 "-" "Mozilla/4.0 (compatible; MSIE 8.0; Windows NT 5.1; Trident/4.0; SIMBAR={7053266C-9A81-42AB-8419-A82EAF3B58C2}; GTB6.6; .NET CLR 2.0.50727; .NET CLR 3.0.4506.2152; .NET CLR 3.5.30729)"
185.36.15.216 - - [12/Dec/2015:00:27:27 +0400] "GET /id53305 HTTP/1.1" 200 24483 "-" "Mozilla/5.0 (X11; Fedora; Linux x86_64) AppleWebKit/537.36 (KHTML, like Gecko) Chrome/44.0.2403.125 Safari/537.36"
109.105.68.151 - - [12/Dec/2015:00:27:27 +0400] "GET / HTTP/1.1" 200 24165 "-" "Mozilla/5.0 (Windows; U; Windows NT 5.1; he; rv:1.9.1.14) Gecko/20101001 Firefox/3.5.14 ( .NET CLR 3.5.30729)"
109.105.68.151 - - [12/Dec/2015:00:27:27 +0400] "GET /favicon.ico HTTP/1.1" 404 0 "-" "Mozilla/5.0 (Windows; U; Windows NT 5.1; he; rv:1.9.1.14) Gecko/20101001 Firefox/3.5.14 ( .NET CLR 3.5.30729)"
213.167.211.4 - - [12/Dec/2015:00:27:27 +0400] "GET /id35459 HTTP/1.1" 200 21129 "-" "NokiaC3-00/5.0 (08.65) Profile/MIDP-2.1 Configuration/CLDC-1.1 nokiac3-00/UC Browser7.0.0.41/70/350 UNTRUSTED/1.0"
193.111.92.36 - - [12/Dec/2015:00:27:28 +0400] "GET /id88262 HTTP/1.1" 200 9832 "-" "Bl0wMe perVersion 2/1"
93.170.176.51 - - [12/Dec/2015:00:27:28 +0400] "GET /id59750 HTTP/1.1" 200 20930 "-" "Opera/9.80 (Windows NT 6.1; U; fr) Presto/2.10.229 Version/11.60"
194.6.198.103 - - [12/Dec/2015:00:27:28 +0400] "GET /id48492 HTTP/1.1" 200 13379 "-" "Mozilla/5.0 (Linux; Android 5.1; XT1526 Build/LPI23.29-18-S.2) AppleWebKit/537.36 (KHTML, like Gecko) Chrome/44.0.2403.133 Mobile Safari/537.36"
194.133.27.97 - - [12/Dec/2015:00:27:28 +0400] "GET /id52930 HTTP/1.1" 200 11013 "-" "Mozilla/5.0 (Linux; Android 4.4.2; PLUTO__26 Build/KOT49H) AppleWebKit/537.36 (KHTML, like Gecko) Chrome/45.0.2454.84 Mobile Safari/537.36"
103.46.140.52 - - [12/Dec/2015:00:27:29 +0400] "GET /id29502 HTTP/1.1" 200 26251 "-" "Mozilla/5.0 (Windows NT 6.1) AppleWebKit/537.36 (KHTML, like Gecko) Chrome/45.0.2454.99 Safari/537.36"
17.72.70.221 - - [12/Dec/2015:00:27:29 +0400] "GET /id55375 HTTP/1.1" 200 22571 "-" "Mozilla/5.0 (Windows NT 5.1) AppleWebKit/535.1 (KHTML, like Gecko) Chrome/13.0.782.14 Safari/535.1"
193.111.92.36 - - [12/Dec/2015:00:27:29 +0400] "GET /id95842 HTTP/1.1" 200 20117 "-" "Bl0wMe perVersion 2/1"
200.10.40.199 - - [12/Dec/2015:00:27:29 +0400] "GET /id52519 HTTP/1.1" 200 32565 "-" "Mozilla/4.0 (compatible; MSIE 8.0; Windows NT 6.1; Trident/4.0; SLCC2; .NET CLR 2.0.50727; .NET CLR 3.5.30729; .NET CLR 3.0.30729; Media Center PC 6.0; .NET4.0C; InfoPath.3; MS-RTC LM 8; InfoPath.2; AskTbCFTP2V5/5.11.3.15590)"
185.54.23.61 - - [12/Dec/2015:00:27:29 +0400] "GET /id79051 HTTP/1.1" 200 22879 "-" "Opera/9.80 (Series 60; Opera Mini/7.0.28965/37.6488; U; en) Presto/2.12.423 Version/12.16"
17.72.70.221 - - [12/Dec/2015:00:27:29 +0400] "GET /id58680 HTTP/1.1" 200 13386 "-" "Mozilla/5.0 (Windows NT 5.1) AppleWebKit/535.1 (KHTML, like Gecko) Chrome/13.0.782.14 Safari/535.1"
194.133.27.97 - - [12/Dec/2015:00:27:30 +0400] "GET /id52844 HTTP/1.1" 200 22987 "-" "Mozilla/5.0 (Linux; Android 4.4.2; PLUTO__26 Build/KOT49H) AppleWebKit/537.36 (KHTML, like Gecko) Chrome/45.0.2454.84 Mobile Safari/537.36"
103.46.140.52 - - [12/Dec/2015:00:27:30 +0400] "GET /id47416 HTTP/1.1" 200 11810 "-" "Mozilla/5.0 (Windows NT 6.1) AppleWebKit/537.36 (KHTML, like Gecko) Chrome/45.0.2454.99 Safari/537.36"
109.197.17.190 - - [12/Dec/2015:00:27:30 +0400] "GET / HTTP/1.1" 200 9732 "-" "Mozilla/5.0 (Windows NT 6.1; Win64; x64; rv:34.0) Gecko/20100101 Firefox/34.0 Cyberfox/34.0.5"
109.197.17.190 - - [12/Dec/2015:00:27:30 +0400] "GET /favicon.ico HTTP/1.1" 404 0 "-" "Mozilla/5.0 (Windows NT 6.1; Win64; x64; rv:34.0) Gecko/20100101 Firefox/34.0 Cyberfox/34.0.5"
91.221.41.118 - - [12/Dec/2015:00:27:30 +0400] "GET /id61623 HTTP/1.1" 200 15145 "-" "Mozilla/5.0 (Windows NT 10.0; WOW64) AppleWebKit/537.36 (KHTML, like Gecko) Chrome/45.0.2454.99 Safari/537.36"
91.209.154.198 - - [12/Dec/2015:00:27:30 +0400] "GET /id62398 HTTP/1.1" 200 18212 "-" "Mozilla/5.0 (Windows NT 6.1; Win64; x64) AppleWebKit/537.36 (KHTML, like Gecko) Chrome/45.0.2454.7 Safari/537.36"
213.167.211.4 - - [12/Dec/2015:00:27:30 +0400] "GET /id35433 HTTP/1.1" 200 15061 "-" "NokiaC3-00/5.0 (08.65) Profile/MIDP-2.1 Configuration/CLDC-1.1 nokiac3-00/UC Browser7.0.0.41/70/350 UNTRUSTED/1.0"
94.198.232.61 - - [12/Dec/2015:00:27:30 +0400] "GET /id82543 HTTP/1.1" 200 24365 "-" "Mozilla/5.0 (X11; Linux armv7l; rv:17.0) Gecko/20100101 Firefox/17.0"
94.198.232.61 - - [12/Dec/2015:00:27:30 +0400] "GET /id33258 HTTP/1.1" 200 18189 "-" "Mozilla/5.0 (X11; Linux armv7l; rv:17.0) Gecko/20100101 Firefox/17.0"
185.54.23.61 - - [12/Dec/2015:00:27:30 +0400] "GET /id36935 HTTP/1.1" 200 16490 "-" "Opera/9.80 (Series 60; Opera Mini/7.0.28965/37.6488; U; en) Presto/2.12.423 Version/12.16"
17.72.70.221 - - [12/Dec/2015:00:27:31 +0400] "GET /id90776 HTTP/1.1" 200 18212 "-" "Mozilla/5.0 (Windows NT 5.1) AppleWebKit/535.1 (KHTML, like Gecko) Chrome/13.0.782.14 Safari/535.1"
103.46.140.52 - - [12/Dec/2015:00:27:31 +0400] "GET /id20400 HTTP/1.1" 200 25420 "-" "Mozilla/5.0 (Windows NT 6.1) AppleWebKit/537.36 (KHTML, like Gecko) Chrome/45.0.2454.99 Safari/537.36"
91.241.79.155 - - [12/Dec/2015:00:27:32 +0400] "GET /id59336 HTTP/1.1" 200 18171 "-" "SAMSUNG-GT-S5292/1.0 NetFront/4.2 Profile/MIDP-2.0 Configuration/CLDC-1.1"
109.105.68.151 - - [12/Dec/2015:00:27:32 +0400] "GET /id48709 HTTP/1.1" 200 18473 "-" "Mozilla/5.0 (Windows; U; Windows NT 5.1; he; rv:1.9.1.14) Gecko/20101001 Firefox/3.5.14 ( .NET CLR 3.5.30729)"
109.105.68.151 - - [12/Dec/2015:00:27:33 +0400] "GET /id95033 HTTP/1.1" 200 9568 "-" "Mozilla/5.0 (Windows; U; Windows NT 5.1; he; rv:1.9.1.14) Gecko/20101001 Firefox/3.5.14 ( .NET CLR 3.5.30729)"
190.111.191.167 - - [12/Dec/2015:00:27:34 +0400] "GET / HTTP/1.1" 200 18614 "-" "Mozilla/5.0 (Windows NT 5.1; U; de; rv:1.9.1.6) Gecko/20091201 Firefox/3.5.6 Opera 11.00"
190.111.191.167 - - [12/Dec/2015:00:27:34 +0400] "GET /favicon.ico HTTP/1.1" 404 0 "-" "Mozilla/5.0 (Windows NT 5.1; U; de; rv:1.9.1.6) Gecko/20091201 Firefox/3.5.6 Opera 11.00"
213.167.211.4 - - [12/Dec/2015:00:27:34 +0400] "GET /id46421 HTTP/1.1" 200 25917 "-" "NokiaC3-00/5.0 (08.65) Profile/MIDP-2.1 Configuration/CLDC-1.1 nokiac3-00/UC Browser7.0.0.41/70/350 UNTRUSTED/1.0"
17.72.70.221 - - [12/Dec/2015:00:27:35 +0400] "GET /id20722 HTTP/1.1" 200 29819 "-" "Mozilla/5.0 (Windows NT 5.1) AppleWebKit/535.1 (KHTML, like Gecko) Chrome/13.0.782.14 Safari/535.1"
46.235.219.211 - - [12/Dec/2015:00:27:35 +0400] "GET /id52501 HTTP/1.1" 200 12836 "-" "Mozilla/5.0 (Windows; U; Windows NT 6.0; ja; rv:1.9.2.13) Gecko/20101203 Firefox/3.6.13 GTB7.1"
91.221.41.118 - - [12/Dec/2015:00:27:36 +0400] "GET /id43387 HTTP/1.1" 200 31516 "-" "Mozilla/5.0 (Windows NT 10.0; WOW64) AppleWebKit/537.36 (KHTML, like Gecko) Chrome/45.0.2454.99 Safari/537.36"
190.111.191.167 - - [12/Dec/2015:00:27:36 +0400] "GET /id26335 HTTP/1.1" 200 21651 "-" "Mozilla/5.0 (Windows NT 5.1; U; de; rv:1.9.1.6) Gecko/20091201 Firefox/3.5.6 Opera 11.00"
5.63.1.199 - - [12/Dec/2015:00:27:37 +0400] "GET /cgi-bin/technote/main.cgi HTTP/1.1" 404 0 "-" "Mozilla/6.66"
78.40.191.243 - - [12/Dec/2015:00:27:37 +0400] "GET /id68829 HTTP/1.1" 200 9105 "-" "Mozilla/5.0 (Linux; U; Android 2.1-update1; en-us; MB502 Build/BASIL_U3_02.60.5) AppleWebKit/530.17 (KHTML, like Gecko) Version/4.0 Mobile Safari/530.17"
91.241.79.155 - - [12/Dec/2015:00:27:37 +0400] "GET /id83796 HTTP/1.1" 200 21333 "-" "SAMSUNG-GT-S5292/1.0 NetFront/4.2 Profile/MIDP-2.0 Configuration/CLDC-1.1"
91.221.41.118 - - [12/Dec/2015:00:27:37 +0400] "GET /id65059 HTTP/1.1" 200 27014 "-" "Mozilla/5.0 (Windows NT 10.0; WOW64) AppleWebKit/537.36 (KHTML, like Gecko) Chrome/45.0.2454.99 Safari/537.36"
171.25.177.82 - - [12/Dec/2015:00:27:37 +0400] "GET /id45967 HTTP/1.1" 200 32223 "-" "Mozilla/5.0 (Windows NT 6.3; WOW64) AppleWebKit/537.36 (KHTML, like Gecko) Chrome/45.0.2454.99 Safari/537.36"
109.197.17.190 - - [12/Dec/2015:00:27:37 +0400] "GET /id34517 HTTP/1.1" 200 21749 "-" "Mozilla/5.0 (Windows NT 6.1; Win64; x64; rv:34.0) Gecko/20100101 Firefox/34.0 Cyberfox/34.0.5"
185.54.23.61 - - [12/Dec/2015:00:27:38 +0400] "GET /id95731 HTTP/1.1" 200 30347 "-" "Opera/9.80 (Series 60; Opera Mini/7.0.28965/37.6488; U; en) Presto/2.12.423 Version/12.16"
149.86.191.144 - - [12/Dec/2015:00:27:38 +0400] "GET /id93303 HTTP/1.1" 200 25724 "-" "Mozilla/5.0 (Windows NT 6.3; WOW64) AppleWebKit/537.36 (KHTML, like Gecko) Chrome/45.0.2454.99 Safari/537.36"
194.6.198.103 - - [12/Dec/2015:00:27:39 +0400] "GET /id25771 HTTP/1.1" 200 12481 "-" "Mozilla/5.0 (Linux; Android 5.1; XT1526 Build/LPI23.29-18-S.2) AppleWebKit/537.36 (KHTML, like Gecko) Chrome/44.0.2403.133 Mobile Safari/537.36"
91.200.207.253 - - [12/Dec/2015:00:27:39 +0400] "GET /id34319 HTTP/1.1" 200 18208 "-" "Mozilla/4.0 (compatible; MSIE 8.0; Windows NT 5.1; Trident/4.0; SIMBAR={7053266C-9A81-42AB-8419-A82EAF3B58C2}; GTB6.6; .NET CLR 2.0.50727; .NET CLR 3.0.4506.2152; .NET CLR 3.5.30729)"
91.232.245.16 - - [12/Dec/2015:00:27:39 +0400] "GET /id48836 HTTP/1.1" 200 30164 "-" "Mozilla/5.0 (Windows NT 6.1) AppleWebKit/537.36 (KHTML, like Gecko) Chrome/45.0.2454.99 Safari/537.36"
193.111.92.36 - - [12/Dec/2015:00:27:40 +0400] "GET /id32062 HTTP/1.1" 200 12862 "-" "Bl0wMe perVersion 2/1"
91.241.79.155 - - [12/Dec/2015:00:27:40 +0400] "GET /id46431 HTTP/1.1" 200 26819 "-" "SAMSUNG-GT-S5292/1.0 NetFront/4.2 Profile/MIDP-2.0 Configuration/CLDC-1.1"
192.33.254.106 - - [12/Dec/2015:00:27:40 +0400] "GET /id58905 HTTP/1.1" 200 27792 "-" "Mozilla/5.0 (Linux; Android 4.2.2; C2104 Build/15.3.A.1.14) AppleWebKit/537.36 (KHTML, like Gecko) Chrome/42.0.2311.111 Mobile Safari/537.36"
185.36.15.216 - - [12/Dec/2015:00:27:40 +0400] "GET /id72885 HTTP/1.1" 200 22102 "-" "Mozilla/5.0 (X11; Fedora; Linux x86_64) AppleWebKit/537.36 (KHTML, like Gecko) Chrome/44.0.2403.125 Safari/537.36"
194.242.30.139 - - [12/Dec/2015:00:27:41 +0400] "GET /id86205 HTTP/1.1" 200 16466 "-" "Mozilla/5.0 (Windows; U; Windows NT 5.1; en-US; rv:1.8.1.20)"
192.33.254.106 - - [12/Dec/2015:00:27:43 +0400] "GET /id62279 HTTP/1.1" 200 10629 "-" "Mozilla/5.0 (Linux; Android 4.2.2; C2104 Build/15.3.A.1.14) AppleWebKit/537.36 (KHTML, like Gecko) Chrome/42.0.2311.111 Mobile Safari/537.36"
109.197.17.190 - - [12/Dec/2015:00:27:43 +0400] "GET /id34912 HTTP/1.1" 200 8883 "-" "Mozilla/5.0 (Windows NT 6.1; Win64; x64; rv:34.0) Gecko/20100101 Firefox/34.0 Cyberfox/34.0.5"
192.33.254.106 - - [12/Dec/2015:00:27:43 +0400] "GET /id86183 HTTP/1.1" 200 17519 "-" "Mozilla/5.0 (Linux; Android 4.2.2; C2104 Build/15.3.A.1.14) AppleWebKit/537.36 (KHTML, like Gecko) Chrome/42.0.2311.111 Mobile Safari/537.36"
194.242.30.139 - - [12/Dec/2015:00:27:44 +0400] "GET /id52255 HTTP/1.1" 200 9665 "-" "Mozilla/5.0 (Windows; U; Windows NT 5.1; en-US; rv:1.8.1.20)"
194.50.149.76 - - [12/Dec/2015:00:27:44 +0400] "GET /id61864 HTTP/1.1" 200 13831 "-" "Mozilla/5.0 (Windows NT 10.0; WOW64) AppleWebKit/537.36 (KHTML, like Gecko) Chrome/45.0.2454.99 Safari/537.36"
193.104.87.187 - - [12/Dec/2015:00:27:45 +0400] "GET /id52779 HTTP/1.1" 200 9947 "-" "Mozilla/5.0 (Macintosh; Intel Mac OS X 10_10_2) AppleWebKit/537.36 (KHTML, like Gecko) Chrome/44.0.2403.155 Safari/537.36"
91.209.154.198 - - [12/Dec/2015:00:27:45 +0400] "GET /id97057 HTTP/1.1" 200 15129 "-" "Mozilla/5.0 (Windows NT 6.1; Win64; x64) AppleWebKit/537.36 (KHTML, like Gecko) Chrome/45.0.2454.7 Safari/537.36"
193.169.29.211 - - [12/Dec/2015:00:27:45 +0400] "GET /id22970 HTTP/1.1" 200 25209 "-" "Why are you so interested in my User-Agent?"
95.156.233.243 - - [12/Dec/2015:00:27:45 +0400] "GET /id54478 HTTP/1.1" 200 18238 "-" "Mozilla/5.0 (X11; Linux i686; sS8IDbW0w7JU2JlVBpwlG3WiGrRLv2RZ1zeUwLumzIk=) AppleWebKit/537.36 (KHTML, like Gecko) Chrome/39.0.2171.95 Safari/537.36"
212.188.28.57 - - [12/Dec/2015:00:27:46 +0400] "GET /id34615 HTTP/1.1" 200 19380 "-" "Mozilla/5.0 (Windows NT 6.3; WOW64; rv:41.0) Gecko/20100101 Firefox/41.0"
94.198.232.61 - - [12/Dec/2015:00:27:46 +0400] "GET /id35494 HTTP/1.1" 200 22327 "-" "Mozilla/5.0 (X11; Linux armv7l; rv:17.0) Gecko/20100101 Firefox/17.0"
194.50.149.76 - - [12/Dec/2015:00:27:47 +0400] "GET /id11987 HTTP/1.1" 200 17646 "-" "Mozilla/5.0 (Windows NT 10.0; WOW64) AppleWebKit/537.36 (KHTML, like Gecko) Chrome/45.0.2454.99 Safari/537.36"
193.104.87.187 - - [12/Dec/2015:00:27:47 +0400] "GET /id87841 HTTP/1.1" 200 17104 "-" "Mozilla/5.0 (Macintosh; Intel Mac OS X 10_10_2) AppleWebKit/537.36 (KHTML, like Gecko) Chrome/44.0.2403.155 Safari/537.36"
171.25.177.82 - - [12/Dec/2015:00:27:47 +0400] "GET /id72378 HTTP/1.1" 200 25812 "-" "Mozilla/5.0 (Windows NT 6.3; WOW64) AppleWebKit/537.36 (KHTML, like Gecko) Chrome/45.0.2454.99 Safari/537.36"
91.200.207.253 - - [12/Dec/2015:00:27:48 +0400] "GET /id43544 HTTP/1.1" 200 28902 "-" "Mozilla/4.0 (compatible; MSIE 8.0; Windows NT 5.1; Trident/4.0; SIMBAR={7053266C-9A81-42AB-8419-A82EAF3B58C2}; GTB6.6; .NET CLR 2.0.50727; .NET CLR 3.0.4506.2152; .NET CLR 3.5.30729)"
91.221.41.118 - - [12/Dec/2015:00:27:48 +0400] "GET /id44048 HTTP/1.1" 200 24165 "-" "Mozilla/5.0 (Windows NT 10.0; WOW64) AppleWebKit/537.36 (KHTML, like Gecko) Chrome/45.0.2454.99 Safari/537.36"
78.40.191.243 - - [12/Dec/2015:00:27:48 +0400] "GET /id27654 HTTP/1.1" 200 22040 "-" "Mozilla/5.0 (Linux; U; Android 2.1-update1; en-us; MB502 Build/BASIL_U3_02.60.5) AppleWebKit/530.17 (KHTML, like Gecko) Version/4.0 Mobile Safari/530.17"
171.25.177.82 - - [12/Dec/2015:00:27:48 +0400] "GET /id72269 HTTP/1.1" 200 26287 "-" "Mozilla/5.0 (Windows NT 6.3; WOW64) AppleWebKit/537.36 (KHTML, like Gecko) Chrome/45.0.2454.99 Safari/537.36"
91.232.245.16 - - [12/Dec/2015:00:27:49 +0400] "GET /id45769 HTTP/1.1" 200 25987 "-" "Mozilla/5.0 (Windows NT 6.1) AppleWebKit/537.36 (KHTML, like Gecko) Chrome/45.0.2454.99 Safari/537.36"
