193.33.192.153 - - [10/Dec/2015:01:06:53 +0400] "GET /id37491 HTTP/1.1" 200 21330 "-" "Mozilla/5.0 (Windows NT 10.0; WOW64; rv:39.0) Gecko/20100101 Firefox/39.0 DT-Browser/DTB7.39.0.14_10"
105.28.128.250 - - [10/Dec/2015:01:06:53 +0400] "GET /id17056 HTTP/1.1" 200 18484 "-" "JUC (Linux; U; 2.3.6; zh-cn; GT-S5830i; 320*480) UCWEB7.9.0.94/139/444"
185.66.218.156 - - [10/Dec/2015:01:06:55 +0400] "GET /id24628 HTTP/1.1" 200 25804 "-" "Netwarrior"
195.64.33.112 - - [10/Dec/2015:01:06:55 +0400] "GET /id27961 HTTP/1.1" 200 10995 "-" "Mozilla/5.0 (Windows NT 5.1; U; de; rv:1.9.1.6) Gecko/20091201 Firefox/3.5.6 Opera 11.00"
95.130.183.148 - - [10/Dec/2015:01:06:56 +0400] "GET /id17094 HTTP/1.1" 200 28487 "-" "Mozilla/5.0 (Windows NT 6.1) AppleWebKit/537.36 (KHTML, like Gecko) Chrome/45.0.2454.99 Safari/537.36"
93.170.186.29 - - [10/Dec/2015:01:06:56 +0400] "GET /id34044 HTTP/1.1" 200 12942 "-" "UCWEB/2.0 (MIDP-2.0; U; Adr 4.4.4; en-US; GT-I9060I) U2/1.0.0 UCBrowser/10.3.0.622 U2/1.0.0 Mobile"
185.45.101.1 - - [10/Dec/2015:01:06:56 +0400] "GET /id45080 HTTP/1.1" 200 27859 "-" "Mozilla/5.0 (Linux; Android 4.2.2; pad_d85 Build/JDQ39) AppleWebKit/537.36 (KHTML, like Gecko) Chrome/43.0.2357.93 Safari/537.36"
81.29.127.62 - - [10/Dec/2015:01:06:56 +0400] "GET /id65554 HTTP/1.1" 200 16480 "-" "Mozilla/5.0 (Windows NT 6.3; Win64; x64) AppleWebKit/537.36 (KHTML, like Gecko) Chrome/47.0.2508.0 Safari/537.36"
91.229.96.126 - - [10/Dec/2015:01:06:57 +0400] "GET /id48322 HTTP/1.1" 200 28514 "-" "Mozilla/5.0; TOB 6.11 (Windows NT 6.1; WOW64; Trident/7.0; rv:11.0) like Gecko"
185.6.95.33 - - [10/Dec/2015:01:06:58 +0400] "GET /id76334 HTTP/1.1" 200 9246 "-" "Mozilla/5.0 (Windows NT 5.1; U; de; rv:1.9.1.6) Gecko/20091201 Firefox/3.5.6 Opera 11.00"
91.229.96.126 - - [10/Dec/2015:01:06:59 +0400] "GET /id78779 HTTP/1.1" 200 28561 "-" "Mozilla/5.0; TOB 6.11 (Windows NT 6.1; WOW64; Trident/7.0; rv:11.0) like Gecko"
185.66.218.156 - - [10/Dec/2015:01:07:00 +0400] "GET /id16074 HTTP/1.1" 200 18833 "-" "Netwarrior"
91.234.96.235 - - [10/Dec/2015:01:07:00 +0400] "GET /id43319 HTTP/1.1" 200 23818 "-" "Mozilla/5.0 (Windows NT 10.0; WOW64) AppleWebKit/537.36 (KHTML, like Gecko) Chrome/45.0.2454.99 Safari/537.36"
194.50.60.51 - - [10/Dec/2015:01:07:00 +0400] "GET /id38511 HTTP/1.1" 200 13714 "-" "Mozilla/5.0 (Windows NT 6.1) AppleWebKit/537.36 (KHTML, like Gecko) Chrome/45.0.2454.99 Safari/537.36"
185.6.95.33 - - [10/Dec/2015:01:07:01 +0400] "GET /id69633 HTTP/1.1" 200 29891 "-" "Mozilla/5.0 (Windows NT 5.1; U; de; rv:1.9.1.6) Gecko/20091201 Firefox/3.5.6 Opera 11.00"
84.40.61.69 - - [10/Dec/2015:01:07:01 +0400] "GET /id13171 HTTP/1.1" 200 22043 "-" "Mozilla/5.0 (Linux; Android 4.4.4; D6503 Build/23.0.1.A.0.167) AppleWebKit/537.36 (KHTML, like Gecko) Chrome/41.0.2272.96 Mobile Safari/537.36"
217.111.151.127 - - [10/Dec/2015:01:07:03 +0400] "GET /id21970 HTTP/1.1" 200 14480 "-" "Mozilla/5.0 (Windows NT 5.1; U; de; rv:1.9.1.6) Gecko/20091201 Firefox/3.5.6 Opera 11.00"
23.59.47.129 - - [10/Dec/2015:01:07:03 +0400] "GET /id34251 HTTP/1.1" 200 14517 "-" "Mozilla/5.0 (Windows NT 10.0; WOW64) AppleWebKit/537.36 (KHTML, like Gecko) Chrome/45.0.2454.99 Safari/537.36"
91.219.22.248 - - [10/Dec/2015:01:07:04 +0400] "GET / HTTP/1.1" 200 12995 "-" "Mozilla/5.0 (Macintosh; Intel Mac OS X 10_7_5) AppleWebKit/537.36 (KHTML, like Gecko) Chrome/44.0.2403.130 Safari/537.36"
91.219.22.248 - - [10/Dec/2015:01:07:04 +0400] "GET /favicon.ico HTTP/1.1" 404 0 "-" "Mozilla/5.0 (Macintosh; Intel Mac OS X 10_7_5) AppleWebKit/537.36 (KHTML, like Gecko) Chrome/44.0.2403.130 Safari/537.36"
194.50.60.51 - - [10/Dec/2015:01:07:04 +0400] "GET /id88132 HTTP/1.1" 200 29837 "-" "Mozilla/5.0 (Windows NT 6.1) AppleWebKit/537.36 (KHTML, like Gecko) Chrome/45.0.2454.99 Safari/537.36"
217.212.194.38 - - [10/Dec/2015:01:07:04 +0400] "GET / HTTP/1.1" 200 30330 "-" "Mozilla/4.0 (compatible; MSIE 7.0; Windows NT 5.1; GTB6; .NET CLR 1.0.3705; .NET CLR 1.1.4322; .NET CLR 2.0.50727; .NET CLR 3.0.04506.30; .NET CLR 3.0.04506.648; .NET CLR 3.0.4506.2152; .NET CLR 3.5.30729)"
217.212.194.38 - - [10/Dec/2015:01:07:04 +0400] "GET /favicon.ico HTTP/1.1" 404 0 "-" "Mozilla/4.0 (compatible; MSIE 7.0; Windows NT 5.1; GTB6; .NET CLR 1.0.3705; .NET CLR 1.1.4322; .NET CLR 2.0.50727; .NET CLR 3.0.04506.30; .NET CLR 3.0.04506.648; .NET CLR 3.0.4506.2152; .NET CLR 3.5.30729)"
185.45.101.1 - - [10/Dec/2015:01:07:04 +0400] "GET /id86718 HTTP/1.1" 200 14877 "-" "Mozilla/5.0 (Linux; Android 4.2.2; pad_d85 Build/JDQ39) AppleWebKit/537.36 (KHTML, like Gecko) Chrome/43.0.2357.93 Safari/537.36"
213.163.170.165 - - [10/Dec/2015:01:07:04 +0400] "GET / HTTP/1.1" 200 18274 "-" "Mozilla/5.0 (Windows NT 6.0) AppleWebKit/537.36 (KHTML, like Gecko) Chrome/43.0.2357.132 Safari/537.36"
213.163.170.165 - - [10/Dec/2015:01:07:04 +0400] "GET /favicon.ico HTTP/1.1" 404 0 "-" "Mozilla/5.0 (Windows NT 6.0) AppleWebKit/537.36 (KHTML, like Gecko) Chrome/43.0.2357.132 Safari/537.36"
178.22.194.146 - - [10/Dec/2015:01:07:05 +0400] "GET / HTTP/1.1" 200 26063 "-" "Mozilla/5.0 (Windows; U; Windows NT 5.1; en-US; rv:1.9.1.11) Gecko/20100701 Firefox/3.5.11 GTB7.1 ( .NET CLR 3.5.30729; .NET4.0C) FBSMTWB"
178.22.194.146 - - [10/Dec/2015:01:07:05 +0400] "GET /favicon.ico HTTP/1.1" 404 0 "-" "Mozilla/5.0 (Windows; U; Windows NT 5.1; en-US; rv:1.9.1.11) Gecko/20100701 Firefox/3.5.11 GTB7.1 ( .NET CLR 3.5.30729; .NET4.0C) FBSMTWB"
185.66.218.156 - - [10/Dec/2015:01:07:05 +0400] "GET /id24609 HTTP/1.1" 200 18315 "-" "Netwarrior"
148.185.123.174 - - [10/Dec/2015:01:07:05 +0400] "GET /id42741 HTTP/1.1" 200 20580 "-" "Mozilla/5.0 (Windows; U; Windows NT 5.1; it; rv:1.9.0.5) Gecko/2009012221 Firefox/3.0.5 Flock/2.0.3"
217.212.194.38 - - [10/Dec/2015:01:07:06 +0400] "GET /id42303 HTTP/1.1" 200 24412 "-" "Mozilla/4.0 (compatible; MSIE 7.0; Windows NT 5.1; GTB6; .NET CLR 1.0.3705; .NET CLR 1.1.4322; .NET CLR 2.0.50727; .NET CLR 3.0.04506.30; .NET CLR 3.0.04506.648; .NET CLR 3.0.4506.2152; .NET CLR 3.5.30729)"
91.216.96.106 - - [10/Dec/2015:01:07:06 +0400] "GET / HTTP/1.1" 200 25814 "-" "Mozilla/5.0 (Macintosh; Intel Mac OS X 10_10_2) AppleWebKit/600.3.18 (KHTML, like Gecko) Version/8.0.4 Safari/600.4.10"
91.216.96.106 - - [10/Dec/2015:01:07:06 +0400] "GET /favicon.ico HTTP/1.1" 404 0 "-" "Mozilla/5.0 (Macintosh; Intel Mac OS X 10_10_2) AppleWebKit/600.3.18 (KHTML, like Gecko) Version/8.0.4 Safari/600.4.10"
217.212.194.38 - - [10/Dec/2015:01:07:06 +0400] "GET /id54004 HTTP/1.1" 200 26805 "-" "Mozilla/4.0 (compatible; MSIE 7.0; Windows NT 5.1; GTB6; .NET CLR 1.0.3705; .NET CLR 1.1.4322; .NET CLR 2.0.50727; .NET CLR 3.0.04506.30; .NET CLR 3.0.04506.648; .NET CLR 3.0.4506.2152; .NET CLR 3.5.30729)"
91.234.96.235 - - [10/Dec/2015:01:07:07 +0400] "GET /id50494 HTTP/1.1" 200 26673 "-" "Mozilla/5.0 (Windows NT 10.0; WOW64) AppleWebKit/537.36 (KHTML, like Gecko) Chrome/45.0.2454.99 Safari/537.36"
147.99.165.223 - - [10/Dec/2015:01:07:07 +0400] "GET /id40191 HTTP/1.1" 200 31350 "-" "Mozilla/5.0 (Linux; Android 5.1.1; Nexus 5 Build/LMY48I) AppleWebKit/537.36 (KHTML, like Gecko) Chrome/44.0.2403.133 Mobile Safari/537.36"
31.29.236.24 - - [10/Dec/2015:01:07:07 +0400] "GET / HTTP/1.1" 200 20734 "-" "Mozilla/5.0 (Linux; U; Android 4.2.1; de-de; ME301T Build/JOP40D) AppleWebKit/534.30 (KHTML, like Gecko) Version/4.0 Safari/534.30"
31.29.236.24 - - [10/Dec/2015:01:07:07 +0400] "GET /favicon.ico HTTP/1.1" 404 0 "-" "Mozilla/5.0 (Linux; U; Android 4.2.1; de-de; ME301T Build/JOP40D) AppleWebKit/534.30 (KHTML, like Gecko) Version/4.0 Safari/534.30"
195.128.137.77 - - [10/Dec/2015:01:07:07 +0400] "GET / HTTP/1.1" 200 30107 "-" "Mozilla/5.0 (Windows NT 6.3; WOW64) AppleWebKit/537.36 (KHTML, like Gecko) Chrome/41.0.2272.35 Safari/537.36"
195.128.137.77 - - [10/Dec/2015:01:07:07 +0400] "GET /favicon.ico HTTP/1.1" 404 0 "-" "Mozilla/5.0 (Windows NT 6.3; WOW64) AppleWebKit/537.36 (KHTML, like Gecko) Chrome/41.0.2272.35 Safari/537.36"
212.63.137.156 - - [10/Dec/2015:01:07:07 +0400] "GET / HTTP/1.1" 200 28347 "-" "Mozilla/5.0 (Mobile; Windows Phone 8.1; Android 4.0; ARM; Trident/7.0; Touch; rv:11.0; IEMobile/11.0; HTC; Windows Phone 8X by HTC) like iPhone OS 7_0_3 Mac OS X AppleWebKit/537 (KHTML, like Gecko) Mobile Safari/537"
212.63.137.156 - - [10/Dec/2015:01:07:07 +0400] "GET /favicon.ico HTTP/1.1" 404 0 "-" "Mozilla/5.0 (Mobile; Windows Phone 8.1; Android 4.0; ARM; Trident/7.0; Touch; rv:11.0; IEMobile/11.0; HTC; Windows Phone 8X by HTC) like iPhone OS 7_0_3 Mac OS X AppleWebKit/537 (KHTML, like Gecko) Mobile Safari/537"
141.227.24.47 - - [10/Dec/2015:01:07:08 +0400] "GET / HTTP/1.1" 200 19681 "-" "Mozilla/4.0 (compatible; MSIE 7.0; Windows NT 5.1; Trident/4.0; BTRS100200; InfoPath.2; .NET CLR 2.0.50727; OfficeLiveConnector.1.5; OfficeLivePatch.1.3; .NET CLR 3.0.4506.2152; .NET CLR 3.5.30729)"
141.227.24.47 - - [10/Dec/2015:01:07:08 +0400] "GET /favicon.ico HTTP/1.1" 404 0 "-" "Mozilla/4.0 (compatible; MSIE 7.0; Windows NT 5.1; Trident/4.0; BTRS100200; InfoPath.2; .NET CLR 2.0.50727; OfficeLiveConnector.1.5; OfficeLivePatch.1.3; .NET CLR 3.0.4506.2152; .NET CLR 3.5.30729)"
91.229.96.126 - - [10/Dec/2015:01:07:08 +0400] "GET /id92650 HTTP/1.1" 200 13641 "-" "Mozilla/5.0; TOB 6.11 (Windows NT 6.1; WOW64; Trident/7.0; rv:11.0) like Gecko"
91.234.96.235 - - [10/Dec/2015:01:07:09 +0400] "GET /id67881 HTTP/1.1" 200 24600 "-" "Mozilla/5.0 (Windows NT 10.0; WOW64) AppleWebKit/537.36 (KHTML, like Gecko) Chrome/45.0.2454.99 Safari/537.36"
195.64.33.112 - - [10/Dec/2015:01:07:09 +0400] "GET /id14664 HTTP/1.1" 200 11464 "-" "Mozilla/5.0 (Windows NT 5.1; U; de; rv:1.9.1.6) Gecko/20091201 Firefox/3.5.6 Opera 11.00"
91.109.42.78 - - [10/Dec/2015:01:07:09 +0400] "GET / HTTP/1.1" 200 14108 "-" "Mozilla/5.0 (Windows NT 5.1) AppleWebKit/537.36 (KHTML, like Gecko) Chrome/45.0.2454.93 Safari/537.36"
91.109.42.78 - - [10/Dec/2015:01:07:09 +0400] "GET /favicon.ico HTTP/1.1" 404 0 "-" "Mozilla/5.0 (Windows NT 5.1) AppleWebKit/537.36 (KHTML, like Gecko) Chrome/45.0.2454.93 Safari/537.36"
205.248.147.155 - - [10/Dec/2015:01:07:09 +0400] "GET / HTTP/1.1" 200 25048 "-" "Mozilla/5.0 (X11; Linux x86_64) AppleWebKit/537.36 (KHTML, like Gecko) Chrome/47.0.2503.0 Safari/537.36"
205.248.147.155 - - [10/Dec/2015:01:07:09 +0400] "GET /favicon.ico HTTP/1.1" 404 0 "-" "Mozilla/5.0 (X11; Linux x86_64) AppleWebKit/537.36 (KHTML, like Gecko) Chrome/47.0.2503.0 Safari/537.36"
85.239.36.132 - - [10/Dec/2015:01:07:10 +0400] "GET / HTTP/1.1" 200 10572 "-" "Mozilla/5.0 (Windows NT 6.1) AppleWebKit/537.36 (KHTML, like Gecko) Chrome/45.0.2454.99 Safari/537.36"
85.239.36.132 - - [10/Dec/2015:01:07:10 +0400] "GET /favicon.ico HTTP/1.1" 404 0 "-" "Mozilla/5.0 (Windows NT 6.1) AppleWebKit/537.36 (KHTML, like Gecko) Chrome/45.0.2454.99 Safari/537.36"
212.63.137.156 - - [10/Dec/2015:01:07:11 +0400] "GET /id41184 HTTP/1.1" 200 21887 "-" "Mozilla/5.0 (Mobile; Windows Phone 8.1; Android 4.0; ARM; Trident/7.0; Touch; rv:11.0; IEMobile/11.0; HTC; Windows Phone 8X by HTC) like iPhone OS 7_0_3 Mac OS X AppleWebKit/537 (KHTML, like Gecko) Mobile Safari/537"
185.66.218.156 - - [10/Dec/2015:01:07:11 +0400] "GET /id27140 HTTP/1.1" 200 21161 "-" "Netwarrior"
195.160.247.58 - - [10/Dec/2015:01:07:11 +0400] "GET / HTTP/1.1" 200 25443 "-" "Mozilla/5.0 (Windows NT 6.1) AppleWebKit/537.36 (KHTML, like Gecko) Chrome/45.0.2454.99 Safari/537.36"
195.160.247.58 - - [10/Dec/2015:01:07:11 +0400] "GET /favicon.ico HTTP/1.1" 404 0 "-" "Mozilla/5.0 (Windows NT 6.1) AppleWebKit/537.36 (KHTML, like Gecko) Chrome/45.0.2454.99 Safari/537.36"
213.163.170.165 - - [10/Dec/2015:01:07:11 +0400] "GET /id25205 HTTP/1.1" 200 16159 "-" "Mozilla/5.0 (Windows NT 6.0) AppleWebKit/537.36 (KHTML, like Gecko) Chrome/43.0.2357.132 Safari/537.36"
31.29.236.24 - - [10/Dec/2015:01:07:12 +0400] "GET /id98131 HTTP/1.1" 200 10915 "-" "Mozilla/5.0 (Linux; U; Android 4.2.1; de-de; ME301T Build/JOP40D) AppleWebKit/534.30 (KHTML, like Gecko) Version/4.0 Safari/534.30"
193.105.65.199 - - [10/Dec/2015:01:07:12 +0400] "GET /id75438 HTTP/1.1" 200 22737 "-" "Mozilla/5.0 (Windows NT 10.0; WOW64) AppleWebKit/537.36 (KHTML, like Gecko) Chrome/45.0.2454.99 Safari/537.36"
192.162.195.171 - - [10/Dec/2015:01:07:12 +0400] "GET / HTTP/1.1" 200 12183 "-" "Mozilla/5.0 (Macintosh; Intel Mac OS X 10_10_4) AppleWebKit/537.36 (KHTML, like Gecko) Chrome/45.0.2454.99 Safari/537.36"
192.162.195.171 - - [10/Dec/2015:01:07:12 +0400] "GET /favicon.ico HTTP/1.1" 404 0 "-" "Mozilla/5.0 (Macintosh; Intel Mac OS X 10_10_4) AppleWebKit/537.36 (KHTML, like Gecko) Chrome/45.0.2454.99 Safari/537.36"
193.57.205.229 - - [10/Dec/2015:01:07:12 +0400] "GET / HTTP/1.1" 200 30740 "-" "Mozilla/5.0 (Linux; Android 4.2.2; pad_d85 Build/JDQ39) AppleWebKit/537.36 (KHTML, like Gecko) Chrome/43.0.2357.93 Safari/537.36"
193.57.205.229 - - [10/Dec/2015:01:07:12 +0400] "GET /favicon.ico HTTP/1.1" 404 0 "-" "Mozilla/5.0 (Linux; Android 4.2.2; pad_d85 Build/JDQ39) AppleWebKit/537.36 (KHTML, like Gecko) Chrome/43.0.2357.93 Safari/537.36"
213.163.170.165 - - [10/Dec/2015:01:07:12 +0400] "GET /id66878 HTTP/1.1" 200 22259 "-" "Mozilla/5.0 (Windows NT 6.0) AppleWebKit/537.36 (KHTML, like Gecko) Chrome/43.0.2357.132 Safari/537.36"
31.40.164.148 - - [10/Dec/2015:01:07:12 +0400] "GET /id27688 HTTP/1.1" 200 14662 "-" "Opera/9.80 (Windows NT 5.1; U; Edition Telkomsel; id) Presto/2.8.131 Version/11.10"
191.213.75.221 - - [10/Dec/2015:01:07:13 +0400] "GET / HTTP/1.1" 200 27885 "-" "Mozilla/5.0 (Windows NT 6.2) AppleWebKit/537.36 (KHTML, like Gecko) Dragon/36.1.1.22 Chrome/36.0.1985.97 Safari/537.36"
191.213.75.221 - - [10/Dec/2015:01:07:13 +0400] "GET /favicon.ico HTTP/1.1" 404 0 "-" "Mozilla/5.0 (Windows NT 6.2) AppleWebKit/537.36 (KHTML, like Gecko) Dragon/36.1.1.22 Chrome/36.0.1985.97 Safari/537.36"
193.105.65.199 - - [10/Dec/2015:01:07:13 +0400] "GET /id74098 HTTP/1.1" 200 32599 "-" "Mozilla/5.0 (Windows NT 10.0; WOW64) AppleWebKit/537.36 (KHTML, like Gecko) Chrome/45.0.2454.99 Safari/537.36"
5.100.145.111 - - [10/Dec/2015:01:07:14 +0400] "GET /id10873 HTTP/1.1" 200 25526 "-" "Mozilla/5.0 (Macintosh; Intel Mac OS X 10_7_5) AppleWebKit/537.36 (KHTML, like Gecko) Chrome/44.0.2403.130 Safari/537.36"
90.228.146.233 - - [10/Dec/2015:01:07:14 +0400] "GET /id99846 HTTP/1.1" 200 13119 "-" "Mozilla/5.0 (Windows NT 5.1; U; de; rv:1.9.1.6) Gecko/20091201 Firefox/3.5.6 Opera 11.00"
148.185.123.174 - - [10/Dec/2015:01:07:14 +0400] "GET /id35930 HTTP/1.1" 200 9846 "-" "Mozilla/5.0 (Windows; U; Windows NT 5.1; it; rv:1.9.0.5) Gecko/2009012221 Firefox/3.0.5 Flock/2.0.3"
193.105.65.199 - - [10/Dec/2015:01:07:14 +0400] "GET /id35349 HTTP/1.1" 200 9019 "-" "Mozilla/5.0 (Windows NT 10.0; WOW64) AppleWebKit/537.36 (KHTML, like Gecko) Chrome/45.0.2454.99 Safari/537.36"
212.180.12.35 - - [10/Dec/2015:01:07:14 +0400] "GET / HTTP/1.1" 200 25271 "-" "Mozilla/4.0 (compatible; MSIE 7.0; Windows NT 6.0; GTB5; SLCC1; .NET CLR 2.0.50727; InfoPath.2; .NET CLR 3.5.21022; .NET CLR 1.1.4322; OfficeLiveConnector.1.3; OfficeLivePatch.0.0; .NET CLR 3.5.30729; .NET CLR 3.0.30618)"
212.180.12.35 - - [10/Dec/2015:01:07:14 +0400] "GET /favicon.ico HTTP/1.1" 404 0 "-" "Mozilla/4.0 (compatible; MSIE 7.0; Windows NT 6.0; GTB5; SLCC1; .NET CLR 2.0.50727; InfoPath.2; .NET CLR 3.5.21022; .NET CLR 1.1.4322; OfficeLiveConnector.1.3; OfficeLivePatch.0.0; .NET CLR 3.5.30729; .NET CLR 3.0.30618)"
141.227.24.47 - - [10/Dec/2015:01:07:15 +0400] "GET /id43830 HTTP/1.1" 200 11841 "-" "Mozilla/4.0 (compatible; MSIE 7.0; Windows NT 5.1; Trident/4.0; BTRS100200; InfoPath.2; .NET CLR 2.0.50727; OfficeLiveConnector.1.5; OfficeLivePatch.1.3; .NET CLR 3.0.4506.2152; .NET CLR 3.5.30729)"
147.99.165.223 - - [10/Dec/2015:01:07:15 +0400] "GET /id18599 HTTP/1.1" 200 21188 "-" "Mozilla/5.0 (Linux; Android 5.1.1; Nexus 5 Build/LMY48I) AppleWebKit/537.36 (KHTML, like Gecko) Chrome/44.0.2403.133 Mobile Safari/537.36"
195.64.33.112 - - [10/Dec/2015:01:07:15 +0400] "GET /id63575 HTTP/1.1" 200 31633 "-" "Mozilla/5.0 (Windows NT 5.1; U; de; rv:1.9.1.6) Gecko/20091201 Firefox/3.5.6 Opera 11.00"
212.180.12.35 - - [10/Dec/2015:01:07:16 +0400] "GET /id21297 HTTP/1.1" 200 15569 "-" "Mozilla/4.0 (compatible; MSIE 7.0; Windows NT 6.0; GTB5; SLCC1; .NET CLR 2.0.50727; InfoPath.2; .NET CLR 3.5.21022; .NET CLR 1.1.4322; OfficeLiveConnector.1.3; OfficeLivePatch.0.0; .NET CLR 3.5.30729; .NET CLR 3.0.30618)"
195.128.137.77 - - [10/Dec/2015:01:07:16 +0400] "GET /id21946 HTTP/1.1" 200 17533 "-" "Mozilla/5.0 (Windows NT 6.3; WOW64) AppleWebKit/537.36 (KHTML, like Gecko) Chrome/41.0.2272.35 Safari/537.36"
212.95.90.167 - - [10/Dec/2015:01:07:16 +0400] "GET / HTTP/1.1" 200 25871 "-" "Surf/0.4.1 (X11; U; Unix; en-US) AppleWebKit/531.2+ Compatible (Safari)"
212.95.90.167 - - [10/Dec/2015:01:07:16 +0400] "GET /favicon.ico HTTP/1.1" 404 0 "-" "Surf/0.4.1 (X11; U; Unix; en-US) AppleWebKit/531.2+ Compatible (Safari)"
81.29.127.62 - - [10/Dec/2015:01:07:16 +0400] "GET /id52760 HTTP/1.1" 200 29359 "-" "Mozilla/5.0 (Windows NT 6.3; Win64; x64) AppleWebKit/537.36 (KHTML, like Gecko) Chrome/47.0.2508.0 Safari/537.36"
212.63.137.156 - - [10/Dec/2015:01:07:17 +0400] "GET /id42397 HTTP/1.1" 200 9134 "-" "Mozilla/5.0 (Mobile; Windows Phone 8.1; Android 4.0; ARM; Trident/7.0; Touch; rv:11.0; IEMobile/11.0; HTC; Windows Phone 8X by HTC) like iPhone OS 7_0_3 Mac OS X AppleWebKit/537 (KHTML, like Gecko) Mobile Safari/537"
147.99.165.223 - - [10/Dec/2015:01:07:17 +0400] "GET /id48983 HTTP/1.1" 200 20609 "-" "Mozilla/5.0 (Linux; Android 5.1.1; Nexus 5 Build/LMY48I) AppleWebKit/537.36 (KHTML, like Gecko) Chrome/44.0.2403.133 Mobile Safari/537.36"
84.40.61.69 - - [10/Dec/2015:01:07:19 +0400] "GET /id86067 HTTP/1.1" 200 8309 "-" "Mozilla/5.0 (Linux; Android 4.4.4; D6503 Build/23.0.1.A.0.167) AppleWebKit/537.36 (KHTML, like Gecko) Chrome/41.0.2272.96 Mobile Safari/537.36"
31.40.164.148 - - [10/Dec/2015:01:07:19 +0400] "GET /id70597 HTTP/1.1" 200 32168 "-" "Opera/9.80 (Windows NT 5.1; U; Edition Telkomsel; id) Presto/2.8.131 Version/11.10"
85.239.36.132 - - [10/Dec/2015:01:07:19 +0400] "GET /id49976 HTTP/1.1" 200 14694 "-" "Mozilla/5.0 (Windows NT 6.1) AppleWebKit/537.36 (KHTML, like Gecko) Chrome/45.0.2454.99 Safari/537.36"
31.40.164.148 - - [10/Dec/2015:01:07:19 +0400] "GET /id89057 HTTP/1.1" 200 10119 "-" "Opera/9.80 (Windows NT 5.1; U; Edition Telkomsel; id) Presto/2.8.131 Version/11.10"
212.180.12.35 - - [10/Dec/2015:01:07:20 +0400] "GET /id82019 HTTP/1.1" 200 12436 "-" "Mozilla/4.0 (compatible; MSIE 7.0; Windows NT 6.0; GTB5; SLCC1; .NET CLR 2.0.50727; InfoPath.2; .NET CLR 3.5.21022; .NET CLR 1.1.4322; OfficeLiveConnector.1.3; OfficeLivePatch.0.0; .NET CLR 3.5.30729; .NET CLR 3.0.30618)"
212.95.90.167 - - [10/Dec/2015:01:07:20 +0400] "GET /id76180 HTTP/1.1" 200 25849 "-" "Surf/0.4.1 (X11; U; Unix; en-US) AppleWebKit/531.2+ Compatible (Safari)"
91.216.96.106 - - [10/Dec/2015:01:07:20 +0400] "GET /id58390 HTTP/1.1" 200 12732 "-" "Mozilla/5.0 (Macintosh; Intel Mac OS X 10_10_2) AppleWebKit/600.3.18 (KHTML, like Gecko) Version/8.0.4 Safari/600.4.10"
193.57.205.229 - - [10/Dec/2015:01:07:21 +0400] "GET /id53658 HTTP/1.1" 200 17985 "-" "Mozilla/5.0 (Linux; Android 4.2.2; pad_d85 Build/JDQ39) AppleWebKit/537.36 (KHTML, like Gecko) Chrome/43.0.2357.93 Safari/537.36"
23.59.47.129 - - [10/Dec/2015:01:07:23 +0400] "GET /id13799 HTTP/1.1" 200 20255 "-" "Mozilla/5.0 (Windows NT 10.0; WOW64) AppleWebKit/537.36 (KHTML, like Gecko) Chrome/45.0.2454.99 Safari/537.36"
91.205.178.171 - - [10/Dec/2015:01:07:23 +0400] "GET / HTTP/1.1" 200 22852 "-" "Mozilla/5.0 (Windows NT 5.1) AppleWebKit/537.36 (KHTML, like Gecko) Chrome/45.0.2454.93 Safari/537.36"
91.205.178.171 - - [10/Dec/2015:01:07:23 +0400] "GET /favicon.ico HTTP/1.1" 404 0 "-" "Mozilla/5.0 (Windows NT 5.1) AppleWebKit/537.36 (KHTML, like Gecko) Chrome/45.0.2454.93 Safari/537.36"
147.99.165.223 - - [10/Dec/2015:01:07:28 +0400] "GET /id17487 HTTP/1.1" 200 26877 "-" "Mozilla/5.0 (Linux; Android 5.1.1; Nexus 5 Build/LMY48I) AppleWebKit/537.36 (KHTML, like Gecko) Chrome/44.0.2403.133 Mobile Safari/537.36"
147.99.165.223 - - [10/Dec/2015:01:07:28 +0400] "GET /id31337 HTTP/1.1" 200 18219 "-" "Mozilla/5.0 (Linux; Android 5.1.1; Nexus 5 Build/LMY48I) AppleWebKit/537.36 (KHTML, like Gecko) Chrome/44.0.2403.133 Mobile Safari/537.36"
91.199.67.112 - - [10/Dec/2015:01:07:28 +0400] "GET /id86666 HTTP/1.1" 200 18291 "-" "Mozilla/5.0 (Linux; Android 4.4.2; TAB10C8 Build/KOT49H) AppleWebKit/537.36 (KHTML, like Gecko) Version/4.0 Chrome/30.0.0.0 Safari/537.36"
213.163.170.165 - - [10/Dec/2015:01:07:28 +0400] "GET /id17943 HTTP/1.1" 200 30181 "-" "Mozilla/5.0 (Windows NT 6.0) AppleWebKit/537.36 (KHTML, like Gecko) Chrome/43.0.2357.132 Safari/537.36"
147.99.165.223 - - [10/Dec/2015:01:07:28 +0400] "GET /id35460 HTTP/1.1" 200 28664 "-" "Mozilla/5.0 (Linux; Android 5.1.1; Nexus 5 Build/LMY48I) AppleWebKit/537.36 (KHTML, like Gecko) Chrome/44.0.2403.133 Mobile Safari/537.36"
91.216.96.106 - - [10/Dec/2015:01:07:29 +0400] "GET /id32641 HTTP/1.1" 200 12012 "-" "Mozilla/5.0 (Macintosh; Intel Mac OS X 10_10_2) AppleWebKit/600.3.18 (KHTML, like Gecko) Version/8.0.4 Safari/600.4.10"
23.59.47.129 - - [10/Dec/2015:01:07:29 +0400] "GET /id53969 HTTP/1.1" 200 26414 "-" "Mozilla/5.0 (Windows NT 10.0; WOW64) AppleWebKit/537.36 (KHTML, like Gecko) Chrome/45.0.2454.99 Safari/537.36"
191.0.175.252 - - [10/Dec/2015:01:07:29 +0400] "GET /id45972 HTTP/1.1" 200 19310 "-" "Mozilla/5.0 (Windows NT 6.0; WOW64) AppleWebKit/537.36 (KHTML, like Gecko) Chrome/43.0.2357.132 Safari/537.36"
193.105.65.199 - - [10/Dec/2015:01:07:29 +0400] "GET /id78936 HTTP/1.1" 200 13211 "-" "Mozilla/5.0 (Windows NT 10.0; WOW64) AppleWebKit/537.36 (KHTML, like Gecko) Chrome/45.0.2454.99 Safari/537.36"
147.99.165.223 - - [10/Dec/2015:01:07:30 +0400] "GET /id26820 HTTP/1.1" 200 27872 "-" "Mozilla/5.0 (Linux; Android 5.1.1; Nexus 5 Build/LMY48I) AppleWebKit/537.36 (KHTML, like Gecko) Chrome/44.0.2403.133 Mobile Safari/537.36"
91.230.23.125 - - [10/Dec/2015:01:07:31 +0400] "GET / HTTP/1.1" 200 14815 "-" "Mozilla/5.0 (Windows NT 5.1; U; de; rv:1.9.1.6) Gecko/20091201 Firefox/3.5.6 Opera 11.00"
91.230.23.125 - - [10/Dec/2015:01:07:31 +0400] "GET /favicon.ico HTTP/1.1" 404 0 "-" "Mozilla/5.0 (Windows NT 5.1; U; de; rv:1.9.1.6) Gecko/20091201 Firefox/3.5.6 Opera 11.00"
147.99.165.223 - - [10/Dec/2015:01:07:31 +0400] "GET /id29354 HTTP/1.1" 200 17014 "-" "Mozilla/5.0 (Linux; Android 5.1.1; Nexus 5 Build/LMY48I) AppleWebKit/537.36 (KHTML, like Gecko) Chrome/44.0.2403.133 Mobile Safari/537.36"
191.0.175.252 - - [10/Dec/2015:01:07:32 +0400] "GET /id15622 HTTP/1.1" 200 15021 "-" "Mozilla/5.0 (Windows NT 6.0; WOW64) AppleWebKit/537.36 (KHTML, like Gecko) Chrome/43.0.2357.132 Safari/537.36"
147.99.165.223 - - [10/Dec/2015:01:07:32 +0400] "GET /id95676 HTTP/1.1" 200 21434 "-" "Mozilla/5.0 (Linux; Android 5.1.1; Nexus 5 Build/LMY48I) AppleWebKit/537.36 (KHTML, like Gecko) Chrome/44.0.2403.133 Mobile Safari/537.36"
85.239.36.132 - - [10/Dec/2015:01:07:33 +0400] "GET /id20555 HTTP/1.1" 200 13552 "-" "Mozilla/5.0 (Windows NT 6.1) AppleWebKit/537.36 (KHTML, like Gecko) Chrome/45.0.2454.99 Safari/537.36"
91.230.23.125 - - [10/Dec/2015:01:07:33 +0400] "GET /id91865 HTTP/1.1" 200 8602 "-" "Mozilla/5.0 (Windows NT 5.1; U; de; rv:1.9.1.6) Gecko/20091201 Firefox/3.5.6 Opera 11.00"
90.228.146.233 - - [10/Dec/2015:01:07:33 +0400] "GET /id81170 HTTP/1.1" 200 12113 "-" "Mozilla/5.0 (Windows NT 5.1; U; de; rv:1.9.1.6) Gecko/20091201 Firefox/3.5.6 Opera 11.00"
193.105.65.199 - - [10/Dec/2015:01:07:34 +0400] "GET /id62365 HTTP/1.1" 200 8977 "-" "Mozilla/5.0 (Windows NT 10.0; WOW64) AppleWebKit/537.36 (KHTML, like Gecko) Chrome/45.0.2454.99 Safari/537.36"
191.0.175.252 - - [10/Dec/2015:01:07:34 +0400] "GET /id82966 HTTP/1.1" 200 31535 "-" "Mozilla/5.0 (Windows NT 6.0; WOW64) AppleWebKit/537.36 (KHTML, like Gecko) Chrome/43.0.2357.132 Safari/537.36"
23.59.47.129 - - [10/Dec/2015:01:07:34 +0400] "GET /id74085 HTTP/1.1" 200 15204 "-" "Mozilla/5.0 (Windows NT 10.0; WOW64) AppleWebKit/537.36 (KHTML, like Gecko) Chrome/45.0.2454.99 Safari/537.36"
23.59.47.129 - - [10/Dec/2015:01:07:34 +0400] "GET /id42875 HTTP/1.1" 200 29525 "-" "Mozilla/5.0 (Windows NT 10.0; WOW64) AppleWebKit/537.36 (KHTML, like Gecko) Chrome/45.0.2454.99 Safari/537.36"
195.64.33.112 - - [10/Dec/2015:01:07:34 +0400] "GET /id28422 HTTP/1.1" 200 12489 "-" "Mozilla/5.0 (Windows NT 5.1; U; de; rv:1.9.1.6) Gecko/20091201 Firefox/3.5.6 Opera 11.00"
91.230.23.125 - - [10/Dec/2015:01:07:34 +0400] "GET /id42053 HTTP/1.1" 200 28614 "-" "Mozilla/5.0 (Windows NT 5.1; U; de; rv:1.9.1.6) Gecko/20091201 Firefox/3.5.6 Opera 11.00"
178.22.194.146 - - [10/Dec/2015:01:07:35 +0400] "GET /id29001 HTTP/1.1" 200 32129 "-" "Mozilla/5.0 (Windows; U; Windows NT 5.1; en-US; rv:1.9.1.11) Gecko/20100701 Firefox/3.5.11 GTB7.1 ( .NET CLR 3.5.30729; .NET4.0C) FBSMTWB"
178.22.194.146 - - [10/Dec/2015:01:07:35 +0400] "GET /id20661 HTTP/1.1" 200 18818 "-" "Mozilla/5.0 (Windows; U; Windows NT 5.1; en-US; rv:1.9.1.11) Gecko/20100701 Firefox/3.5.11 GTB7.1 ( .NET CLR 3.5.30729; .NET4.0C) FBSMTWB"
91.216.96.106 - - [10/Dec/2015:01:07:36 +0400] "GET /id12127 HTTP/1.1" 200 29246 "-" "Mozilla/5.0 (Macintosh; Intel Mac OS X 10_10_2) AppleWebKit/600.3.18 (KHTML, like Gecko) Version/8.0.4 Safari/600.4.10"
195.64.33.112 - - [10/Dec/2015:01:07:36 +0400] "GET /id37217 HTTP/1.1" 200 20250 "-" "Mozilla/5.0 (Windows NT 5.1; U; de; rv:1.9.1.6) Gecko/20091201 Firefox/3.5.6 Opera 11.00"
91.230.23.125 - - [10/Dec/2015:01:07:37 +0400] "GET /id72995 HTTP/1.1" 200 27896 "-" "Mozilla/5.0 (Windows NT 5.1; U; de; rv:1.9.1.6) Gecko/20091201 Firefox/3.5.6 Opera 11.00"
93.170.186.29 - - [10/Dec/2015:01:07:39 +0400] "GET /id17189 HTTP/1.1" 200 11163 "-" "UCWEB/2.0 (MIDP-2.0; U; Adr 4.4.4; en-US; GT-I9060I) U2/1.0.0 UCBrowser/10.3.0.622 U2/1.0.0 Mobile"
212.95.90.167 - - [10/Dec/2015:01:07:39 +0400] "GET /id71241 HTTP/1.1" 200 32375 "-" "Surf/0.4.1 (X11; U; Unix; en-US) AppleWebKit/531.2+ Compatible (Safari)"
23.59.47.129 - - [10/Dec/2015:01:07:40 +0400] "GET /id85533 HTTP/1.1" 200 21752 "-" "Mozilla/5.0 (Windows NT 10.0; WOW64) AppleWebKit/537.36 (KHTML, like Gecko) Chrome/45.0.2454.99 Safari/537.36"
91.216.96.106 - - [10/Dec/2015:01:07:40 +0400] "GET /id40185 HTTP/1.1" 200 32318 "-" "Mozilla/5.0 (Macintosh; Intel Mac OS X 10_10_2) AppleWebKit/600.3.18 (KHTML, like Gecko) Version/8.0.4 Safari/600.4.10"
91.229.96.126 - - [10/Dec/2015:01:07:41 +0400] "GET /id63119 HTTP/1.1" 200 29269 "-" "Mozilla/5.0; TOB 6.11 (Windows NT 6.1; WOW64; Trident/7.0; rv:11.0) like Gecko"
85.239.36.132 - - [10/Dec/2015:01:07:41 +0400] "GET /id71986 HTTP/1.1" 200 19882 "-" "Mozilla/5.0 (Windows NT 6.1) AppleWebKit/537.36 (KHTML, like Gecko) Chrome/45.0.2454.99 Safari/537.36"
85.239.36.132 - - [10/Dec/2015:01:07:41 +0400] "GET /id62820 HTTP/1.1" 200 17046 "-" "Mozilla/5.0 (Windows NT 6.1) AppleWebKit/537.36 (KHTML, like Gecko) Chrome/45.0.2454.99 Safari/537.36"
195.128.137.77 - - [10/Dec/2015:01:07:42 +0400] "GET /id53950 HTTP/1.1" 200 23874 "-" "Mozilla/5.0 (Windows NT 6.3; WOW64) AppleWebKit/537.36 (KHTML, like Gecko) Chrome/41.0.2272.35 Safari/537.36"
193.105.65.199 - - [10/Dec/2015:01:07:42 +0400] "GET /id29525 HTTP/1.1" 200 9447 "-" "Mozilla/5.0 (Windows NT 10.0; WOW64) AppleWebKit/537.36 (KHTML, like Gecko) Chrome/45.0.2454.99 Safari/537.36"
91.219.22.248 - - [10/Dec/2015:01:07:43 +0400] "GET /id11961 HTTP/1.1" 200 22238 "-" "Mozilla/5.0 (Macintosh; Intel Mac OS X 10_7_5) AppleWebKit/537.36 (KHTML, like Gecko) Chrome/44.0.2403.130 Safari/537.36"
84.40.61.69 - - [10/Dec/2015:01:07:44 +0400] "GET /id56831 HTTP/1.1" 200 25336 "-" "Mozilla/5.0 (Linux; Android 4.4.4; D6503 Build/23.0.1.A.0.167) AppleWebKit/537.36 (KHTML, like Gecko) Chrome/41.0.2272.96 Mobile Safari/537.36"
31.29.236.24 - - [10/Dec/2015:01:07:45 +0400] "GET /id17421 HTTP/1.1" 200 13574 "-" "Mozilla/5.0 (Linux; U; Android 4.2.1; de-de; ME301T Build/JOP40D) AppleWebKit/534.30 (KHTML, like Gecko) Version/4.0 Safari/534.30"
23.59.47.129 - - [10/Dec/2015:01:07:45 +0400] "GET /id46673 HTTP/1.1" 200 26145 "-" "Mozilla/5.0 (Windows NT 10.0; WOW64) AppleWebKit/537.36 (KHTML, like Gecko) Chrome/45.0.2454.99 Safari/537.36"
85.239.36.132 - - [10/Dec/2015:01:07:45 +0400] "GET /id92573 HTTP/1.1" 200 15437 "-" "Mozilla/5.0 (Windows NT 6.1) AppleWebKit/537.36 (KHTML, like Gecko) Chrome/45.0.2454.99 Safari/537.36"
84.40.61.69 - - [10/Dec/2015:01:07:46 +0400] "GET /id47982 HTTP/1.1" 200 26491 "-" "Mozilla/5.0 (Linux; Android 4.4.4; D6503 Build/23.0.1.A.0.167) AppleWebKit/537.36 (KHTML, like Gecko) Chrome/41.0.2272.96 Mobile Safari/537.36"
85.239.36.132 - - [10/Dec/2015:01:07:46 +0400] "GET /id63444 HTTP/1.1" 200 19597 "-" "Mozilla/5.0 (Windows NT 6.1) AppleWebKit/537.36 (KHTML, like Gecko) Chrome/45.0.2454.99 Safari/537.36"
213.163.170.165 - - [10/Dec/2015:01:07:46 +0400] "GET /id97124 HTTP/1.1" 200 15812 "-" "Mozilla/5.0 (Windows NT 6.0) AppleWebKit/537.36 (KHTML, like Gecko) Chrome/43.0.2357.132 Safari/537.36"
85.239.36.132 - - [10/Dec/2015:01:07:47 +0400] "GET /id83978 HTTP/1.1" 200 24808 "-" "Mozilla/5.0 (Windows NT 6.1) AppleWebKit/537.36 (KHTML, like Gecko) Chrome/45.0.2454.99 Safari/537.36"
91.216.96.106 - - [10/Dec/2015:01:07:48 +0400] "GET /id35164 HTTP/1.1" 200 32747 "-" "Mozilla/5.0 (Macintosh; Intel Mac OS X 10_10_2) AppleWebKit/600.3.18 (KHTML, like Gecko) Version/8.0.4 Safari/600.4.10"
191.0.175.252 - - [10/Dec/2015:01:07:48 +0400] "GET /id32370 HTTP/1.1" 200 13174 "-" "Mozilla/5.0 (Windows NT 6.0; WOW64) AppleWebKit/537.36 (KHTML, like Gecko) Chrome/43.0.2357.132 Safari/537.36"
31.29.236.24 - - [10/Dec/2015:01:07:48 +0400] "GET /id91221 HTTP/1.1" 200 31439 "-" "Mozilla/5.0 (Linux; U; Android 4.2.1; de-de; ME301T Build/JOP40D) AppleWebKit/534.30 (KHTML, like Gecko) Version/4.0 Safari/534.30"
195.110.7.55 - - [10/Dec/2015:01:07:48 +0400] "GET / HTTP/1.1" 200 24340 "-" "Mozilla/5.0 (Windows NT 10.0; WOW64) AppleWebKit/537.36 (KHTML, like Gecko) Chrome/45.0.2454.99 Safari/537.36"
195.110.7.55 - - [10/Dec/2015:01:07:48 +0400] "GET /favicon.ico HTTP/1.1" 404 0 "-" "Mozilla/5.0 (Windows NT 10.0; WOW64) AppleWebKit/537.36 (KHTML, like Gecko) Chrome/45.0.2454.99 Safari/537.36"
195.128.137.77 - - [10/Dec/2015:01:07:49 +0400] "GET /id47800 HTTP/1.1" 200 18594 "-" "Mozilla/5.0 (Windows NT 6.3; WOW64) AppleWebKit/537.36 (KHTML, like Gecko) Chrome/41.0.2272.35 Safari/537.36"
23.59.47.129 - - [10/Dec/2015:01:07:52 +0400] "GET /id47457 HTTP/1.1" 200 14859 "-" "Mozilla/5.0 (Windows NT 10.0; WOW64) AppleWebKit/537.36 (KHTML, like Gecko) Chrome/45.0.2454.99 Safari/537.36"
147.99.165.223 - - [10/Dec/2015:01:07:53 +0400] "GET /id59704 HTTP/1.1" 200 28684 "-" "Mozilla/5.0 (Linux; Android 5.1.1; Nexus 5 Build/LMY48I) AppleWebKit/537.36 (KHTML, like Gecko) Chrome/44.0.2403.133 Mobile Safari/537.36"
193.105.65.199 - - [10/Dec/2015:01:07:53 +0400] "GET /id73215 HTTP/1.1" 200 22715 "-" "Mozilla/5.0 (Windows NT 10.0; WOW64) AppleWebKit/537.36 (KHTML, like Gecko) Chrome/45.0.2454.99 Safari/537.36"
148.185.123.174 - - [10/Dec/2015:01:07:56 +0400] "GET /id52555 HTTP/1.1" 200 10659 "-" "Mozilla/5.0 (Windows; U; Windows NT 5.1; it; rv:1.9.0.5) Gecko/2009012221 Firefox/3.0.5 Flock/2.0.3"
195.110.7.55 - - [10/Dec/2015:01:07:56 +0400] "GET /id96581 HTTP/1.1" 200 12845 "-" "Mozilla/5.0 (Windows NT 10.0; WOW64) AppleWebKit/537.36 (KHTML, like Gecko) Chrome/45.0.2454.99 Safari/537.36"
85.239.36.132 - - [10/Dec/2015:01:07:57 +0400] "GET /id49139 HTTP/1.1" 200 25316 "-" "Mozilla/5.0 (Windows NT 6.1) AppleWebKit/537.36 (KHTML, like Gecko) Chrome/45.0.2454.99 Safari/537.36"
193.105.65.199 - - [10/Dec/2015:01:07:57 +0400] "GET /id28680 HTTP/1.1" 200 23368 "-" "Mozilla/5.0 (Windows NT 10.0; WOW64) AppleWebKit/537.36 (KHTML, like Gecko) Chrome/45.0.2454.99 Safari/537.36"
193.105.65.199 - - [10/Dec/2015:01:07:57 +0400] "GET /id16901 HTTP/1.1" 200 13404 "-" "Mozilla/5.0 (Windows NT 10.0; WOW64) AppleWebKit/537.36 (KHTML, like Gecko) Chrome/45.0.2454.99 Safari/537.36"
195.64.33.112 - - [10/Dec/2015:01:07:59 +0400] "GET /id95836 HTTP/1.1" 200 23750 "-" "Mozilla/5.0 (Windows NT 5.1; U; de; rv:1.9.1.6) Gecko/20091201 Firefox/3.5.6 Opera 11.00"
191.0.175.252 - - [10/Dec/2015:01:07:59 +0400] "GET /id46213 HTTP/1.1" 200 9616 "-" "Mozilla/5.0 (Windows NT 6.0; WOW64) AppleWebKit/537.36 (KHTML, like Gecko) Chrome/43.0.2357.132 Safari/537.36"
195.110.7.55 - - [10/Dec/2015:01:07:59 +0400] "GET /id67350 HTTP/1.1" 200 12563 "-" "Mozilla/5.0 (Windows NT 10.0; WOW64) AppleWebKit/537.36 (KHTML, like Gecko) Chrome/45.0.2454.99 Safari/537.36"
23.59.47.129 - - [10/Dec/2015:01:08:04 +0400] "GET /id21651 HTTP/1.1" 200 24884 "-" "Mozilla/5.0 (Windows NT 10.0; WOW64) AppleWebKit/537.36 (KHTML, like Gecko) Chrome/45.0.2454.99 Safari/537.36"
213.163.170.165 - - [10/Dec/2015:01:08:04 +0400] "GET /id18260 HTTP/1.1" 200 12500 "-" "Mozilla/5.0 (Windows NT 6.0) AppleWebKit/537.36 (KHTML, like Gecko) Chrome/43.0.2357.132 Safari/537.36"
194.138.192.141 - - [10/Dec/2015:01:08:04 +0400] "GET / HTTP/1.1" 200 18287 "-" "Mozilla/5.0 (Windows NT 5.1; U; de; rv:1.9.1.6) Gecko/20091201 Firefox/3.5.6 Opera 11.00"
194.138.192.141 - - [10/Dec/2015:01:08:04 +0400] "GET /favicon.ico HTTP/1.1" 404 0 "-" "Mozilla/5.0 (Windows NT 5.1; U; de; rv:1.9.1.6) Gecko/20091201 Firefox/3.5.6 Opera 11.00"
194.138.192.141 - - [10/Dec/2015:01:08:04 +0400] "GET /id97821 HTTP/1.1" 200 9540 "-" "Mozilla/5.0 (Windows NT 5.1; U; de; rv:1.9.1.6) Gecko/20091201 Firefox/3.5.6 Opera 11.00"
195.64.33.112 - - [10/Dec/2015:01:08:05 +0400] "GET /id66485 HTTP/1.1" 200 16755 "-" "Mozilla/5.0 (Windows NT 5.1; U; de; rv:1.9.1.6) Gecko/20091201 Firefox/3.5.6 Opera 11.00"
91.216.96.106 - - [10/Dec/2015:01:08:07 +0400] "GET /id74674 HTTP/1.1" 200 16850 "-" "Mozilla/5.0 (Macintosh; Intel Mac OS X 10_10_2) AppleWebKit/600.3.18 (KHTML, like Gecko) Version/8.0.4 Safari/600.4.10"
213.241.250.250 - - [10/Dec/2015:01:08:08 +0400] "GET / HTTP/1.1" 200 23250 "-" "Mozilla/5.0 (Windows NT 6.1; Trident/7.0; tb-webde/2.5.1; rv:11.0) like Gecko"
213.241.250.250 - - [10/Dec/2015:01:08:08 +0400] "GET /favicon.ico HTTP/1.1" 404 0 "-" "Mozilla/5.0 (Windows NT 6.1; Trident/7.0; tb-webde/2.5.1; rv:11.0) like Gecko"
91.219.22.248 - - [10/Dec/2015:01:08:08 +0400] "GET /id62558 HTTP/1.1" 200 13112 "-" "Mozilla/5.0 (Macintosh; Intel Mac OS X 10_7_5) AppleWebKit/537.36 (KHTML, like Gecko) Chrome/44.0.2403.130 Safari/537.36"
213.241.250.250 - - [10/Dec/2015:01:08:08 +0400] "GET /id78015 HTTP/1.1" 200 20097 "-" "Mozilla/5.0 (Windows NT 6.1; Trident/7.0; tb-webde/2.5.1; rv:11.0) like Gecko"
213.241.250.250 - - [10/Dec/2015:01:08:09 +0400] "GET /id33031 HTTP/1.1" 200 14680 "-" "Mozilla/5.0 (Windows NT 6.1; Trident/7.0; tb-webde/2.5.1; rv:11.0) like Gecko"
195.128.137.77 - - [10/Dec/2015:01:08:09 +0400] "GET /id88050 HTTP/1.1" 200 22567 "-" "Mozilla/5.0 (Windows NT 6.3; WOW64) AppleWebKit/537.36 (KHTML, like Gecko) Chrome/41.0.2272.35 Safari/537.36"
94.229.154.247 - - [10/Dec/2015:01:08:09 +0400] "GET / HTTP/1.1" 200 11770 "-" "Mozilla/5.0 (Windows NT 10.0; WOW64) AppleWebKit/537.36 (KHTML, like Gecko) Chrome/45.0.2454.99 Safari/537.36"
94.229.154.247 - - [10/Dec/2015:01:08:09 +0400] "GET /favicon.ico HTTP/1.1" 404 0 "-" "Mozilla/5.0 (Windows NT 10.0; WOW64) AppleWebKit/537.36 (KHTML, like Gecko) Chrome/45.0.2454.99 Safari/537.36"
195.72.191.47 - - [10/Dec/2015:01:08:09 +0400] "GET / HTTP/1.1" 200 31281 "-" "Mozilla/5.0 (Linux; Android 5.0.1; SM-N910V Build/LRX22C) AppleWebKit/537.36 (KHTML, like Gecko) Chrome/44.0.2403.133 Mobile Safari/537.36"
195.72.191.47 - - [10/Dec/2015:01:08:09 +0400] "GET /favicon.ico HTTP/1.1" 404 0 "-" "Mozilla/5.0 (Linux; Android 5.0.1; SM-N910V Build/LRX22C) AppleWebKit/537.36 (KHTML, like Gecko) Chrome/44.0.2403.133 Mobile Safari/537.36"
82.197.144.254 - - [10/Dec/2015:01:08:11 +0400] "GET / HTTP/1.1" 200 10082 "-" "Mozilla/5.0 (Windows NT 10.0; WOW64) AppleWebKit/537.36 (KHTML, like Gecko) Chrome/45.0.2454.99 Safari/537.36"
82.197.144.254 - - [10/Dec/2015:01:08:11 +0400] "GET /favicon.ico HTTP/1.1" 404 0 "-" "Mozilla/5.0 (Windows NT 10.0; WOW64) AppleWebKit/537.36 (KHTML, like Gecko) Chrome/45.0.2454.99 Safari/537.36"
148.185.123.174 - - [10/Dec/2015:01:08:11 +0400] "GET /id73850 HTTP/1.1" 200 20145 "-" "Mozilla/5.0 (Windows; U; Windows NT 5.1; it; rv:1.9.0.5) Gecko/2009012221 Firefox/3.0.5 Flock/2.0.3"
91.193.88.93 - - [10/Dec/2015:01:08:12 +0400] "GET / HTTP/1.1" 200 19278 "-" "Mozilla/5.0 (Linux; Android 4.4.2; GT-I9515 Build/KOT49H) AppleWebKit/537.36 (KHTML, like Gecko) Chrome/40.0.2214.109 Mobile Safari/537.36"
91.193.88.93 - - [10/Dec/2015:01:08:12 +0400] "GET /favicon.ico HTTP/1.1" 404 0 "-" "Mozilla/5.0 (Linux; Android 4.4.2; GT-I9515 Build/KOT49H) AppleWebKit/537.36 (KHTML, like Gecko) Chrome/40.0.2214.109 Mobile Safari/537.36"
212.95.90.167 - - [10/Dec/2015:01:08:13 +0400] "GET /id28298 HTTP/1.1" 200 10539 "-" "Surf/0.4.1 (X11; U; Unix; en-US) AppleWebKit/531.2+ Compatible (Safari)"
77.87.111.65 - - [10/Dec/2015:01:08:13 +0400] "GET / HTTP/1.1" 200 32428 "-" "Mozilla/5.0 (Macintosh; Intel Mac OS X 10_7_5) AppleWebKit/537.36 (KHTML, like Gecko) Chrome/44.0.2403.130 Safari/537.36"
77.87.111.65 - - [10/Dec/2015:01:08:13 +0400] "GET /favicon.ico HTTP/1.1" 404 0 "-" "Mozilla/5.0 (Macintosh; Intel Mac OS X 10_7_5) AppleWebKit/537.36 (KHTML, like Gecko) Chrome/44.0.2403.130 Safari/537.36"
2.248.212.81 - - [10/Dec/2015:01:08:14 +0400] "GET / HTTP/1.1" 200 22007 "-" "Mozilla/5.0 (Linux; Android 5.0.2; D5503 Build/14.5.A.0.270) AppleWebKit/537.36 (KHTML, like Gecko) Chrome/44.0.2403.133 Mobile Safari/537.36"
2.248.212.81 - - [10/Dec/2015:01:08:14 +0400] "GET /favicon.ico HTTP/1.1" 404 0 "-" "Mozilla/5.0 (Linux; Android 5.0.2; D5503 Build/14.5.A.0.270) AppleWebKit/537.36 (KHTML, like Gecko) Chrome/44.0.2403.133 Mobile Safari/537.36"
195.64.33.112 - - [10/Dec/2015:01:08:15 +0400] "GET /id92117 HTTP/1.1" 200 29601 "-" "Mozilla/5.0 (Windows NT 5.1; U; de; rv:1.9.1.6) Gecko/20091201 Firefox/3.5.6 Opera 11.00"
91.194.59.89 - - [10/Dec/2015:01:08:15 +0400] "GET / HTTP/1.1" 200 17055 "-" "Mozilla/5.0 (X11; Linux x86_64) AppleWebKit/535.1 (KHTML, like Gecko) Chrome/14.0.792.0 Safari/535.1 SUSE/14.0.792.0"
91.194.59.89 - - [10/Dec/2015:01:08:15 +0400] "GET /favicon.ico HTTP/1.1" 404 0 "-" "Mozilla/5.0 (X11; Linux x86_64) AppleWebKit/535.1 (KHTML, like Gecko) Chrome/14.0.792.0 Safari/535.1 SUSE/14.0.792.0"
85.239.36.132 - - [10/Dec/2015:01:08:15 +0400] "GET /id68726 HTTP/1.1" 200 13364 "-" "Mozilla/5.0 (Windows NT 6.1) AppleWebKit/537.36 (KHTML, like Gecko) Chrome/45.0.2454.99 Safari/537.36"
147.99.165.223 - - [10/Dec/2015:01:08:15 +0400] "GET /id89053 HTTP/1.1" 200 15215 "-" "Mozilla/5.0 (Linux; Android 5.1.1; Nexus 5 Build/LMY48I) AppleWebKit/537.36 (KHTML, like Gecko) Chrome/44.0.2403.133 Mobile Safari/537.36"
148.185.123.174 - - [10/Dec/2015:01:08:15 +0400] "GET /id54454 HTTP/1.1" 200 16705 "-" "Mozilla/5.0 (Windows; U; Windows NT 5.1; it; rv:1.9.0.5) Gecko/2009012221 Firefox/3.0.5 Flock/2.0.3"
2.248.212.81 - - [10/Dec/2015:01:08:15 +0400] "GET /id79713 HTTP/1.1" 200 10967 "-" "Mozilla/5.0 (Linux; Android 5.0.2; D5503 Build/14.5.A.0.270) AppleWebKit/537.36 (KHTML, like Gecko) Chrome/44.0.2403.133 Mobile Safari/537.36"
46.237.18.225 - - [10/Dec/2015:01:08:15 +0400] "GET / HTTP/1.1" 200 21087 "http://google.com/" "Mozilla/5.0 (Linux; Android 4.2.2; pad_d85 Build/JDQ39) AppleWebKit/537.36 (KHTML, like Gecko) Chrome/43.0.2357.93 Safari/537.36"
46.237.18.225 - - [10/Dec/2015:01:08:15 +0400] "GET /favicon.ico HTTP/1.1" 404 0 "-" "Mozilla/5.0 (Linux; Android 4.2.2; pad_d85 Build/JDQ39) AppleWebKit/537.36 (KHTML, like Gecko) Chrome/43.0.2357.93 Safari/537.36"
185.27.226.96 - - [10/Dec/2015:01:08:16 +0400] "GET / HTTP/1.1" 200 10324 "-" "Mozilla/5.0 (Windows NT 5.1; U; de; rv:1.9.1.6) Gecko/20091201 Firefox/3.5.6 Opera 11.00"
185.27.226.96 - - [10/Dec/2015:01:08:16 +0400] "GET /favicon.ico HTTP/1.1" 404 0 "-" "Mozilla/5.0 (Windows NT 5.1; U; de; rv:1.9.1.6) Gecko/20091201 Firefox/3.5.6 Opera 11.00"
95.47.141.242 - - [10/Dec/2015:01:08:16 +0400] "GET / HTTP/1.1" 200 14874 "-" "Mozilla/5.0 (Windows NT 10.0; WOW64) AppleWebKit/537.36 (KHTML, like Gecko) Chrome/45.0.2454.99 Safari/537.36"
95.47.141.242 - - [10/Dec/2015:01:08:16 +0400] "GET /favicon.ico HTTP/1.1" 404 0 "-" "Mozilla/5.0 (Windows NT 10.0; WOW64) AppleWebKit/537.36 (KHTML, like Gecko) Chrome/45.0.2454.99 Safari/537.36"
2.248.51.56 - - [10/Dec/2015:01:08:16 +0400] "GET / HTTP/1.1" 200 16702 "-" "Mozilla/5.0 (Windows NT 5.1; U; de; rv:1.9.1.6) Gecko/20091201 Firefox/3.5.6 Opera 11.00"
2.248.51.56 - - [10/Dec/2015:01:08:16 +0400] "GET /favicon.ico HTTP/1.1" 404 0 "-" "Mozilla/5.0 (Windows NT 5.1; U; de; rv:1.9.1.6) Gecko/20091201 Firefox/3.5.6 Opera 11.00"
195.72.191.47 - - [10/Dec/2015:01:08:17 +0400] "GET /id78361 HTTP/1.1" 200 22164 "-" "Mozilla/5.0 (Linux; Android 5.0.1; SM-N910V Build/LRX22C) AppleWebKit/537.36 (KHTML, like Gecko) Chrome/44.0.2403.133 Mobile Safari/537.36"
2.248.212.81 - - [10/Dec/2015:01:08:18 +0400] "GET /id39044 HTTP/1.1" 200 31830 "-" "Mozilla/5.0 (Linux; Android 5.0.2; D5503 Build/14.5.A.0.270) AppleWebKit/537.36 (KHTML, like Gecko) Chrome/44.0.2403.133 Mobile Safari/537.36"
193.105.65.199 - - [10/Dec/2015:01:08:18 +0400] "GET /id69060 HTTP/1.1" 200 25195 "-" "Mozilla/5.0 (Windows NT 10.0; WOW64) AppleWebKit/537.36 (KHTML, like Gecko) Chrome/45.0.2454.99 Safari/537.36"
92.122.88.184 - - [10/Dec/2015:01:08:18 +0400] "GET / HTTP/1.1" 200 27942 "-" "Mozilla/5.0 (Windows NT 6.0) AppleWebKit/537.36 (KHTML, like Gecko) Chrome/45.0.2454.85 Safari/537.36"
92.122.88.184 - - [10/Dec/2015:01:08:18 +0400] "GET /favicon.ico HTTP/1.1" 404 0 "-" "Mozilla/5.0 (Windows NT 6.0) AppleWebKit/537.36 (KHTML, like Gecko) Chrome/45.0.2454.85 Safari/537.36"
193.57.205.229 - - [10/Dec/2015:01:08:18 +0400] "GET /id46787 HTTP/1.1" 200 21705 "-" "Mozilla/5.0 (Linux; Android 4.2.2; pad_d85 Build/JDQ39) AppleWebKit/537.36 (KHTML, like Gecko) Chrome/43.0.2357.93 Safari/537.36"
193.57.205.229 - - [10/Dec/2015:01:08:18 +0400] "GET /id18580 HTTP/1.1" 200 11379 "-" "Mozilla/5.0 (Linux; Android 4.2.2; pad_d85 Build/JDQ39) AppleWebKit/537.36 (KHTML, like Gecko) Chrome/43.0.2357.93 Safari/537.36"
193.220.118.74 - - [10/Dec/2015:01:08:19 +0400] "GET / HTTP/1.1" 200 27277 "-" "Mozilla/5.0 (Windows NT 6.1) AppleWebKit/537.36 (KHTML, like Gecko) Chrome/45.0.2454.99 Safari/537.36"
193.220.118.74 - - [10/Dec/2015:01:08:19 +0400] "GET /favicon.ico HTTP/1.1" 404 0 "-" "Mozilla/5.0 (Windows NT 6.1) AppleWebKit/537.36 (KHTML, like Gecko) Chrome/45.0.2454.99 Safari/537.36"
178.22.194.146 - - [10/Dec/2015:01:08:19 +0400] "GET /id86218 HTTP/1.1" 200 8988 "-" "Mozilla/5.0 (Windows; U; Windows NT 5.1; en-US; rv:1.9.1.11) Gecko/20100701 Firefox/3.5.11 GTB7.1 ( .NET CLR 3.5.30729; .NET4.0C) FBSMTWB"
94.229.154.247 - - [10/Dec/2015:01:08:19 +0400] "GET /id57593 HTTP/1.1" 200 29985 "-" "Mozilla/5.0 (Windows NT 10.0; WOW64) AppleWebKit/537.36 (KHTML, like Gecko) Chrome/45.0.2454.99 Safari/537.36"
213.31.46.168 - - [10/Dec/2015:01:08:19 +0400] "GET / HTTP/1.1" 200 14262 "-" "Mozilla/5.0 (Linux; Android 5.0.2; SM-T535 Build/LRX22G) AppleWebKit/537.36 (KHTML, like Gecko) Chrome/45.0.2454.84 Safari/537.36"
213.31.46.168 - - [10/Dec/2015:01:08:19 +0400] "GET /favicon.ico HTTP/1.1" 404 0 "-" "Mozilla/5.0 (Linux; Android 5.0.2; SM-T535 Build/LRX22G) AppleWebKit/537.36 (KHTML, like Gecko) Chrome/45.0.2454.84 Safari/537.36"
213.163.170.165 - - [10/Dec/2015:01:08:20 +0400] "GET /id21188 HTTP/1.1" 200 31395 "-" "Mozilla/5.0 (Windows NT 6.0) AppleWebKit/537.36 (KHTML, like Gecko) Chrome/43.0.2357.132 Safari/537.36"
94.136.200.139 - - [10/Dec/2015:01:08:20 +0400] "GET / HTTP/1.1" 200 26835 "-" "Mozilla/5.0 (Linux; Android 4.2.2; SM-T110 Build/JDQ39) AppleWebKit/537.36 (KHTML, like Gecko) Chrome/45.0.2454.84 Safari/537.36"
94.136.200.139 - - [10/Dec/2015:01:08:20 +0400] "GET /favicon.ico HTTP/1.1" 404 0 "-" "Mozilla/5.0 (Linux; Android 4.2.2; SM-T110 Build/JDQ39) AppleWebKit/537.36 (KHTML, like Gecko) Chrome/45.0.2454.84 Safari/537.36"
194.123.164.63 - - [10/Dec/2015:01:08:20 +0400] "GET / HTTP/1.1" 200 22490 "-" "Mozilla/4.0 (compatible; MSIE 7.0; Windows NT 5.1; GTB6.5; InfoPath.1; Sleipnir/2.9.18)"
194.123.164.63 - - [10/Dec/2015:01:08:20 +0400] "GET /favicon.ico HTTP/1.1" 404 0 "-" "Mozilla/4.0 (compatible; MSIE 7.0; Windows NT 5.1; GTB6.5; InfoPath.1; Sleipnir/2.9.18)"
23.59.47.129 - - [10/Dec/2015:01:08:20 +0400] "GET /id43193 HTTP/1.1" 200 27767 "-" "Mozilla/5.0 (Windows NT 10.0; WOW64) AppleWebKit/537.36 (KHTML, like Gecko) Chrome/45.0.2454.99 Safari/537.36"
194.138.192.141 - - [10/Dec/2015:01:08:20 +0400] "GET /id58712 HTTP/1.1" 200 23898 "-" "Mozilla/5.0 (Windows NT 5.1; U; de; rv:1.9.1.6) Gecko/20091201 Firefox/3.5.6 Opera 11.00"
213.241.250.250 - - [10/Dec/2015:01:08:20 +0400] "GET /id13927 HTTP/1.1" 200 10156 "-" "Mozilla/5.0 (Windows NT 6.1; Trident/7.0; tb-webde/2.5.1; rv:11.0) like Gecko"
213.163.170.165 - - [10/Dec/2015:01:08:21 +0400] "GET /id63545 HTTP/1.1" 200 24180 "-" "Mozilla/5.0 (Windows NT 6.0) AppleWebKit/537.36 (KHTML, like Gecko) Chrome/43.0.2357.132 Safari/537.36"
91.216.96.106 - - [10/Dec/2015:01:08:21 +0400] "GET /id92271 HTTP/1.1" 200 24625 "-" "Mozilla/5.0 (Macintosh; Intel Mac OS X 10_10_2) AppleWebKit/600.3.18 (KHTML, like Gecko) Version/8.0.4 Safari/600.4.10"
217.119.209.224 - - [10/Dec/2015:01:08:21 +0400] "GET / HTTP/1.1" 200 18590 "-" "Mozilla/5.0 (Windows NT 10.0; WOW64) AppleWebKit/537.36 (KHTML, like Gecko) Chrome/45.0.2454.99 Safari/537.36"
217.119.209.224 - - [10/Dec/2015:01:08:21 +0400] "GET /favicon.ico HTTP/1.1" 404 0 "-" "Mozilla/5.0 (Windows NT 10.0; WOW64) AppleWebKit/537.36 (KHTML, like Gecko) Chrome/45.0.2454.99 Safari/537.36"
2.248.212.81 - - [10/Dec/2015:01:08:21 +0400] "GET /id48626 HTTP/1.1" 200 15811 "-" "Mozilla/5.0 (Linux; Android 5.0.2; D5503 Build/14.5.A.0.270) AppleWebKit/537.36 (KHTML, like Gecko) Chrome/44.0.2403.133 Mobile Safari/537.36"
91.193.88.93 - - [10/Dec/2015:01:08:21 +0400] "GET /id53382 HTTP/1.1" 200 17716 "-" "Mozilla/5.0 (Linux; Android 4.4.2; GT-I9515 Build/KOT49H) AppleWebKit/537.36 (KHTML, like Gecko) Chrome/40.0.2214.109 Mobile Safari/537.36"
23.59.47.129 - - [10/Dec/2015:01:08:21 +0400] "GET /id11203 HTTP/1.1" 200 30344 "-" "Mozilla/5.0 (Windows NT 10.0; WOW64) AppleWebKit/537.36 (KHTML, like Gecko) Chrome/45.0.2454.99 Safari/537.36"
193.220.118.74 - - [10/Dec/2015:01:08:22 +0400] "GET /id93164 HTTP/1.1" 200 14284 "-" "Mozilla/5.0 (Windows NT 6.1) AppleWebKit/537.36 (KHTML, like Gecko) Chrome/45.0.2454.99 Safari/537.36"
217.12.254.203 - - [10/Dec/2015:01:08:22 +0400] "GET / HTTP/1.1" 200 28680 "-" "Mozilla/5.0 (Windows NT 6.1) AppleWebKit/537.36 (KHTML, like Gecko) Chrome/45.0.2454.99 Safari/537.36"
217.12.254.203 - - [10/Dec/2015:01:08:22 +0400] "GET /favicon.ico HTTP/1.1" 404 0 "-" "Mozilla/5.0 (Windows NT 6.1) AppleWebKit/537.36 (KHTML, like Gecko) Chrome/45.0.2454.99 Safari/537.36"
195.72.191.47 - - [10/Dec/2015:01:08:23 +0400] "GET /id63795 HTTP/1.1" 200 20112 "-" "Mozilla/5.0 (Linux; Android 5.0.1; SM-N910V Build/LRX22C) AppleWebKit/537.36 (KHTML, like Gecko) Chrome/44.0.2403.133 Mobile Safari/537.36"
185.14.179.212 - - [10/Dec/2015:01:08:23 +0400] "GET / HTTP/1.1" 200 27248 "-" "Mozilla/5.0 (Windows NT 10.0; WOW64) AppleWebKit/537.36 (KHTML, like Gecko) Chrome/45.0.2454.99 Safari/537.36"
185.14.179.212 - - [10/Dec/2015:01:08:23 +0400] "GET /favicon.ico HTTP/1.1" 404 0 "-" "Mozilla/5.0 (Windows NT 10.0; WOW64) AppleWebKit/537.36 (KHTML, like Gecko) Chrome/45.0.2454.99 Safari/537.36"
94.136.200.139 - - [10/Dec/2015:01:08:24 +0400] "GET /id89687 HTTP/1.1" 200 15288 "-" "Mozilla/5.0 (Linux; Android 4.2.2; SM-T110 Build/JDQ39) AppleWebKit/537.36 (KHTML, like Gecko) Chrome/45.0.2454.84 Safari/537.36"
195.72.191.47 - - [10/Dec/2015:01:08:24 +0400] "GET /id52645 HTTP/1.1" 200 23968 "-" "Mozilla/5.0 (Linux; Android 5.0.1; SM-N910V Build/LRX22C) AppleWebKit/537.36 (KHTML, like Gecko) Chrome/44.0.2403.133 Mobile Safari/537.36"
147.99.165.223 - - [10/Dec/2015:01:08:24 +0400] "GET /id38253 HTTP/1.1" 200 8581 "-" "Mozilla/5.0 (Linux; Android 5.1.1; Nexus 5 Build/LMY48I) AppleWebKit/537.36 (KHTML, like Gecko) Chrome/44.0.2403.133 Mobile Safari/537.36"
91.216.96.106 - - [10/Dec/2015:01:08:24 +0400] "GET /id39229 HTTP/1.1" 200 22302 "-" "Mozilla/5.0 (Macintosh; Intel Mac OS X 10_10_2) AppleWebKit/600.3.18 (KHTML, like Gecko) Version/8.0.4 Safari/600.4.10"
91.216.96.106 - - [10/Dec/2015:01:08:25 +0400] "GET /id54064 HTTP/1.1" 200 31827 "-" "Mozilla/5.0 (Macintosh; Intel Mac OS X 10_10_2) AppleWebKit/600.3.18 (KHTML, like Gecko) Version/8.0.4 Safari/600.4.10"
91.193.88.93 - - [10/Dec/2015:01:08:25 +0400] "GET /id73645 HTTP/1.1" 200 9697 "-" "Mozilla/5.0 (Linux; Android 4.4.2; GT-I9515 Build/KOT49H) AppleWebKit/537.36 (KHTML, like Gecko) Chrome/40.0.2214.109 Mobile Safari/537.36"
178.22.194.146 - - [10/Dec/2015:01:08:25 +0400] "GET /id52346 HTTP/1.1" 200 31134 "-" "Mozilla/5.0 (Windows; U; Windows NT 5.1; en-US; rv:1.9.1.11) Gecko/20100701 Firefox/3.5.11 GTB7.1 ( .NET CLR 3.5.30729; .NET4.0C) FBSMTWB"
178.22.194.146 - - [10/Dec/2015:01:08:25 +0400] "GET /id26111 HTTP/1.1" 200 11230 "-" "Mozilla/5.0 (Windows; U; Windows NT 5.1; en-US; rv:1.9.1.11) Gecko/20100701 Firefox/3.5.11 GTB7.1 ( .NET CLR 3.5.30729; .NET4.0C) FBSMTWB"
217.119.209.224 - - [10/Dec/2015:01:08:25 +0400] "GET /id38518 HTTP/1.1" 200 23279 "-" "Mozilla/5.0 (Windows NT 10.0; WOW64) AppleWebKit/537.36 (KHTML, like Gecko) Chrome/45.0.2454.99 Safari/537.36"
91.194.59.89 - - [10/Dec/2015:01:08:26 +0400] "GET /id47296 HTTP/1.1" 200 21832 "-" "Mozilla/5.0 (X11; Linux x86_64) AppleWebKit/535.1 (KHTML, like Gecko) Chrome/14.0.792.0 Safari/535.1 SUSE/14.0.792.0"
191.0.175.252 - - [10/Dec/2015:01:08:26 +0400] "GET /id12868 HTTP/1.1" 200 23342 "-" "Mozilla/5.0 (Windows NT 6.0; WOW64) AppleWebKit/537.36 (KHTML, like Gecko) Chrome/43.0.2357.132 Safari/537.36"
195.72.191.47 - - [10/Dec/2015:01:08:26 +0400] "GET /id45461 HTTP/1.1" 200 30055 "-" "Mozilla/5.0 (Linux; Android 5.0.1; SM-N910V Build/LRX22C) AppleWebKit/537.36 (KHTML, like Gecko) Chrome/44.0.2403.133 Mobile Safari/537.36"
